serving /workspace/scratch/728bcee376d6/chicago/site/4d on 4291 — PUBLISHED mirror (compressed assets, visitor layout)

NOT THE FULL GATE — viewports filtered to "desktop"

NOT THE FULL GATE — stages filtered to "9-11" of 13

desktop 1280x800:
  pass  desktop 1280x800: page serves
  pass  desktop 1280x800: scene reaches ready
  pass  desktop 1280x800: the scene declares its exact consultation blockers
  pass  desktop 1280x800: no unexpected loader problems
  pass  desktop 1280x800: scene has structures
  pass  desktop 1280x800: every structure that should draw, drew
  pass  desktop 1280x800: the town wears more than one face
  pass  desktop 1280x800: no two neighbouring buildings are drawn the same colour
  pass  desktop 1280x800: a documented paint is never modulated
  pass  desktop 1280x800: the facade tones reach the render
  pass  desktop 1280x800: restoring the facade tones restores the frame
        facades: 545 tones · 0/530 neighbour pairs identical · winding off moves worst cell 10, mean 0.26; restored worst 0
  pass  desktop 1280x800: the sun's shadow reaches 240 m at the documented texel (scene detail 'full')
  pass  desktop 1280x800: the shadow reach reaches the render
  pass  desktop 1280x800: restoring the shadow reach restores the frame
        shadow reach: ±240 m at 11.7 cm/texel · winding back to ±60 m moves worst cell 6; restored residual worst 0
  pass  desktop 1280x800: the shadow box holds still under a sub-texel step
  pass  desktop 1280x800: the snap reaches the box — without it the same step moves it
  pass  desktop 1280x800: the box moves in texels of its own map, and only in those
        shadow snap: 1 mm moves the box 0.00 µm snapped, 0.994 mm loose; a 1 m walk moves it 11 time(s), worst 1.000 texels
  pass  desktop 1280x800: the brightness aid is off unless a visitor moves it
  pass  desktop 1280x800: raising the brightness aid reaches the render
  pass  desktop 1280x800: dropping the brightness aid restores the calibrated frame
        brightness aid: +1 stop delta mean 44.89 / worst 50 at 12²; restored residual mean 0.00 / worst 0
  pass  desktop 1280x800: detailed flora roots share the terrain and water surfaces
  pass  desktop 1280x800: emergent flora stays within eight metres of a riverbank
  pass  desktop 1280x800: woody vegetation never occupies the river mask
  pass  desktop 1280x800: no tree stands below the waterline
  pass  desktop 1280x800: every tree drawn stands at its own station
  pass  desktop 1280x800: no timber is drawn out in the channel
  pass  desktop 1280x800: every building is drawn around the anchor its record gives it — 0 of 545 structures whose own anchor falls outside their drawn footprint — unioned from 2640 instances in 5 batches, 1170315 vertices read back; worst 9.82 m (land_sale_camp_shore, span 55.5 m); 0 nearer to the MIRROR of their anchor; 0 instances with no readable placement; 0 wrong vertex transforms (worst 0.000055 m, 0.001 m bar), 4 sparse camp plots
  pass  desktop 1280x800: every panel of road is drawn on a street the data records
  pass  desktop 1280x800: the horizon band refuses to draw timber over water
  pass  desktop 1280x800: the horizon band and the fogged ground converge on one colour
  pass  desktop 1280x800: the crown modulation never deletes a resolvable silhouette
  pass  desktop 1280x800: the band is solved against this viewport, not a default one
  pass  desktop 1280x800: every species the stand owes a stem to stands in it
  pass  desktop 1280x800: the American sycamore stands on the riverbank
  pass  desktop 1280x800: every slot the sward deals is counted against a species
  note  desktop 1280x800: sward abundance — 6 of 27 lists mix an area with a count (z03_sedge_meadow.matrix 33.4% of slots dealt off counts; z03_sedge_meadow.forb 1.0% of slots dealt off counts; z08_lakeshore.matrix 2.1% of slots dealt off counts; z09_sand_prairie.matrix 0.0% of slots dealt off counts; z06_dense_forest.forb 89.8% of slots dealt off counts; z06_dense_forest.shrub 31.0% of slots dealt off counts)
  note  desktop 1280x800: 0 record(s) give cover with no width_m, so no count can be derived without inventing a footprint
  note  desktop 1280x800: sward tail — 0 species owed a whole slot and drawn nowhere, over 309 slots in z10_settled_town.matrix=239 z10_settled_town.forb=70
  pass  desktop 1280x800: no sward species its own list owes a plant to is drawn nowhere, in ANY community
  note  desktop 1280x800: sward census by detail — full 12174 slots, 0 drawn nowhere  ·  balanced 6778 slots, 0 drawn nowhere  ·  light 4339 slots, 3 drawn nowhere (z02_mesic_prairie.forb.asclepias_tuberosa owed 1.05 at z02_mesic_prairie; z10_settled_town.forb.xanthium_strumarium owed 1.04 at z10_settled_town; z10_settled_town.forb.verbena_urticifolia owed 1.75 at z10_settled_town)
  pass  desktop 1280x800: no floating-leaved aquatic is planted on dry ground
  pass  desktop 1280x800: the marsh's emergents still stand on both sides of its waterline
  pass  desktop 1280x800: the marsh community is split by the substrate its records state
  pass  desktop 1280x800: every flora fade ring is inset inside its own lattice
  pass  desktop 1280x800: a plant in front of the walker never arrives already visible
  pass  desktop 1280x800: a plant is drawn at its own height, faint, never short
  pass  desktop 1280x800: every drawn flower head has a plant under its own stalk
  pass  desktop 1280x800: an open station exists to measure the sward's boundary from
  pass  desktop 1280x800: the sward's outer boundary is not a constant screen row — 16/16 bearing bins from E -300 N 172, boundary rows spread 6.25 px (800px buffer, 55.0deg field, 1.68m eye), reach 25.13-28.80 m at 6.25% coverage (at the old 2%: 16/16 bins, spread 8.0 px, reach 25.18-30.03 m)
  pass  desktop 1280x800: the boundary's variation is the fringe, not a hole in the field — reach 25.13-28.80 m, mean 27.03 m at 6.25% coverage against a nominal 26.40 +/- 4.00 m (bars: min >= 20.76, mean >= 23.96, both carrying the 0.44 m the 6.25% threshold insets a 7.00 m ramp by); at the old 2%: 25.18-30.03 m, mean 27.65 m
  pass  desktop 1280x800: the flower layer's boundary is fringed too, not only the grass — forb rings span 22.79-28.20 m about a nominal 25.40 +/- 3.00 m
  pass  desktop 1280x800: the ragged boundary is anchored to the ground, not to the camera
  pass  desktop 1280x800: every community's recorded ground cover reaches the renderer
  pass  desktop 1280x800: the sward is planted at each community's own recorded cover
  pass  desktop 1280x800: every structure, including Exchange Coffee House, shares the terrain surface
  pass  desktop 1280x800: street clearing removes travel-track plants but preserves the block
  pass  desktop 1280x800: the readout shows both 1835 and current names at an intersection
  pass  desktop 1280x800: the street readout announces the next cross street ahead
        one animation frame costs 67 / 3363 / 3564 ms here (0.46-1.10 s is this scene's cost on a quiet machine — a reading in seconds means the action starved on frames, not on a missing control)
  FAIL  desktop 1280x800: the suite body ran to completion — TimeoutError: page.click: Timeout 90000ms exceeded.
Call log:
[2m  - waiting for locator('#btn-help')[22m

  pass  desktop 1280x800: zero page errors

  pass  vendor: meshopt decoder loads and reports supported
  pass  vendor: meshopt import raises no page error

57 passed, 1 failed
48 staged-section check(s) (stage 9-11 of 13), 10 always-on check(s)
21 m 17 s for stage 9-11 at desktop — the ceiling on a steward run's single foreground command is 10 m 00 s
FAILURES:
 - desktop 1280x800: the suite body ran to completion
