== web derivatives

info: glessner_house__as_built_1887.glb (150.67 MB) → gltfopt.Hf2V9Q.glb (140.02 MB)
info: prune: Removed types... Accessor (28)
info: gltfopt.Hf2V9Q.glb (140.02 MB) → glessner_house__as_built_1887.glb (52.07 MB)
   built same-version light geometry: {"aperture_counts": {"axial": 144, "dining_bay": 8, "dormers": 4, "hall_bow": 6, "stair_tower": 7, "terrace": 2}, "bounds_zup_m": [[-0.442, 53.9405], [-0.13697365632607844, 23.586039999999997], [-0.061, 15.0449]], "bytes": 42038920, "components": {"axial_opening_records": 147, "bays": 1, "bows": 1, "chimneys": 7, "dormers": 3, "ground": 2, "ranges": 3, "service_stairs": 1, "supplemental_dormer": 1, "towers": 2, "turrets": 1, "underpass": 1}, "master_sha256": "eb00c3fc1c45f4b02733d662cbe0c2ada80cf955a7b78d73e987f76f41bd9ef7", "material_images_copied": 33, "openings_recessed": 171, "profile": "same_v4_reduced_surface_sampling", "recipe_sha256": "b8761e84787c76abb19f583c2167d2612e3ae79decafe77d68c34c521bd699ef", "sha256": "c240a61bd744c50dd0a85125f1060c0eb9010f310552e8417b5a86d0ecc172ab", "triangles": 199744}

info: gltflight-source.FpXeAg.glb (42.04 MB) → gltflight-opt.WYlslA.glb (39.35 MB)
info: prune: Removed types... Accessor (25)
info: gltflight-opt.WYlslA.glb (39.35 MB) → gltflight-web.59t8Wb.glb (27.01 MB)
   glessner_house__as_built_1887.light.glb  27014548 bytes (same-version reduced geometry)
Packed three exact v4 GLBs; commit archive parts and manifest with the bake.
   glessner_house__as_built_1887.glb  150670168 -> 52071720 bytes

info: glessner_house__as_built_1887.glb (96.5 KB) → gltfopt.AcIGOs.glb (76.49 KB)
info: prune: Removed types... Accessor (9)
info: gltfopt.AcIGOs.glb (76.49 KB) → glessner_house__as_built_1887.glb (25.54 KB)
   versions/glessner_house/pre-v4/glessner_house__as_built_1887.glb  96496 -> 25540 bytes

info: glessner_house__as_built_1887.glb (98.83 KB) → gltfopt.qjNaug.glb (78.34 KB)
info: prune: Removed types... Accessor (9)
info: gltfopt.qjNaug.glb (78.34 KB) → glessner_house__as_built_1887.glb (26.56 KB)
   versions/glessner_house/v2/glessner_house__as_built_1887.glb  98832 -> 26564 bytes

info: glessner_house__as_built_1887.glb (95.73 KB) → gltfopt.tzafvT.glb (75.88 KB)
info: prune: Removed types... Accessor (9)
info: gltfopt.tzafvT.glb (75.88 KB) → glessner_house__as_built_1887.glb (26.19 KB)
   versions/glessner_house/v3/glessner_house__as_built_1887.glb  95728 -> 26188 bytes
   recorded 1 master hash(es) in assets/manifest.web.json
