INFO Draco mesh compression is available, use library at /workspace/scratch/blender/blender-4.5.3-linux-x64/4.5/scripts/addons_core/io_scene_gltf2/libextern_draco.so
20:26:24 | INFO: Starting glTF 2.0 export
20:26:25 | INFO: Extracting primitive: glessner_house__as_built_1887
20:26:29 | INFO: Primitives created: 28
20:26:29 | INFO: Finished glTF 2.0 export in 5.22212290763855 s

built glessner_house__as_built_1887.glb  151,105,204 bytes  ~1219501 tris

1 asset(s) built; manifest updated
20:26:30 | INFO: Starting glTF 2.0 export
20:26:30 | INFO: Extracting primitive: glessner_house__as_built_1887
20:26:30 | INFO: Primitives created: 9
20:26:30 | INFO: Finished glTF 2.0 export in 0.01530313491821289 s

built version versions/glessner_house/pre-v4/glessner_house__as_built_1887.glb  77,392 bytes  ~1075 tris
20:26:30 | INFO: Starting glTF 2.0 export
20:26:30 | INFO: Extracting primitive: glessner_house__as_built_1887
20:26:30 | INFO: Primitives created: 9
20:26:30 | INFO: Finished glTF 2.0 export in 0.013407230377197266 s

built version versions/glessner_house/v2/glessner_house__as_built_1887.glb  79,248 bytes  ~1103 tris
20:26:30 | INFO: Starting glTF 2.0 export
20:26:30 | INFO: Extracting primitive: glessner_house__as_built_1887
20:26:30 | INFO: Primitives created: 9
20:26:30 | INFO: Finished glTF 2.0 export in 0.013566255569458008 s
Blender 4.5.3 LTS (hash 67807e1800cc built 2025-09-09 01:38:15)

built version versions/glessner_house/v3/glessner_house__as_built_1887.glb  76,784 bytes  ~1065 tris
3 structure version(s) built; assets/manifest.versions.json updated
