2026-10-01T08:29:26.2012581Z Current runner version: '2.337.0'
2026-10-01T08:29:26.2037177Z ##[group]Runner Image Provisioner
2026-10-01T08:29:26.2038376Z Hosted Compute Agent
2026-10-01T08:29:26.2038983Z Version: 20260828.587
2026-10-01T08:29:26.2039662Z Commit: abac92662cab4cc7352de4f9f9d2e2419aad9c29
2026-10-01T08:29:26.2040470Z Build Date: 2026-08-28T16:44:25Z
2026-10-01T08:29:26.2041204Z Worker ID: {05e0e80f-032e-45e6-824a-1d1c3aa2d60b}
2026-10-01T08:29:26.2041909Z Azure Region: eastus
2026-10-01T08:29:26.2042516Z ##[endgroup]
2026-10-01T08:29:26.2044018Z ##[group]Operating System
2026-10-01T08:29:26.2044650Z Ubuntu
2026-10-01T08:29:26.2045262Z 24.04.5
2026-10-01T08:29:26.2045797Z LTS
2026-10-01T08:29:26.2046379Z ##[endgroup]
2026-10-01T08:29:26.2047207Z ##[group]Runner Image
2026-10-01T08:29:26.2047895Z Image: ubuntu-24.04
2026-10-01T08:29:26.2048626Z Version: 20260920.314.1
2026-10-01T08:29:26.2049922Z Included Software: https://github.com/actions/runner-images/blob/ubuntu24/20260920.314/images/ubuntu/Ubuntu2404-Readme.md
2026-10-01T08:29:26.2051626Z Image Release: https://github.com/actions/runner-images/releases/tag/ubuntu24%2F20260920.314
2026-10-01T08:29:26.2053050Z ##[endgroup]
2026-10-01T08:29:26.2054389Z ##[group]GITHUB_TOKEN Permissions
2026-10-01T08:29:26.2056872Z Contents: read
2026-10-01T08:29:26.2057626Z Metadata: read
2026-10-01T08:29:26.2058252Z Packages: read
2026-10-01T08:29:26.2058890Z ##[endgroup]
2026-10-01T08:29:26.2060987Z Secret source: Actions
2026-10-01T08:29:26.2062061Z Cache mode: write
2026-10-01T08:29:26.2063057Z Prepare workflow directory
2026-10-01T08:29:26.2389207Z Prepare all required actions
2026-10-01T08:29:26.2437538Z Getting action download info
2026-10-01T08:29:26.4865940Z Download action repository 'actions/checkout@v4' (SHA:11d5960a326750d5838078e36cf38b85af677262)
2026-10-01T08:29:26.6033959Z Download action repository 'actions/setup-node@v4' (SHA:49933ea5288caeca8642d1e84afbd3f7d6820020)
2026-10-01T08:29:26.7960671Z Complete job name: smoke
2026-10-01T08:29:26.8731765Z ##[group]Run actions/checkout@v4
2026-10-01T08:29:26.8732686Z with:
2026-10-01T08:29:26.8733210Z   repository: kevinrhaas/chicago
2026-10-01T08:29:26.8737139Z   token: ***
2026-10-01T08:29:26.8737877Z   ssh-strict: true
2026-10-01T08:29:26.8738404Z   ssh-user: git
2026-10-01T08:29:26.8738916Z   persist-credentials: true
2026-10-01T08:29:26.8739407Z   clean: true
2026-10-01T08:29:26.8739858Z   sparse-checkout-cone-mode: true
2026-10-01T08:29:26.8740367Z   fetch-depth: 1
2026-10-01T08:29:26.8740798Z   fetch-tags: false
2026-10-01T08:29:26.8741245Z   show-progress: true
2026-10-01T08:29:26.8741682Z   lfs: false
2026-10-01T08:29:26.8742084Z   submodules: false
2026-10-01T08:29:26.8742533Z   set-safe-directory: true
2026-10-01T08:29:26.8743027Z   allow-unsafe-pr-checkout: false
2026-10-01T08:29:26.8743865Z ##[endgroup]
2026-10-01T08:29:26.9753704Z Syncing repository: kevinrhaas/chicago
2026-10-01T08:29:26.9755970Z ##[group]Getting Git version info
2026-10-01T08:29:26.9757116Z Working directory is '/home/runner/work/chicago/chicago'
2026-10-01T08:29:26.9758337Z [command]/usr/bin/git version
2026-10-01T08:29:26.9832768Z git version 2.55.0
2026-10-01T08:29:26.9854663Z ##[endgroup]
2026-10-01T08:29:26.9871397Z Temporarily overriding HOME='/home/runner/work/_temp/fb313f2e-ed83-4d54-9cb5-83d05a161a8c' before making global git config changes
2026-10-01T08:29:26.9873863Z Adding repository directory to the temporary git global config as a safe directory
2026-10-01T08:29:26.9877792Z [command]/usr/bin/git config --global --add safe.directory /home/runner/work/chicago/chicago
2026-10-01T08:29:26.9926185Z Deleting the contents of '/home/runner/work/chicago/chicago'
2026-10-01T08:29:26.9931365Z ##[group]Initializing the repository
2026-10-01T08:29:26.9935589Z [command]/usr/bin/git init /home/runner/work/chicago/chicago
2026-10-01T08:29:27.0065258Z hint: Using 'master' as the name for the initial branch. This default branch name
2026-10-01T08:29:27.0066883Z hint: will change to "main" in Git 3.0. To configure the initial branch name
2026-10-01T08:29:27.0068123Z hint: to use in all of your new repositories, which will suppress this warning,
2026-10-01T08:29:27.0068909Z hint: call:
2026-10-01T08:29:27.0069377Z hint:
2026-10-01T08:29:27.0069964Z hint: 	git config --global init.defaultBranch <name>
2026-10-01T08:29:27.0070598Z hint:
2026-10-01T08:29:27.0071208Z hint: Names commonly chosen instead of 'master' are 'main', 'trunk' and
2026-10-01T08:29:27.0072243Z hint: 'development'. The just-created branch can be renamed via this command:
2026-10-01T08:29:27.0073068Z hint:
2026-10-01T08:29:27.0073531Z hint: 	git branch -m <name>
2026-10-01T08:29:27.0074021Z hint:
2026-10-01T08:29:27.0074664Z hint: Disable this message with "git config set advice.defaultBranchName false"
2026-10-01T08:29:27.0080094Z Initialized empty Git repository in /home/runner/work/chicago/chicago/.git/
2026-10-01T08:29:27.0089980Z [command]/usr/bin/git remote add origin https://github.com/kevinrhaas/chicago
2026-10-01T08:29:27.0134977Z ##[endgroup]
2026-10-01T08:29:27.0135767Z ##[group]Disabling automatic garbage collection
2026-10-01T08:29:27.0139045Z [command]/usr/bin/git config --local gc.auto 0
2026-10-01T08:29:27.0167787Z ##[endgroup]
2026-10-01T08:29:27.0168557Z ##[group]Setting up auth
2026-10-01T08:29:27.0174873Z [command]/usr/bin/git config --local --name-only --get-regexp core\.sshCommand
2026-10-01T08:29:27.0207402Z [command]/usr/bin/git submodule foreach --recursive sh -c "git config --local --name-only --get-regexp 'core\.sshCommand' && git config --local --unset-all 'core.sshCommand' || :"
2026-10-01T08:29:27.0547829Z [command]/usr/bin/git config --local --name-only --get-regexp http\.https\:\/\/github\.com\/\.extraheader
2026-10-01T08:29:27.0580082Z [command]/usr/bin/git submodule foreach --recursive sh -c "git config --local --name-only --get-regexp 'http\.https\:\/\/github\.com\/\.extraheader' && git config --local --unset-all 'http.https://github.com/.extraheader' || :"
2026-10-01T08:29:27.0801982Z [command]/usr/bin/git config --local --name-only --get-regexp ^includeIf\.gitdir:
2026-10-01T08:29:27.0832994Z [command]/usr/bin/git submodule foreach --recursive git config --local --show-origin --name-only --get-regexp remote.origin.url
2026-10-01T08:29:27.1049860Z [command]/usr/bin/git config --local http.https://github.com/.extraheader AUTHORIZATION: basic ***
2026-10-01T08:29:27.1091453Z ##[endgroup]
2026-10-01T08:29:27.1092973Z ##[group]Fetching the repository
2026-10-01T08:29:27.1102794Z [command]/usr/bin/git -c protocol.version=2 fetch --no-tags --prune --no-recurse-submodules --depth=1 origin +9446a07a87b92ae4920e69398e1d986ad91f0bb4:refs/remotes/origin/steward/t1766-canal-grocery-workshops
2026-10-01T08:29:58.1094074Z From https://github.com/kevinrhaas/chicago
2026-10-01T08:29:58.1095353Z  * [new ref]         9446a07a87b92ae4920e69398e1d986ad91f0bb4 -> origin/steward/t1766-canal-grocery-workshops
2026-10-01T08:29:58.1106303Z ##[endgroup]
2026-10-01T08:29:58.1107810Z ##[group]Determining the checkout info
2026-10-01T08:29:58.1108822Z ##[endgroup]
2026-10-01T08:29:58.1109429Z [command]/usr/bin/git sparse-checkout disable
2026-10-01T08:29:58.1153925Z [command]/usr/bin/git config --local --unset-all extensions.worktreeConfig
2026-10-01T08:29:58.1180150Z ##[group]Checking out the ref
2026-10-01T08:29:58.1186462Z [command]/usr/bin/git checkout --progress --force -B steward/t1766-canal-grocery-workshops refs/remotes/origin/steward/t1766-canal-grocery-workshops
2026-10-01T08:29:59.1684413Z Updating files:  61% (5651/9120)
2026-10-01T08:29:59.1937986Z Updating files:  62% (5655/9120)
2026-10-01T08:29:59.1976315Z Updating files:  63% (5746/9120)
2026-10-01T08:29:59.2015544Z Updating files:  64% (5837/9120)
2026-10-01T08:29:59.2090305Z Updating files:  65% (5928/9120)
2026-10-01T08:29:59.2180248Z Updating files:  66% (6020/9120)
2026-10-01T08:29:59.2238100Z Updating files:  67% (6111/9120)
2026-10-01T08:29:59.2291618Z Updating files:  68% (6202/9120)
2026-10-01T08:29:59.2343182Z Updating files:  69% (6293/9120)
2026-10-01T08:29:59.2394648Z Updating files:  70% (6384/9120)
2026-10-01T08:29:59.2593379Z Updating files:  71% (6476/9120)
2026-10-01T08:29:59.2805366Z Updating files:  72% (6567/9120)
2026-10-01T08:29:59.3178787Z Updating files:  73% (6658/9120)
2026-10-01T08:29:59.5064793Z Updating files:  74% (6749/9120)
2026-10-01T08:29:59.5359089Z Updating files:  75% (6840/9120)
2026-10-01T08:29:59.5694651Z Updating files:  76% (6932/9120)
2026-10-01T08:29:59.6394410Z Updating files:  77% (7023/9120)
2026-10-01T08:29:59.6757012Z Updating files:  78% (7114/9120)
2026-10-01T08:29:59.6892308Z Updating files:  79% (7205/9120)
2026-10-01T08:29:59.7200504Z Updating files:  80% (7296/9120)
2026-10-01T08:29:59.7355363Z Updating files:  81% (7388/9120)
2026-10-01T08:29:59.7501174Z Updating files:  82% (7479/9120)
2026-10-01T08:29:59.7624001Z Updating files:  83% (7570/9120)
2026-10-01T08:29:59.7759381Z Updating files:  84% (7661/9120)
2026-10-01T08:29:59.7917358Z Updating files:  85% (7752/9120)
2026-10-01T08:29:59.8065287Z Updating files:  86% (7844/9120)
2026-10-01T08:29:59.8698911Z Updating files:  87% (7935/9120)
2026-10-01T08:29:59.9434607Z Updating files:  88% (8026/9120)
2026-10-01T08:30:00.1296528Z Updating files:  89% (8117/9120)
2026-10-01T08:30:00.1642287Z Updating files:  89% (8198/9120)
2026-10-01T08:30:00.4945648Z Updating files:  90% (8208/9120)
2026-10-01T08:30:00.7483312Z Updating files:  91% (8300/9120)
2026-10-01T08:30:00.8713171Z Updating files:  92% (8391/9120)
2026-10-01T08:30:00.9260999Z Updating files:  93% (8482/9120)
2026-10-01T08:30:00.9652720Z Updating files:  94% (8573/9120)
2026-10-01T08:30:01.0948556Z Updating files:  95% (8664/9120)
2026-10-01T08:30:01.1327710Z Updating files:  96% (8756/9120)
2026-10-01T08:30:01.2242155Z Updating files:  96% (8774/9120)
2026-10-01T08:30:01.2988312Z Updating files:  97% (8847/9120)
2026-10-01T08:30:01.6052612Z Updating files:  98% (8938/9120)
2026-10-01T08:30:01.8881171Z Updating files:  99% (9029/9120)
2026-10-01T08:30:01.8881681Z Updating files: 100% (9120/9120)
2026-10-01T08:30:01.8974030Z Updating files: 100% (9120/9120), done.
2026-10-01T08:30:01.8974739Z Switched to a new branch 'steward/t1766-canal-grocery-workshops'
2026-10-01T08:30:01.8977951Z branch 'steward/t1766-canal-grocery-workshops' set up to track 'origin/steward/t1766-canal-grocery-workshops'.
2026-10-01T08:30:01.9145775Z ##[endgroup]
2026-10-01T08:30:01.9186444Z [command]/usr/bin/git log -1 --format=%H
2026-10-01T08:30:01.9211076Z 9446a07a87b92ae4920e69398e1d986ad91f0bb4
2026-10-01T08:30:01.9491419Z ##[group]Run actions/setup-node@v4
2026-10-01T08:30:01.9491732Z with:
2026-10-01T08:30:01.9491969Z   node-version: 22
2026-10-01T08:30:01.9492222Z   always-auth: false
2026-10-01T08:30:01.9492446Z   check-latest: false
2026-10-01T08:30:01.9494752Z   token: ***
2026-10-01T08:30:01.9494962Z ##[endgroup]
2026-10-01T08:30:02.0958076Z Found in cache @ /opt/hostedtoolcache/node/22.23.2/x64
2026-10-01T08:30:02.0961107Z (node:2266) [DEP0040] DeprecationWarning: The `punycode` module is deprecated. Please use a userland alternative instead.
2026-10-01T08:30:02.0962087Z (Use `node --trace-deprecation ...` to show where the warning was created)
2026-10-01T08:30:02.0964180Z ##[group]Environment details
2026-10-01T08:30:02.5229751Z node: v22.23.2
2026-10-01T08:30:02.5230367Z npm: 10.9.8
2026-10-01T08:30:02.5230825Z yarn: 1.22.22
2026-10-01T08:30:02.5232436Z ##[endgroup]
2026-10-01T08:30:02.5369712Z ##[group]Run set -e
2026-10-01T08:30:02.5369999Z [36;1mset -e[0m
2026-10-01T08:30:02.5370259Z [36;1mnpm install -g playwright@1.56.1[0m
2026-10-01T08:30:02.5370717Z [36;1mnode "$(npm root -g)/playwright/cli.js" install --with-deps chromium[0m
2026-10-01T08:30:02.5702447Z shell: /usr/bin/bash -e {0}
2026-10-01T08:30:02.5702787Z ##[endgroup]
2026-10-01T08:30:04.4225541Z 
2026-10-01T08:30:04.4233139Z added 2 packages in 2s
2026-10-01T08:30:05.1133940Z Installing dependencies...
2026-10-01T08:30:05.1197605Z Switching to root user to install dependencies...
2026-10-01T08:30:05.1935232Z Get:1 file:/etc/apt/apt-mirrors.txt Mirrorlist [144 B]
2026-10-01T08:30:05.2284537Z Hit:2 http://azure.archive.ubuntu.com/ubuntu noble InRelease
2026-10-01T08:30:05.2328143Z Get:3 http://azure.archive.ubuntu.com/ubuntu noble-updates InRelease [126 kB]
2026-10-01T08:30:05.2329778Z Get:4 http://azure.archive.ubuntu.com/ubuntu noble-backports InRelease [126 kB]
2026-10-01T08:30:05.2341749Z Get:5 http://azure.archive.ubuntu.com/ubuntu noble-security InRelease [126 kB]
2026-10-01T08:30:05.2366468Z Get:6 https://packages.microsoft.com/ubuntu/24.04/prod noble InRelease [3600 B]
2026-10-01T08:30:05.3416200Z Get:7 http://azure.archive.ubuntu.com/ubuntu noble-updates/main amd64 Packages [1342 kB]
2026-10-01T08:30:05.3616281Z Get:8 http://azure.archive.ubuntu.com/ubuntu noble-updates/main Translation-en [302 kB]
2026-10-01T08:30:05.3651036Z Get:9 http://azure.archive.ubuntu.com/ubuntu noble-updates/main amd64 Components [181 kB]
2026-10-01T08:30:05.3718750Z Get:10 http://azure.archive.ubuntu.com/ubuntu noble-updates/universe amd64 Packages [1699 kB]
2026-10-01T08:30:05.3776296Z Get:11 http://azure.archive.ubuntu.com/ubuntu noble-updates/universe Translation-en [341 kB]
2026-10-01T08:30:05.3814325Z Get:12 http://azure.archive.ubuntu.com/ubuntu noble-updates/universe amd64 Components [388 kB]
2026-10-01T08:30:05.3831228Z Get:13 http://azure.archive.ubuntu.com/ubuntu noble-updates/restricted amd64 Packages [1697 kB]
2026-10-01T08:30:05.3928358Z Get:14 http://azure.archive.ubuntu.com/ubuntu noble-updates/restricted Translation-en [388 kB]
2026-10-01T08:30:05.3956049Z Get:15 http://azure.archive.ubuntu.com/ubuntu noble-updates/multiverse amd64 Components [940 B]
2026-10-01T08:30:05.4068138Z Get:16 http://azure.archive.ubuntu.com/ubuntu noble-backports/main amd64 Packages [40.6 kB]
2026-10-01T08:30:05.4496129Z Get:17 http://azure.archive.ubuntu.com/ubuntu noble-backports/main amd64 Components [5760 B]
2026-10-01T08:30:05.4501672Z Get:18 http://azure.archive.ubuntu.com/ubuntu noble-backports/universe amd64 Packages [31.0 kB]
2026-10-01T08:30:05.4515142Z Get:19 http://azure.archive.ubuntu.com/ubuntu noble-backports/universe Translation-en [18.6 kB]
2026-10-01T08:30:05.4527116Z Get:20 http://azure.archive.ubuntu.com/ubuntu noble-backports/universe amd64 Components [12.6 kB]
2026-10-01T08:30:05.4592536Z Get:21 http://azure.archive.ubuntu.com/ubuntu noble-security/main amd64 Packages [1066 kB]
2026-10-01T08:30:05.4652382Z Get:22 http://azure.archive.ubuntu.com/ubuntu noble-security/main Translation-en [220 kB]
2026-10-01T08:30:05.4681705Z Get:23 http://azure.archive.ubuntu.com/ubuntu noble-security/main amd64 Components [46.4 kB]
2026-10-01T08:30:05.4689557Z Get:24 http://azure.archive.ubuntu.com/ubuntu noble-security/universe amd64 Packages [1216 kB]
2026-10-01T08:30:05.4765703Z Get:25 http://azure.archive.ubuntu.com/ubuntu noble-security/universe Translation-en [244 kB]
2026-10-01T08:30:05.4799549Z Get:26 http://azure.archive.ubuntu.com/ubuntu noble-security/universe amd64 Components [76.3 kB]
2026-10-01T08:30:05.4829985Z Get:27 http://azure.archive.ubuntu.com/ubuntu noble-security/restricted amd64 Packages [1566 kB]
2026-10-01T08:30:05.4884690Z Get:28 http://azure.archive.ubuntu.com/ubuntu noble-security/restricted Translation-en [361 kB]
2026-10-01T08:30:05.5166061Z Get:29 https://packages.microsoft.com/ubuntu/24.04/prod noble/main amd64 Packages [509 kB]
2026-10-01T08:30:05.5325374Z Get:30 https://packages.microsoft.com/ubuntu/24.04/prod noble/main arm64 Packages [456 kB]
2026-10-01T08:30:10.8505494Z Fetched 12.6 MB in 1s (9477 kB/s)
2026-10-01T08:30:11.6790100Z Reading package lists...
2026-10-01T08:30:11.7027195Z Reading package lists...
2026-10-01T08:30:11.8855632Z Building dependency tree...
2026-10-01T08:30:11.8866065Z Reading state information...
2026-10-01T08:30:12.0295262Z libasound2t64 is already the newest version (1.2.11-1ubuntu0.3).
2026-10-01T08:30:12.0296224Z libasound2t64 set to manually installed.
2026-10-01T08:30:12.0297914Z libatk-bridge2.0-0t64 is already the newest version (2.52.0-1build1).
2026-10-01T08:30:12.0299163Z libatk-bridge2.0-0t64 set to manually installed.
2026-10-01T08:30:12.0300303Z libatk1.0-0t64 is already the newest version (2.52.0-1build1).
2026-10-01T08:30:12.0301644Z libatk1.0-0t64 set to manually installed.
2026-10-01T08:30:12.0302536Z libatspi2.0-0t64 is already the newest version (2.52.0-1build1).
2026-10-01T08:30:12.0303402Z libatspi2.0-0t64 set to manually installed.
2026-10-01T08:30:12.0304260Z libcairo2 is already the newest version (1.18.0-3build1).
2026-10-01T08:30:12.0305086Z libcairo2 set to manually installed.
2026-10-01T08:30:12.0306107Z libcups2t64 is already the newest version (2.4.7-1.2ubuntu7.14).
2026-10-01T08:30:12.0307449Z libcups2t64 set to manually installed.
2026-10-01T08:30:12.0308733Z libdbus-1-3 is already the newest version (1.14.10-4ubuntu4.1).
2026-10-01T08:30:12.0309761Z libdbus-1-3 set to manually installed.
2026-10-01T08:30:12.0310720Z libdrm2 is already the newest version (2.4.125-1ubuntu0.1~24.04.2).
2026-10-01T08:30:12.0311629Z libdrm2 set to manually installed.
2026-10-01T08:30:12.0312153Z libnspr4 is already the newest version (2:4.35-1.1build1).
2026-10-01T08:30:12.0312554Z libnspr4 set to manually installed.
2026-10-01T08:30:12.0312960Z libnss3 is already the newest version (2:3.98-1ubuntu0.2).
2026-10-01T08:30:12.0313342Z libnss3 set to manually installed.
2026-10-01T08:30:12.0313757Z libpango-1.0-0 is already the newest version (1.52.1+ds-1build1).
2026-10-01T08:30:12.0314201Z libpango-1.0-0 set to manually installed.
2026-10-01T08:30:12.0314969Z libx11-6 is already the newest version (2:1.8.7-1build1).
2026-10-01T08:30:12.0315683Z libx11-6 set to manually installed.
2026-10-01T08:30:12.0316389Z libxcb1 is already the newest version (1.15-1ubuntu2).
2026-10-01T08:30:12.0317755Z libxcb1 set to manually installed.
2026-10-01T08:30:12.0318538Z libxcomposite1 is already the newest version (1:0.4.5-1build3).
2026-10-01T08:30:12.0319497Z libxcomposite1 set to manually installed.
2026-10-01T08:30:12.0320346Z libxdamage1 is already the newest version (1:1.1.6-1build1).
2026-10-01T08:30:12.0321089Z libxdamage1 set to manually installed.
2026-10-01T08:30:12.0321825Z libxext6 is already the newest version (2:1.3.4-1build2).
2026-10-01T08:30:12.0322546Z libxext6 set to manually installed.
2026-10-01T08:30:12.0323274Z libxfixes3 is already the newest version (1:6.0.0-2build1).
2026-10-01T08:30:12.0324173Z libxfixes3 set to manually installed.
2026-10-01T08:30:12.0324929Z libxkbcommon0 is already the newest version (1.6.0-1build1).
2026-10-01T08:30:12.0325689Z libxkbcommon0 set to manually installed.
2026-10-01T08:30:12.0326445Z libxrandr2 is already the newest version (2:1.5.2-2build1).
2026-10-01T08:30:12.0327506Z libxrandr2 set to manually installed.
2026-10-01T08:30:12.0328407Z fonts-noto-color-emoji is already the newest version (2.047-0ubuntu0.24.04.1).
2026-10-01T08:30:12.0329418Z libfontconfig1 is already the newest version (2.15.0-1.1ubuntu2).
2026-10-01T08:30:12.0330184Z libfontconfig1 set to manually installed.
2026-10-01T08:30:12.0331003Z libfreetype6 is already the newest version (2.13.2+dfsg-1ubuntu0.1).
2026-10-01T08:30:12.0331786Z libfreetype6 set to manually installed.
2026-10-01T08:30:12.0332543Z fonts-liberation is already the newest version (1:2.1.5-3).
2026-10-01T08:30:12.0333324Z fonts-liberation set to manually installed.
2026-10-01T08:30:12.0334044Z The following additional packages will be installed:
2026-10-01T08:30:12.0335226Z   gir1.2-glib-2.0 libgl1-mesa-dri libglib2.0-bin libglib2.0-data libglx-mesa0
2026-10-01T08:30:12.0336294Z   libwayland-server0 mesa-libgallium xfonts-encodings xfonts-utils
2026-10-01T08:30:12.0337281Z   xserver-common
2026-10-01T08:30:12.0337706Z Suggested packages:
2026-10-01T08:30:12.0338120Z   low-memory-monitor
2026-10-01T08:30:12.0338556Z Recommended packages:
2026-10-01T08:30:12.0339109Z   fonts-ipafont-mincho fonts-tlwg-loma xfonts-base
2026-10-01T08:30:12.0543974Z The following NEW packages will be installed:
2026-10-01T08:30:12.0544647Z   fonts-freefont-ttf fonts-ipafont-gothic fonts-tlwg-loma-otf fonts-unifont
2026-10-01T08:30:12.0549987Z   fonts-wqy-zenhei libwayland-server0 xfonts-cyrillic xfonts-encodings
2026-10-01T08:30:12.0550525Z   xfonts-scalable xfonts-utils
2026-10-01T08:30:12.0553865Z The following packages will be upgraded:
2026-10-01T08:30:12.0555191Z   gir1.2-glib-2.0 libgbm1 libgl1-mesa-dri libglib2.0-0t64 libglib2.0-bin
2026-10-01T08:30:12.0560722Z   libglib2.0-data libglx-mesa0 mesa-libgallium xserver-common xvfb
2026-10-01T08:30:12.0727408Z 10 upgraded, 10 newly installed, 0 to remove and 36 not upgraded.
2026-10-01T08:30:12.0728222Z Need to get 34.9 MB of archives.
2026-10-01T08:30:12.0728998Z After this operation, 79.7 MB of additional disk space will be used.
2026-10-01T08:30:12.0729865Z Get:1 file:/etc/apt/apt-mirrors.txt Mirrorlist [144 B]
2026-10-01T08:30:12.1159122Z Get:2 http://azure.archive.ubuntu.com/ubuntu noble/universe amd64 fonts-ipafont-gothic all 00303-21ubuntu1 [3513 kB]
2026-10-01T08:30:12.2931485Z Get:3 http://azure.archive.ubuntu.com/ubuntu noble-updates/main amd64 libglib2.0-data all 2.80.0-6ubuntu3.9 [50.1 kB]
2026-10-01T08:30:12.3085852Z Get:4 http://azure.archive.ubuntu.com/ubuntu noble-updates/main amd64 libglib2.0-bin amd64 2.80.0-6ubuntu3.9 [97.9 kB]
2026-10-01T08:30:12.3247549Z Get:5 http://azure.archive.ubuntu.com/ubuntu noble-updates/main amd64 gir1.2-glib-2.0 amd64 2.80.0-6ubuntu3.9 [183 kB]
2026-10-01T08:30:12.3421934Z Get:6 http://azure.archive.ubuntu.com/ubuntu noble-updates/main amd64 libglib2.0-0t64 amd64 2.80.0-6ubuntu3.9 [1547 kB]
2026-10-01T08:30:12.3903465Z Get:7 http://azure.archive.ubuntu.com/ubuntu noble/main amd64 fonts-freefont-ttf all 20211204+svn4273-2 [5641 kB]
2026-10-01T08:30:12.5741494Z Get:8 http://azure.archive.ubuntu.com/ubuntu noble/universe amd64 fonts-tlwg-loma-otf all 1:0.7.3-1 [107 kB]
2026-10-01T08:30:12.5931309Z Get:9 http://azure.archive.ubuntu.com/ubuntu noble/universe amd64 fonts-unifont all 1:15.1.01-1build1 [2993 kB]
2026-10-01T08:30:12.7166886Z Get:10 http://azure.archive.ubuntu.com/ubuntu noble/universe amd64 fonts-wqy-zenhei all 0.9.45-8 [7472 kB]
2026-10-01T08:30:12.9271372Z Get:11 http://azure.archive.ubuntu.com/ubuntu noble-updates/main amd64 libgl1-mesa-dri amd64 25.2.8-0ubuntu0.24.04.3 [37.9 kB]
2026-10-01T08:30:12.9422247Z Get:12 http://azure.archive.ubuntu.com/ubuntu noble/main amd64 libwayland-server0 amd64 1.22.0-2.1build1 [33.9 kB]
2026-10-01T08:30:12.9572860Z Get:13 http://azure.archive.ubuntu.com/ubuntu noble-updates/main amd64 libglx-mesa0 amd64 25.2.8-0ubuntu0.24.04.3 [110 kB]
2026-10-01T08:30:12.9728197Z Get:14 http://azure.archive.ubuntu.com/ubuntu noble-updates/main amd64 libgbm1 amd64 25.2.8-0ubuntu0.24.04.3 [34.3 kB]
2026-10-01T08:30:12.9881792Z Get:15 http://azure.archive.ubuntu.com/ubuntu noble-updates/main amd64 mesa-libgallium amd64 25.2.8-0ubuntu0.24.04.3 [10.8 MB]
2026-10-01T08:30:13.1581589Z Get:16 http://azure.archive.ubuntu.com/ubuntu noble/main amd64 xfonts-encodings all 1:1.0.5-0ubuntu2 [578 kB]
2026-10-01T08:30:13.1870032Z Get:17 http://azure.archive.ubuntu.com/ubuntu noble/main amd64 xfonts-utils amd64 1:7.7+6build3 [94.4 kB]
2026-10-01T08:30:13.2020669Z Get:18 http://azure.archive.ubuntu.com/ubuntu noble/universe amd64 xfonts-cyrillic all 1:1.0.5+nmu1 [384 kB]
2026-10-01T08:30:13.2190236Z Get:19 http://azure.archive.ubuntu.com/ubuntu noble/main amd64 xfonts-scalable all 1:1.0.3-1.3 [304 kB]
2026-10-01T08:30:13.2829207Z Get:20 http://azure.archive.ubuntu.com/ubuntu noble-updates/main amd64 xserver-common all 2:21.1.12-1ubuntu1.8 [34.8 kB]
2026-10-01T08:30:13.2979968Z Get:21 http://azure.archive.ubuntu.com/ubuntu noble-updates/universe amd64 xvfb amd64 2:21.1.12-1ubuntu1.8 [877 kB]
2026-10-01T08:30:13.5658903Z Fetched 34.9 MB in 1s (27.9 MB/s)
2026-10-01T08:30:13.5903983Z Selecting previously unselected package fonts-ipafont-gothic.
2026-10-01T08:30:13.6174189Z (Reading database ... 
2026-10-01T08:30:13.6174616Z (Reading database ... 5%
2026-10-01T08:30:13.6175017Z (Reading database ... 10%
2026-10-01T08:30:13.6175300Z (Reading database ... 15%
2026-10-01T08:30:13.6175559Z (Reading database ... 20%
2026-10-01T08:30:13.6175811Z (Reading database ... 25%
2026-10-01T08:30:13.6177086Z (Reading database ... 30%
2026-10-01T08:30:13.6177537Z (Reading database ... 35%
2026-10-01T08:30:13.6178085Z (Reading database ... 40%
2026-10-01T08:30:13.6178348Z (Reading database ... 45%
2026-10-01T08:30:13.6178614Z (Reading database ... 50%
2026-10-01T08:30:13.6251760Z (Reading database ... 55%
2026-10-01T08:30:13.7052322Z (Reading database ... 60%
2026-10-01T08:30:13.8941321Z (Reading database ... 65%
2026-10-01T08:30:14.1027465Z (Reading database ... 70%
2026-10-01T08:30:14.3080938Z (Reading database ... 75%
2026-10-01T08:30:14.4478606Z (Reading database ... 80%
2026-10-01T08:30:14.6530829Z (Reading database ... 85%
2026-10-01T08:30:14.8038973Z (Reading database ... 90%
2026-10-01T08:30:15.0060067Z (Reading database ... 95%
2026-10-01T08:30:15.0060484Z (Reading database ... 100%
2026-10-01T08:30:15.0061110Z (Reading database ... 202190 files and directories currently installed.)
2026-10-01T08:30:15.0103089Z Preparing to unpack .../00-fonts-ipafont-gothic_00303-21ubuntu1_all.deb ...
2026-10-01T08:30:15.0196260Z Unpacking fonts-ipafont-gothic (00303-21ubuntu1) ...
2026-10-01T08:30:15.2553501Z Preparing to unpack .../01-libglib2.0-data_2.80.0-6ubuntu3.9_all.deb ...
2026-10-01T08:30:15.2574921Z Unpacking libglib2.0-data (2.80.0-6ubuntu3.9) over (2.80.0-6ubuntu3.8) ...
2026-10-01T08:30:15.2981349Z Preparing to unpack .../02-libglib2.0-bin_2.80.0-6ubuntu3.9_amd64.deb ...
2026-10-01T08:30:15.3013458Z Unpacking libglib2.0-bin (2.80.0-6ubuntu3.9) over (2.80.0-6ubuntu3.8) ...
2026-10-01T08:30:15.3585850Z Preparing to unpack .../03-gir1.2-glib-2.0_2.80.0-6ubuntu3.9_amd64.deb ...
2026-10-01T08:30:15.3607925Z Unpacking gir1.2-glib-2.0:amd64 (2.80.0-6ubuntu3.9) over (2.80.0-6ubuntu3.8) ...
2026-10-01T08:30:15.4127850Z Preparing to unpack .../04-libglib2.0-0t64_2.80.0-6ubuntu3.9_amd64.deb ...
2026-10-01T08:30:15.4254836Z Unpacking libglib2.0-0t64:amd64 (2.80.0-6ubuntu3.9) over (2.80.0-6ubuntu3.8) ...
2026-10-01T08:30:15.4720821Z Selecting previously unselected package fonts-freefont-ttf.
2026-10-01T08:30:15.4852872Z Preparing to unpack .../05-fonts-freefont-ttf_20211204+svn4273-2_all.deb ...
2026-10-01T08:30:15.4861399Z Unpacking fonts-freefont-ttf (20211204+svn4273-2) ...
2026-10-01T08:30:15.5618479Z Selecting previously unselected package fonts-tlwg-loma-otf.
2026-10-01T08:30:15.5742660Z Preparing to unpack .../06-fonts-tlwg-loma-otf_1%3a0.7.3-1_all.deb ...
2026-10-01T08:30:15.5750857Z Unpacking fonts-tlwg-loma-otf (1:0.7.3-1) ...
2026-10-01T08:30:15.5956535Z Selecting previously unselected package fonts-unifont.
2026-10-01T08:30:15.6082965Z Preparing to unpack .../07-fonts-unifont_1%3a15.1.01-1build1_all.deb ...
2026-10-01T08:30:15.6091687Z Unpacking fonts-unifont (1:15.1.01-1build1) ...
2026-10-01T08:30:15.7151140Z Selecting previously unselected package fonts-wqy-zenhei.
2026-10-01T08:30:15.7276521Z Preparing to unpack .../08-fonts-wqy-zenhei_0.9.45-8_all.deb ...
2026-10-01T08:30:15.7380389Z Unpacking fonts-wqy-zenhei (0.9.45-8) ...
2026-10-01T08:30:16.2114161Z Preparing to unpack .../09-libgl1-mesa-dri_25.2.8-0ubuntu0.24.04.3_amd64.deb ...
2026-10-01T08:30:16.2254813Z Unpacking libgl1-mesa-dri:amd64 (25.2.8-0ubuntu0.24.04.3) over (25.2.8-0ubuntu0.24.04.2) ...
2026-10-01T08:30:16.2702738Z Selecting previously unselected package libwayland-server0:amd64.
2026-10-01T08:30:16.2831118Z Preparing to unpack .../10-libwayland-server0_1.22.0-2.1build1_amd64.deb ...
2026-10-01T08:30:16.2841491Z Unpacking libwayland-server0:amd64 (1.22.0-2.1build1) ...
2026-10-01T08:30:16.3163874Z Preparing to unpack .../11-libglx-mesa0_25.2.8-0ubuntu0.24.04.3_amd64.deb ...
2026-10-01T08:30:16.3184928Z Unpacking libglx-mesa0:amd64 (25.2.8-0ubuntu0.24.04.3) over (25.2.8-0ubuntu0.24.04.2) ...
2026-10-01T08:30:16.3541393Z Preparing to unpack .../12-libgbm1_25.2.8-0ubuntu0.24.04.3_amd64.deb ...
2026-10-01T08:30:16.3561972Z Unpacking libgbm1:amd64 (25.2.8-0ubuntu0.24.04.3) over (25.2.8-0ubuntu0.24.04.2) ...
2026-10-01T08:30:16.4015992Z Preparing to unpack .../13-mesa-libgallium_25.2.8-0ubuntu0.24.04.3_amd64.deb ...
2026-10-01T08:30:16.4040839Z Unpacking mesa-libgallium:amd64 (25.2.8-0ubuntu0.24.04.3) over (25.2.8-0ubuntu0.24.04.2) ...
2026-10-01T08:30:16.5644856Z Selecting previously unselected package xfonts-encodings.
2026-10-01T08:30:16.5773448Z Preparing to unpack .../14-xfonts-encodings_1%3a1.0.5-0ubuntu2_all.deb ...
2026-10-01T08:30:16.5780910Z Unpacking xfonts-encodings (1:1.0.5-0ubuntu2) ...
2026-10-01T08:30:16.6125554Z Selecting previously unselected package xfonts-utils.
2026-10-01T08:30:16.6251691Z Preparing to unpack .../15-xfonts-utils_1%3a7.7+6build3_amd64.deb ...
2026-10-01T08:30:16.6258810Z Unpacking xfonts-utils (1:7.7+6build3) ...
2026-10-01T08:30:16.6564925Z Selecting previously unselected package xfonts-cyrillic.
2026-10-01T08:30:16.6690248Z Preparing to unpack .../16-xfonts-cyrillic_1%3a1.0.5+nmu1_all.deb ...
2026-10-01T08:30:16.6696859Z Unpacking xfonts-cyrillic (1:1.0.5+nmu1) ...
2026-10-01T08:30:16.7025361Z Selecting previously unselected package xfonts-scalable.
2026-10-01T08:30:16.7150082Z Preparing to unpack .../17-xfonts-scalable_1%3a1.0.3-1.3_all.deb ...
2026-10-01T08:30:16.7178345Z Unpacking xfonts-scalable (1:1.0.3-1.3) ...
2026-10-01T08:30:16.7526425Z Preparing to unpack .../18-xserver-common_2%3a21.1.12-1ubuntu1.8_all.deb ...
2026-10-01T08:30:16.7543637Z Unpacking xserver-common (2:21.1.12-1ubuntu1.8) over (2:21.1.12-1ubuntu1.6) ...
2026-10-01T08:30:16.7882166Z Preparing to unpack .../19-xvfb_2%3a21.1.12-1ubuntu1.8_amd64.deb ...
2026-10-01T08:30:16.7900795Z Unpacking xvfb (2:21.1.12-1ubuntu1.8) over (2:21.1.12-1ubuntu1.6) ...
2026-10-01T08:30:16.8547890Z Setting up libwayland-server0:amd64 (1.22.0-2.1build1) ...
2026-10-01T08:30:16.8568596Z Setting up mesa-libgallium:amd64 (25.2.8-0ubuntu0.24.04.3) ...
2026-10-01T08:30:16.8586974Z Setting up libgbm1:amd64 (25.2.8-0ubuntu0.24.04.3) ...
2026-10-01T08:30:16.8603848Z Setting up libgl1-mesa-dri:amd64 (25.2.8-0ubuntu0.24.04.3) ...
2026-10-01T08:30:16.8671847Z Setting up fonts-wqy-zenhei (0.9.45-8) ...
2026-10-01T08:30:16.8778495Z Setting up fonts-freefont-ttf (20211204+svn4273-2) ...
2026-10-01T08:30:16.8795750Z Setting up libglib2.0-0t64:amd64 (2.80.0-6ubuntu3.9) ...
2026-10-01T08:30:16.8999652Z Setting up libglib2.0-data (2.80.0-6ubuntu3.9) ...
2026-10-01T08:30:16.9017009Z Setting up fonts-tlwg-loma-otf (1:0.7.3-1) ...
2026-10-01T08:30:16.9035438Z Setting up xfonts-encodings (1:1.0.5-0ubuntu2) ...
2026-10-01T08:30:16.9060533Z Setting up gir1.2-glib-2.0:amd64 (2.80.0-6ubuntu3.9) ...
2026-10-01T08:30:16.9078480Z Setting up fonts-ipafont-gothic (00303-21ubuntu1) ...
2026-10-01T08:30:16.9142062Z update-alternatives: using /usr/share/fonts/opentype/ipafont-gothic/ipag.ttf to provide /usr/share/fonts/truetype/fonts-japanese-gothic.ttf (fonts-japanese-gothic.ttf) in auto mode
2026-10-01T08:30:16.9157349Z Setting up xserver-common (2:21.1.12-1ubuntu1.8) ...
2026-10-01T08:30:16.9175680Z Setting up fonts-unifont (1:15.1.01-1build1) ...
2026-10-01T08:30:16.9192562Z Setting up libglx-mesa0:amd64 (25.2.8-0ubuntu0.24.04.3) ...
2026-10-01T08:30:16.9212108Z Setting up xvfb (2:21.1.12-1ubuntu1.8) ...
2026-10-01T08:30:16.9229296Z Setting up libglib2.0-bin (2.80.0-6ubuntu3.9) ...
2026-10-01T08:30:16.9245324Z Setting up xfonts-utils (1:7.7+6build3) ...
2026-10-01T08:30:16.9283426Z Setting up xfonts-cyrillic (1:1.0.5+nmu1) ...
2026-10-01T08:30:16.9617675Z Setting up xfonts-scalable (1:1.0.3-1.3) ...
2026-10-01T08:30:16.9882467Z Processing triggers for libc-bin (2.39-0ubuntu8.9) ...
2026-10-01T08:30:17.0197708Z Processing triggers for man-db (2.12.0-4build2) ...
2026-10-01T08:30:17.0222096Z Not building database; man-db/auto-update is not 'true'.
2026-10-01T08:30:17.0233409Z Processing triggers for fontconfig (2.15.0-1.1ubuntu2) ...
2026-10-01T08:30:17.6862710Z 
2026-10-01T08:30:17.6863526Z Running kernel seems to be up-to-date.
2026-10-01T08:30:17.6863928Z 
2026-10-01T08:30:17.6864155Z Restarting services...
2026-10-01T08:30:17.7337508Z  systemctl restart packagekit.service php8.3-fpm.service polkit.service udisks2.service
2026-10-01T08:30:17.8616211Z 
2026-10-01T08:30:17.8617341Z Service restarts being deferred:
2026-10-01T08:30:17.8618555Z  systemctl restart ModemManager.service
2026-10-01T08:30:17.8619829Z  systemctl restart networkd-dispatcher.service
2026-10-01T08:30:17.8620399Z 
2026-10-01T08:30:17.8620832Z No containers need to be restarted.
2026-10-01T08:30:17.8621330Z 
2026-10-01T08:30:17.8621824Z No user sessions are running outdated binaries.
2026-10-01T08:30:17.8622389Z 
2026-10-01T08:30:17.8623066Z No VM guests are running outdated hypervisor (qemu) binaries on this host.
2026-10-01T08:30:18.7232610Z Downloading Chromium 141.0.7390.37 (playwright build v1194) from https://cdn.playwright.dev/dbazure/download/playwright/builds/chromium/1194/chromium-linux.zip
2026-10-01T08:30:18.8645292Z |                                                                                |   0% of 173.9 MiB
2026-10-01T08:30:19.0010152Z |■■■■■■■■                                                                        |  10% of 173.9 MiB
2026-10-01T08:30:19.0838943Z |■■■■■■■■■■■■■■■■                                                                |  20% of 173.9 MiB
2026-10-01T08:30:19.1608283Z |■■■■■■■■■■■■■■■■■■■■■■■■                                                        |  30% of 173.9 MiB
2026-10-01T08:30:19.2334479Z |■■■■■■■■■■■■■■■■■■■■■■■■■■■■■■■■                                                |  40% of 173.9 MiB
2026-10-01T08:30:19.3008764Z |■■■■■■■■■■■■■■■■■■■■■■■■■■■■■■■■■■■■■■■■                                        |  50% of 173.9 MiB
2026-10-01T08:30:19.3742913Z |■■■■■■■■■■■■■■■■■■■■■■■■■■■■■■■■■■■■■■■■■■■■■■■■                                |  60% of 173.9 MiB
2026-10-01T08:30:19.4409224Z |■■■■■■■■■■■■■■■■■■■■■■■■■■■■■■■■■■■■■■■■■■■■■■■■■■■■■■■■                        |  70% of 173.9 MiB
2026-10-01T08:30:19.5070057Z |■■■■■■■■■■■■■■■■■■■■■■■■■■■■■■■■■■■■■■■■■■■■■■■■■■■■■■■■■■■■■■■■                |  80% of 173.9 MiB
2026-10-01T08:30:19.5748369Z |■■■■■■■■■■■■■■■■■■■■■■■■■■■■■■■■■■■■■■■■■■■■■■■■■■■■■■■■■■■■■■■■■■■■■■■■        |  90% of 173.9 MiB
2026-10-01T08:30:19.6362812Z |■■■■■■■■■■■■■■■■■■■■■■■■■■■■■■■■■■■■■■■■■■■■■■■■■■■■■■■■■■■■■■■■■■■■■■■■■■■■■■■■| 100% of 173.9 MiB
2026-10-01T08:30:23.2174120Z Chromium 141.0.7390.37 (playwright build v1194) downloaded to /home/runner/.cache/ms-playwright/chromium-1194
2026-10-01T08:30:23.2180361Z Downloading FFMPEG playwright build v1011 from https://cdn.playwright.dev/dbazure/download/playwright/builds/ffmpeg/1011/ffmpeg-linux.zip
2026-10-01T08:30:23.3545007Z |                                                                                |   0% of 2.3 MiB
2026-10-01T08:30:23.3598719Z |■■■■■■■■                                                                        |  10% of 2.3 MiB
2026-10-01T08:30:23.3634833Z |■■■■■■■■■■■■■■■■                                                                |  20% of 2.3 MiB
2026-10-01T08:30:23.3746254Z |■■■■■■■■■■■■■■■■■■■■■■■■                                                        |  30% of 2.3 MiB
2026-10-01T08:30:23.3769174Z |■■■■■■■■■■■■■■■■■■■■■■■■■■■■■■■■                                                |  40% of 2.3 MiB
2026-10-01T08:30:23.3794762Z |■■■■■■■■■■■■■■■■■■■■■■■■■■■■■■■■■■■■■■■■                                        |  50% of 2.3 MiB
2026-10-01T08:30:23.3825756Z |■■■■■■■■■■■■■■■■■■■■■■■■■■■■■■■■■■■■■■■■■■■■■■■■                                |  60% of 2.3 MiB
2026-10-01T08:30:23.3850563Z |■■■■■■■■■■■■■■■■■■■■■■■■■■■■■■■■■■■■■■■■■■■■■■■■■■■■■■■■                        |  70% of 2.3 MiB
2026-10-01T08:30:23.3865898Z |■■■■■■■■■■■■■■■■■■■■■■■■■■■■■■■■■■■■■■■■■■■■■■■■■■■■■■■■■■■■■■■■                |  80% of 2.3 MiB
2026-10-01T08:30:23.3883507Z |■■■■■■■■■■■■■■■■■■■■■■■■■■■■■■■■■■■■■■■■■■■■■■■■■■■■■■■■■■■■■■■■■■■■■■■■        |  90% of 2.3 MiB
2026-10-01T08:30:23.3898522Z |■■■■■■■■■■■■■■■■■■■■■■■■■■■■■■■■■■■■■■■■■■■■■■■■■■■■■■■■■■■■■■■■■■■■■■■■■■■■■■■■| 100% of 2.3 MiB
2026-10-01T08:30:23.4491241Z FFMPEG playwright build v1011 downloaded to /home/runner/.cache/ms-playwright/ffmpeg-1011
2026-10-01T08:30:23.4494607Z Downloading Chromium Headless Shell 141.0.7390.37 (playwright build v1194) from https://cdn.playwright.dev/dbazure/download/playwright/builds/chromium/1194/chromium-headless-shell-linux.zip
2026-10-01T08:30:23.5856010Z |                                                                                |   0% of 104.3 MiB
2026-10-01T08:30:23.6880216Z |■■■■■■■■                                                                        |  10% of 104.3 MiB
2026-10-01T08:30:23.7580283Z |■■■■■■■■■■■■■■■■                                                                |  20% of 104.3 MiB
2026-10-01T08:30:23.8139803Z |■■■■■■■■■■■■■■■■■■■■■■■■                                                        |  30% of 104.3 MiB
2026-10-01T08:30:23.8752680Z |■■■■■■■■■■■■■■■■■■■■■■■■■■■■■■■■                                                |  40% of 104.3 MiB
2026-10-01T08:30:23.9260404Z |■■■■■■■■■■■■■■■■■■■■■■■■■■■■■■■■■■■■■■■■                                        |  50% of 104.3 MiB
2026-10-01T08:30:23.9759351Z |■■■■■■■■■■■■■■■■■■■■■■■■■■■■■■■■■■■■■■■■■■■■■■■■                                |  60% of 104.3 MiB
2026-10-01T08:30:24.0198728Z |■■■■■■■■■■■■■■■■■■■■■■■■■■■■■■■■■■■■■■■■■■■■■■■■■■■■■■■■                        |  70% of 104.3 MiB
2026-10-01T08:30:24.0716067Z |■■■■■■■■■■■■■■■■■■■■■■■■■■■■■■■■■■■■■■■■■■■■■■■■■■■■■■■■■■■■■■■■                |  80% of 104.3 MiB
2026-10-01T08:30:24.1231440Z |■■■■■■■■■■■■■■■■■■■■■■■■■■■■■■■■■■■■■■■■■■■■■■■■■■■■■■■■■■■■■■■■■■■■■■■■        |  90% of 104.3 MiB
2026-10-01T08:30:24.1685171Z |■■■■■■■■■■■■■■■■■■■■■■■■■■■■■■■■■■■■■■■■■■■■■■■■■■■■■■■■■■■■■■■■■■■■■■■■■■■■■■■■| 100% of 104.3 MiB
2026-10-01T08:30:26.2153273Z Chromium Headless Shell 141.0.7390.37 (playwright build v1194) downloaded to /home/runner/.cache/ms-playwright/chromium_headless_shell-1194
2026-10-01T08:30:26.4836370Z ##[group]Run bash tools/publish.sh
2026-10-01T08:30:26.4837186Z [36;1mbash tools/publish.sh[0m
2026-10-01T08:30:26.4901966Z shell: /usr/bin/bash -e {0}
2026-10-01T08:30:26.4902239Z ##[endgroup]
2026-10-01T08:30:27.4315204Z Glessner v4 package verified; 3 missing GLB(s) materialized.
2026-10-01T08:30:28.0927293Z shipped derivatives: 504 pair(s) carry the master's triangles, node identity and contract attributes; worst bounding-box disagreement 2.68 of 4 rungs; 0 asset(s) lose their material identity to the publish path (banked, K36(b)); 4 master passthrough(s), all of them decided (K38); and every one of them records the master it was made from, which is still the master in the tree (K39)
2026-10-01T08:30:28.1481170Z Prairie Avenue browser published: /home/runner/work/chicago/chicago/site/4d/prairie-1904
2026-10-01T08:30:28.2311074Z published 15 map images + viewer + media to site/pre-fire
2026-10-01T08:30:28.4495530Z    changelog.js published to site/4d/js/changelog.js (T-0722)
2026-10-01T08:30:28.4503146Z    changelog.js published to site/4d/walk/js/changelog.js (T-0722)
2026-10-01T08:30:29.1986870Z tickets: cloned https://github.com/kevinrhaas/chicago-tickets.git → tickets/ (1661 tickets)
2026-10-01T08:30:30.6370734Z entry pages: index.html, 1812/index.html, 1835/index.html, 1880/index.html, 1904/index.html
2026-10-01T08:30:30.6441717Z    build 9446a07  Oct 1, 2026, 3:30 AM CT
2026-10-01T08:30:30.7007445Z published ../../site/4d  (57.37 MB)
2026-10-01T08:30:30.7054157Z ##[group]Run node tools/smoke_renderer.mjs --published
2026-10-01T08:30:30.7054589Z [36;1mnode tools/smoke_renderer.mjs --published[0m
2026-10-01T08:30:30.7115989Z shell: /usr/bin/bash -e {0}
2026-10-01T08:30:30.7116237Z env:
2026-10-01T08:30:30.7116433Z   SMOKE_VIEWPORT: mobile
2026-10-01T08:30:30.7116920Z   SMOKE_STAGE: 3-6
2026-10-01T08:30:30.7117129Z ##[endgroup]
2026-10-01T08:30:31.1217239Z serving /home/runner/work/chicago/chicago/site/4d on 4187 — PUBLISHED mirror (compressed assets, visitor layout)
2026-10-01T08:30:31.1218287Z 
2026-10-01T08:30:31.1218849Z NOT THE FULL GATE — viewports filtered to "mobile"
2026-10-01T08:30:31.1219335Z 
2026-10-01T08:30:31.1219857Z NOT THE FULL GATE — stages filtered to "3-6" of 13
2026-10-01T08:30:31.1220317Z 
2026-10-01T08:30:31.1220514Z mobile 390x780:
2026-10-01T08:30:32.1255743Z   pass  mobile 390x780: page serves
2026-10-01T08:30:50.7999506Z   pass  mobile 390x780: scene reaches ready
2026-10-01T08:30:54.2709011Z   pass  mobile 390x780: the scene declares its exact consultation blockers
2026-10-01T08:30:54.2710816Z   pass  mobile 390x780: no unexpected loader problems
2026-10-01T08:30:56.0050431Z   pass  mobile 390x780: scene has structures
2026-10-01T08:30:57.7284696Z   pass  mobile 390x780: every structure that should draw, drew
2026-10-01T08:31:03.1714463Z   pass  mobile 390x780: no ground tile faces away from the sky
2026-10-01T08:31:03.1715574Z   pass  mobile 390x780: no ground vertex faces downward
2026-10-01T08:31:03.1731942Z   pass  mobile 390x780: the terrain and river report no load problems
2026-10-01T08:31:05.0265631Z   pass  mobile 390x780: the drawn ground matches the heightfield the town anchors to
2026-10-01T08:31:05.0266955Z   pass  mobile 390x780: the ground was conformed to the field, with nothing left over
2026-10-01T08:31:25.9302185Z   pass  mobile 390x780: an evidence-only household's head is a person a source names
2026-10-01T08:31:25.9317752Z   pass  mobile 390x780: nothing was drawn into an evidence-only household
2026-10-01T08:31:25.9318872Z   pass  mobile 390x780: the manifest's reconstructed count is the layer the records hold
2026-10-01T08:31:25.9320154Z   pass  mobile 390x780: every reconstructed person carries its stage, basis, seed and replacement
2026-10-01T08:31:25.9321426Z   pass  mobile 390x780: the household is named for its head and still says which layer it is
2026-10-01T08:31:27.6620248Z   pass  mobile 390x780: no building's name claims a grade its own record does not
2026-10-01T08:31:27.6621556Z   pass  mobile 390x780: that check still catches the fault when it is put back
2026-10-01T08:31:31.1537195Z   pass  mobile 390x780: no building titles itself by its part number
2026-10-01T08:31:31.1538208Z   pass  mobile 390x780: the naming rule titles a house for its people and an empty one plainly
2026-10-01T08:31:31.1539183Z   pass  mobile 390x780: the card shows that title and keeps the reference below it
2026-10-01T08:31:31.1540189Z   pass  mobile 390x780: search still finds a roof by its part number and a house by its household
2026-10-01T08:31:53.0578104Z   pass  mobile 390x780: hiding a level removes it from the view
2026-10-01T08:31:53.0579005Z   pass  mobile 390x780: hiding works with the colouring switched off
2026-10-01T08:31:53.0579906Z   pass  mobile 390x780: a hidden level is marked on the control and remembered
2026-10-01T08:31:54.9441287Z   pass  mobile 390x780: the control counts each level against the loaded town
2026-10-01T08:32:02.7744873Z   pass  mobile 390x780: pick('sauganash_hotel') opens the popup
2026-10-01T08:32:02.7745621Z   pass  mobile 390x780: popup carries a real citation
2026-10-01T08:32:02.7746307Z   pass  mobile 390x780: popup shows per-attribute confidence
2026-10-01T08:32:04.4997984Z   pass  mobile 390x780: every citation says what rung it is on
2026-10-01T08:32:04.5036328Z   pass  mobile 390x780: the rung belongs to its own citation
2026-10-01T08:32:06.2120684Z   pass  mobile 390x780: a citation says what document it reprints
2026-10-01T08:32:06.2127092Z   pass  mobile 390x780: a source that IS its document reprints nothing
2026-10-01T08:32:06.2128124Z   pass  mobile 390x780: a source states what it does not supply
2026-10-01T08:32:07.9723947Z   pass  mobile 390x780: the card's dossier link leaves the payload it is not in
2026-10-01T08:32:07.9724900Z   pass  mobile 390x780: a building with no dossier written offers no dossier link
2026-10-01T08:32:11.4744922Z   pass  mobile 390x780: an attested feature the model omits says so on its row
2026-10-01T08:32:11.4746191Z   pass  mobile 390x780: the documented wolf sign is built and its row is unmarked
2026-10-01T08:32:11.4747595Z   pass  mobile 390x780: a value a fixed default stands in for is marked differently
2026-10-01T08:32:11.4748777Z   pass  mobile 390x780: the recorded chimney count is built, so its row is unmarked
2026-10-01T08:32:11.4749833Z   pass  mobile 390x780: an attribute the generator builds carries no marker
2026-10-01T08:32:11.4750966Z   pass  mobile 390x780: a reading recorded but never a build instruction is not marked
2026-10-01T08:32:13.2373650Z   pass  mobile 390x780: the popup carries the liberties taken with this building
2026-10-01T08:32:13.2374622Z   pass  mobile 390x780: it shows the reasoning, not just the admission
2026-10-01T08:32:13.2375611Z   pass  mobile 390x780: another building gets its own liberties, not the whole list
2026-10-01T08:32:13.2376843Z   pass  mobile 390x780: a scene-wide liberty is not attached to a building
2026-10-01T08:32:14.9653578Z   pass  mobile 390x780: popup liberties start collapsed on their own pane and open on demand
2026-10-01T08:32:14.9656460Z   pass  mobile 390x780: the compiled agencies still carry a refused holding on a roof
2026-10-01T08:32:14.9657430Z   pass  mobile 390x780: the compiled agencies still put Hubbard & Co.'s holding on a roof
2026-10-01T08:32:16.7520312Z   pass  mobile 390x780: the card names the agency this house held, and its principal
2026-10-01T08:32:16.7537466Z   pass  mobile 390x780: it dates the holding by its printings and calls them printings
2026-10-01T08:32:16.7567313Z   pass  mobile 390x780: the holding cites the printings it rests on
2026-10-01T08:32:16.7587284Z   pass  mobile 390x780: the card says a holding is only a holding
2026-10-01T08:32:16.7609599Z   pass  mobile 390x780: a refused holding is on the card of the house it was refused for
2026-10-01T08:32:16.7610623Z   pass  mobile 390x780: a house that held no agency says nothing about one
2026-10-01T08:32:18.5072523Z   pass  mobile 390x780: the card says whether the building was here on the scene date
2026-10-01T08:32:18.5074071Z   pass  mobile 390x780: the presence claim is graded per building, not stamped
2026-10-01T08:32:18.5075722Z   pass  mobile 390x780: the presence claim carries its reasoning, folded away
2026-10-01T08:32:18.5077315Z   pass  mobile 390x780: the phase's own account of itself leads the card
2026-10-01T08:32:18.5079003Z   pass  mobile 390x780: a record without an account gets a lead composed from its function and location, marked as composed
2026-10-01T08:32:20.2210803Z   pass  mobile 390x780: the position's reasoning opens on demand
2026-10-01T08:32:26.5433745Z   pass  mobile 390x780: the card says how much of the shape is evidence
2026-10-01T08:32:26.5434449Z   pass  mobile 390x780: the footprint's reasoning is the record's, verbatim
2026-10-01T08:32:26.5435119Z   pass  mobile 390x780: and prints no dimension it would have had to invent
2026-10-01T08:32:34.4978503Z   pass  mobile 390x780: every graded claim in a record reaches the card as a chip
2026-10-01T08:32:36.2018538Z   pass  mobile 390x780: the facts carry grade dots, not chips
2026-10-01T08:32:44.1405398Z   pass  mobile 390x780: the card's per-level summary is a partition of its own claims
2026-10-01T08:32:44.1407238Z   pass  mobile 390x780: and it says what is NOT there, per building rather than stamped
2026-10-01T08:32:44.1408460Z   pass  mobile 390x780: a source on an invention is named as a bound, not as attribution
2026-10-01T08:32:44.1410064Z   pass  mobile 390x780: and separates what is attested from what is actually built
2026-10-01T08:32:44.1411530Z   pass  mobile 390x780: the summary defines each level in the Evidence panel's own words
2026-10-01T08:32:45.9045183Z   pass  mobile 390x780: established assets remain identified as real bakes
2026-10-01T08:32:45.9047126Z   pass  mobile 390x780: anonymous infill is visibly flagged as a reconstruction
2026-10-01T08:32:45.9048244Z   pass  mobile 390x780: that flag names the grade the record itself carries
2026-10-01T08:32:45.9049436Z   pass  mobile 390x780: the placeholder label agrees with the asset it describes
2026-10-01T08:32:45.9050607Z   pass  mobile 390x780: and a real bake told it is a stand-in is caught saying so
2026-10-01T08:32:47.6910270Z   pass  mobile 390x780: every held building says so on its card
2026-10-01T08:32:47.6911394Z   pass  mobile 390x780: and says what it is held for, in the record's own words
2026-10-01T08:32:47.6912563Z   pass  mobile 390x780: and a building that is not held does not claim to be
2026-10-01T08:32:49.4281999Z   pass  mobile 390x780: the record's own account reaches the card
2026-10-01T08:32:49.4283062Z   pass  mobile 390x780: it is the record's words, unabridged
2026-10-01T08:32:49.4284075Z   pass  mobile 390x780: another building gets its own account, not this one's
2026-10-01T08:32:51.1494275Z   pass  mobile 390x780: a building names the household the sources put in it
2026-10-01T08:32:51.1496383Z   pass  mobile 390x780: a person's grade is shown, and it is not a confidence chip
2026-10-01T08:32:51.1497691Z   pass  mobile 390x780: a building's household says on the card why it is attached there
2026-10-01T08:32:52.8696306Z   pass  mobile 390x780: a building with no household gets no section at all
2026-10-01T08:32:52.8697691Z   pass  mobile 390x780: the account starts collapsed on the Record pane and opens on demand
2026-10-01T08:32:54.6032973Z   pass  mobile 390x780: the card reads head, lead, facts, tabs, pane — in that order
2026-10-01T08:32:54.6034325Z   pass  mobile 390x780: the card opens on its Evidence pane with the other two folded
2026-10-01T08:32:54.6035476Z   pass  mobile 390x780: each moved section lives in the pane named for it
2026-10-01T08:32:54.6036462Z   pass  mobile 390x780: Hogan's facts say it was standing, from the year its record gives
2026-10-01T08:32:56.4238243Z   pass  mobile 390x780: a plain boot asks for no structure version and shows none (T-1727)
2026-10-01T08:33:19.7726182Z   pass  mobile 390x780: ?structure=bates_auction_room&version=fixture reaches ready (T-1727)
2026-10-01T08:33:27.1759507Z   pass  mobile 390x780: the version boot loads the fixture's own sidecar and mesh for that one structure (T-1727)
2026-10-01T08:33:27.1869489Z   pass  mobile 390x780: …and every other structure is the same record, the same mesh, in the same place (T-1727)
2026-10-01T08:33:27.1871703Z   pass  mobile 390x780: …the fixture stands exactly where the default did, as its identical record says (T-1727)
2026-10-01T08:33:27.1888078Z   pass  mobile 390x780: the HUD and the card both name the version, so two screenshots cannot be confused (T-1727)
2026-10-01T08:33:50.6763519Z   pass  mobile 390x780: the default address boots again after the version (T-1727)
2026-10-01T08:34:00.0462236Z   pass  mobile 390x780: raycast down the crosshair resolves a structure_id
2026-10-01T08:34:14.8495015Z   pass  mobile 390x780: walk intent moves the camera
2026-10-01T08:34:18.4040210Z   pass  mobile 390x780: walking stays exactly on the terrain through rises and falls
2026-10-01T08:34:21.2858098Z   pass  mobile 390x780: the walker is pushed out of a building footprint
2026-10-01T08:34:28.1434385Z   pass  mobile 390x780: the North Branch bridge has a walkable deck
2026-10-01T08:34:28.1448245Z   pass  mobile 390x780: the walker crosses the bridge end to end on its deck
2026-10-01T08:34:28.1452355Z   pass  mobile 390x780: the deck, not the wading barrier, is what holds the walker up
2026-10-01T08:34:28.1456143Z   pass  mobile 390x780: and walks off the far end onto the bank
2026-10-01T08:34:31.8037195Z   pass  mobile 390x780: a walker on the bank climbs the approach onto the deck
2026-10-01T08:34:43.2804160Z   pass  mobile 390x780: touch activates the touch backend
2026-10-01T08:34:43.2811162Z   pass  mobile 390x780: thumbstick writes forward intent
2026-10-01T08:34:59.2312905Z   pass  mobile 390x780: right-half drag turns the view
2026-10-01T08:35:01.2028998Z   pass  mobile 390x780: the scene's draw-call ceiling is the one this gate was written against
2026-10-01T08:35:01.2029707Z   pass  mobile 390x780: draw calls under budget at the reference stand
2026-10-01T08:35:01.2030231Z   pass  mobile 390x780: triangles under budget at the reference stand
2026-10-01T08:35:01.2031127Z         68 draw calls · 594312 tris · 3 batch(es) · 500 structure(s) · 7469 KB of GLB · 1 fps
2026-10-01T08:35:03.3038412Z   pass  mobile 390x780: the rendered ground covers the whole heightfield
2026-10-01T08:35:03.3039953Z   pass  mobile 390x780: no structure is collapsed to the quantisation clamp
2026-10-01T08:35:03.3049990Z   pass  mobile 390x780: every structure is rendered at a believable size
2026-10-01T08:35:03.3051064Z   pass  mobile 390x780: the Sauganash is rendered as its two-mass plan
2026-10-01T08:35:05.2283232Z   pass  mobile 390x780: no building hovers above the ground beneath it
2026-10-01T08:35:05.2286387Z   pass  mobile 390x780: rendered height matches the documented wall height
2026-10-01T08:40:23.2149965Z   pass  mobile 390x780: scene detail 'full' stays inside its own ceiling at the WORST stand
2026-10-01T08:40:23.2153141Z   pass  mobile 390x780: scene detail 'balanced' stays inside its own ceiling at the WORST stand
2026-10-01T08:40:23.2154360Z   pass  mobile 390x780: scene detail 'light' stays inside its own ceiling at the WORST stand
2026-10-01T08:40:23.2156327Z   pass  mobile 390x780: draw calls under budget at the town's WORST frame
2026-10-01T08:40:23.2157596Z   pass  mobile 390x780: turning scene detail down actually draws less, at every stand
2026-10-01T08:40:23.2162381Z   pass  mobile 390x780: the light tier draws inside its 90-call floor at the worst stand
2026-10-01T08:40:23.2163566Z   pass  mobile 390x780: the light tier stays materially cheaper than full at the worst stand
2026-10-01T08:40:23.2164560Z   pass  mobile 390x780: the level the visitor started on is restored
2026-10-01T08:40:23.2165840Z   pass  mobile 390x780: the light tier draws no furniture into the shadow map, and only the ground-hugging timber is exempt above it
2026-10-01T08:40:23.2168046Z   pass  mobile 390x780: the furniture reach is a ladder — full holds nothing back, and each rung below reaches less far
2026-10-01T08:40:23.2169482Z   pass  mobile 390x780: the far merge gives back draw calls down the axial street and moves no triangle doing it
2026-10-01T08:40:23.2170644Z   pass  mobile 390x780: the light tier holds furniture back down the axial street
2026-10-01T08:40:23.2171752Z   pass  mobile 390x780: the furniture reach is what makes the light tier cheaper down that street
2026-10-01T08:40:23.2172887Z   pass  mobile 390x780: the balanced tier holds furniture back down the axial street
2026-10-01T08:40:23.2174419Z   pass  mobile 390x780: the furniture reach is what makes the balanced tier cheaper down that street
2026-10-01T08:40:23.2175487Z   pass  mobile 390x780: the light tier's shorter shadow reach costs no texel
2026-10-01T08:40:23.2177962Z         detail  full 982440/1460000 (112 calls, ±240 m, 145/198 furniture casting)  ·  balanced 888197/1280000 (110 calls, ±240 m, 145/198 furniture casting)  ·  light 563927/825000 (62 calls, ±120 m, 0/198 furniture casting)
2026-10-01T08:40:23.2180417Z         full      worst   1,294,427 tris of 1,460,000 at Lake Street at Canal, east down the axis  ·  worst  186 calls at Lake Street at Canal, east down the axis
2026-10-01T08:40:23.2185038Z         balanced  worst   1,120,982 tris of 1,280,000 at Lake Street at Canal, east down the axis  ·  worst  176 calls at Lake Street at Canal, east down the axis
2026-10-01T08:40:23.2188309Z         light     worst     739,143 tris of 825,000 at the open aerial  ·  worst   77 calls at Lake and Market, the corner itself
2026-10-01T08:41:14.4209561Z   pass  mobile 390x780: tap-to-start reveals the walkthrough
2026-10-01T08:41:14.4210889Z   pass  mobile 390x780: first entry shows the navigation guide for the active input mode
2026-10-01T08:41:14.4227776Z   pass  mobile 390x780: no horizontal overflow
2026-10-01T08:41:35.2046505Z   pass  mobile 390x780: the navigation guide dismisses and remembers the choice
2026-10-01T08:42:13.9420888Z   pass  mobile 390x780: a level checkbox takes the click and the menu stays open
2026-10-01T08:42:51.8414895Z   pass  mobile 390x780: reset restores every level and the caret shuts the menu
2026-10-01T08:42:51.8418798Z   pass  mobile 390x780: the suite body ran to completion
2026-10-01T08:42:51.8419721Z   pass  mobile 390x780: zero page errors
2026-10-01T08:42:51.9774860Z 
2026-10-01T08:42:52.3496499Z   pass  vendor: meshopt decoder loads and reports supported
2026-10-01T08:42:52.3502144Z   pass  vendor: meshopt import raises no page error
2026-10-01T08:42:52.3820612Z 
2026-10-01T08:42:52.3821170Z 145 passed, 0 failed
2026-10-01T08:42:52.3821826Z 135 staged-section check(s) (stage 3-6 of 13), 10 always-on check(s)
2026-10-01T08:42:52.3822858Z 12 m 21 s for stage 3-6 at mobile — the ceiling on a steward run's single foreground command is 10 m 00 s
2026-10-01T08:42:52.3823354Z SMOKE PASS
2026-10-01T08:42:52.4140257Z Post job cleanup.
2026-10-01T08:42:52.5513811Z (node:3845) [DEP0040] DeprecationWarning: The `punycode` module is deprecated. Please use a userland alternative instead.
2026-10-01T08:42:52.5514650Z (Use `node --trace-deprecation ...` to show where the warning was created)
2026-10-01T08:42:52.5698872Z Post job cleanup.
2026-10-01T08:42:52.6555678Z [command]/usr/bin/git version
2026-10-01T08:42:52.6593751Z git version 2.55.0
2026-10-01T08:42:52.6632021Z Temporarily overriding HOME='/home/runner/work/_temp/6ef9c129-0551-4d50-b8f7-f890e18032ec' before making global git config changes
2026-10-01T08:42:52.6633164Z Adding repository directory to the temporary git global config as a safe directory
2026-10-01T08:42:52.6637665Z [command]/usr/bin/git config --global --add safe.directory /home/runner/work/chicago/chicago
2026-10-01T08:42:52.6674299Z [command]/usr/bin/git config --local --name-only --get-regexp core\.sshCommand
2026-10-01T08:42:52.6707018Z [command]/usr/bin/git submodule foreach --recursive sh -c "git config --local --name-only --get-regexp 'core\.sshCommand' && git config --local --unset-all 'core.sshCommand' || :"
2026-10-01T08:42:52.6943669Z [command]/usr/bin/git config --local --name-only --get-regexp http\.https\:\/\/github\.com\/\.extraheader
2026-10-01T08:42:52.6966124Z http.https://github.com/.extraheader
2026-10-01T08:42:52.6976247Z [command]/usr/bin/git config --local --unset-all http.https://github.com/.extraheader
2026-10-01T08:42:52.7008663Z [command]/usr/bin/git submodule foreach --recursive sh -c "git config --local --name-only --get-regexp 'http\.https\:\/\/github\.com\/\.extraheader' && git config --local --unset-all 'http.https://github.com/.extraheader' || :"
2026-10-01T08:42:52.7240438Z [command]/usr/bin/git config --local --name-only --get-regexp ^includeIf\.gitdir:
2026-10-01T08:42:52.7303260Z [command]/usr/bin/git submodule foreach --recursive git config --local --show-origin --name-only --get-regexp remote.origin.url
2026-10-01T08:42:52.7675936Z Cleaning up orphan processes
2026-10-01T08:42:52.8007954Z ##[warning]Node.js 20 is deprecated. The following actions target Node.js 20 but are being forced to run on Node.js 24: actions/checkout@v4, actions/setup-node@v4. For more information see: https://github.blog/changelog/2025-09-19-deprecation-of-node-20-on-github-actions-runners/

