2026-10-01T08:31:26.7839378Z Current runner version: '2.337.0'
2026-10-01T08:31:26.7867606Z ##[group]Runner Image Provisioner
2026-10-01T08:31:26.7868547Z Hosted Compute Agent
2026-10-01T08:31:26.7869162Z Version: 20260828.587
2026-10-01T08:31:26.7869950Z Commit: abac92662cab4cc7352de4f9f9d2e2419aad9c29
2026-10-01T08:31:26.7870795Z Build Date: 2026-08-28T16:44:25Z
2026-10-01T08:31:26.7871551Z Worker ID: {b9f35a13-7a13-41b9-9b89-03d535a0cce6}
2026-10-01T08:31:26.7872303Z Azure Region: centralus
2026-10-01T08:31:26.7873126Z ##[endgroup]
2026-10-01T08:31:26.7874859Z ##[group]Operating System
2026-10-01T08:31:26.7875532Z Ubuntu
2026-10-01T08:31:26.7876140Z 24.04.5
2026-10-01T08:31:26.7876712Z LTS
2026-10-01T08:31:26.7877264Z ##[endgroup]
2026-10-01T08:31:26.7877927Z ##[group]Runner Image
2026-10-01T08:31:26.7878607Z Image: ubuntu-24.04
2026-10-01T08:31:26.7879233Z Version: 20260920.314.1
2026-10-01T08:31:26.7880588Z Included Software: https://github.com/actions/runner-images/blob/ubuntu24/20260920.314/images/ubuntu/Ubuntu2404-Readme.md
2026-10-01T08:31:26.7882240Z Image Release: https://github.com/actions/runner-images/releases/tag/ubuntu24%2F20260920.314
2026-10-01T08:31:26.7883580Z ##[endgroup]
2026-10-01T08:31:26.7884878Z ##[group]GITHUB_TOKEN Permissions
2026-10-01T08:31:26.7887306Z Contents: read
2026-10-01T08:31:26.7888381Z Metadata: read
2026-10-01T08:31:26.7889001Z Packages: read
2026-10-01T08:31:26.7889602Z ##[endgroup]
2026-10-01T08:31:26.7891971Z Secret source: Actions
2026-10-01T08:31:26.7893389Z Cache mode: write
2026-10-01T08:31:26.7894312Z Prepare workflow directory
2026-10-01T08:31:26.8298942Z Prepare all required actions
2026-10-01T08:31:26.8349475Z Getting action download info
2026-10-01T08:31:27.1299690Z Download action repository 'actions/checkout@v4' (SHA:11d5960a326750d5838078e36cf38b85af677262)
2026-10-01T08:31:27.2461467Z Download action repository 'actions/setup-node@v4' (SHA:49933ea5288caeca8642d1e84afbd3f7d6820020)
2026-10-01T08:31:27.4493482Z Complete job name: smoke
2026-10-01T08:31:27.5283308Z ##[group]Run actions/checkout@v4
2026-10-01T08:31:27.5284246Z with:
2026-10-01T08:31:27.5284704Z   repository: kevinrhaas/chicago
2026-10-01T08:31:27.5289032Z   token: ***
2026-10-01T08:31:27.5289490Z   ssh-strict: true
2026-10-01T08:31:27.5289954Z   ssh-user: git
2026-10-01T08:31:27.5290409Z   persist-credentials: true
2026-10-01T08:31:27.5290903Z   clean: true
2026-10-01T08:31:27.5291357Z   sparse-checkout-cone-mode: true
2026-10-01T08:31:27.5291904Z   fetch-depth: 1
2026-10-01T08:31:27.5292347Z   fetch-tags: false
2026-10-01T08:31:27.5292947Z   show-progress: true
2026-10-01T08:31:27.5293398Z   lfs: false
2026-10-01T08:31:27.5293814Z   submodules: false
2026-10-01T08:31:27.5294277Z   set-safe-directory: true
2026-10-01T08:31:27.5294786Z   allow-unsafe-pr-checkout: false
2026-10-01T08:31:27.5295495Z ##[endgroup]
2026-10-01T08:31:27.6386724Z Syncing repository: kevinrhaas/chicago
2026-10-01T08:31:27.6388862Z ##[group]Getting Git version info
2026-10-01T08:31:27.6389818Z Working directory is '/home/runner/work/chicago/chicago'
2026-10-01T08:31:27.6390923Z [command]/usr/bin/git version
2026-10-01T08:31:27.6442903Z git version 2.55.0
2026-10-01T08:31:27.6463449Z ##[endgroup]
2026-10-01T08:31:27.6479972Z Temporarily overriding HOME='/home/runner/work/_temp/9a8b658e-21db-416e-8c1a-2acdbf6a59e0' before making global git config changes
2026-10-01T08:31:27.6482227Z Adding repository directory to the temporary git global config as a safe directory
2026-10-01T08:31:27.6486618Z [command]/usr/bin/git config --global --add safe.directory /home/runner/work/chicago/chicago
2026-10-01T08:31:27.6540878Z Deleting the contents of '/home/runner/work/chicago/chicago'
2026-10-01T08:31:27.6545412Z ##[group]Initializing the repository
2026-10-01T08:31:27.6550162Z [command]/usr/bin/git init /home/runner/work/chicago/chicago
2026-10-01T08:31:27.6640704Z hint: Using 'master' as the name for the initial branch. This default branch name
2026-10-01T08:31:27.6642624Z hint: will change to "main" in Git 3.0. To configure the initial branch name
2026-10-01T08:31:27.6644435Z hint: to use in all of your new repositories, which will suppress this warning,
2026-10-01T08:31:27.6645368Z hint: call:
2026-10-01T08:31:27.6645818Z hint:
2026-10-01T08:31:27.6646370Z hint: 	git config --global init.defaultBranch <name>
2026-10-01T08:31:27.6647016Z hint:
2026-10-01T08:31:27.6647614Z hint: Names commonly chosen instead of 'master' are 'main', 'trunk' and
2026-10-01T08:31:27.6648548Z hint: 'development'. The just-created branch can be renamed via this command:
2026-10-01T08:31:27.6649295Z hint:
2026-10-01T08:31:27.6649735Z hint: 	git branch -m <name>
2026-10-01T08:31:27.6650230Z hint:
2026-10-01T08:31:27.6650878Z hint: Disable this message with "git config set advice.defaultBranchName false"
2026-10-01T08:31:27.6651895Z Initialized empty Git repository in /home/runner/work/chicago/chicago/.git/
2026-10-01T08:31:27.6656278Z [command]/usr/bin/git remote add origin https://github.com/kevinrhaas/chicago
2026-10-01T08:31:27.6708926Z ##[endgroup]
2026-10-01T08:31:27.6709750Z ##[group]Disabling automatic garbage collection
2026-10-01T08:31:27.6713225Z [command]/usr/bin/git config --local gc.auto 0
2026-10-01T08:31:27.6746265Z ##[endgroup]
2026-10-01T08:31:27.6747035Z ##[group]Setting up auth
2026-10-01T08:31:27.6753346Z [command]/usr/bin/git config --local --name-only --get-regexp core\.sshCommand
2026-10-01T08:31:27.6787255Z [command]/usr/bin/git submodule foreach --recursive sh -c "git config --local --name-only --get-regexp 'core\.sshCommand' && git config --local --unset-all 'core.sshCommand' || :"
2026-10-01T08:31:27.7144949Z [command]/usr/bin/git config --local --name-only --get-regexp http\.https\:\/\/github\.com\/\.extraheader
2026-10-01T08:31:27.7177991Z [command]/usr/bin/git submodule foreach --recursive sh -c "git config --local --name-only --get-regexp 'http\.https\:\/\/github\.com\/\.extraheader' && git config --local --unset-all 'http.https://github.com/.extraheader' || :"
2026-10-01T08:31:27.7416170Z [command]/usr/bin/git config --local --name-only --get-regexp ^includeIf\.gitdir:
2026-10-01T08:31:27.7450339Z [command]/usr/bin/git submodule foreach --recursive git config --local --show-origin --name-only --get-regexp remote.origin.url
2026-10-01T08:31:27.7713401Z [command]/usr/bin/git config --local http.https://github.com/.extraheader AUTHORIZATION: basic ***
2026-10-01T08:31:27.7753008Z ##[endgroup]
2026-10-01T08:31:27.7753865Z ##[group]Fetching the repository
2026-10-01T08:31:27.7763377Z [command]/usr/bin/git -c protocol.version=2 fetch --no-tags --prune --no-recurse-submodules --depth=1 origin +9446a07a87b92ae4920e69398e1d986ad91f0bb4:refs/remotes/origin/steward/t1766-canal-grocery-workshops
2026-10-01T08:32:00.0472184Z From https://github.com/kevinrhaas/chicago
2026-10-01T08:32:00.0480260Z  * [new ref]         9446a07a87b92ae4920e69398e1d986ad91f0bb4 -> origin/steward/t1766-canal-grocery-workshops
2026-10-01T08:32:00.0483530Z ##[endgroup]
2026-10-01T08:32:00.0484080Z ##[group]Determining the checkout info
2026-10-01T08:32:00.0484671Z ##[endgroup]
2026-10-01T08:32:00.0486688Z [command]/usr/bin/git sparse-checkout disable
2026-10-01T08:32:00.0538155Z [command]/usr/bin/git config --local --unset-all extensions.worktreeConfig
2026-10-01T08:32:00.0569962Z ##[group]Checking out the ref
2026-10-01T08:32:00.0575641Z [command]/usr/bin/git checkout --progress --force -B steward/t1766-canal-grocery-workshops refs/remotes/origin/steward/t1766-canal-grocery-workshops
2026-10-01T08:32:01.0740212Z Updating files:  57% (5205/9120)
2026-10-01T08:32:01.0818634Z Updating files:  58% (5290/9120)
2026-10-01T08:32:01.0890152Z Updating files:  59% (5381/9120)
2026-10-01T08:32:01.0947848Z Updating files:  60% (5472/9120)
2026-10-01T08:32:01.1725274Z Updating files:  61% (5564/9120)
2026-10-01T08:32:01.2004248Z Updating files:  62% (5655/9120)
2026-10-01T08:32:01.2040692Z Updating files:  63% (5746/9120)
2026-10-01T08:32:01.2078025Z Updating files:  64% (5837/9120)
2026-10-01T08:32:01.2154061Z Updating files:  65% (5928/9120)
2026-10-01T08:32:01.2247123Z Updating files:  66% (6020/9120)
2026-10-01T08:32:01.2307644Z Updating files:  67% (6111/9120)
2026-10-01T08:32:01.2359047Z Updating files:  68% (6202/9120)
2026-10-01T08:32:01.2409178Z Updating files:  69% (6293/9120)
2026-10-01T08:32:01.2458794Z Updating files:  70% (6384/9120)
2026-10-01T08:32:01.2670922Z Updating files:  71% (6476/9120)
2026-10-01T08:32:01.2898914Z Updating files:  72% (6567/9120)
2026-10-01T08:32:01.3309999Z Updating files:  73% (6658/9120)
2026-10-01T08:32:01.5286927Z Updating files:  74% (6749/9120)
2026-10-01T08:32:01.5597357Z Updating files:  75% (6840/9120)
2026-10-01T08:32:01.5958093Z Updating files:  76% (6932/9120)
2026-10-01T08:32:01.6719360Z Updating files:  77% (7023/9120)
2026-10-01T08:32:01.7116849Z Updating files:  78% (7114/9120)
2026-10-01T08:32:01.7272715Z Updating files:  79% (7205/9120)
2026-10-01T08:32:01.7608099Z Updating files:  80% (7296/9120)
2026-10-01T08:32:01.7776140Z Updating files:  81% (7388/9120)
2026-10-01T08:32:01.7939712Z Updating files:  82% (7479/9120)
2026-10-01T08:32:01.8069545Z Updating files:  83% (7570/9120)
2026-10-01T08:32:01.8221371Z Updating files:  84% (7661/9120)
2026-10-01T08:32:01.8390799Z Updating files:  85% (7752/9120)
2026-10-01T08:32:01.8549599Z Updating files:  86% (7844/9120)
2026-10-01T08:32:01.9264405Z Updating files:  87% (7935/9120)
2026-10-01T08:32:02.0068384Z Updating files:  88% (8026/9120)
2026-10-01T08:32:02.0803443Z Updating files:  89% (8117/9120)
2026-10-01T08:32:02.2524436Z Updating files:  89% (8139/9120)
2026-10-01T08:32:02.6285378Z Updating files:  90% (8208/9120)
2026-10-01T08:32:02.9171521Z Updating files:  91% (8300/9120)
2026-10-01T08:32:03.0504728Z Updating files:  92% (8391/9120)
2026-10-01T08:32:03.0696430Z Updating files:  93% (8482/9120)
2026-10-01T08:32:03.1101012Z Updating files:  93% (8504/9120)
2026-10-01T08:32:03.1530563Z Updating files:  94% (8573/9120)
2026-10-01T08:32:03.2958079Z Updating files:  95% (8664/9120)
2026-10-01T08:32:03.4382723Z Updating files:  96% (8756/9120)
2026-10-01T08:32:03.5198867Z Updating files:  97% (8847/9120)
2026-10-01T08:32:03.8464638Z Updating files:  98% (8938/9120)
2026-10-01T08:32:04.0701205Z Updating files:  99% (9029/9120)
2026-10-01T08:32:04.1599484Z Updating files:  99% (9091/9120)
2026-10-01T08:32:04.1600008Z Updating files: 100% (9120/9120)
2026-10-01T08:32:04.1600462Z Updating files: 100% (9120/9120), done.
2026-10-01T08:32:04.1696517Z Switched to a new branch 'steward/t1766-canal-grocery-workshops'
2026-10-01T08:32:04.1699123Z branch 'steward/t1766-canal-grocery-workshops' set up to track 'origin/steward/t1766-canal-grocery-workshops'.
2026-10-01T08:32:04.1885957Z ##[endgroup]
2026-10-01T08:32:04.1930079Z [command]/usr/bin/git log -1 --format=%H
2026-10-01T08:32:04.1958170Z 9446a07a87b92ae4920e69398e1d986ad91f0bb4
2026-10-01T08:32:04.2235658Z ##[group]Run actions/setup-node@v4
2026-10-01T08:32:04.2235956Z with:
2026-10-01T08:32:04.2236165Z   node-version: 22
2026-10-01T08:32:04.2236395Z   always-auth: false
2026-10-01T08:32:04.2236639Z   check-latest: false
2026-10-01T08:32:04.2239301Z   token: ***
2026-10-01T08:32:04.2239546Z ##[endgroup]
2026-10-01T08:32:04.3677274Z Found in cache @ /opt/hostedtoolcache/node/22.23.2/x64
2026-10-01T08:32:04.3681798Z (node:2267) [DEP0040] DeprecationWarning: The `punycode` module is deprecated. Please use a userland alternative instead.
2026-10-01T08:32:04.3682805Z (Use `node --trace-deprecation ...` to show where the warning was created)
2026-10-01T08:32:04.3685424Z ##[group]Environment details
2026-10-01T08:32:04.7539699Z node: v22.23.2
2026-10-01T08:32:04.7540268Z npm: 10.9.8
2026-10-01T08:32:04.7540687Z yarn: 1.22.22
2026-10-01T08:32:04.7542731Z ##[endgroup]
2026-10-01T08:32:04.7713156Z ##[group]Run set -e
2026-10-01T08:32:04.7713463Z [36;1mset -e[0m
2026-10-01T08:32:04.7713731Z [36;1mnpm install -g playwright@1.56.1[0m
2026-10-01T08:32:04.7714178Z [36;1mnode "$(npm root -g)/playwright/cli.js" install --with-deps chromium[0m
2026-10-01T08:32:04.7989829Z shell: /usr/bin/bash -e {0}
2026-10-01T08:32:04.7990150Z ##[endgroup]
2026-10-01T08:32:07.7401009Z 
2026-10-01T08:32:07.7411158Z added 2 packages in 3s
2026-10-01T08:32:08.6778656Z Installing dependencies...
2026-10-01T08:32:08.7237074Z Switching to root user to install dependencies...
2026-10-01T08:32:09.8863185Z Get:1 file:/etc/apt/apt-mirrors.txt Mirrorlist [144 B]
2026-10-01T08:32:10.2338328Z Hit:2 http://azure.archive.ubuntu.com/ubuntu noble InRelease
2026-10-01T08:32:10.2347221Z Get:3 http://azure.archive.ubuntu.com/ubuntu noble-updates InRelease [126 kB]
2026-10-01T08:32:10.2425711Z Get:6 https://packages.microsoft.com/ubuntu/24.04/prod noble InRelease [3600 B]
2026-10-01T08:32:10.2805524Z Get:4 http://azure.archive.ubuntu.com/ubuntu noble-backports InRelease [126 kB]
2026-10-01T08:32:10.3246149Z Get:5 http://azure.archive.ubuntu.com/ubuntu noble-security InRelease [126 kB]
2026-10-01T08:32:10.8520768Z Get:7 http://azure.archive.ubuntu.com/ubuntu noble-updates/main amd64 Packages [1342 kB]
2026-10-01T08:32:10.8664616Z Get:8 http://azure.archive.ubuntu.com/ubuntu noble-updates/main Translation-en [302 kB]
2026-10-01T08:32:10.8699609Z Get:9 http://azure.archive.ubuntu.com/ubuntu noble-updates/main amd64 Components [181 kB]
2026-10-01T08:32:10.8744121Z Get:10 http://azure.archive.ubuntu.com/ubuntu noble-updates/universe amd64 Packages [1699 kB]
2026-10-01T08:32:10.8825111Z Get:11 http://azure.archive.ubuntu.com/ubuntu noble-updates/universe Translation-en [341 kB]
2026-10-01T08:32:10.8863453Z Get:12 http://azure.archive.ubuntu.com/ubuntu noble-updates/universe amd64 Components [388 kB]
2026-10-01T08:32:10.8894392Z Get:13 http://azure.archive.ubuntu.com/ubuntu noble-updates/restricted amd64 Packages [1697 kB]
2026-10-01T08:32:10.8987760Z Get:14 http://azure.archive.ubuntu.com/ubuntu noble-updates/restricted Translation-en [388 kB]
2026-10-01T08:32:10.8992960Z Get:15 http://azure.archive.ubuntu.com/ubuntu noble-updates/multiverse amd64 Components [940 B]
2026-10-01T08:32:10.9120693Z Get:16 https://packages.microsoft.com/ubuntu/24.04/prod noble/main arm64 Packages [456 kB]
2026-10-01T08:32:10.9235273Z Get:17 https://packages.microsoft.com/ubuntu/24.04/prod noble/main amd64 Packages [509 kB]
2026-10-01T08:32:10.9684361Z Get:18 http://azure.archive.ubuntu.com/ubuntu noble-backports/main amd64 Packages [40.6 kB]
2026-10-01T08:32:11.0118253Z Get:19 http://azure.archive.ubuntu.com/ubuntu noble-backports/main amd64 Components [5760 B]
2026-10-01T08:32:11.0127911Z Get:20 http://azure.archive.ubuntu.com/ubuntu noble-backports/universe amd64 Packages [31.0 kB]
2026-10-01T08:32:11.0133248Z Get:21 http://azure.archive.ubuntu.com/ubuntu noble-backports/universe Translation-en [18.6 kB]
2026-10-01T08:32:11.0140251Z Get:22 http://azure.archive.ubuntu.com/ubuntu noble-backports/universe amd64 Components [12.6 kB]
2026-10-01T08:32:11.0234803Z Get:23 http://azure.archive.ubuntu.com/ubuntu noble-security/main amd64 Packages [1066 kB]
2026-10-01T08:32:11.0293559Z Get:24 http://azure.archive.ubuntu.com/ubuntu noble-security/main Translation-en [220 kB]
2026-10-01T08:32:11.0316134Z Get:25 http://azure.archive.ubuntu.com/ubuntu noble-security/main amd64 Components [46.4 kB]
2026-10-01T08:32:11.0319360Z Get:26 http://azure.archive.ubuntu.com/ubuntu noble-security/universe amd64 Packages [1216 kB]
2026-10-01T08:32:11.0383953Z Get:27 http://azure.archive.ubuntu.com/ubuntu noble-security/universe Translation-en [244 kB]
2026-10-01T08:32:11.0402286Z Get:28 http://azure.archive.ubuntu.com/ubuntu noble-security/universe amd64 Components [76.3 kB]
2026-10-01T08:32:11.0412982Z Get:29 http://azure.archive.ubuntu.com/ubuntu noble-security/restricted amd64 Packages [1566 kB]
2026-10-01T08:32:11.0493888Z Get:30 http://azure.archive.ubuntu.com/ubuntu noble-security/restricted Translation-en [361 kB]
2026-10-01T08:32:15.7256682Z Fetched 12.6 MB in 2s (5159 kB/s)
2026-10-01T08:32:16.5877176Z Reading package lists...
2026-10-01T08:32:16.6136874Z Reading package lists...
2026-10-01T08:32:16.8654580Z Building dependency tree...
2026-10-01T08:32:16.8661601Z Reading state information...
2026-10-01T08:32:17.0555744Z libasound2t64 is already the newest version (1.2.11-1ubuntu0.3).
2026-10-01T08:32:17.0557031Z libasound2t64 set to manually installed.
2026-10-01T08:32:17.0557720Z libatk-bridge2.0-0t64 is already the newest version (2.52.0-1build1).
2026-10-01T08:32:17.0558378Z libatk-bridge2.0-0t64 set to manually installed.
2026-10-01T08:32:17.0559022Z libatk1.0-0t64 is already the newest version (2.52.0-1build1).
2026-10-01T08:32:17.0559579Z libatk1.0-0t64 set to manually installed.
2026-10-01T08:32:17.0560263Z libatspi2.0-0t64 is already the newest version (2.52.0-1build1).
2026-10-01T08:32:17.0560899Z libatspi2.0-0t64 set to manually installed.
2026-10-01T08:32:17.0561570Z libcairo2 is already the newest version (1.18.0-3build1).
2026-10-01T08:32:17.0562186Z libcairo2 set to manually installed.
2026-10-01T08:32:17.0563223Z libcups2t64 is already the newest version (2.4.7-1.2ubuntu7.14).
2026-10-01T08:32:17.0563879Z libcups2t64 set to manually installed.
2026-10-01T08:32:17.0564539Z libdbus-1-3 is already the newest version (1.14.10-4ubuntu4.1).
2026-10-01T08:32:17.0565183Z libdbus-1-3 set to manually installed.
2026-10-01T08:32:17.0565877Z libdrm2 is already the newest version (2.4.125-1ubuntu0.1~24.04.2).
2026-10-01T08:32:17.0566487Z libdrm2 set to manually installed.
2026-10-01T08:32:17.0566910Z libnspr4 is already the newest version (2:4.35-1.1build1).
2026-10-01T08:32:17.0567304Z libnspr4 set to manually installed.
2026-10-01T08:32:17.0567966Z libnss3 is already the newest version (2:3.98-1ubuntu0.2).
2026-10-01T08:32:17.0568532Z libnss3 set to manually installed.
2026-10-01T08:32:17.0569208Z libpango-1.0-0 is already the newest version (1.52.1+ds-1build1).
2026-10-01T08:32:17.0569898Z libpango-1.0-0 set to manually installed.
2026-10-01T08:32:17.0570580Z libx11-6 is already the newest version (2:1.8.7-1build1).
2026-10-01T08:32:17.0571186Z libx11-6 set to manually installed.
2026-10-01T08:32:17.0571813Z libxcb1 is already the newest version (1.15-1ubuntu2).
2026-10-01T08:32:17.0572636Z libxcb1 set to manually installed.
2026-10-01T08:32:17.0573292Z libxcomposite1 is already the newest version (1:0.4.5-1build3).
2026-10-01T08:32:17.0574007Z libxcomposite1 set to manually installed.
2026-10-01T08:32:17.0574693Z libxdamage1 is already the newest version (1:1.1.6-1build1).
2026-10-01T08:32:17.0575348Z libxdamage1 set to manually installed.
2026-10-01T08:32:17.0575984Z libxext6 is already the newest version (2:1.3.4-1build2).
2026-10-01T08:32:17.0576614Z libxext6 set to manually installed.
2026-10-01T08:32:17.0577258Z libxfixes3 is already the newest version (1:6.0.0-2build1).
2026-10-01T08:32:17.0577895Z libxfixes3 set to manually installed.
2026-10-01T08:32:17.0578583Z libxkbcommon0 is already the newest version (1.6.0-1build1).
2026-10-01T08:32:17.0579237Z libxkbcommon0 set to manually installed.
2026-10-01T08:32:17.0579912Z libxrandr2 is already the newest version (2:1.5.2-2build1).
2026-10-01T08:32:17.0580559Z libxrandr2 set to manually installed.
2026-10-01T08:32:17.0581364Z fonts-noto-color-emoji is already the newest version (2.047-0ubuntu0.24.04.1).
2026-10-01T08:32:17.0582285Z libfontconfig1 is already the newest version (2.15.0-1.1ubuntu2).
2026-10-01T08:32:17.0583429Z libfontconfig1 set to manually installed.
2026-10-01T08:32:17.0584220Z libfreetype6 is already the newest version (2.13.2+dfsg-1ubuntu0.1).
2026-10-01T08:32:17.0584936Z libfreetype6 set to manually installed.
2026-10-01T08:32:17.0585573Z fonts-liberation is already the newest version (1:2.1.5-3).
2026-10-01T08:32:17.0586225Z fonts-liberation set to manually installed.
2026-10-01T08:32:17.0586892Z The following additional packages will be installed:
2026-10-01T08:32:17.0588072Z   gir1.2-glib-2.0 libgl1-mesa-dri libglib2.0-bin libglib2.0-data libglx-mesa0
2026-10-01T08:32:17.0588983Z   libwayland-server0 mesa-libgallium xfonts-encodings xfonts-utils
2026-10-01T08:32:17.0589598Z   xserver-common
2026-10-01T08:32:17.0589957Z Suggested packages:
2026-10-01T08:32:17.0590310Z   low-memory-monitor
2026-10-01T08:32:17.0590709Z Recommended packages:
2026-10-01T08:32:17.0591219Z   fonts-ipafont-mincho fonts-tlwg-loma xfonts-base
2026-10-01T08:32:17.0864492Z The following NEW packages will be installed:
2026-10-01T08:32:17.0865191Z   fonts-freefont-ttf fonts-ipafont-gothic fonts-tlwg-loma-otf fonts-unifont
2026-10-01T08:32:17.0872211Z   fonts-wqy-zenhei libwayland-server0 xfonts-cyrillic xfonts-encodings
2026-10-01T08:32:17.0873053Z   xfonts-scalable xfonts-utils
2026-10-01T08:32:17.0875704Z The following packages will be upgraded:
2026-10-01T08:32:17.0876805Z   gir1.2-glib-2.0 libgbm1 libgl1-mesa-dri libglib2.0-0t64 libglib2.0-bin
2026-10-01T08:32:17.0881022Z   libglib2.0-data libglx-mesa0 mesa-libgallium xserver-common xvfb
2026-10-01T08:32:17.1075115Z 10 upgraded, 10 newly installed, 0 to remove and 36 not upgraded.
2026-10-01T08:32:17.1075604Z Need to get 34.9 MB of archives.
2026-10-01T08:32:17.1076043Z After this operation, 79.7 MB of additional disk space will be used.
2026-10-01T08:32:17.1076550Z Get:1 file:/etc/apt/apt-mirrors.txt Mirrorlist [144 B]
2026-10-01T08:32:17.1568343Z Get:2 http://azure.archive.ubuntu.com/ubuntu noble/universe amd64 fonts-ipafont-gothic all 00303-21ubuntu1 [3513 kB]
2026-10-01T08:32:17.2153132Z Get:3 http://azure.archive.ubuntu.com/ubuntu noble-updates/main amd64 libglib2.0-data all 2.80.0-6ubuntu3.9 [50.1 kB]
2026-10-01T08:32:17.2434581Z Get:4 http://azure.archive.ubuntu.com/ubuntu noble-updates/main amd64 libglib2.0-bin amd64 2.80.0-6ubuntu3.9 [97.9 kB]
2026-10-01T08:32:17.2718210Z Get:5 http://azure.archive.ubuntu.com/ubuntu noble-updates/main amd64 gir1.2-glib-2.0 amd64 2.80.0-6ubuntu3.9 [183 kB]
2026-10-01T08:32:17.3009387Z Get:6 http://azure.archive.ubuntu.com/ubuntu noble-updates/main amd64 libglib2.0-0t64 amd64 2.80.0-6ubuntu3.9 [1547 kB]
2026-10-01T08:32:17.3495473Z Get:7 http://azure.archive.ubuntu.com/ubuntu noble/main amd64 fonts-freefont-ttf all 20211204+svn4273-2 [5641 kB]
2026-10-01T08:32:17.4589857Z Get:8 http://azure.archive.ubuntu.com/ubuntu noble/universe amd64 fonts-tlwg-loma-otf all 1:0.7.3-1 [107 kB]
2026-10-01T08:32:17.4874480Z Get:9 http://azure.archive.ubuntu.com/ubuntu noble/universe amd64 fonts-unifont all 1:15.1.01-1build1 [2993 kB]
2026-10-01T08:32:17.5411654Z Get:10 http://azure.archive.ubuntu.com/ubuntu noble/universe amd64 fonts-wqy-zenhei all 0.9.45-8 [7472 kB]
2026-10-01T08:32:17.6851112Z Get:11 http://azure.archive.ubuntu.com/ubuntu noble-updates/main amd64 libgl1-mesa-dri amd64 25.2.8-0ubuntu0.24.04.3 [37.9 kB]
2026-10-01T08:32:17.7801358Z Get:12 http://azure.archive.ubuntu.com/ubuntu noble/main amd64 libwayland-server0 amd64 1.22.0-2.1build1 [33.9 kB]
2026-10-01T08:32:17.8320088Z Get:13 http://azure.archive.ubuntu.com/ubuntu noble-updates/main amd64 libglx-mesa0 amd64 25.2.8-0ubuntu0.24.04.3 [110 kB]
2026-10-01T08:32:17.8617912Z Get:14 http://azure.archive.ubuntu.com/ubuntu noble-updates/main amd64 libgbm1 amd64 25.2.8-0ubuntu0.24.04.3 [34.3 kB]
2026-10-01T08:32:17.8894401Z Get:15 http://azure.archive.ubuntu.com/ubuntu noble-updates/main amd64 mesa-libgallium amd64 25.2.8-0ubuntu0.24.04.3 [10.8 MB]
2026-10-01T08:32:18.0627790Z Get:16 http://azure.archive.ubuntu.com/ubuntu noble/main amd64 xfonts-encodings all 1:1.0.5-0ubuntu2 [578 kB]
2026-10-01T08:32:18.1544457Z Get:17 http://azure.archive.ubuntu.com/ubuntu noble/main amd64 xfonts-utils amd64 1:7.7+6build3 [94.4 kB]
2026-10-01T08:32:18.1830207Z Get:18 http://azure.archive.ubuntu.com/ubuntu noble/universe amd64 xfonts-cyrillic all 1:1.0.5+nmu1 [384 kB]
2026-10-01T08:32:18.2143915Z Get:19 http://azure.archive.ubuntu.com/ubuntu noble/main amd64 xfonts-scalable all 1:1.0.3-1.3 [304 kB]
2026-10-01T08:32:18.2964214Z Get:20 http://azure.archive.ubuntu.com/ubuntu noble-updates/main amd64 xserver-common all 2:21.1.12-1ubuntu1.8 [34.8 kB]
2026-10-01T08:32:18.3322908Z Get:21 http://azure.archive.ubuntu.com/ubuntu noble-updates/universe amd64 xvfb amd64 2:21.1.12-1ubuntu1.8 [877 kB]
2026-10-01T08:32:18.6219153Z Fetched 34.9 MB in 1s (28.1 MB/s)
2026-10-01T08:32:18.6461362Z Selecting previously unselected package fonts-ipafont-gothic.
2026-10-01T08:32:18.6721087Z (Reading database ... 
2026-10-01T08:32:18.6721655Z (Reading database ... 5%
2026-10-01T08:32:18.6722750Z (Reading database ... 10%
2026-10-01T08:32:18.6723154Z (Reading database ... 15%
2026-10-01T08:32:18.6723535Z (Reading database ... 20%
2026-10-01T08:32:18.6723900Z (Reading database ... 25%
2026-10-01T08:32:18.6724267Z (Reading database ... 30%
2026-10-01T08:32:18.6724938Z (Reading database ... 35%
2026-10-01T08:32:18.6725711Z (Reading database ... 40%
2026-10-01T08:32:18.6726299Z (Reading database ... 45%
2026-10-01T08:32:18.6726678Z (Reading database ... 50%
2026-10-01T08:32:18.6776831Z (Reading database ... 55%
2026-10-01T08:32:18.7803937Z (Reading database ... 60%
2026-10-01T08:32:18.9842211Z (Reading database ... 65%
2026-10-01T08:32:19.1708467Z (Reading database ... 70%
2026-10-01T08:32:19.3399164Z (Reading database ... 75%
2026-10-01T08:32:19.4878378Z (Reading database ... 80%
2026-10-01T08:32:19.7235495Z (Reading database ... 85%
2026-10-01T08:32:19.8522645Z (Reading database ... 90%
2026-10-01T08:32:19.9900908Z (Reading database ... 95%
2026-10-01T08:32:19.9901278Z (Reading database ... 100%
2026-10-01T08:32:19.9901764Z (Reading database ... 202190 files and directories currently installed.)
2026-10-01T08:32:19.9949721Z Preparing to unpack .../00-fonts-ipafont-gothic_00303-21ubuntu1_all.deb ...
2026-10-01T08:32:20.0049842Z Unpacking fonts-ipafont-gothic (00303-21ubuntu1) ...
2026-10-01T08:32:20.2569234Z Preparing to unpack .../01-libglib2.0-data_2.80.0-6ubuntu3.9_all.deb ...
2026-10-01T08:32:20.2589592Z Unpacking libglib2.0-data (2.80.0-6ubuntu3.9) over (2.80.0-6ubuntu3.8) ...
2026-10-01T08:32:20.2975686Z Preparing to unpack .../02-libglib2.0-bin_2.80.0-6ubuntu3.9_amd64.deb ...
2026-10-01T08:32:20.2976604Z Unpacking libglib2.0-bin (2.80.0-6ubuntu3.9) over (2.80.0-6ubuntu3.8) ...
2026-10-01T08:32:20.3443605Z Preparing to unpack .../03-gir1.2-glib-2.0_2.80.0-6ubuntu3.9_amd64.deb ...
2026-10-01T08:32:20.3466009Z Unpacking gir1.2-glib-2.0:amd64 (2.80.0-6ubuntu3.9) over (2.80.0-6ubuntu3.8) ...
2026-10-01T08:32:20.3892725Z Preparing to unpack .../04-libglib2.0-0t64_2.80.0-6ubuntu3.9_amd64.deb ...
2026-10-01T08:32:20.3962960Z Unpacking libglib2.0-0t64:amd64 (2.80.0-6ubuntu3.9) over (2.80.0-6ubuntu3.8) ...
2026-10-01T08:32:20.4389884Z Selecting previously unselected package fonts-freefont-ttf.
2026-10-01T08:32:20.4525762Z Preparing to unpack .../05-fonts-freefont-ttf_20211204+svn4273-2_all.deb ...
2026-10-01T08:32:20.4534064Z Unpacking fonts-freefont-ttf (20211204+svn4273-2) ...
2026-10-01T08:32:20.5382309Z Selecting previously unselected package fonts-tlwg-loma-otf.
2026-10-01T08:32:20.5515256Z Preparing to unpack .../06-fonts-tlwg-loma-otf_1%3a0.7.3-1_all.deb ...
2026-10-01T08:32:20.5521862Z Unpacking fonts-tlwg-loma-otf (1:0.7.3-1) ...
2026-10-01T08:32:20.5732246Z Selecting previously unselected package fonts-unifont.
2026-10-01T08:32:20.5862830Z Preparing to unpack .../07-fonts-unifont_1%3a15.1.01-1build1_all.deb ...
2026-10-01T08:32:20.5870261Z Unpacking fonts-unifont (1:15.1.01-1build1) ...
2026-10-01T08:32:20.6999392Z Selecting previously unselected package fonts-wqy-zenhei.
2026-10-01T08:32:20.7130511Z Preparing to unpack .../08-fonts-wqy-zenhei_0.9.45-8_all.deb ...
2026-10-01T08:32:20.7238282Z Unpacking fonts-wqy-zenhei (0.9.45-8) ...
2026-10-01T08:32:21.2154981Z Preparing to unpack .../09-libgl1-mesa-dri_25.2.8-0ubuntu0.24.04.3_amd64.deb ...
2026-10-01T08:32:21.2307582Z Unpacking libgl1-mesa-dri:amd64 (25.2.8-0ubuntu0.24.04.3) over (25.2.8-0ubuntu0.24.04.2) ...
2026-10-01T08:32:21.2687065Z Selecting previously unselected package libwayland-server0:amd64.
2026-10-01T08:32:21.2821206Z Preparing to unpack .../10-libwayland-server0_1.22.0-2.1build1_amd64.deb ...
2026-10-01T08:32:21.2829774Z Unpacking libwayland-server0:amd64 (1.22.0-2.1build1) ...
2026-10-01T08:32:21.3165148Z Preparing to unpack .../11-libglx-mesa0_25.2.8-0ubuntu0.24.04.3_amd64.deb ...
2026-10-01T08:32:21.3189054Z Unpacking libglx-mesa0:amd64 (25.2.8-0ubuntu0.24.04.3) over (25.2.8-0ubuntu0.24.04.2) ...
2026-10-01T08:32:21.3562908Z Preparing to unpack .../12-libgbm1_25.2.8-0ubuntu0.24.04.3_amd64.deb ...
2026-10-01T08:32:21.3587542Z Unpacking libgbm1:amd64 (25.2.8-0ubuntu0.24.04.3) over (25.2.8-0ubuntu0.24.04.2) ...
2026-10-01T08:32:21.3953269Z Preparing to unpack .../13-mesa-libgallium_25.2.8-0ubuntu0.24.04.3_amd64.deb ...
2026-10-01T08:32:21.3975883Z Unpacking mesa-libgallium:amd64 (25.2.8-0ubuntu0.24.04.3) over (25.2.8-0ubuntu0.24.04.2) ...
2026-10-01T08:32:21.5706810Z Selecting previously unselected package xfonts-encodings.
2026-10-01T08:32:21.5842113Z Preparing to unpack .../14-xfonts-encodings_1%3a1.0.5-0ubuntu2_all.deb ...
2026-10-01T08:32:21.5847918Z Unpacking xfonts-encodings (1:1.0.5-0ubuntu2) ...
2026-10-01T08:32:21.6124760Z Selecting previously unselected package xfonts-utils.
2026-10-01T08:32:21.6254823Z Preparing to unpack .../15-xfonts-utils_1%3a7.7+6build3_amd64.deb ...
2026-10-01T08:32:21.6262280Z Unpacking xfonts-utils (1:7.7+6build3) ...
2026-10-01T08:32:21.6586355Z Selecting previously unselected package xfonts-cyrillic.
2026-10-01T08:32:21.6715862Z Preparing to unpack .../16-xfonts-cyrillic_1%3a1.0.5+nmu1_all.deb ...
2026-10-01T08:32:21.6722922Z Unpacking xfonts-cyrillic (1:1.0.5+nmu1) ...
2026-10-01T08:32:21.7057230Z Selecting previously unselected package xfonts-scalable.
2026-10-01T08:32:21.7186632Z Preparing to unpack .../17-xfonts-scalable_1%3a1.0.3-1.3_all.deb ...
2026-10-01T08:32:21.7193837Z Unpacking xfonts-scalable (1:1.0.3-1.3) ...
2026-10-01T08:32:21.7546053Z Preparing to unpack .../18-xserver-common_2%3a21.1.12-1ubuntu1.8_all.deb ...
2026-10-01T08:32:21.7571697Z Unpacking xserver-common (2:21.1.12-1ubuntu1.8) over (2:21.1.12-1ubuntu1.6) ...
2026-10-01T08:32:21.7913576Z Preparing to unpack .../19-xvfb_2%3a21.1.12-1ubuntu1.8_amd64.deb ...
2026-10-01T08:32:21.7929965Z Unpacking xvfb (2:21.1.12-1ubuntu1.8) over (2:21.1.12-1ubuntu1.6) ...
2026-10-01T08:32:21.8488034Z Setting up libwayland-server0:amd64 (1.22.0-2.1build1) ...
2026-10-01T08:32:21.8505168Z Setting up mesa-libgallium:amd64 (25.2.8-0ubuntu0.24.04.3) ...
2026-10-01T08:32:21.8522900Z Setting up libgbm1:amd64 (25.2.8-0ubuntu0.24.04.3) ...
2026-10-01T08:32:21.8539368Z Setting up libgl1-mesa-dri:amd64 (25.2.8-0ubuntu0.24.04.3) ...
2026-10-01T08:32:21.8610948Z Setting up fonts-wqy-zenhei (0.9.45-8) ...
2026-10-01T08:32:21.8721274Z Setting up fonts-freefont-ttf (20211204+svn4273-2) ...
2026-10-01T08:32:21.8738253Z Setting up libglib2.0-0t64:amd64 (2.80.0-6ubuntu3.9) ...
2026-10-01T08:32:21.8840980Z Setting up libglib2.0-data (2.80.0-6ubuntu3.9) ...
2026-10-01T08:32:21.8856283Z Setting up fonts-tlwg-loma-otf (1:0.7.3-1) ...
2026-10-01T08:32:21.8873041Z Setting up xfonts-encodings (1:1.0.5-0ubuntu2) ...
2026-10-01T08:32:21.8889030Z Setting up gir1.2-glib-2.0:amd64 (2.80.0-6ubuntu3.9) ...
2026-10-01T08:32:21.8904858Z Setting up fonts-ipafont-gothic (00303-21ubuntu1) ...
2026-10-01T08:32:21.8969729Z update-alternatives: using /usr/share/fonts/opentype/ipafont-gothic/ipag.ttf to provide /usr/share/fonts/truetype/fonts-japanese-gothic.ttf (fonts-japanese-gothic.ttf) in auto mode
2026-10-01T08:32:21.8987435Z Setting up xserver-common (2:21.1.12-1ubuntu1.8) ...
2026-10-01T08:32:21.9004331Z Setting up fonts-unifont (1:15.1.01-1build1) ...
2026-10-01T08:32:21.9021108Z Setting up libglx-mesa0:amd64 (25.2.8-0ubuntu0.24.04.3) ...
2026-10-01T08:32:21.9036058Z Setting up xvfb (2:21.1.12-1ubuntu1.8) ...
2026-10-01T08:32:21.9051043Z Setting up libglib2.0-bin (2.80.0-6ubuntu3.9) ...
2026-10-01T08:32:21.9067751Z Setting up xfonts-utils (1:7.7+6build3) ...
2026-10-01T08:32:21.9107920Z Setting up xfonts-cyrillic (1:1.0.5+nmu1) ...
2026-10-01T08:32:21.9407607Z Setting up xfonts-scalable (1:1.0.3-1.3) ...
2026-10-01T08:32:21.9690484Z Processing triggers for libc-bin (2.39-0ubuntu8.9) ...
2026-10-01T08:32:22.0006788Z Processing triggers for man-db (2.12.0-4build2) ...
2026-10-01T08:32:22.0027258Z Not building database; man-db/auto-update is not 'true'.
2026-10-01T08:32:22.0038276Z Processing triggers for fontconfig (2.15.0-1.1ubuntu2) ...
2026-10-01T08:32:22.6317937Z 
2026-10-01T08:32:22.6318598Z Running kernel seems to be up-to-date.
2026-10-01T08:32:22.6318975Z 
2026-10-01T08:32:22.6319512Z Restarting services...
2026-10-01T08:32:22.6826838Z  systemctl restart packagekit.service php8.3-fpm.service polkit.service udisks2.service
2026-10-01T08:32:22.8907310Z 
2026-10-01T08:32:22.8908033Z Service restarts being deferred:
2026-10-01T08:32:22.8908698Z  systemctl restart ModemManager.service
2026-10-01T08:32:22.8909321Z  systemctl restart networkd-dispatcher.service
2026-10-01T08:32:22.8909721Z 
2026-10-01T08:32:22.8910130Z No containers need to be restarted.
2026-10-01T08:32:22.8910468Z 
2026-10-01T08:32:22.8910964Z No user sessions are running outdated binaries.
2026-10-01T08:32:22.8911295Z 
2026-10-01T08:32:23.8615283Z No VM guests are running outdated hypervisor (qemu) binaries on this host.
2026-10-01T08:32:23.8616395Z Downloading Chromium 141.0.7390.37 (playwright build v1194) from https://cdn.playwright.dev/dbazure/download/playwright/builds/chromium/1194/chromium-linux.zip
2026-10-01T08:32:24.1532340Z |                                                                                |   0% of 173.9 MiB
2026-10-01T08:32:24.4958102Z |■■■■■■■■                                                                        |  10% of 173.9 MiB
2026-10-01T08:32:24.7365785Z |■■■■■■■■■■■■■■■■                                                                |  20% of 173.9 MiB
2026-10-01T08:32:25.0180978Z |■■■■■■■■■■■■■■■■■■■■■■■■                                                        |  30% of 173.9 MiB
2026-10-01T08:32:25.2192310Z |■■■■■■■■■■■■■■■■■■■■■■■■■■■■■■■■                                                |  40% of 173.9 MiB
2026-10-01T08:32:25.4934284Z |■■■■■■■■■■■■■■■■■■■■■■■■■■■■■■■■■■■■■■■■                                        |  50% of 173.9 MiB
2026-10-01T08:32:25.7378226Z |■■■■■■■■■■■■■■■■■■■■■■■■■■■■■■■■■■■■■■■■■■■■■■■■                                |  60% of 173.9 MiB
2026-10-01T08:32:25.8898780Z |■■■■■■■■■■■■■■■■■■■■■■■■■■■■■■■■■■■■■■■■■■■■■■■■■■■■■■■■                        |  70% of 173.9 MiB
2026-10-01T08:32:26.1253967Z |■■■■■■■■■■■■■■■■■■■■■■■■■■■■■■■■■■■■■■■■■■■■■■■■■■■■■■■■■■■■■■■■                |  80% of 173.9 MiB
2026-10-01T08:32:26.2690067Z |■■■■■■■■■■■■■■■■■■■■■■■■■■■■■■■■■■■■■■■■■■■■■■■■■■■■■■■■■■■■■■■■■■■■■■■■        |  90% of 173.9 MiB
2026-10-01T08:32:26.4773184Z |■■■■■■■■■■■■■■■■■■■■■■■■■■■■■■■■■■■■■■■■■■■■■■■■■■■■■■■■■■■■■■■■■■■■■■■■■■■■■■■■| 100% of 173.9 MiB
2026-10-01T08:32:29.8178265Z Chromium 141.0.7390.37 (playwright build v1194) downloaded to /home/runner/.cache/ms-playwright/chromium-1194
2026-10-01T08:32:29.8181648Z Downloading FFMPEG playwright build v1011 from https://cdn.playwright.dev/dbazure/download/playwright/builds/ffmpeg/1011/ffmpeg-linux.zip
2026-10-01T08:32:30.0795322Z |                                                                                |   0% of 2.3 MiB
2026-10-01T08:32:30.1354080Z |■■■■■■■■                                                                        |  10% of 2.3 MiB
2026-10-01T08:32:30.1666252Z |■■■■■■■■■■■■■■■■                                                                |  20% of 2.3 MiB
2026-10-01T08:32:30.1944426Z |■■■■■■■■■■■■■■■■■■■■■■■■                                                        |  30% of 2.3 MiB
2026-10-01T08:32:30.2159423Z |■■■■■■■■■■■■■■■■■■■■■■■■■■■■■■■■                                                |  40% of 2.3 MiB
2026-10-01T08:32:30.2241417Z |■■■■■■■■■■■■■■■■■■■■■■■■■■■■■■■■■■■■■■■■                                        |  50% of 2.3 MiB
2026-10-01T08:32:30.2373792Z |■■■■■■■■■■■■■■■■■■■■■■■■■■■■■■■■■■■■■■■■■■■■■■■■                                |  60% of 2.3 MiB
2026-10-01T08:32:30.2463125Z |■■■■■■■■■■■■■■■■■■■■■■■■■■■■■■■■■■■■■■■■■■■■■■■■■■■■■■■■                        |  70% of 2.3 MiB
2026-10-01T08:32:30.2550392Z |■■■■■■■■■■■■■■■■■■■■■■■■■■■■■■■■■■■■■■■■■■■■■■■■■■■■■■■■■■■■■■■■                |  80% of 2.3 MiB
2026-10-01T08:32:30.2678757Z |■■■■■■■■■■■■■■■■■■■■■■■■■■■■■■■■■■■■■■■■■■■■■■■■■■■■■■■■■■■■■■■■■■■■■■■■        |  90% of 2.3 MiB
2026-10-01T08:32:30.2717732Z |■■■■■■■■■■■■■■■■■■■■■■■■■■■■■■■■■■■■■■■■■■■■■■■■■■■■■■■■■■■■■■■■■■■■■■■■■■■■■■■■| 100% of 2.3 MiB
2026-10-01T08:32:30.3247997Z FFMPEG playwright build v1011 downloaded to /home/runner/.cache/ms-playwright/ffmpeg-1011
2026-10-01T08:32:30.3250971Z Downloading Chromium Headless Shell 141.0.7390.37 (playwright build v1194) from https://cdn.playwright.dev/dbazure/download/playwright/builds/chromium/1194/chromium-headless-shell-linux.zip
2026-10-01T08:32:30.5645261Z |                                                                                |   0% of 104.3 MiB
2026-10-01T08:32:30.8294750Z |■■■■■■■■                                                                        |  10% of 104.3 MiB
2026-10-01T08:32:30.9049729Z |■■■■■■■■■■■■■■■■                                                                |  20% of 104.3 MiB
2026-10-01T08:32:30.9925947Z |■■■■■■■■■■■■■■■■■■■■■■■■                                                        |  30% of 104.3 MiB
2026-10-01T08:32:31.0724323Z |■■■■■■■■■■■■■■■■■■■■■■■■■■■■■■■■                                                |  40% of 104.3 MiB
2026-10-01T08:32:31.1398621Z |■■■■■■■■■■■■■■■■■■■■■■■■■■■■■■■■■■■■■■■■                                        |  50% of 104.3 MiB
2026-10-01T08:32:31.2307857Z |■■■■■■■■■■■■■■■■■■■■■■■■■■■■■■■■■■■■■■■■■■■■■■■■                                |  60% of 104.3 MiB
2026-10-01T08:32:31.3097041Z |■■■■■■■■■■■■■■■■■■■■■■■■■■■■■■■■■■■■■■■■■■■■■■■■■■■■■■■■                        |  70% of 104.3 MiB
2026-10-01T08:32:31.3924674Z |■■■■■■■■■■■■■■■■■■■■■■■■■■■■■■■■■■■■■■■■■■■■■■■■■■■■■■■■■■■■■■■■                |  80% of 104.3 MiB
2026-10-01T08:32:31.4714192Z |■■■■■■■■■■■■■■■■■■■■■■■■■■■■■■■■■■■■■■■■■■■■■■■■■■■■■■■■■■■■■■■■■■■■■■■■        |  90% of 104.3 MiB
2026-10-01T08:32:31.5534049Z |■■■■■■■■■■■■■■■■■■■■■■■■■■■■■■■■■■■■■■■■■■■■■■■■■■■■■■■■■■■■■■■■■■■■■■■■■■■■■■■■| 100% of 104.3 MiB
2026-10-01T08:32:33.3275013Z Chromium Headless Shell 141.0.7390.37 (playwright build v1194) downloaded to /home/runner/.cache/ms-playwright/chromium_headless_shell-1194
2026-10-01T08:32:33.5113525Z ##[group]Run bash tools/publish.sh
2026-10-01T08:32:33.5113911Z [36;1mbash tools/publish.sh[0m
2026-10-01T08:32:33.5185981Z shell: /usr/bin/bash -e {0}
2026-10-01T08:32:33.5186281Z ##[endgroup]
2026-10-01T08:32:34.5098397Z Glessner v4 package verified; 3 missing GLB(s) materialized.
2026-10-01T08:32:35.1679129Z shipped derivatives: 504 pair(s) carry the master's triangles, node identity and contract attributes; worst bounding-box disagreement 2.68 of 4 rungs; 0 asset(s) lose their material identity to the publish path (banked, K36(b)); 4 master passthrough(s), all of them decided (K38); and every one of them records the master it was made from, which is still the master in the tree (K39)
2026-10-01T08:32:35.2230913Z Prairie Avenue browser published: /home/runner/work/chicago/chicago/site/4d/prairie-1904
2026-10-01T08:32:35.3113266Z published 15 map images + viewer + media to site/pre-fire
2026-10-01T08:32:35.3836499Z    changelog.js published to site/4d/js/changelog.js (T-0722)
2026-10-01T08:32:35.4318321Z    changelog.js published to site/4d/walk/js/changelog.js (T-0722)
2026-10-01T08:32:36.6038158Z tickets: cloned https://github.com/kevinrhaas/chicago-tickets.git → tickets/ (1661 tickets)
2026-10-01T08:32:38.3130250Z entry pages: index.html, 1812/index.html, 1835/index.html, 1880/index.html, 1904/index.html
2026-10-01T08:32:38.3207347Z    build 9446a07  Oct 1, 2026, 3:32 AM CT
2026-10-01T08:32:38.3802888Z published ../../site/4d  (57.37 MB)
2026-10-01T08:32:38.3853613Z ##[group]Run node tools/smoke_renderer.mjs --published
2026-10-01T08:32:38.3854066Z [36;1mnode tools/smoke_renderer.mjs --published[0m
2026-10-01T08:32:38.3921772Z shell: /usr/bin/bash -e {0}
2026-10-01T08:32:38.3922057Z env:
2026-10-01T08:32:38.3922275Z   SMOKE_VIEWPORT: desktop
2026-10-01T08:32:38.3922635Z   SMOKE_STAGE: 5-6
2026-10-01T08:32:38.3922852Z ##[endgroup]
2026-10-01T08:32:38.8521491Z serving /home/runner/work/chicago/chicago/site/4d on 4187 — PUBLISHED mirror (compressed assets, visitor layout)
2026-10-01T08:32:38.8521989Z 
2026-10-01T08:32:38.8522273Z NOT THE FULL GATE — viewports filtered to "desktop"
2026-10-01T08:32:38.8522695Z 
2026-10-01T08:32:38.8523332Z NOT THE FULL GATE — stages filtered to "5-6" of 13
2026-10-01T08:32:38.8523562Z 
2026-10-01T08:32:38.8524134Z desktop 1280x800:
2026-10-01T08:32:39.4718642Z   pass  desktop 1280x800: page serves
2026-10-01T08:33:06.6003999Z   pass  desktop 1280x800: scene reaches ready
2026-10-01T08:33:12.6359824Z   pass  desktop 1280x800: the scene declares its exact consultation blockers
2026-10-01T08:33:12.6383679Z   pass  desktop 1280x800: no unexpected loader problems
2026-10-01T08:33:12.6463864Z   pass  desktop 1280x800: scene has structures
2026-10-01T08:33:12.6494758Z   pass  desktop 1280x800: every structure that should draw, drew
2026-10-01T08:40:22.6244527Z   pass  desktop 1280x800: scene detail 'full' stays inside its own ceiling at the WORST stand
2026-10-01T08:40:22.6245768Z   pass  desktop 1280x800: scene detail 'balanced' stays inside its own ceiling at the WORST stand
2026-10-01T08:40:22.6246813Z   pass  desktop 1280x800: scene detail 'light' stays inside its own ceiling at the WORST stand
2026-10-01T08:40:22.6247780Z   pass  desktop 1280x800: draw calls under budget at the town's WORST frame
2026-10-01T08:40:22.6263597Z   pass  desktop 1280x800: turning scene detail down actually draws less, at every stand
2026-10-01T08:40:22.6265849Z   pass  desktop 1280x800: the light tier draws inside its 90-call floor at the worst stand
2026-10-01T08:40:22.6267106Z   pass  desktop 1280x800: the light tier stays materially cheaper than full at the worst stand
2026-10-01T08:40:22.6268251Z   pass  desktop 1280x800: the level the visitor started on is restored
2026-10-01T08:40:22.6269661Z   pass  desktop 1280x800: the light tier draws no furniture into the shadow map, and only the ground-hugging timber is exempt above it
2026-10-01T08:40:22.6271603Z   pass  desktop 1280x800: the furniture reach is a ladder — full holds nothing back, and each rung below reaches less far
2026-10-01T08:40:22.6273004Z   pass  desktop 1280x800: the far merge gives back draw calls down the axial street and moves no triangle doing it
2026-10-01T08:40:22.6274624Z   pass  desktop 1280x800: the light tier holds furniture back down the axial street
2026-10-01T08:40:22.6275851Z   pass  desktop 1280x800: the furniture reach is what makes the light tier cheaper down that street
2026-10-01T08:40:22.6277013Z   pass  desktop 1280x800: the balanced tier holds furniture back down the axial street
2026-10-01T08:40:22.6278246Z   pass  desktop 1280x800: the furniture reach is what makes the balanced tier cheaper down that street
2026-10-01T08:40:22.6279354Z   pass  desktop 1280x800: the light tier's shorter shadow reach costs no texel
2026-10-01T08:40:22.6281741Z         detail  full 1017216/1460000 (123 calls, ±240 m, 145/198 furniture casting)  ·  balanced 939035/1280000 (123 calls, ±240 m, 145/198 furniture casting)  ·  light 609866/825000 (74 calls, ±120 m, 0/198 furniture casting)
2026-10-01T08:40:22.6283874Z         full      worst   1,427,069 tris of 1,460,000 at Lake Street at Canal, east down the axis  ·  worst  202 calls at Lake Street at Canal, east down the axis
2026-10-01T08:40:22.6285592Z         balanced  worst   1,229,668 tris of 1,280,000 at Lake Street at Canal, east down the axis  ·  worst  187 calls at Lake Street at Canal, east down the axis
2026-10-01T08:40:22.6287391Z         light     worst     807,664 tris of 825,000 at the open aerial  ·  worst   84 calls at Lake and Market, the corner itself
2026-10-01T08:41:10.1383210Z   pass  desktop 1280x800: tap-to-start reveals the walkthrough
2026-10-01T08:41:10.1384407Z   pass  desktop 1280x800: first entry shows the navigation guide for the active input mode
2026-10-01T08:41:10.1407149Z   pass  desktop 1280x800: no horizontal overflow
2026-10-01T08:41:44.9988777Z   pass  desktop 1280x800: the navigation guide dismisses and remembers the choice
2026-10-01T08:42:50.8602738Z   pass  desktop 1280x800: a level checkbox takes the click and the menu stays open
2026-10-01T08:43:55.3546464Z   pass  desktop 1280x800: reset restores every level and the caret shuts the menu
2026-10-01T08:43:55.3547747Z   pass  desktop 1280x800: the suite body ran to completion
2026-10-01T08:43:55.3548823Z   pass  desktop 1280x800: zero page errors
2026-10-01T08:43:55.4655382Z 
2026-10-01T08:43:55.9477895Z   pass  vendor: meshopt decoder loads and reports supported
2026-10-01T08:43:55.9479236Z   pass  vendor: meshopt import raises no page error
2026-10-01T08:43:56.0271697Z 
2026-10-01T08:43:56.0272341Z 32 passed, 0 failed
2026-10-01T08:43:56.0273184Z 22 staged-section check(s) (stage 5-6 of 13), 10 always-on check(s)
2026-10-01T08:43:56.0274250Z 11 m 17 s for stage 5-6 at desktop — the ceiling on a steward run's single foreground command is 10 m 00 s
2026-10-01T08:43:56.0274724Z SMOKE PASS
2026-10-01T08:43:56.0534702Z Post job cleanup.
2026-10-01T08:43:56.1816456Z (node:3794) [DEP0040] DeprecationWarning: The `punycode` module is deprecated. Please use a userland alternative instead.
2026-10-01T08:43:56.1817295Z (Use `node --trace-deprecation ...` to show where the warning was created)
2026-10-01T08:43:56.2004577Z Post job cleanup.
2026-10-01T08:43:56.2896577Z [command]/usr/bin/git version
2026-10-01T08:43:56.2939152Z git version 2.55.0
2026-10-01T08:43:56.2978984Z Temporarily overriding HOME='/home/runner/work/_temp/249a0a2d-94a7-4311-a04b-0f6234574f87' before making global git config changes
2026-10-01T08:43:56.2980880Z Adding repository directory to the temporary git global config as a safe directory
2026-10-01T08:43:56.2985495Z [command]/usr/bin/git config --global --add safe.directory /home/runner/work/chicago/chicago
2026-10-01T08:43:56.3030480Z [command]/usr/bin/git config --local --name-only --get-regexp core\.sshCommand
2026-10-01T08:43:56.3070735Z [command]/usr/bin/git submodule foreach --recursive sh -c "git config --local --name-only --get-regexp 'core\.sshCommand' && git config --local --unset-all 'core.sshCommand' || :"
2026-10-01T08:43:56.3356318Z [command]/usr/bin/git config --local --name-only --get-regexp http\.https\:\/\/github\.com\/\.extraheader
2026-10-01T08:43:56.3387076Z http.https://github.com/.extraheader
2026-10-01T08:43:56.3400501Z [command]/usr/bin/git config --local --unset-all http.https://github.com/.extraheader
2026-10-01T08:43:56.3442792Z [command]/usr/bin/git submodule foreach --recursive sh -c "git config --local --name-only --get-regexp 'http\.https\:\/\/github\.com\/\.extraheader' && git config --local --unset-all 'http.https://github.com/.extraheader' || :"
2026-10-01T08:43:56.3727435Z [command]/usr/bin/git config --local --name-only --get-regexp ^includeIf\.gitdir:
2026-10-01T08:43:56.3769682Z [command]/usr/bin/git submodule foreach --recursive git config --local --show-origin --name-only --get-regexp remote.origin.url
2026-10-01T08:43:56.4207225Z Cleaning up orphan processes
2026-10-01T08:43:56.4614278Z ##[warning]Node.js 20 is deprecated. The following actions target Node.js 20 but are being forced to run on Node.js 24: actions/checkout@v4, actions/setup-node@v4. For more information see: https://github.blog/changelog/2025-09-19-deprecation-of-node-20-on-github-actions-runners/

