2026-10-01T08:30:09.2533753Z Current runner version: '2.337.0'
2026-10-01T08:30:09.2563049Z ##[group]Runner Image Provisioner
2026-10-01T08:30:09.2564170Z Hosted Compute Agent
2026-10-01T08:30:09.2564964Z Version: 20260828.587
2026-10-01T08:30:09.2565851Z Commit: abac92662cab4cc7352de4f9f9d2e2419aad9c29
2026-10-01T08:30:09.2566806Z Build Date: 2026-08-28T16:44:25Z
2026-10-01T08:30:09.2567681Z Worker ID: {a45c3e92-993d-4d49-aafd-1db6ba545b49}
2026-10-01T08:30:09.2568674Z Azure Region: eastus
2026-10-01T08:30:09.2569484Z ##[endgroup]
2026-10-01T08:30:09.2571883Z ##[group]Operating System
2026-10-01T08:30:09.2572721Z Ubuntu
2026-10-01T08:30:09.2573384Z 24.04.5
2026-10-01T08:30:09.2574137Z LTS
2026-10-01T08:30:09.2574789Z ##[endgroup]
2026-10-01T08:30:09.2575601Z ##[group]Runner Image
2026-10-01T08:30:09.2576384Z Image: ubuntu-24.04
2026-10-01T08:30:09.2577110Z Version: 20260920.314.1
2026-10-01T08:30:09.2578841Z Included Software: https://github.com/actions/runner-images/blob/ubuntu24/20260920.314/images/ubuntu/Ubuntu2404-Readme.md
2026-10-01T08:30:09.2580964Z Image Release: https://github.com/actions/runner-images/releases/tag/ubuntu24%2F20260920.314
2026-10-01T08:30:09.2582948Z ##[endgroup]
2026-10-01T08:30:09.2584594Z ##[group]GITHUB_TOKEN Permissions
2026-10-01T08:30:09.2587187Z Contents: read
2026-10-01T08:30:09.2587933Z Metadata: read
2026-10-01T08:30:09.2588767Z Packages: read
2026-10-01T08:30:09.2589460Z ##[endgroup]
2026-10-01T08:30:09.2592253Z Secret source: Actions
2026-10-01T08:30:09.2593461Z Cache mode: write
2026-10-01T08:30:09.2594701Z Prepare workflow directory
2026-10-01T08:30:09.3412156Z Prepare all required actions
2026-10-01T08:30:09.3457877Z Getting action download info
2026-10-01T08:30:09.5264514Z Download action repository 'actions/checkout@v4' (SHA:11d5960a326750d5838078e36cf38b85af677262)
2026-10-01T08:30:09.8807840Z Download action repository 'actions/setup-node@v4' (SHA:49933ea5288caeca8642d1e84afbd3f7d6820020)
2026-10-01T08:30:10.3579711Z Complete job name: smoke
2026-10-01T08:30:10.4231217Z ##[group]Run actions/checkout@v4
2026-10-01T08:30:10.4232407Z with:
2026-10-01T08:30:10.4232841Z   repository: kevinrhaas/chicago
2026-10-01T08:30:10.4236653Z   token: ***
2026-10-01T08:30:10.4237066Z   ssh-strict: true
2026-10-01T08:30:10.4237472Z   ssh-user: git
2026-10-01T08:30:10.4237890Z   persist-credentials: true
2026-10-01T08:30:10.4238347Z   clean: true
2026-10-01T08:30:10.4238764Z   sparse-checkout-cone-mode: true
2026-10-01T08:30:10.4239241Z   fetch-depth: 1
2026-10-01T08:30:10.4239643Z   fetch-tags: false
2026-10-01T08:30:10.4240060Z   show-progress: true
2026-10-01T08:30:10.4240475Z   lfs: false
2026-10-01T08:30:10.4240873Z   submodules: false
2026-10-01T08:30:10.4241299Z   set-safe-directory: true
2026-10-01T08:30:10.4241937Z   allow-unsafe-pr-checkout: false
2026-10-01T08:30:10.4242632Z ##[endgroup]
2026-10-01T08:30:10.5079993Z Syncing repository: kevinrhaas/chicago
2026-10-01T08:30:10.5081605Z ##[group]Getting Git version info
2026-10-01T08:30:10.5082516Z Working directory is '/home/runner/work/chicago/chicago'
2026-10-01T08:30:10.5083492Z [command]/usr/bin/git version
2026-10-01T08:30:10.5119039Z git version 2.55.0
2026-10-01T08:30:10.5136239Z ##[endgroup]
2026-10-01T08:30:10.5147620Z Temporarily overriding HOME='/home/runner/work/_temp/a94dc772-041f-4469-b6b6-34c4141410b0' before making global git config changes
2026-10-01T08:30:10.5149400Z Adding repository directory to the temporary git global config as a safe directory
2026-10-01T08:30:10.5151476Z [command]/usr/bin/git config --global --add safe.directory /home/runner/work/chicago/chicago
2026-10-01T08:30:10.5193784Z Deleting the contents of '/home/runner/work/chicago/chicago'
2026-10-01T08:30:10.5197499Z ##[group]Initializing the repository
2026-10-01T08:30:10.5200726Z [command]/usr/bin/git init /home/runner/work/chicago/chicago
2026-10-01T08:30:10.5271758Z hint: Using 'master' as the name for the initial branch. This default branch name
2026-10-01T08:30:10.5272758Z hint: will change to "main" in Git 3.0. To configure the initial branch name
2026-10-01T08:30:10.5273834Z hint: to use in all of your new repositories, which will suppress this warning,
2026-10-01T08:30:10.5274505Z hint: call:
2026-10-01T08:30:10.5274878Z hint:
2026-10-01T08:30:10.5275354Z hint: 	git config --global init.defaultBranch <name>
2026-10-01T08:30:10.5275912Z hint:
2026-10-01T08:30:10.5276436Z hint: Names commonly chosen instead of 'master' are 'main', 'trunk' and
2026-10-01T08:30:10.5277254Z hint: 'development'. The just-created branch can be renamed via this command:
2026-10-01T08:30:10.5277921Z hint:
2026-10-01T08:30:10.5278320Z hint: 	git branch -m <name>
2026-10-01T08:30:10.5278751Z hint:
2026-10-01T08:30:10.5279312Z hint: Disable this message with "git config set advice.defaultBranchName false"
2026-10-01T08:30:10.5285011Z Initialized empty Git repository in /home/runner/work/chicago/chicago/.git/
2026-10-01T08:30:10.5291879Z [command]/usr/bin/git remote add origin https://github.com/kevinrhaas/chicago
2026-10-01T08:30:10.5332050Z ##[endgroup]
2026-10-01T08:30:10.5332793Z ##[group]Disabling automatic garbage collection
2026-10-01T08:30:10.5334853Z [command]/usr/bin/git config --local gc.auto 0
2026-10-01T08:30:10.5359123Z ##[endgroup]
2026-10-01T08:30:10.5359808Z ##[group]Setting up auth
2026-10-01T08:30:10.5364607Z [command]/usr/bin/git config --local --name-only --get-regexp core\.sshCommand
2026-10-01T08:30:10.5390107Z [command]/usr/bin/git submodule foreach --recursive sh -c "git config --local --name-only --get-regexp 'core\.sshCommand' && git config --local --unset-all 'core.sshCommand' || :"
2026-10-01T08:30:10.5676532Z [command]/usr/bin/git config --local --name-only --get-regexp http\.https\:\/\/github\.com\/\.extraheader
2026-10-01T08:30:10.5703300Z [command]/usr/bin/git submodule foreach --recursive sh -c "git config --local --name-only --get-regexp 'http\.https\:\/\/github\.com\/\.extraheader' && git config --local --unset-all 'http.https://github.com/.extraheader' || :"
2026-10-01T08:30:10.5897972Z [command]/usr/bin/git config --local --name-only --get-regexp ^includeIf\.gitdir:
2026-10-01T08:30:10.5924656Z [command]/usr/bin/git submodule foreach --recursive git config --local --show-origin --name-only --get-regexp remote.origin.url
2026-10-01T08:30:10.6116263Z [command]/usr/bin/git config --local http.https://github.com/.extraheader AUTHORIZATION: basic ***
2026-10-01T08:30:10.6150583Z ##[endgroup]
2026-10-01T08:30:10.6151974Z ##[group]Fetching the repository
2026-10-01T08:30:10.6160181Z [command]/usr/bin/git -c protocol.version=2 fetch --no-tags --prune --no-recurse-submodules --depth=1 origin +9446a07a87b92ae4920e69398e1d986ad91f0bb4:refs/remotes/origin/steward/t1766-canal-grocery-workshops
2026-10-01T08:30:44.4908160Z From https://github.com/kevinrhaas/chicago
2026-10-01T08:30:44.4909138Z  * [new ref]         9446a07a87b92ae4920e69398e1d986ad91f0bb4 -> origin/steward/t1766-canal-grocery-workshops
2026-10-01T08:30:44.4911533Z ##[endgroup]
2026-10-01T08:30:44.4912891Z ##[group]Determining the checkout info
2026-10-01T08:30:44.4913487Z ##[endgroup]
2026-10-01T08:30:44.4918629Z [command]/usr/bin/git sparse-checkout disable
2026-10-01T08:30:44.4964672Z [command]/usr/bin/git config --local --unset-all extensions.worktreeConfig
2026-10-01T08:30:44.4994589Z ##[group]Checking out the ref
2026-10-01T08:30:44.4995295Z [command]/usr/bin/git checkout --progress --force -B steward/t1766-canal-grocery-workshops refs/remotes/origin/steward/t1766-canal-grocery-workshops
2026-10-01T08:30:45.5179223Z Updating files:  72% (6612/9120)
2026-10-01T08:30:45.5524882Z Updating files:  73% (6658/9120)
2026-10-01T08:30:45.7186233Z Updating files:  74% (6749/9120)
2026-10-01T08:30:45.7448648Z Updating files:  75% (6840/9120)
2026-10-01T08:30:45.7760748Z Updating files:  76% (6932/9120)
2026-10-01T08:30:45.8398039Z Updating files:  77% (7023/9120)
2026-10-01T08:30:45.8730033Z Updating files:  78% (7114/9120)
2026-10-01T08:30:45.8847626Z Updating files:  79% (7205/9120)
2026-10-01T08:30:45.9125102Z Updating files:  80% (7296/9120)
2026-10-01T08:30:45.9262641Z Updating files:  81% (7388/9120)
2026-10-01T08:30:45.9387762Z Updating files:  82% (7479/9120)
2026-10-01T08:30:45.9493057Z Updating files:  83% (7570/9120)
2026-10-01T08:30:45.9611922Z Updating files:  84% (7661/9120)
2026-10-01T08:30:45.9752347Z Updating files:  85% (7752/9120)
2026-10-01T08:30:45.9882583Z Updating files:  86% (7844/9120)
2026-10-01T08:30:46.0478000Z Updating files:  87% (7935/9120)
2026-10-01T08:30:46.1139316Z Updating files:  88% (8026/9120)
2026-10-01T08:30:46.3146232Z Updating files:  89% (8117/9120)
2026-10-01T08:30:46.5103667Z Updating files:  90% (8208/9120)
2026-10-01T08:30:46.6222957Z Updating files:  90% (8279/9120)
2026-10-01T08:30:46.8565143Z Updating files:  91% (8300/9120)
2026-10-01T08:30:46.9695116Z Updating files:  92% (8391/9120)
2026-10-01T08:30:47.0182877Z Updating files:  93% (8482/9120)
2026-10-01T08:30:47.0533280Z Updating files:  94% (8573/9120)
2026-10-01T08:30:47.1727656Z Updating files:  95% (8664/9120)
2026-10-01T08:30:47.2902649Z Updating files:  96% (8756/9120)
2026-10-01T08:30:47.3588549Z Updating files:  97% (8847/9120)
2026-10-01T08:30:47.5260332Z Updating files:  98% (8938/9120)
2026-10-01T08:30:47.6410010Z Updating files:  98% (8966/9120)
2026-10-01T08:30:47.9064389Z Updating files:  99% (9029/9120)
2026-10-01T08:30:47.9065357Z Updating files: 100% (9120/9120)
2026-10-01T08:30:47.9065724Z Updating files: 100% (9120/9120), done.
2026-10-01T08:30:47.9776554Z Switched to a new branch 'steward/t1766-canal-grocery-workshops'
2026-10-01T08:30:47.9777597Z branch 'steward/t1766-canal-grocery-workshops' set up to track 'origin/steward/t1766-canal-grocery-workshops'.
2026-10-01T08:30:47.9940720Z ##[endgroup]
2026-10-01T08:30:47.9977570Z [command]/usr/bin/git log -1 --format=%H
2026-10-01T08:30:47.9998157Z 9446a07a87b92ae4920e69398e1d986ad91f0bb4
2026-10-01T08:30:48.0844668Z ##[group]Run actions/setup-node@v4
2026-10-01T08:30:48.0844922Z with:
2026-10-01T08:30:48.0845119Z   node-version: 22
2026-10-01T08:30:48.0845321Z   always-auth: false
2026-10-01T08:30:48.0845518Z   check-latest: false
2026-10-01T08:30:48.0847775Z   token: ***
2026-10-01T08:30:48.0847991Z ##[endgroup]
2026-10-01T08:30:48.2260974Z Found in cache @ /opt/hostedtoolcache/node/22.23.2/x64
2026-10-01T08:30:48.2266265Z (node:2044) [DEP0040] DeprecationWarning: The `punycode` module is deprecated. Please use a userland alternative instead.
2026-10-01T08:30:48.2267035Z (Use `node --trace-deprecation ...` to show where the warning was created)
2026-10-01T08:30:48.2269171Z ##[group]Environment details
2026-10-01T08:30:51.5185234Z node: v22.23.2
2026-10-01T08:30:51.5185620Z npm: 10.9.8
2026-10-01T08:30:51.5185894Z yarn: 1.22.22
2026-10-01T08:30:51.5187155Z ##[endgroup]
2026-10-01T08:30:51.5313835Z ##[group]Run set -e
2026-10-01T08:30:51.5314129Z [36;1mset -e[0m
2026-10-01T08:30:51.5314349Z [36;1mnpm install -g playwright@1.56.1[0m
2026-10-01T08:30:51.5314716Z [36;1mnode "$(npm root -g)/playwright/cli.js" install --with-deps chromium[0m
2026-10-01T08:30:51.5545210Z shell: /usr/bin/bash -e {0}
2026-10-01T08:30:51.5545461Z ##[endgroup]
2026-10-01T08:30:54.3963388Z 
2026-10-01T08:30:54.3969820Z added 2 packages in 3s
2026-10-01T08:30:54.9918155Z Installing dependencies...
2026-10-01T08:30:55.0008354Z Switching to root user to install dependencies...
2026-10-01T08:30:55.1048732Z Get:1 file:/etc/apt/apt-mirrors.txt Mirrorlist [144 B]
2026-10-01T08:30:55.1186568Z Get:3 https://packages.microsoft.com/ubuntu/24.04/prod noble InRelease [3600 B]
2026-10-01T08:30:55.1334914Z Hit:2 http://azure.archive.ubuntu.com/ubuntu noble InRelease
2026-10-01T08:30:55.1358129Z Get:4 http://azure.archive.ubuntu.com/ubuntu noble-updates InRelease [126 kB]
2026-10-01T08:30:55.1607796Z Get:5 http://azure.archive.ubuntu.com/ubuntu noble-backports InRelease [126 kB]
2026-10-01T08:30:55.1770741Z Get:6 http://azure.archive.ubuntu.com/ubuntu noble-security InRelease [126 kB]
2026-10-01T08:30:55.1889314Z Get:7 https://packages.microsoft.com/ubuntu/24.04/prod noble/main arm64 Packages [456 kB]
2026-10-01T08:30:55.2534154Z Get:8 https://packages.microsoft.com/ubuntu/24.04/prod noble/main amd64 Packages [509 kB]
2026-10-01T08:30:55.2822348Z Get:9 http://azure.archive.ubuntu.com/ubuntu noble-updates/main amd64 Packages [1342 kB]
2026-10-01T08:30:55.2943434Z Get:10 http://azure.archive.ubuntu.com/ubuntu noble-updates/main Translation-en [302 kB]
2026-10-01T08:30:55.3523003Z Get:11 http://azure.archive.ubuntu.com/ubuntu noble-updates/main amd64 Components [181 kB]
2026-10-01T08:30:55.4133407Z Get:12 http://azure.archive.ubuntu.com/ubuntu noble-updates/universe amd64 Packages [1699 kB]
2026-10-01T08:30:55.4196298Z Get:13 http://azure.archive.ubuntu.com/ubuntu noble-updates/universe Translation-en [341 kB]
2026-10-01T08:30:55.4271358Z Get:14 http://azure.archive.ubuntu.com/ubuntu noble-updates/universe amd64 Components [388 kB]
2026-10-01T08:30:55.4424598Z Get:15 http://azure.archive.ubuntu.com/ubuntu noble-updates/restricted amd64 Packages [1697 kB]
2026-10-01T08:30:55.4513765Z Get:16 http://azure.archive.ubuntu.com/ubuntu noble-updates/restricted Translation-en [388 kB]
2026-10-01T08:30:55.4746883Z Get:17 http://azure.archive.ubuntu.com/ubuntu noble-updates/multiverse amd64 Components [940 B]
2026-10-01T08:30:55.4748073Z Get:18 http://azure.archive.ubuntu.com/ubuntu noble-backports/main amd64 Packages [40.6 kB]
2026-10-01T08:30:55.5264837Z Get:19 http://azure.archive.ubuntu.com/ubuntu noble-backports/main amd64 Components [5760 B]
2026-10-01T08:30:55.5914939Z Get:20 http://azure.archive.ubuntu.com/ubuntu noble-backports/universe amd64 Packages [31.0 kB]
2026-10-01T08:30:55.5916134Z Get:21 http://azure.archive.ubuntu.com/ubuntu noble-backports/universe Translation-en [18.6 kB]
2026-10-01T08:30:55.5917428Z Get:22 http://azure.archive.ubuntu.com/ubuntu noble-backports/universe amd64 Components [12.6 kB]
2026-10-01T08:30:55.6464940Z Get:23 http://azure.archive.ubuntu.com/ubuntu noble-security/main amd64 Packages [1066 kB]
2026-10-01T08:30:55.7031422Z Get:24 http://azure.archive.ubuntu.com/ubuntu noble-security/main Translation-en [220 kB]
2026-10-01T08:30:55.7038605Z Get:25 http://azure.archive.ubuntu.com/ubuntu noble-security/main amd64 Components [46.4 kB]
2026-10-01T08:30:55.8198466Z Get:26 http://azure.archive.ubuntu.com/ubuntu noble-security/universe amd64 Packages [1216 kB]
2026-10-01T08:30:55.9357328Z Get:27 http://azure.archive.ubuntu.com/ubuntu noble-security/universe Translation-en [244 kB]
2026-10-01T08:30:56.0612877Z Get:28 http://azure.archive.ubuntu.com/ubuntu noble-security/universe amd64 Components [76.3 kB]
2026-10-01T08:30:56.0624271Z Get:29 http://azure.archive.ubuntu.com/ubuntu noble-security/restricted amd64 Packages [1566 kB]
2026-10-01T08:30:56.1803326Z Get:30 http://azure.archive.ubuntu.com/ubuntu noble-security/restricted Translation-en [361 kB]
2026-10-01T08:31:04.0046066Z Fetched 12.6 MB in 1s (9768 kB/s)
2026-10-01T08:31:04.7228644Z Reading package lists...
2026-10-01T08:31:04.7456863Z Reading package lists...
2026-10-01T08:31:04.9524485Z Building dependency tree...
2026-10-01T08:31:04.9531272Z Reading state information...
2026-10-01T08:31:05.1056509Z libasound2t64 is already the newest version (1.2.11-1ubuntu0.3).
2026-10-01T08:31:05.1057256Z libasound2t64 set to manually installed.
2026-10-01T08:31:05.1059023Z libatk-bridge2.0-0t64 is already the newest version (2.52.0-1build1).
2026-10-01T08:31:05.1059652Z libatk-bridge2.0-0t64 set to manually installed.
2026-10-01T08:31:05.1060215Z libatk1.0-0t64 is already the newest version (2.52.0-1build1).
2026-10-01T08:31:05.1060721Z libatk1.0-0t64 set to manually installed.
2026-10-01T08:31:05.1061268Z libatspi2.0-0t64 is already the newest version (2.52.0-1build1).
2026-10-01T08:31:05.1062040Z libatspi2.0-0t64 set to manually installed.
2026-10-01T08:31:05.1062416Z libcairo2 is already the newest version (1.18.0-3build1).
2026-10-01T08:31:05.1062753Z libcairo2 set to manually installed.
2026-10-01T08:31:05.1063113Z libcups2t64 is already the newest version (2.4.7-1.2ubuntu7.14).
2026-10-01T08:31:05.1063452Z libcups2t64 set to manually installed.
2026-10-01T08:31:05.1063819Z libdbus-1-3 is already the newest version (1.14.10-4ubuntu4.1).
2026-10-01T08:31:05.1064591Z libdbus-1-3 set to manually installed.
2026-10-01T08:31:05.1064960Z libdrm2 is already the newest version (2.4.125-1ubuntu0.1~24.04.2).
2026-10-01T08:31:05.1065306Z libdrm2 set to manually installed.
2026-10-01T08:31:05.1065653Z libnspr4 is already the newest version (2:4.35-1.1build1).
2026-10-01T08:31:05.1065985Z libnspr4 set to manually installed.
2026-10-01T08:31:05.1066511Z libnss3 is already the newest version (2:3.98-1ubuntu0.2).
2026-10-01T08:31:05.1067033Z libnss3 set to manually installed.
2026-10-01T08:31:05.1067586Z libpango-1.0-0 is already the newest version (1.52.1+ds-1build1).
2026-10-01T08:31:05.1068177Z libpango-1.0-0 set to manually installed.
2026-10-01T08:31:05.1068816Z libx11-6 is already the newest version (2:1.8.7-1build1).
2026-10-01T08:31:05.1069347Z libx11-6 set to manually installed.
2026-10-01T08:31:05.1069863Z libxcb1 is already the newest version (1.15-1ubuntu2).
2026-10-01T08:31:05.1070371Z libxcb1 set to manually installed.
2026-10-01T08:31:05.1070927Z libxcomposite1 is already the newest version (1:0.4.5-1build3).
2026-10-01T08:31:05.1071506Z libxcomposite1 set to manually installed.
2026-10-01T08:31:05.1072300Z libxdamage1 is already the newest version (1:1.1.6-1build1).
2026-10-01T08:31:05.1072866Z libxdamage1 set to manually installed.
2026-10-01T08:31:05.1073412Z libxext6 is already the newest version (2:1.3.4-1build2).
2026-10-01T08:31:05.1073944Z libxext6 set to manually installed.
2026-10-01T08:31:05.1074498Z libxfixes3 is already the newest version (1:6.0.0-2build1).
2026-10-01T08:31:05.1075042Z libxfixes3 set to manually installed.
2026-10-01T08:31:05.1075636Z libxkbcommon0 is already the newest version (1.6.0-1build1).
2026-10-01T08:31:05.1076198Z libxkbcommon0 set to manually installed.
2026-10-01T08:31:05.1076779Z libxrandr2 is already the newest version (2:1.5.2-2build1).
2026-10-01T08:31:05.1077329Z libxrandr2 set to manually installed.
2026-10-01T08:31:05.1078035Z fonts-noto-color-emoji is already the newest version (2.047-0ubuntu0.24.04.1).
2026-10-01T08:31:05.1078840Z libfontconfig1 is already the newest version (2.15.0-1.1ubuntu2).
2026-10-01T08:31:05.1079441Z libfontconfig1 set to manually installed.
2026-10-01T08:31:05.1080066Z libfreetype6 is already the newest version (2.13.2+dfsg-1ubuntu0.1).
2026-10-01T08:31:05.1080647Z libfreetype6 set to manually installed.
2026-10-01T08:31:05.1081208Z fonts-liberation is already the newest version (1:2.1.5-3).
2026-10-01T08:31:05.1081972Z fonts-liberation set to manually installed.
2026-10-01T08:31:05.1082565Z The following additional packages will be installed:
2026-10-01T08:31:05.1083584Z   gir1.2-glib-2.0 libgl1-mesa-dri libglib2.0-bin libglib2.0-data libglx-mesa0
2026-10-01T08:31:05.1084354Z   libwayland-server0 mesa-libgallium xfonts-encodings xfonts-utils
2026-10-01T08:31:05.1084874Z   xserver-common
2026-10-01T08:31:05.1085191Z Suggested packages:
2026-10-01T08:31:05.1085503Z   low-memory-monitor
2026-10-01T08:31:05.1085861Z Recommended packages:
2026-10-01T08:31:05.1086301Z   fonts-ipafont-mincho fonts-tlwg-loma xfonts-base
2026-10-01T08:31:05.1312078Z The following NEW packages will be installed:
2026-10-01T08:31:05.1312644Z   fonts-freefont-ttf fonts-ipafont-gothic fonts-tlwg-loma-otf fonts-unifont
2026-10-01T08:31:05.1317594Z   fonts-wqy-zenhei libwayland-server0 xfonts-cyrillic xfonts-encodings
2026-10-01T08:31:05.1318179Z   xfonts-scalable xfonts-utils
2026-10-01T08:31:05.1320189Z The following packages will be upgraded:
2026-10-01T08:31:05.1321247Z   gir1.2-glib-2.0 libgbm1 libgl1-mesa-dri libglib2.0-0t64 libglib2.0-bin
2026-10-01T08:31:05.1325179Z   libglib2.0-data libglx-mesa0 mesa-libgallium xserver-common xvfb
2026-10-01T08:31:05.1480608Z 10 upgraded, 10 newly installed, 0 to remove and 36 not upgraded.
2026-10-01T08:31:05.1481067Z Need to get 34.9 MB of archives.
2026-10-01T08:31:05.1481514Z After this operation, 79.7 MB of additional disk space will be used.
2026-10-01T08:31:05.1482215Z Get:1 file:/etc/apt/apt-mirrors.txt Mirrorlist [144 B]
2026-10-01T08:31:05.1818463Z Get:2 http://azure.archive.ubuntu.com/ubuntu noble/universe amd64 fonts-ipafont-gothic all 00303-21ubuntu1 [3513 kB]
2026-10-01T08:31:05.2318085Z Get:3 http://azure.archive.ubuntu.com/ubuntu noble-updates/main amd64 libglib2.0-data all 2.80.0-6ubuntu3.9 [50.1 kB]
2026-10-01T08:31:05.2467005Z Get:4 http://azure.archive.ubuntu.com/ubuntu noble-updates/main amd64 libglib2.0-bin amd64 2.80.0-6ubuntu3.9 [97.9 kB]
2026-10-01T08:31:05.2623700Z Get:5 http://azure.archive.ubuntu.com/ubuntu noble-updates/main amd64 gir1.2-glib-2.0 amd64 2.80.0-6ubuntu3.9 [183 kB]
2026-10-01T08:31:05.2785227Z Get:6 http://azure.archive.ubuntu.com/ubuntu noble-updates/main amd64 libglib2.0-0t64 amd64 2.80.0-6ubuntu3.9 [1547 kB]
2026-10-01T08:31:05.3086701Z Get:7 http://azure.archive.ubuntu.com/ubuntu noble/main amd64 fonts-freefont-ttf all 20211204+svn4273-2 [5641 kB]
2026-10-01T08:31:05.4984868Z Get:8 http://azure.archive.ubuntu.com/ubuntu noble/universe amd64 fonts-tlwg-loma-otf all 1:0.7.3-1 [107 kB]
2026-10-01T08:31:05.5166331Z Get:9 http://azure.archive.ubuntu.com/ubuntu noble/universe amd64 fonts-unifont all 1:15.1.01-1build1 [2993 kB]
2026-10-01T08:31:05.6069111Z Get:10 http://azure.archive.ubuntu.com/ubuntu noble/universe amd64 fonts-wqy-zenhei all 0.9.45-8 [7472 kB]
2026-10-01T08:31:05.7645012Z Get:11 http://azure.archive.ubuntu.com/ubuntu noble-updates/main amd64 libgl1-mesa-dri amd64 25.2.8-0ubuntu0.24.04.3 [37.9 kB]
2026-10-01T08:31:05.7804978Z Get:12 http://azure.archive.ubuntu.com/ubuntu noble/main amd64 libwayland-server0 amd64 1.22.0-2.1build1 [33.9 kB]
2026-10-01T08:31:05.7964259Z Get:13 http://azure.archive.ubuntu.com/ubuntu noble-updates/main amd64 libglx-mesa0 amd64 25.2.8-0ubuntu0.24.04.3 [110 kB]
2026-10-01T08:31:05.8133056Z Get:14 http://azure.archive.ubuntu.com/ubuntu noble-updates/main amd64 libgbm1 amd64 25.2.8-0ubuntu0.24.04.3 [34.3 kB]
2026-10-01T08:31:05.8310861Z Get:15 http://azure.archive.ubuntu.com/ubuntu noble-updates/main amd64 mesa-libgallium amd64 25.2.8-0ubuntu0.24.04.3 [10.8 MB]
2026-10-01T08:31:05.9789174Z Get:16 http://azure.archive.ubuntu.com/ubuntu noble/main amd64 xfonts-encodings all 1:1.0.5-0ubuntu2 [578 kB]
2026-10-01T08:31:06.0012311Z Get:17 http://azure.archive.ubuntu.com/ubuntu noble/main amd64 xfonts-utils amd64 1:7.7+6build3 [94.4 kB]
2026-10-01T08:31:06.0172223Z Get:18 http://azure.archive.ubuntu.com/ubuntu noble/universe amd64 xfonts-cyrillic all 1:1.0.5+nmu1 [384 kB]
2026-10-01T08:31:06.0354732Z Get:19 http://azure.archive.ubuntu.com/ubuntu noble/main amd64 xfonts-scalable all 1:1.0.3-1.3 [304 kB]
2026-10-01T08:31:06.1037429Z Get:20 http://azure.archive.ubuntu.com/ubuntu noble-updates/main amd64 xserver-common all 2:21.1.12-1ubuntu1.8 [34.8 kB]
2026-10-01T08:31:06.1186926Z Get:21 http://azure.archive.ubuntu.com/ubuntu noble-updates/universe amd64 xvfb amd64 2:21.1.12-1ubuntu1.8 [877 kB]
2026-10-01T08:31:06.3706823Z Fetched 34.9 MB in 1s (34.9 MB/s)
2026-10-01T08:31:06.3928742Z Selecting previously unselected package fonts-ipafont-gothic.
2026-10-01T08:31:06.4125427Z (Reading database ... 
2026-10-01T08:31:06.4126473Z (Reading database ... 5%
2026-10-01T08:31:06.4126803Z (Reading database ... 10%
2026-10-01T08:31:06.4127053Z (Reading database ... 15%
2026-10-01T08:31:06.4127276Z (Reading database ... 20%
2026-10-01T08:31:06.4127493Z (Reading database ... 25%
2026-10-01T08:31:06.4127722Z (Reading database ... 30%
2026-10-01T08:31:06.4127938Z (Reading database ... 35%
2026-10-01T08:31:06.4128151Z (Reading database ... 40%
2026-10-01T08:31:06.4128362Z (Reading database ... 45%
2026-10-01T08:31:06.4128574Z (Reading database ... 50%
2026-10-01T08:31:06.4169334Z (Reading database ... 55%
2026-10-01T08:31:06.4855525Z (Reading database ... 60%
2026-10-01T08:31:06.6915804Z (Reading database ... 65%
2026-10-01T08:31:06.8884435Z (Reading database ... 70%
2026-10-01T08:31:07.1010192Z (Reading database ... 75%
2026-10-01T08:31:07.2437390Z (Reading database ... 80%
2026-10-01T08:31:07.4904691Z (Reading database ... 85%
2026-10-01T08:31:07.6454351Z (Reading database ... 90%
2026-10-01T08:31:07.8501856Z (Reading database ... 95%
2026-10-01T08:31:07.8502655Z (Reading database ... 100%
2026-10-01T08:31:07.8503336Z (Reading database ... 202190 files and directories currently installed.)
2026-10-01T08:31:07.8547165Z Preparing to unpack .../00-fonts-ipafont-gothic_00303-21ubuntu1_all.deb ...
2026-10-01T08:31:07.8692913Z Unpacking fonts-ipafont-gothic (00303-21ubuntu1) ...
2026-10-01T08:31:08.1246968Z Preparing to unpack .../01-libglib2.0-data_2.80.0-6ubuntu3.9_all.deb ...
2026-10-01T08:31:08.1267049Z Unpacking libglib2.0-data (2.80.0-6ubuntu3.9) over (2.80.0-6ubuntu3.8) ...
2026-10-01T08:31:08.1580940Z Preparing to unpack .../02-libglib2.0-bin_2.80.0-6ubuntu3.9_amd64.deb ...
2026-10-01T08:31:08.1717005Z Unpacking libglib2.0-bin (2.80.0-6ubuntu3.9) over (2.80.0-6ubuntu3.8) ...
2026-10-01T08:31:08.2132130Z Preparing to unpack .../03-gir1.2-glib-2.0_2.80.0-6ubuntu3.9_amd64.deb ...
2026-10-01T08:31:08.2150556Z Unpacking gir1.2-glib-2.0:amd64 (2.80.0-6ubuntu3.9) over (2.80.0-6ubuntu3.8) ...
2026-10-01T08:31:08.2516372Z Preparing to unpack .../04-libglib2.0-0t64_2.80.0-6ubuntu3.9_amd64.deb ...
2026-10-01T08:31:08.2575857Z Unpacking libglib2.0-0t64:amd64 (2.80.0-6ubuntu3.9) over (2.80.0-6ubuntu3.8) ...
2026-10-01T08:31:08.3054856Z Selecting previously unselected package fonts-freefont-ttf.
2026-10-01T08:31:08.3177977Z Preparing to unpack .../05-fonts-freefont-ttf_20211204+svn4273-2_all.deb ...
2026-10-01T08:31:08.3186091Z Unpacking fonts-freefont-ttf (20211204+svn4273-2) ...
2026-10-01T08:31:08.4376082Z Selecting previously unselected package fonts-tlwg-loma-otf.
2026-10-01T08:31:08.4498080Z Preparing to unpack .../06-fonts-tlwg-loma-otf_1%3a0.7.3-1_all.deb ...
2026-10-01T08:31:08.4505013Z Unpacking fonts-tlwg-loma-otf (1:0.7.3-1) ...
2026-10-01T08:31:08.4693307Z Selecting previously unselected package fonts-unifont.
2026-10-01T08:31:08.4813743Z Preparing to unpack .../07-fonts-unifont_1%3a15.1.01-1build1_all.deb ...
2026-10-01T08:31:08.4820441Z Unpacking fonts-unifont (1:15.1.01-1build1) ...
2026-10-01T08:31:08.6940992Z Selecting previously unselected package fonts-wqy-zenhei.
2026-10-01T08:31:08.7060575Z Preparing to unpack .../08-fonts-wqy-zenhei_0.9.45-8_all.deb ...
2026-10-01T08:31:08.7149429Z Unpacking fonts-wqy-zenhei (0.9.45-8) ...
2026-10-01T08:31:09.2263555Z Preparing to unpack .../09-libgl1-mesa-dri_25.2.8-0ubuntu0.24.04.3_amd64.deb ...
2026-10-01T08:31:09.2395176Z Unpacking libgl1-mesa-dri:amd64 (25.2.8-0ubuntu0.24.04.3) over (25.2.8-0ubuntu0.24.04.2) ...
2026-10-01T08:31:09.2719885Z Selecting previously unselected package libwayland-server0:amd64.
2026-10-01T08:31:09.2847473Z Preparing to unpack .../10-libwayland-server0_1.22.0-2.1build1_amd64.deb ...
2026-10-01T08:31:09.2854100Z Unpacking libwayland-server0:amd64 (1.22.0-2.1build1) ...
2026-10-01T08:31:09.3203291Z Preparing to unpack .../11-libglx-mesa0_25.2.8-0ubuntu0.24.04.3_amd64.deb ...
2026-10-01T08:31:09.3222162Z Unpacking libglx-mesa0:amd64 (25.2.8-0ubuntu0.24.04.3) over (25.2.8-0ubuntu0.24.04.2) ...
2026-10-01T08:31:09.3569429Z Preparing to unpack .../12-libgbm1_25.2.8-0ubuntu0.24.04.3_amd64.deb ...
2026-10-01T08:31:09.3590912Z Unpacking libgbm1:amd64 (25.2.8-0ubuntu0.24.04.3) over (25.2.8-0ubuntu0.24.04.2) ...
2026-10-01T08:31:09.3932740Z Preparing to unpack .../13-mesa-libgallium_25.2.8-0ubuntu0.24.04.3_amd64.deb ...
2026-10-01T08:31:09.3952760Z Unpacking mesa-libgallium:amd64 (25.2.8-0ubuntu0.24.04.3) over (25.2.8-0ubuntu0.24.04.2) ...
2026-10-01T08:31:09.7542627Z Selecting previously unselected package xfonts-encodings.
2026-10-01T08:31:09.7669272Z Preparing to unpack .../14-xfonts-encodings_1%3a1.0.5-0ubuntu2_all.deb ...
2026-10-01T08:31:09.7675853Z Unpacking xfonts-encodings (1:1.0.5-0ubuntu2) ...
2026-10-01T08:31:09.7934337Z Selecting previously unselected package xfonts-utils.
2026-10-01T08:31:09.8056387Z Preparing to unpack .../15-xfonts-utils_1%3a7.7+6build3_amd64.deb ...
2026-10-01T08:31:09.8063359Z Unpacking xfonts-utils (1:7.7+6build3) ...
2026-10-01T08:31:09.8344711Z Selecting previously unselected package xfonts-cyrillic.
2026-10-01T08:31:09.8466575Z Preparing to unpack .../16-xfonts-cyrillic_1%3a1.0.5+nmu1_all.deb ...
2026-10-01T08:31:09.8473393Z Unpacking xfonts-cyrillic (1:1.0.5+nmu1) ...
2026-10-01T08:31:09.8777308Z Selecting previously unselected package xfonts-scalable.
2026-10-01T08:31:09.8906319Z Preparing to unpack .../17-xfonts-scalable_1%3a1.0.3-1.3_all.deb ...
2026-10-01T08:31:09.8913495Z Unpacking xfonts-scalable (1:1.0.3-1.3) ...
2026-10-01T08:31:09.9253555Z Preparing to unpack .../18-xserver-common_2%3a21.1.12-1ubuntu1.8_all.deb ...
2026-10-01T08:31:09.9269924Z Unpacking xserver-common (2:21.1.12-1ubuntu1.8) over (2:21.1.12-1ubuntu1.6) ...
2026-10-01T08:31:09.9757454Z Preparing to unpack .../19-xvfb_2%3a21.1.12-1ubuntu1.8_amd64.deb ...
2026-10-01T08:31:09.9774697Z Unpacking xvfb (2:21.1.12-1ubuntu1.8) over (2:21.1.12-1ubuntu1.6) ...
2026-10-01T08:31:10.0471039Z Setting up libwayland-server0:amd64 (1.22.0-2.1build1) ...
2026-10-01T08:31:10.0490103Z Setting up mesa-libgallium:amd64 (25.2.8-0ubuntu0.24.04.3) ...
2026-10-01T08:31:10.0505157Z Setting up libgbm1:amd64 (25.2.8-0ubuntu0.24.04.3) ...
2026-10-01T08:31:10.0518792Z Setting up libgl1-mesa-dri:amd64 (25.2.8-0ubuntu0.24.04.3) ...
2026-10-01T08:31:10.0587370Z Setting up fonts-wqy-zenhei (0.9.45-8) ...
2026-10-01T08:31:10.0688436Z Setting up fonts-freefont-ttf (20211204+svn4273-2) ...
2026-10-01T08:31:10.0703237Z Setting up libglib2.0-0t64:amd64 (2.80.0-6ubuntu3.9) ...
2026-10-01T08:31:10.0825449Z Setting up libglib2.0-data (2.80.0-6ubuntu3.9) ...
2026-10-01T08:31:10.0843412Z Setting up fonts-tlwg-loma-otf (1:0.7.3-1) ...
2026-10-01T08:31:10.0857594Z Setting up xfonts-encodings (1:1.0.5-0ubuntu2) ...
2026-10-01T08:31:10.0873356Z Setting up gir1.2-glib-2.0:amd64 (2.80.0-6ubuntu3.9) ...
2026-10-01T08:31:10.0888868Z Setting up fonts-ipafont-gothic (00303-21ubuntu1) ...
2026-10-01T08:31:10.0950538Z update-alternatives: using /usr/share/fonts/opentype/ipafont-gothic/ipag.ttf to provide /usr/share/fonts/truetype/fonts-japanese-gothic.ttf (fonts-japanese-gothic.ttf) in auto mode
2026-10-01T08:31:10.0962542Z Setting up xserver-common (2:21.1.12-1ubuntu1.8) ...
2026-10-01T08:31:10.0976814Z Setting up fonts-unifont (1:15.1.01-1build1) ...
2026-10-01T08:31:10.0990493Z Setting up libglx-mesa0:amd64 (25.2.8-0ubuntu0.24.04.3) ...
2026-10-01T08:31:10.1004788Z Setting up xvfb (2:21.1.12-1ubuntu1.8) ...
2026-10-01T08:31:10.1020012Z Setting up libglib2.0-bin (2.80.0-6ubuntu3.9) ...
2026-10-01T08:31:10.1104944Z Setting up xfonts-utils (1:7.7+6build3) ...
2026-10-01T08:31:10.1143510Z Setting up xfonts-cyrillic (1:1.0.5+nmu1) ...
2026-10-01T08:31:10.1408586Z Setting up xfonts-scalable (1:1.0.3-1.3) ...
2026-10-01T08:31:10.1713682Z Processing triggers for libc-bin (2.39-0ubuntu8.9) ...
2026-10-01T08:31:10.3333030Z Processing triggers for man-db (2.12.0-4build2) ...
2026-10-01T08:31:10.3350982Z Not building database; man-db/auto-update is not 'true'.
2026-10-01T08:31:10.3360334Z Processing triggers for fontconfig (2.15.0-1.1ubuntu2) ...
2026-10-01T08:31:10.9147529Z 
2026-10-01T08:31:10.9148463Z Running kernel seems to be up-to-date.
2026-10-01T08:31:10.9148959Z 
2026-10-01T08:31:10.9149301Z Restarting services...
2026-10-01T08:31:10.9834315Z  systemctl restart packagekit.service php8.3-fpm.service polkit.service udisks2.service
2026-10-01T08:31:11.1273458Z 
2026-10-01T08:31:11.1274322Z Service restarts being deferred:
2026-10-01T08:31:11.1275004Z  systemctl restart ModemManager.service
2026-10-01T08:31:11.1275611Z  systemctl restart networkd-dispatcher.service
2026-10-01T08:31:11.1276004Z 
2026-10-01T08:31:11.1276381Z No containers need to be restarted.
2026-10-01T08:31:11.1276676Z 
2026-10-01T08:31:11.1276975Z No user sessions are running outdated binaries.
2026-10-01T08:31:11.1277409Z 
2026-10-01T08:31:11.1277848Z No VM guests are running outdated hypervisor (qemu) binaries on this host.
2026-10-01T08:31:12.0754062Z Downloading Chromium 141.0.7390.37 (playwright build v1194) from https://cdn.playwright.dev/dbazure/download/playwright/builds/chromium/1194/chromium-linux.zip
2026-10-01T08:31:12.2019503Z |                                                                                |   0% of 173.9 MiB
2026-10-01T08:31:12.3393819Z |■■■■■■■■                                                                        |  10% of 173.9 MiB
2026-10-01T08:31:12.4457277Z |■■■■■■■■■■■■■■■■                                                                |  20% of 173.9 MiB
2026-10-01T08:31:12.5472976Z |■■■■■■■■■■■■■■■■■■■■■■■■                                                        |  30% of 173.9 MiB
2026-10-01T08:31:12.6460491Z |■■■■■■■■■■■■■■■■■■■■■■■■■■■■■■■■                                                |  40% of 173.9 MiB
2026-10-01T08:31:12.7147769Z |■■■■■■■■■■■■■■■■■■■■■■■■■■■■■■■■■■■■■■■■                                        |  50% of 173.9 MiB
2026-10-01T08:31:12.8176441Z |■■■■■■■■■■■■■■■■■■■■■■■■■■■■■■■■■■■■■■■■■■■■■■■■                                |  60% of 173.9 MiB
2026-10-01T08:31:12.9267129Z |■■■■■■■■■■■■■■■■■■■■■■■■■■■■■■■■■■■■■■■■■■■■■■■■■■■■■■■■                        |  70% of 173.9 MiB
2026-10-01T08:31:13.0050945Z |■■■■■■■■■■■■■■■■■■■■■■■■■■■■■■■■■■■■■■■■■■■■■■■■■■■■■■■■■■■■■■■■                |  80% of 173.9 MiB
2026-10-01T08:31:13.0897249Z |■■■■■■■■■■■■■■■■■■■■■■■■■■■■■■■■■■■■■■■■■■■■■■■■■■■■■■■■■■■■■■■■■■■■■■■■        |  90% of 173.9 MiB
2026-10-01T08:31:13.1709027Z |■■■■■■■■■■■■■■■■■■■■■■■■■■■■■■■■■■■■■■■■■■■■■■■■■■■■■■■■■■■■■■■■■■■■■■■■■■■■■■■■| 100% of 173.9 MiB
2026-10-01T08:31:15.9068495Z Chromium 141.0.7390.37 (playwright build v1194) downloaded to /home/runner/.cache/ms-playwright/chromium-1194
2026-10-01T08:31:15.9071881Z Downloading FFMPEG playwright build v1011 from https://cdn.playwright.dev/dbazure/download/playwright/builds/ffmpeg/1011/ffmpeg-linux.zip
2026-10-01T08:31:16.0300685Z |                                                                                |   0% of 2.3 MiB
2026-10-01T08:31:16.0355338Z |■■■■■■■■                                                                        |  10% of 2.3 MiB
2026-10-01T08:31:16.0384663Z |■■■■■■■■■■■■■■■■                                                                |  20% of 2.3 MiB
2026-10-01T08:31:16.0401782Z |■■■■■■■■■■■■■■■■■■■■■■■■                                                        |  30% of 2.3 MiB
2026-10-01T08:31:16.0419254Z |■■■■■■■■■■■■■■■■■■■■■■■■■■■■■■■■                                                |  40% of 2.3 MiB
2026-10-01T08:31:16.0433286Z |■■■■■■■■■■■■■■■■■■■■■■■■■■■■■■■■■■■■■■■■                                        |  50% of 2.3 MiB
2026-10-01T08:31:16.0446749Z |■■■■■■■■■■■■■■■■■■■■■■■■■■■■■■■■■■■■■■■■■■■■■■■■                                |  60% of 2.3 MiB
2026-10-01T08:31:16.0461452Z |■■■■■■■■■■■■■■■■■■■■■■■■■■■■■■■■■■■■■■■■■■■■■■■■■■■■■■■■                        |  70% of 2.3 MiB
2026-10-01T08:31:16.0474321Z |■■■■■■■■■■■■■■■■■■■■■■■■■■■■■■■■■■■■■■■■■■■■■■■■■■■■■■■■■■■■■■■■                |  80% of 2.3 MiB
2026-10-01T08:31:16.0483885Z |■■■■■■■■■■■■■■■■■■■■■■■■■■■■■■■■■■■■■■■■■■■■■■■■■■■■■■■■■■■■■■■■■■■■■■■■        |  90% of 2.3 MiB
2026-10-01T08:31:16.0495492Z |■■■■■■■■■■■■■■■■■■■■■■■■■■■■■■■■■■■■■■■■■■■■■■■■■■■■■■■■■■■■■■■■■■■■■■■■■■■■■■■■| 100% of 2.3 MiB
2026-10-01T08:31:16.0954919Z FFMPEG playwright build v1011 downloaded to /home/runner/.cache/ms-playwright/ffmpeg-1011
2026-10-01T08:31:16.0958346Z Downloading Chromium Headless Shell 141.0.7390.37 (playwright build v1194) from https://cdn.playwright.dev/dbazure/download/playwright/builds/chromium/1194/chromium-headless-shell-linux.zip
2026-10-01T08:31:16.2005834Z |                                                                                |   0% of 104.3 MiB
2026-10-01T08:31:16.2652799Z |■■■■■■■■                                                                        |  10% of 104.3 MiB
2026-10-01T08:31:16.3106763Z |■■■■■■■■■■■■■■■■                                                                |  20% of 104.3 MiB
2026-10-01T08:31:16.3483197Z |■■■■■■■■■■■■■■■■■■■■■■■■                                                        |  30% of 104.3 MiB
2026-10-01T08:31:16.3809889Z |■■■■■■■■■■■■■■■■■■■■■■■■■■■■■■■■                                                |  40% of 104.3 MiB
2026-10-01T08:31:16.4171926Z |■■■■■■■■■■■■■■■■■■■■■■■■■■■■■■■■■■■■■■■■                                        |  50% of 104.3 MiB
2026-10-01T08:31:16.4469352Z |■■■■■■■■■■■■■■■■■■■■■■■■■■■■■■■■■■■■■■■■■■■■■■■■                                |  60% of 104.3 MiB
2026-10-01T08:31:16.4759841Z |■■■■■■■■■■■■■■■■■■■■■■■■■■■■■■■■■■■■■■■■■■■■■■■■■■■■■■■■                        |  70% of 104.3 MiB
2026-10-01T08:31:16.5106101Z |■■■■■■■■■■■■■■■■■■■■■■■■■■■■■■■■■■■■■■■■■■■■■■■■■■■■■■■■■■■■■■■■                |  80% of 104.3 MiB
2026-10-01T08:31:16.5412346Z |■■■■■■■■■■■■■■■■■■■■■■■■■■■■■■■■■■■■■■■■■■■■■■■■■■■■■■■■■■■■■■■■■■■■■■■■        |  90% of 104.3 MiB
2026-10-01T08:31:16.5757056Z |■■■■■■■■■■■■■■■■■■■■■■■■■■■■■■■■■■■■■■■■■■■■■■■■■■■■■■■■■■■■■■■■■■■■■■■■■■■■■■■■| 100% of 104.3 MiB
2026-10-01T08:31:18.0677251Z Chromium Headless Shell 141.0.7390.37 (playwright build v1194) downloaded to /home/runner/.cache/ms-playwright/chromium_headless_shell-1194
2026-10-01T08:31:18.1312836Z ##[group]Run bash tools/publish.sh
2026-10-01T08:31:18.1313147Z [36;1mbash tools/publish.sh[0m
2026-10-01T08:31:18.1372229Z shell: /usr/bin/bash -e {0}
2026-10-01T08:31:18.1372453Z ##[endgroup]
2026-10-01T08:31:18.9781000Z Glessner v4 package verified; 3 missing GLB(s) materialized.
2026-10-01T08:31:19.5331254Z shipped derivatives: 504 pair(s) carry the master's triangles, node identity and contract attributes; worst bounding-box disagreement 2.68 of 4 rungs; 0 asset(s) lose their material identity to the publish path (banked, K36(b)); 4 master passthrough(s), all of them decided (K38); and every one of them records the master it was made from, which is still the master in the tree (K39)
2026-10-01T08:31:19.5803002Z Prairie Avenue browser published: /home/runner/work/chicago/chicago/site/4d/prairie-1904
2026-10-01T08:31:20.1218941Z published 15 map images + viewer + media to site/pre-fire
2026-10-01T08:31:20.2308123Z    changelog.js published to site/4d/js/changelog.js (T-0722)
2026-10-01T08:31:20.2685141Z    changelog.js published to site/4d/walk/js/changelog.js (T-0722)
2026-10-01T08:31:21.4064438Z tickets: cloned https://github.com/kevinrhaas/chicago-tickets.git → tickets/ (1661 tickets)
2026-10-01T08:31:22.6690384Z entry pages: index.html, 1812/index.html, 1835/index.html, 1880/index.html, 1904/index.html
2026-10-01T08:31:22.6748843Z    build 9446a07  Oct 1, 2026, 3:31 AM CT
2026-10-01T08:31:22.7315551Z published ../../site/4d  (57.37 MB)
2026-10-01T08:31:22.7357412Z ##[group]Run node tools/smoke_renderer.mjs --published
2026-10-01T08:31:22.7357795Z [36;1mnode tools/smoke_renderer.mjs --published[0m
2026-10-01T08:31:22.7417499Z shell: /usr/bin/bash -e {0}
2026-10-01T08:31:22.7417727Z env:
2026-10-01T08:31:22.7417910Z   SMOKE_VIEWPORT: desktop
2026-10-01T08:31:22.7418124Z   SMOKE_STAGE: 12-13
2026-10-01T08:31:22.7418316Z ##[endgroup]
2026-10-01T08:31:23.0832284Z serving /home/runner/work/chicago/chicago/site/4d on 4187 — PUBLISHED mirror (compressed assets, visitor layout)
2026-10-01T08:31:23.0832982Z 
2026-10-01T08:31:23.0833353Z NOT THE FULL GATE — viewports filtered to "desktop"
2026-10-01T08:31:23.0833741Z 
2026-10-01T08:31:23.0834089Z NOT THE FULL GATE — stages filtered to "12-13" of 13
2026-10-01T08:31:23.0834393Z 
2026-10-01T08:31:23.0834558Z desktop 1280x800:
2026-10-01T08:31:23.5918039Z   pass  desktop 1280x800: page serves
2026-10-01T08:31:46.1320909Z   pass  desktop 1280x800: scene reaches ready
2026-10-01T08:31:51.3730237Z   pass  desktop 1280x800: the scene declares its exact consultation blockers
2026-10-01T08:31:51.3734736Z   pass  desktop 1280x800: no unexpected loader problems
2026-10-01T08:31:51.3744060Z   pass  desktop 1280x800: scene has structures
2026-10-01T08:31:51.3754822Z   pass  desktop 1280x800: every structure that should draw, drew
2026-10-01T08:32:33.7968439Z   pass  desktop 1280x800: eye height starts at the researched period figure
2026-10-01T08:32:33.7980150Z   pass  desktop 1280x800: the eye height readout is a stature, not rounded to whole feet
2026-10-01T08:32:33.7981157Z   pass  desktop 1280x800: moving the eye height slider moves the eye immediately
2026-10-01T08:32:33.7982318Z   pass  desktop 1280x800: eye height does not yank the camera down mid-flight
2026-10-01T08:32:33.7983142Z   pass  desktop 1280x800: the eye height range covers short to tall without absurdity
2026-10-01T08:32:50.5222244Z   pass  desktop 1280x800: typing in the search box does not walk the camera
2026-10-01T08:32:50.5223445Z   pass  desktop 1280x800: typing an 'f' does not take off
2026-10-01T08:32:55.5122017Z   pass  desktop 1280x800: the rail lists the eight sections in order, Go to first
2026-10-01T08:32:55.5125359Z   pass  desktop 1280x800: eight rail items fit the panel unsqueezed — one column on desktop, one row on a phone
2026-10-01T08:32:55.5126337Z   pass  desktop 1280x800: Settings no longer carries a second list of viewpoints
2026-10-01T08:33:03.1656945Z   pass  desktop 1280x800: G opens the Go to tab
2026-10-01T08:33:06.1872285Z   pass  desktop 1280x800: jump menu lists every structure that stood here, and every roof once asked
2026-10-01T08:33:06.1873250Z   pass  desktop 1280x800: jump menu includes every verified intersection
2026-10-01T08:33:06.1896619Z   pass  desktop 1280x800: jump menu includes every viewpoint the scene names
2026-10-01T08:33:06.1897699Z   pass  desktop 1280x800: every structure result carries its record's presence grade as its chip and its position grade as data
2026-10-01T08:33:06.1898640Z   pass  desktop 1280x800: a viewpoint and a survey junction are not graded like a building
2026-10-01T08:33:06.1899381Z   pass  desktop 1280x800: the three grades are told apart by colour, not only by their words
2026-10-01T08:33:06.1900125Z   pass  desktop 1280x800: the tab counts its own list rather than quoting a written total
2026-10-01T08:33:06.1900837Z   pass  desktop 1280x800: jump search finds an intersection by both street names
2026-10-01T08:33:11.5081597Z   pass  desktop 1280x800: an intersection result moves the visitor there
2026-10-01T08:33:35.9163827Z   pass  desktop 1280x800: opening the drawer tucks an open card aside without closing it
2026-10-01T08:33:35.9168270Z   pass  desktop 1280x800: closing the drawer brings the tucked card back
2026-10-01T08:33:35.9169181Z   pass  desktop 1280x800: the drawer reaches the bottom of the screen and starts under the year badge
2026-10-01T08:33:55.9890956Z   pass  desktop 1280x800: the Taverns pill narrows the list to taverns, inns and hotels, the Sauganash among them
2026-10-01T08:33:55.9942995Z   pass  desktop 1280x800: every row is filed under one of the ten groups, beneath that group's heading
2026-10-01T08:33:55.9943797Z   pass  desktop 1280x800: visible rows equal the shared destination inventory
2026-10-01T08:33:55.9944527Z   pass  desktop 1280x800: located rows say how far and which way; unknown addresses invent no metres
2026-10-01T08:33:55.9945515Z   pass  desktop 1280x800: the distances follow the visitor — 100 m further east reads 100 m further
2026-10-01T08:33:55.9946416Z   pass  desktop 1280x800: ArrowDown steps the list a row at a time — two reach the second, three the third — and Enter goes there
2026-10-01T08:34:17.8228000Z   pass  desktop 1280x800: Travel offers instantly, walk, wagon, horse and fly
2026-10-01T08:34:17.8228996Z   pass  desktop 1280x800: the travel mode chosen is the one the walker rides and the one stored
2026-10-01T08:34:17.8230070Z   pass  desktop 1280x800: each pace sets the walker to its own slider, its Shift factor and its seat
2026-10-01T08:34:17.8231220Z   pass  desktop 1280x800: the three pace sliders top out at 20, 30 and 60 mph and name the gait as they move
2026-10-01T08:34:17.8232387Z   pass  desktop 1280x800: the horse's gait moves the rider's eye a few centimetres, and stops when they do
2026-10-01T08:34:17.8233102Z   pass  desktop 1280x800: the gait is off with the setting off, and back with it
2026-10-01T08:34:17.8233549Z   pass  desktop 1280x800: the gait is off under prefers-reduced-motion
2026-10-01T08:34:22.2425324Z   pass  desktop 1280x800: choosing the Sauganash on foot starts a walk and says so
2026-10-01T08:34:22.2425885Z   pass  desktop 1280x800: the walk ends at the Sauganash's door with its card open
2026-10-01T08:34:22.2426382Z   pass  desktop 1280x800: the walk from South Water keeps to the streets
2026-10-01T08:34:22.2426840Z   pass  desktop 1280x800: the visitor's own step ends a ride and is not swallowed
2026-10-01T08:34:27.1478122Z   pass  desktop 1280x800: the banner's Stop button ends a ride
2026-10-01T08:34:29.6731484Z   pass  desktop 1280x800: flying to a far building climbs to a cruise height, lands and opens its card
2026-10-01T08:34:29.6732137Z   pass  desktop 1280x800: instantly is still instant
2026-10-01T08:35:22.6123343Z   pass  desktop 1280x800: the People directory lists the town, and its count is the file's and the manifest's
2026-10-01T08:35:22.6124642Z   pass  desktop 1280x800: the household card says how far the evidence places its people
2026-10-01T08:35:22.6125701Z   pass  desktop 1280x800: a household no source places says its division was dealt, not read
2026-10-01T08:35:22.6126600Z   pass  desktop 1280x800: searching "Beaubien" finds Mark Beaubien
2026-10-01T08:35:22.6127672Z   pass  desktop 1280x800: the Trade row offers the documented trades AND the town's commonest
2026-10-01T08:35:22.6128549Z   pass  desktop 1280x800: the tavern-keeper pill narrows the list to tavern keepers
2026-10-01T08:35:22.6129489Z   pass  desktop 1280x800: the Tier row's stage pills name the reconstruction, and partition it
2026-10-01T08:35:22.6130308Z   pass  desktop 1280x800: opening a person shows their card with a way to their building
2026-10-01T08:35:30.2983392Z   pass  desktop 1280x800: Go there rides to the person's building and opens its card
2026-10-01T08:36:19.0783342Z   pass  desktop 1280x800: the Businesses directory lists every firm, and its count is the index's
2026-10-01T08:36:19.0784663Z   pass  desktop 1280x800: searching a good the papers advertised finds the houses that sold it
2026-10-01T08:36:19.0812731Z   pass  desktop 1280x800: the unplaceable pill narrows the list to the firms with no place at all
2026-10-01T08:36:19.0843786Z   pass  desktop 1280x800: a firm the paper reaches to a street is carried to the block face it is housed on
2026-10-01T08:36:19.0872866Z   pass  desktop 1280x800: a firm the register could not place says how far the record goes, and offers no building
2026-10-01T08:36:19.0904201Z   pass  desktop 1280x800: a firm with premises opens a card with its locations, its printings and the way there
2026-10-01T08:36:57.0562865Z   pass  desktop 1280x800: a person's card names every firm the register puts them in
2026-10-01T08:36:57.0564012Z   pass  desktop 1280x800: tapping one opens that firm's own card in Businesses
2026-10-01T08:36:59.5832052Z   pass  desktop 1280x800: a building card's Use row names the firms the register puts in that roof
2026-10-01T08:36:59.5833172Z   pass  desktop 1280x800: a card opened from a signboard leads with the firm the board hangs for
2026-10-01T08:37:17.5985727Z   pass  desktop 1280x800: the Evidence hub shows eleven topics, with Sources unknown until opened
2026-10-01T08:37:38.0445566Z   pass  desktop 1280x800: Sources lazily lists scene and registered counts with a forty-row window
2026-10-01T08:37:38.0446651Z   pass  desktop 1280x800: Sources finds Andreas with date, type, tier and separate claim/entity figures
2026-10-01T08:37:38.0447871Z   pass  desktop 1280x800: Evidence → City shows the town census
2026-10-01T08:37:38.0448753Z   pass  desktop 1280x800: Evidence → City's figures are the committed data's
2026-10-01T08:37:38.0449688Z   pass  desktop 1280x800: both City ladders carry completeness bars and the people ladder's grade key
2026-10-01T08:37:38.0450665Z   pass  desktop 1280x800: people housed remains a placement note under the people ladder
2026-10-01T08:37:38.0513670Z   pass  desktop 1280x800: cards held remain stated as cards, not residents
2026-10-01T08:37:38.0514261Z   pass  desktop 1280x800: the established and ruled-in population measures remain stated
2026-10-01T08:37:38.0514940Z   pass  desktop 1280x800: City names both denominators and never substitutes November's count
2026-10-01T08:37:38.0516364Z   pass  desktop 1280x800: City drops the projected count and structures line
2026-10-01T08:37:38.0519287Z   pass  desktop 1280x800: City identifies its date, derivation and published build
2026-10-01T08:37:38.0520092Z   pass  desktop 1280x800: City fits a phone-width topic and scrolls inside the sheet
2026-10-01T08:37:38.0520690Z   pass  desktop 1280x800: a topic opens with the hub gone, and its search narrows the list and says so
2026-10-01T08:37:38.0521163Z   pass  desktop 1280x800: Back returns to the hub
2026-10-01T08:37:48.0439317Z   pass  desktop 1280x800: settings toggle all three navigation aids
2026-10-01T08:37:55.6251017Z   pass  desktop 1280x800: the HUD toggle drives the confidence view
2026-10-01T08:38:33.9698863Z   pass  desktop 1280x800: a first-time visitor is told there are unread notes
2026-10-01T08:38:47.2525698Z   pass  desktop 1280x800: the what's-new tab renders every release
2026-10-01T08:38:47.2531278Z   pass  desktop 1280x800: entries carry a title and a stamped date
2026-10-01T08:38:47.2532268Z   pass  desktop 1280x800: opening the tab clears the unread marker
2026-10-01T08:38:49.7085296Z   pass  desktop 1280x800: a first visit flags nothing (no "last time" to differ from)
2026-10-01T08:39:37.0444348Z   pass  desktop 1280x800: a returning visitor sees only what shipped since last time
2026-10-01T08:39:42.3256743Z   pass  desktop 1280x800: the liberties list loads
2026-10-01T08:39:42.3281956Z   pass  desktop 1280x800: every loaded liberty is rendered
2026-10-01T08:39:42.3283009Z   pass  desktop 1280x800: the list names a scene-wide liberty
2026-10-01T08:39:42.3283612Z   pass  desktop 1280x800: the Evidence panel does not overflow
2026-10-01T08:41:27.1235814Z   pass  desktop 1280x800: a man who held an agency says so on his own card
2026-10-01T08:41:27.1238459Z   pass  desktop 1280x800: the person's card carries the same caveat as the house's
2026-10-01T08:41:44.7358457Z   pass  desktop 1280x800: every household in the layer is on the card
2026-10-01T08:41:44.7359471Z   pass  desktop 1280x800: every person entry in the manifest is counted
2026-10-01T08:41:44.7360889Z   pass  desktop 1280x800: the letter-list cohort is held apart from the evidenced town
2026-10-01T08:41:44.7362062Z   pass  desktop 1280x800: the group says what that evidence is worth before it is opened
2026-10-01T08:41:44.7363205Z   pass  desktop 1280x800: the households no building card can reach are marked
2026-10-01T08:41:44.7364321Z   pass  desktop 1280x800: the researched non-residents are published too
2026-10-01T08:41:44.7365167Z   pass  desktop 1280x800: opening a household fetches its record
2026-10-01T08:41:44.7365997Z   pass  desktop 1280x800: a graded claim carries its reasoning, not just its value
2026-10-01T08:41:44.7366954Z   pass  desktop 1280x800: the household records quote their sources, not their source ids
2026-10-01T08:41:44.7368021Z   pass  desktop 1280x800: the households start collapsed, like every other disclosure here
2026-10-01T08:41:44.7369003Z   pass  desktop 1280x800: the people section does not overflow the panel
2026-10-01T08:41:44.7369890Z   pass  desktop 1280x800: no figure reaches a person's row as [object Object]
2026-10-01T08:41:44.7370782Z   pass  desktop 1280x800: an evidence-only household's row says what its roof is not
2026-10-01T08:41:44.7371979Z   pass  desktop 1280x800: a dated person carries an age and a birth year, both graded
2026-10-01T08:41:44.7372913Z   pass  desktop 1280x800: a letter-list name says on its own row how thin that evidence is
2026-10-01T08:41:44.7373956Z   pass  desktop 1280x800: the count sentence says how many people are known only that way
2026-10-01T08:41:44.7374815Z   pass  desktop 1280x800: a letter-list name carries no invented trade
2026-10-01T08:41:44.7375643Z   pass  desktop 1280x800: every resident research review reaches a resident card
2026-10-01T08:41:44.7376524Z   pass  desktop 1280x800: candidate identities are visibly unmerged
2026-10-01T08:41:44.7377404Z   pass  desktop 1280x800: a negative search is published without denying existence
2026-10-01T08:41:44.7378231Z   pass  desktop 1280x800: the section says plainly that nobody is drawn
2026-10-01T08:41:47.2319148Z   pass  desktop 1280x800: the wildlife list loads every habitat
2026-10-01T08:41:47.2319827Z   pass  desktop 1280x800: every animal record in the layer is on the card
2026-10-01T08:41:47.2320448Z   pass  desktop 1280x800: the card names what the records name
2026-10-01T08:41:47.2321060Z   pass  desktop 1280x800: the card carries the July presence modes, not a species list
2026-10-01T08:41:47.2321929Z   pass  desktop 1280x800: the animal records quote their sources, not their source ids
2026-10-01T08:41:47.2322628Z   pass  desktop 1280x800: the animals start collapsed, like every other disclosure here
2026-10-01T08:41:47.2323276Z   pass  desktop 1280x800: the wildlife section does not overflow the panel
2026-10-01T08:41:47.2323915Z   pass  desktop 1280x800: the section says plainly that none of them is in the scene
2026-10-01T08:41:54.7173392Z   pass  desktop 1280x800: the plant list loads every community
2026-10-01T08:41:54.7174225Z   pass  desktop 1280x800: every species in the ten communities is on the card
2026-10-01T08:41:54.7174717Z   pass  desktop 1280x800: the communities the sward lattice cannot draw say so
2026-10-01T08:41:54.7175470Z   pass  desktop 1280x800: the share a visitor is standing in comes off the declaration
2026-10-01T08:41:54.7176283Z   pass  desktop 1280x800: the note names the worst case rather than only the total
2026-10-01T08:41:54.7176769Z   pass  desktop 1280x800: the plant records quote their sources, not their source ids
2026-10-01T08:41:54.7177244Z   pass  desktop 1280x800: no figure reaches a plant's row as [object Object]
2026-10-01T08:41:54.7177731Z   pass  desktop 1280x800: the communities start collapsed, like every other disclosure here
2026-10-01T08:41:54.7178258Z   pass  desktop 1280x800: the plants section wraps inside the panel rather than clipping
2026-10-01T08:41:54.7178740Z   pass  desktop 1280x800: the plants section does not overflow the panel
2026-10-01T08:42:37.3483252Z   pass  desktop 1280x800: all eight evidence mounts wrap inside their panel rather than clipping
2026-10-01T08:43:21.7910725Z   pass  desktop 1280x800: a run longer than the column breaks inside all eight mounts, not past them
2026-10-01T08:43:24.3289139Z   pass  desktop 1280x800: the liberties list says what it is, in the document's words
2026-10-01T08:43:24.3290301Z   pass  desktop 1280x800: the panel states it once — the hand-written paraphrase is gone
2026-10-01T08:43:26.7889968Z   pass  desktop 1280x800: an entry shows the inventions it admits to
2026-10-01T08:43:26.7891104Z   pass  desktop 1280x800: a claim over several buildings names each of them
2026-10-01T08:43:26.7892237Z   pass  desktop 1280x800: an entry that invented nothing drawn claims nothing
2026-10-01T08:43:26.7893144Z   pass  desktop 1280x800: an invented roof and height are admitted like an outline
2026-10-01T08:43:26.7894039Z   pass  desktop 1280x800: a decision made by default is admitted in two buildings
2026-10-01T08:43:26.7895027Z   pass  desktop 1280x800: the ground admits to what it invented, and says it is the ground
2026-10-01T08:43:26.7895938Z   pass  desktop 1280x800: the chip carries the epoch the admission is about
2026-10-01T08:43:26.7896875Z   pass  desktop 1280x800: the invention the gate found is on the page, not only in the repo
2026-10-01T08:43:29.2878776Z   pass  desktop 1280x800: expanding a liberty on its topic page reveals its reasoning
2026-10-01T08:43:31.9484918Z   pass  desktop 1280x800: the researched exclusions load
2026-10-01T08:43:31.9485855Z   pass  desktop 1280x800: an exclusion gives its reason and the source it rests on
2026-10-01T08:43:31.9486732Z   pass  desktop 1280x800: a later building says when, and a vanished one says why instead
2026-10-01T08:43:31.9487686Z   pass  desktop 1280x800: a building standing in the scene is not on the not-here list
2026-10-01T08:43:31.9488489Z   pass  desktop 1280x800: the not-here list withholds what its sources reprint
2026-10-01T08:43:31.9508411Z   pass  desktop 1280x800: the list says it is not everything missing
2026-10-01T08:43:31.9509258Z   pass  desktop 1280x800: the not-here list says what it is, in the compiled document's words
2026-10-01T08:43:31.9516664Z   pass  desktop 1280x800: the panel states it once — the paraphrase is gone
2026-10-01T08:43:31.9517424Z   pass  desktop 1280x800: the Evidence panel still does not overflow
2026-10-01T08:43:34.6153311Z   pass  desktop 1280x800: the open questions load
2026-10-01T08:43:34.6154425Z   pass  desktop 1280x800: the standing ones say they are standing and the unbuilt one does not
2026-10-01T08:43:34.6155436Z   pass  desktop 1280x800: the standing one names the claim on its record that carries the doubt
2026-10-01T08:43:34.6156280Z   pass  desktop 1280x800: an uncited open question says why it is uncited
2026-10-01T08:43:34.6238177Z   pass  desktop 1280x800: the panel says what the third category is
2026-10-01T08:43:34.6317312Z   pass  desktop 1280x800: the open questions say what they are, in the compiled document's words
2026-10-01T08:43:34.6396889Z   pass  desktop 1280x800: the panel states that once too — and counts nothing by hand
2026-10-01T08:43:34.6458540Z   pass  desktop 1280x800: the Evidence panel still does not overflow with it
2026-10-01T08:43:42.3560614Z   pass  desktop 1280x800: the open question reaches the building it is about
2026-10-01T08:43:42.3561330Z   pass  desktop 1280x800: it says what settling it would change
2026-10-01T08:43:42.3562195Z   pass  desktop 1280x800: the card grades the doubt the same way the claim above it is graded
2026-10-01T08:43:42.3563000Z   pass  desktop 1280x800: it starts collapsed like every other disclosure on the card
2026-10-01T08:43:42.3563775Z   pass  desktop 1280x800: only tracked in-scene buildings carry open questions
2026-10-01T08:43:47.3853181Z   pass  desktop 1280x800: the ground's claims load
2026-10-01T08:43:47.3853908Z   pass  desktop 1280x800: the ground is graded per claim, not stamped
2026-10-01T08:43:47.3854585Z   pass  desktop 1280x800: no land elevation claims to be documented
2026-10-01T08:43:47.3855775Z   pass  desktop 1280x800: the ground says which ground these claims are about
2026-10-01T08:43:47.3856515Z   pass  desktop 1280x800: the panel quotes the spec's caveat that no survey exists
2026-10-01T08:43:47.3857434Z   pass  desktop 1280x800: a land claim shows its figures and its citation
2026-10-01T08:43:47.3858162Z   pass  desktop 1280x800: every claim that calls itself an inference records its reasoning
2026-10-01T08:43:47.3859005Z   pass  desktop 1280x800: the soil claim that is graded too high says so where it is graded
2026-10-01T08:43:54.7154514Z   pass  desktop 1280x800: a claim with no reasoning would still say so
2026-10-01T08:43:54.7155460Z   pass  desktop 1280x800: a soil the ground is not made of says so, and the figures that are do not
2026-10-01T08:44:02.1875433Z   pass  desktop 1280x800: the mark is the declaration's, not the row's
2026-10-01T08:44:02.1876637Z   pass  desktop 1280x800: the Evidence panel still does not overflow with the ground on it
2026-10-01T08:44:14.3061198Z   pass  desktop 1280x800: the aerial anchor arrives in the air, looking down
2026-10-01T08:44:21.0914085Z   pass  desktop 1280x800: the view from above renders
2026-10-01T08:44:41.8147678Z   pass  desktop 1280x800: the near plane opens with altitude
2026-10-01T08:44:41.8154966Z   pass  desktop 1280x800: on foot the near plane is the walking value
2026-10-01T08:44:41.8379905Z   pass  desktop 1280x800: free-fly cannot sink through the terrain
2026-10-01T08:44:44.3637794Z   pass  desktop 1280x800: leaving free-fly puts the visitor back on the ground
2026-10-01T08:44:58.4571540Z   pass  desktop 1280x800: Space inspects on foot instead of lifting off
2026-10-01T08:45:05.9006259Z   pass  desktop 1280x800: Escape closes the inspection card
2026-10-01T08:45:20.8272946Z   pass  desktop 1280x800: the inspect key closes the card it opened
2026-10-01T08:45:41.6279157Z   pass  desktop 1280x800: neither key fires while typing in Go-to
2026-10-01T08:45:58.2420793Z   pass  desktop 1280x800: a building can be inspected from the air
2026-10-01T08:46:22.2599803Z   pass  desktop 1280x800: a click under the crosshair inspects
2026-10-01T08:47:14.9237348Z   pass  desktop 1280x800: /1904/ boots the 1904 scene on its own ground (T-1739)
2026-10-01T08:48:16.8053729Z   pass  desktop 1280x800: the 1904 door lands on Prairie's east sidewalk at 18th, facing the spawn bearing, and glessner_house is the same pose (T-1739) — stood at E 1410.12 N -3218.01 bearing 264.94, eye 1.68 m; spawn {"local_e":1410.12,"local_n":-3218.01,"yaw_deg":264.94}; anchor {"id":"glessner_house","label":"Prairie at Eighteenth, facing the Glessner lot at 1800 Prairie","local_e":1410.12,"local_n":-3218.01,"yaw_deg":264.94}
2026-10-01T08:48:16.8114725Z   pass  desktop 1280x800: the Glessner lot is in front of the camera, its centroid on screen left of centre (T-1739) — lot centroid E 1365.37 N -3229.04 at NDC (-0.186, -0.029, z 0.9957); street corner at NDC x 0.185
2026-10-01T08:48:16.8116308Z   pass  desktop 1280x800: the 1904 scene draws none of the 1835 town's layers, and places no 1835 structure (T-1739, T-1732)
2026-10-01T08:48:29.0121572Z   pass  desktop 1280x800: Glessner's 1946 phase end is not presented as demolition
2026-10-01T08:48:29.0123526Z   pass  desktop 1280x800: the Glessner House draws at the 1904 spawn — its Prairie front on screen, and aiming at it opens glessner_house (T-1732)
2026-10-01T08:48:29.0125083Z   pass  desktop 1280x800: the 1904 scene draws its street grid, the Glessner lot is parcel prairie_1800, and the door lands on Prairie's east walk (T-0474)
2026-10-01T08:48:29.0126862Z   pass  desktop 1280x800: the 1904 streets wear their sourced materials — Prairie at 18th attested asphalt, 18th Street attested macadam, the walk reconstructed cement (T-1728)
2026-10-01T08:48:29.0128023Z   pass  desktop 1280x800: the 1904 boot raises no loader problem (T-1739)
2026-10-01T08:48:29.0129473Z   pass  desktop 1280x800: the frame at the 1904 spawn is inside the draw budget (T-1739) — 93 draw calls, 3360545 triangles against {"drawCalls":215,"triangles":3800000}, 0 fps
2026-10-01T08:48:29.0131060Z   pass  desktop 1280x800: the suite body ran to completion
2026-10-01T08:48:29.0131826Z   pass  desktop 1280x800: zero page errors
2026-10-01T08:48:29.1056819Z 
2026-10-01T08:48:29.4306396Z   pass  vendor: meshopt decoder loads and reports supported
2026-10-01T08:48:29.4307208Z   pass  vendor: meshopt import raises no page error
2026-10-01T08:48:29.4555758Z 
2026-10-01T08:48:29.4556409Z 209 passed, 0 failed
2026-10-01T08:48:29.4556897Z 199 staged-section check(s) (stage 12-13 of 13), 10 always-on check(s)
2026-10-01T08:48:29.4557809Z 17 m 06 s for stage 12-13 at desktop — the ceiling on a steward run's single foreground command is 10 m 00 s
2026-10-01T08:48:29.4558190Z SMOKE PASS
2026-10-01T08:48:29.4844962Z Post job cleanup.
2026-10-01T08:48:29.5861875Z (node:3662) [DEP0040] DeprecationWarning: The `punycode` module is deprecated. Please use a userland alternative instead.
2026-10-01T08:48:29.5862534Z (Use `node --trace-deprecation ...` to show where the warning was created)
2026-10-01T08:48:29.6028303Z Post job cleanup.
2026-10-01T08:48:29.6756320Z [command]/usr/bin/git version
2026-10-01T08:48:29.6792377Z git version 2.55.0
2026-10-01T08:48:29.6820738Z Temporarily overriding HOME='/home/runner/work/_temp/5f889003-c4b8-4a7b-b18a-0e1a00b94515' before making global git config changes
2026-10-01T08:48:29.6822244Z Adding repository directory to the temporary git global config as a safe directory
2026-10-01T08:48:29.6824870Z [command]/usr/bin/git config --global --add safe.directory /home/runner/work/chicago/chicago
2026-10-01T08:48:29.6859400Z [command]/usr/bin/git config --local --name-only --get-regexp core\.sshCommand
2026-10-01T08:48:29.6890134Z [command]/usr/bin/git submodule foreach --recursive sh -c "git config --local --name-only --get-regexp 'core\.sshCommand' && git config --local --unset-all 'core.sshCommand' || :"
2026-10-01T08:48:29.7110812Z [command]/usr/bin/git config --local --name-only --get-regexp http\.https\:\/\/github\.com\/\.extraheader
2026-10-01T08:48:29.7132938Z http.https://github.com/.extraheader
2026-10-01T08:48:29.7141974Z [command]/usr/bin/git config --local --unset-all http.https://github.com/.extraheader
2026-10-01T08:48:29.7174544Z [command]/usr/bin/git submodule foreach --recursive sh -c "git config --local --name-only --get-regexp 'http\.https\:\/\/github\.com\/\.extraheader' && git config --local --unset-all 'http.https://github.com/.extraheader' || :"
2026-10-01T08:48:29.7397556Z [command]/usr/bin/git config --local --name-only --get-regexp ^includeIf\.gitdir:
2026-10-01T08:48:29.7425274Z [command]/usr/bin/git submodule foreach --recursive git config --local --show-origin --name-only --get-regexp remote.origin.url
2026-10-01T08:48:29.7807279Z Cleaning up orphan processes
2026-10-01T08:48:29.8085102Z ##[warning]Node.js 20 is deprecated. The following actions target Node.js 20 but are being forced to run on Node.js 24: actions/checkout@v4, actions/setup-node@v4. For more information see: https://github.blog/changelog/2025-09-19-deprecation-of-node-20-on-github-actions-runners/

