2026-10-01T08:31:59.4829789Z Current runner version: '2.337.0'
2026-10-01T08:31:59.4855498Z ##[group]Runner Image Provisioner
2026-10-01T08:31:59.4856403Z Hosted Compute Agent
2026-10-01T08:31:59.4857065Z Version: 20260828.587
2026-10-01T08:31:59.4857695Z Commit: abac92662cab4cc7352de4f9f9d2e2419aad9c29
2026-10-01T08:31:59.4858451Z Build Date: 2026-08-28T16:44:25Z
2026-10-01T08:31:59.4859256Z Worker ID: {ef1d339c-6831-461b-9676-0b38060f0b8b}
2026-10-01T08:31:59.4860005Z Azure Region: westus3
2026-10-01T08:31:59.4860624Z ##[endgroup]
2026-10-01T08:31:59.4862231Z ##[group]Operating System
2026-10-01T08:31:59.4862854Z Ubuntu
2026-10-01T08:31:59.4863875Z 24.04.5
2026-10-01T08:31:59.4864417Z LTS
2026-10-01T08:31:59.4864954Z ##[endgroup]
2026-10-01T08:31:59.4865515Z ##[group]Runner Image
2026-10-01T08:31:59.4866108Z Image: ubuntu-24.04
2026-10-01T08:31:59.4866782Z Version: 20260920.314.1
2026-10-01T08:31:59.4868020Z Included Software: https://github.com/actions/runner-images/blob/ubuntu24/20260920.314/images/ubuntu/Ubuntu2404-Readme.md
2026-10-01T08:31:59.4869753Z Image Release: https://github.com/actions/runner-images/releases/tag/ubuntu24%2F20260920.314
2026-10-01T08:31:59.4870723Z ##[endgroup]
2026-10-01T08:31:59.4871990Z ##[group]GITHUB_TOKEN Permissions
2026-10-01T08:31:59.4874328Z Contents: read
2026-10-01T08:31:59.4875029Z Metadata: read
2026-10-01T08:31:59.4875905Z Packages: read
2026-10-01T08:31:59.4876492Z ##[endgroup]
2026-10-01T08:31:59.4878706Z Secret source: Actions
2026-10-01T08:31:59.4879722Z Cache mode: write
2026-10-01T08:31:59.4880456Z Prepare workflow directory
2026-10-01T08:31:59.5230089Z Prepare all required actions
2026-10-01T08:31:59.5278049Z Getting action download info
2026-10-01T08:31:59.8532816Z Download action repository 'actions/checkout@v4' (SHA:11d5960a326750d5838078e36cf38b85af677262)
2026-10-01T08:31:59.9693904Z Download action repository 'actions/setup-node@v4' (SHA:49933ea5288caeca8642d1e84afbd3f7d6820020)
2026-10-01T08:32:00.1609044Z Complete job name: smoke
2026-10-01T08:32:00.2386266Z ##[group]Run actions/checkout@v4
2026-10-01T08:32:00.2387172Z with:
2026-10-01T08:32:00.2387629Z   repository: kevinrhaas/chicago
2026-10-01T08:32:00.2391449Z   token: ***
2026-10-01T08:32:00.2391884Z   ssh-strict: true
2026-10-01T08:32:00.2392340Z   ssh-user: git
2026-10-01T08:32:00.2392793Z   persist-credentials: true
2026-10-01T08:32:00.2393501Z   clean: true
2026-10-01T08:32:00.2393959Z   sparse-checkout-cone-mode: true
2026-10-01T08:32:00.2394475Z   fetch-depth: 1
2026-10-01T08:32:00.2394905Z   fetch-tags: false
2026-10-01T08:32:00.2395350Z   show-progress: true
2026-10-01T08:32:00.2395789Z   lfs: false
2026-10-01T08:32:00.2396190Z   submodules: false
2026-10-01T08:32:00.2396628Z   set-safe-directory: true
2026-10-01T08:32:00.2397119Z   allow-unsafe-pr-checkout: false
2026-10-01T08:32:00.2397901Z ##[endgroup]
2026-10-01T08:32:00.3427649Z Syncing repository: kevinrhaas/chicago
2026-10-01T08:32:00.3429587Z ##[group]Getting Git version info
2026-10-01T08:32:00.3430577Z Working directory is '/home/runner/work/chicago/chicago'
2026-10-01T08:32:00.3431669Z [command]/usr/bin/git version
2026-10-01T08:32:00.3522649Z git version 2.55.0
2026-10-01T08:32:00.3544927Z ##[endgroup]
2026-10-01T08:32:00.3560058Z Temporarily overriding HOME='/home/runner/work/_temp/71fc19fd-337b-465e-a13c-6aae6610b8e0' before making global git config changes
2026-10-01T08:32:00.3561661Z Adding repository directory to the temporary git global config as a safe directory
2026-10-01T08:32:00.3566094Z [command]/usr/bin/git config --global --add safe.directory /home/runner/work/chicago/chicago
2026-10-01T08:32:00.3618216Z Deleting the contents of '/home/runner/work/chicago/chicago'
2026-10-01T08:32:00.3623334Z ##[group]Initializing the repository
2026-10-01T08:32:00.3627289Z [command]/usr/bin/git init /home/runner/work/chicago/chicago
2026-10-01T08:32:00.3761077Z hint: Using 'master' as the name for the initial branch. This default branch name
2026-10-01T08:32:00.3762566Z hint: will change to "main" in Git 3.0. To configure the initial branch name
2026-10-01T08:32:00.3764217Z hint: to use in all of your new repositories, which will suppress this warning,
2026-10-01T08:32:00.3765059Z hint: call:
2026-10-01T08:32:00.3765501Z hint:
2026-10-01T08:32:00.3766057Z hint: 	git config --global init.defaultBranch <name>
2026-10-01T08:32:00.3766719Z hint:
2026-10-01T08:32:00.3767346Z hint: Names commonly chosen instead of 'master' are 'main', 'trunk' and
2026-10-01T08:32:00.3768424Z hint: 'development'. The just-created branch can be renamed via this command:
2026-10-01T08:32:00.3769285Z hint:
2026-10-01T08:32:00.3769765Z hint: 	git branch -m <name>
2026-10-01T08:32:00.3770312Z hint:
2026-10-01T08:32:00.3771036Z hint: Disable this message with "git config set advice.defaultBranchName false"
2026-10-01T08:32:00.3777050Z Initialized empty Git repository in /home/runner/work/chicago/chicago/.git/
2026-10-01T08:32:00.3787704Z [command]/usr/bin/git remote add origin https://github.com/kevinrhaas/chicago
2026-10-01T08:32:00.3858258Z ##[endgroup]
2026-10-01T08:32:00.3859132Z ##[group]Disabling automatic garbage collection
2026-10-01T08:32:00.3862446Z [command]/usr/bin/git config --local gc.auto 0
2026-10-01T08:32:00.3895186Z ##[endgroup]
2026-10-01T08:32:00.3895962Z ##[group]Setting up auth
2026-10-01T08:32:00.3902165Z [command]/usr/bin/git config --local --name-only --get-regexp core\.sshCommand
2026-10-01T08:32:00.3934129Z [command]/usr/bin/git submodule foreach --recursive sh -c "git config --local --name-only --get-regexp 'core\.sshCommand' && git config --local --unset-all 'core.sshCommand' || :"
2026-10-01T08:32:00.4321974Z [command]/usr/bin/git config --local --name-only --get-regexp http\.https\:\/\/github\.com\/\.extraheader
2026-10-01T08:32:00.4358613Z [command]/usr/bin/git submodule foreach --recursive sh -c "git config --local --name-only --get-regexp 'http\.https\:\/\/github\.com\/\.extraheader' && git config --local --unset-all 'http.https://github.com/.extraheader' || :"
2026-10-01T08:32:00.4606881Z [command]/usr/bin/git config --local --name-only --get-regexp ^includeIf\.gitdir:
2026-10-01T08:32:00.4643885Z [command]/usr/bin/git submodule foreach --recursive git config --local --show-origin --name-only --get-regexp remote.origin.url
2026-10-01T08:32:00.4867896Z [command]/usr/bin/git config --local http.https://github.com/.extraheader AUTHORIZATION: basic ***
2026-10-01T08:32:00.4907721Z ##[endgroup]
2026-10-01T08:32:00.4908555Z ##[group]Fetching the repository
2026-10-01T08:32:00.4917479Z [command]/usr/bin/git -c protocol.version=2 fetch --no-tags --prune --no-recurse-submodules --depth=1 origin +9446a07a87b92ae4920e69398e1d986ad91f0bb4:refs/remotes/origin/steward/t1766-canal-grocery-workshops
2026-10-01T08:32:32.7234335Z From https://github.com/kevinrhaas/chicago
2026-10-01T08:32:32.7235747Z  * [new ref]         9446a07a87b92ae4920e69398e1d986ad91f0bb4 -> origin/steward/t1766-canal-grocery-workshops
2026-10-01T08:32:32.7239841Z ##[endgroup]
2026-10-01T08:32:32.7240577Z ##[group]Determining the checkout info
2026-10-01T08:32:32.7242823Z ##[endgroup]
2026-10-01T08:32:32.7248844Z [command]/usr/bin/git sparse-checkout disable
2026-10-01T08:32:32.7306715Z [command]/usr/bin/git config --local --unset-all extensions.worktreeConfig
2026-10-01T08:32:32.7337525Z ##[group]Checking out the ref
2026-10-01T08:32:32.7342261Z [command]/usr/bin/git checkout --progress --force -B steward/t1766-canal-grocery-workshops refs/remotes/origin/steward/t1766-canal-grocery-workshops
2026-10-01T08:32:33.7996656Z Updating files:  61% (5645/9120)
2026-10-01T08:32:33.8256027Z Updating files:  62% (5655/9120)
2026-10-01T08:32:33.8294350Z Updating files:  63% (5746/9120)
2026-10-01T08:32:33.8334030Z Updating files:  64% (5837/9120)
2026-10-01T08:32:33.8410262Z Updating files:  65% (5928/9120)
2026-10-01T08:32:33.8505475Z Updating files:  66% (6020/9120)
2026-10-01T08:32:33.8564369Z Updating files:  67% (6111/9120)
2026-10-01T08:32:33.8618772Z Updating files:  68% (6202/9120)
2026-10-01T08:32:33.8674135Z Updating files:  69% (6293/9120)
2026-10-01T08:32:33.8727996Z Updating files:  70% (6384/9120)
2026-10-01T08:32:33.8930577Z Updating files:  71% (6476/9120)
2026-10-01T08:32:33.9144548Z Updating files:  72% (6567/9120)
2026-10-01T08:32:33.9524029Z Updating files:  73% (6658/9120)
2026-10-01T08:32:34.1463578Z Updating files:  74% (6749/9120)
2026-10-01T08:32:34.1761678Z Updating files:  75% (6840/9120)
2026-10-01T08:32:34.2106756Z Updating files:  76% (6932/9120)
2026-10-01T08:32:34.2818146Z Updating files:  77% (7023/9120)
2026-10-01T08:32:34.3184037Z Updating files:  78% (7114/9120)
2026-10-01T08:32:34.3323778Z Updating files:  79% (7205/9120)
2026-10-01T08:32:34.3642541Z Updating files:  80% (7296/9120)
2026-10-01T08:32:34.3801612Z Updating files:  81% (7388/9120)
2026-10-01T08:32:34.3947871Z Updating files:  82% (7479/9120)
2026-10-01T08:32:34.4070768Z Updating files:  83% (7570/9120)
2026-10-01T08:32:34.4208455Z Updating files:  84% (7661/9120)
2026-10-01T08:32:34.4369296Z Updating files:  85% (7752/9120)
2026-10-01T08:32:34.4518569Z Updating files:  86% (7844/9120)
2026-10-01T08:32:34.5165373Z Updating files:  87% (7935/9120)
2026-10-01T08:32:34.5915040Z Updating files:  88% (8026/9120)
2026-10-01T08:32:34.7585234Z Updating files:  89% (8117/9120)
2026-10-01T08:32:34.8132141Z Updating files:  89% (8197/9120)
2026-10-01T08:32:35.1600437Z Updating files:  90% (8208/9120)
2026-10-01T08:32:35.4144556Z Updating files:  91% (8300/9120)
2026-10-01T08:32:35.5356452Z Updating files:  92% (8391/9120)
2026-10-01T08:32:35.5909098Z Updating files:  93% (8482/9120)
2026-10-01T08:32:35.6367096Z Updating files:  94% (8573/9120)
2026-10-01T08:32:35.7521787Z Updating files:  95% (8664/9120)
2026-10-01T08:32:35.7740900Z Updating files:  95% (8745/9120)
2026-10-01T08:32:35.9037107Z Updating files:  96% (8756/9120)
2026-10-01T08:32:35.9789471Z Updating files:  97% (8847/9120)
2026-10-01T08:32:36.2897513Z Updating files:  98% (8938/9120)
2026-10-01T08:32:36.5717964Z Updating files:  99% (9029/9120)
2026-10-01T08:32:36.5718509Z Updating files: 100% (9120/9120)
2026-10-01T08:32:36.5721557Z Updating files: 100% (9120/9120), done.
2026-10-01T08:32:36.5817254Z Switched to a new branch 'steward/t1766-canal-grocery-workshops'
2026-10-01T08:32:36.5824432Z branch 'steward/t1766-canal-grocery-workshops' set up to track 'origin/steward/t1766-canal-grocery-workshops'.
2026-10-01T08:32:36.5998207Z ##[endgroup]
2026-10-01T08:32:36.6043079Z [command]/usr/bin/git log -1 --format=%H
2026-10-01T08:32:36.6067938Z 9446a07a87b92ae4920e69398e1d986ad91f0bb4
2026-10-01T08:32:36.6334789Z ##[group]Run actions/setup-node@v4
2026-10-01T08:32:36.6335114Z with:
2026-10-01T08:32:36.6335343Z   node-version: 22
2026-10-01T08:32:36.6335590Z   always-auth: false
2026-10-01T08:32:36.6335812Z   check-latest: false
2026-10-01T08:32:36.6338262Z   token: ***
2026-10-01T08:32:36.6338474Z ##[endgroup]
2026-10-01T08:32:36.7870828Z (node:2279) [DEP0040] DeprecationWarning: The `punycode` module is deprecated. Please use a userland alternative instead.
2026-10-01T08:32:36.7872041Z (Use `node --trace-deprecation ...` to show where the warning was created)
2026-10-01T08:32:36.7873965Z Found in cache @ /opt/hostedtoolcache/node/22.23.2/x64
2026-10-01T08:32:36.7874930Z ##[group]Environment details
2026-10-01T08:32:37.2729812Z node: v22.23.2
2026-10-01T08:32:37.2730553Z npm: 10.9.8
2026-10-01T08:32:37.2730969Z yarn: 1.22.22
2026-10-01T08:32:37.2732456Z ##[endgroup]
2026-10-01T08:32:37.2865154Z ##[group]Run set -e
2026-10-01T08:32:37.2865485Z [36;1mset -e[0m
2026-10-01T08:32:37.2865750Z [36;1mnpm install -g playwright@1.56.1[0m
2026-10-01T08:32:37.2866194Z [36;1mnode "$(npm root -g)/playwright/cli.js" install --with-deps chromium[0m
2026-10-01T08:32:37.3204915Z shell: /usr/bin/bash -e {0}
2026-10-01T08:32:37.3205340Z ##[endgroup]
2026-10-01T08:32:39.6202134Z 
2026-10-01T08:32:39.6210328Z added 2 packages in 2s
2026-10-01T08:32:40.8113946Z Installing dependencies...
2026-10-01T08:32:40.8190337Z Switching to root user to install dependencies...
2026-10-01T08:32:41.3623764Z Get:1 file:/etc/apt/apt-mirrors.txt Mirrorlist [144 B]
2026-10-01T08:32:41.5229588Z Hit:2 http://azure.archive.ubuntu.com/ubuntu noble InRelease
2026-10-01T08:32:41.5250729Z Get:3 http://azure.archive.ubuntu.com/ubuntu noble-updates InRelease [126 kB]
2026-10-01T08:32:41.6116211Z Get:4 http://azure.archive.ubuntu.com/ubuntu noble-backports InRelease [126 kB]
2026-10-01T08:32:41.6765108Z Get:5 http://azure.archive.ubuntu.com/ubuntu noble-security InRelease [126 kB]
2026-10-01T08:32:41.7234745Z Get:6 https://packages.microsoft.com/ubuntu/24.04/prod noble InRelease [3600 B]
2026-10-01T08:32:41.8442782Z Get:7 http://azure.archive.ubuntu.com/ubuntu noble-updates/main amd64 Packages [1342 kB]
2026-10-01T08:32:41.8585252Z Get:8 http://azure.archive.ubuntu.com/ubuntu noble-updates/main Translation-en [302 kB]
2026-10-01T08:32:41.8606285Z Get:9 http://azure.archive.ubuntu.com/ubuntu noble-updates/main amd64 Components [181 kB]
2026-10-01T08:32:41.8635316Z Get:10 http://azure.archive.ubuntu.com/ubuntu noble-updates/universe amd64 Packages [1699 kB]
2026-10-01T08:32:41.8713648Z Get:11 http://azure.archive.ubuntu.com/ubuntu noble-updates/universe Translation-en [341 kB]
2026-10-01T08:32:41.8741690Z Get:12 http://azure.archive.ubuntu.com/ubuntu noble-updates/universe amd64 Components [388 kB]
2026-10-01T08:32:41.8763471Z Get:13 http://azure.archive.ubuntu.com/ubuntu noble-updates/restricted amd64 Packages [1697 kB]
2026-10-01T08:32:41.8870953Z Get:14 http://azure.archive.ubuntu.com/ubuntu noble-updates/restricted Translation-en [388 kB]
2026-10-01T08:32:41.8885826Z Get:15 http://azure.archive.ubuntu.com/ubuntu noble-updates/multiverse amd64 Components [940 B]
2026-10-01T08:32:41.9044445Z Get:16 http://azure.archive.ubuntu.com/ubuntu noble-backports/main amd64 Packages [40.6 kB]
2026-10-01T08:32:41.9514799Z Get:17 http://azure.archive.ubuntu.com/ubuntu noble-backports/main amd64 Components [5760 B]
2026-10-01T08:32:41.9523529Z Get:18 http://azure.archive.ubuntu.com/ubuntu noble-backports/universe amd64 Packages [31.0 kB]
2026-10-01T08:32:41.9535024Z Get:19 http://azure.archive.ubuntu.com/ubuntu noble-backports/universe Translation-en [18.6 kB]
2026-10-01T08:32:41.9544825Z Get:20 http://azure.archive.ubuntu.com/ubuntu noble-backports/universe amd64 Components [12.6 kB]
2026-10-01T08:32:41.9704703Z Get:21 http://azure.archive.ubuntu.com/ubuntu noble-security/main amd64 Packages [1066 kB]
2026-10-01T08:32:41.9754900Z Get:22 http://azure.archive.ubuntu.com/ubuntu noble-security/main Translation-en [220 kB]
2026-10-01T08:32:41.9772363Z Get:23 http://azure.archive.ubuntu.com/ubuntu noble-security/main amd64 Components [46.4 kB]
2026-10-01T08:32:41.9785479Z Get:24 http://azure.archive.ubuntu.com/ubuntu noble-security/universe amd64 Packages [1216 kB]
2026-10-01T08:32:41.9848612Z Get:25 http://azure.archive.ubuntu.com/ubuntu noble-security/universe Translation-en [244 kB]
2026-10-01T08:32:41.9868462Z Get:26 http://azure.archive.ubuntu.com/ubuntu noble-security/universe amd64 Components [76.3 kB]
2026-10-01T08:32:41.9881911Z Get:27 http://azure.archive.ubuntu.com/ubuntu noble-security/restricted amd64 Packages [1566 kB]
2026-10-01T08:32:41.9974489Z Get:28 http://azure.archive.ubuntu.com/ubuntu noble-security/restricted Translation-en [361 kB]
2026-10-01T08:32:42.0201667Z Get:29 https://packages.microsoft.com/ubuntu/24.04/prod noble/main amd64 Packages [509 kB]
2026-10-01T08:32:42.0271680Z Get:30 https://packages.microsoft.com/ubuntu/24.04/prod noble/main arm64 Packages [456 kB]
2026-10-01T08:32:46.5468753Z Fetched 12.6 MB in 2s (6942 kB/s)
2026-10-01T08:32:47.4264405Z Reading package lists...
2026-10-01T08:32:47.4519000Z Reading package lists...
2026-10-01T08:32:47.6925774Z Building dependency tree...
2026-10-01T08:32:47.6934886Z Reading state information...
2026-10-01T08:32:47.9041132Z libasound2t64 is already the newest version (1.2.11-1ubuntu0.3).
2026-10-01T08:32:47.9042113Z libasound2t64 set to manually installed.
2026-10-01T08:32:47.9043442Z libatk-bridge2.0-0t64 is already the newest version (2.52.0-1build1).
2026-10-01T08:32:47.9044462Z libatk-bridge2.0-0t64 set to manually installed.
2026-10-01T08:32:47.9045401Z libatk1.0-0t64 is already the newest version (2.52.0-1build1).
2026-10-01T08:32:47.9047047Z libatk1.0-0t64 set to manually installed.
2026-10-01T08:32:47.9048200Z libatspi2.0-0t64 is already the newest version (2.52.0-1build1).
2026-10-01T08:32:47.9049355Z libatspi2.0-0t64 set to manually installed.
2026-10-01T08:32:47.9050504Z libcairo2 is already the newest version (1.18.0-3build1).
2026-10-01T08:32:47.9051445Z libcairo2 set to manually installed.
2026-10-01T08:32:47.9052455Z libcups2t64 is already the newest version (2.4.7-1.2ubuntu7.14).
2026-10-01T08:32:47.9053759Z libcups2t64 set to manually installed.
2026-10-01T08:32:47.9054743Z libdbus-1-3 is already the newest version (1.14.10-4ubuntu4.1).
2026-10-01T08:32:47.9055688Z libdbus-1-3 set to manually installed.
2026-10-01T08:32:47.9056439Z libdrm2 is already the newest version (2.4.125-1ubuntu0.1~24.04.2).
2026-10-01T08:32:47.9057148Z libdrm2 set to manually installed.
2026-10-01T08:32:47.9057843Z libnspr4 is already the newest version (2:4.35-1.1build1).
2026-10-01T08:32:47.9058523Z libnspr4 set to manually installed.
2026-10-01T08:32:47.9059165Z libnss3 is already the newest version (2:3.98-1ubuntu0.2).
2026-10-01T08:32:47.9059563Z libnss3 set to manually installed.
2026-10-01T08:32:47.9059976Z libpango-1.0-0 is already the newest version (1.52.1+ds-1build1).
2026-10-01T08:32:47.9060403Z libpango-1.0-0 set to manually installed.
2026-10-01T08:32:47.9060808Z libx11-6 is already the newest version (2:1.8.7-1build1).
2026-10-01T08:32:47.9061181Z libx11-6 set to manually installed.
2026-10-01T08:32:47.9061934Z libxcb1 is already the newest version (1.15-1ubuntu2).
2026-10-01T08:32:47.9062593Z libxcb1 set to manually installed.
2026-10-01T08:32:47.9063579Z libxcomposite1 is already the newest version (1:0.4.5-1build3).
2026-10-01T08:32:47.9064365Z libxcomposite1 set to manually installed.
2026-10-01T08:32:47.9065155Z libxdamage1 is already the newest version (1:1.1.6-1build1).
2026-10-01T08:32:47.9065872Z libxdamage1 set to manually installed.
2026-10-01T08:32:47.9066618Z libxext6 is already the newest version (2:1.3.4-1build2).
2026-10-01T08:32:47.9067359Z libxext6 set to manually installed.
2026-10-01T08:32:47.9068129Z libxfixes3 is already the newest version (1:6.0.0-2build1).
2026-10-01T08:32:47.9068938Z libxfixes3 set to manually installed.
2026-10-01T08:32:47.9069728Z libxkbcommon0 is already the newest version (1.6.0-1build1).
2026-10-01T08:32:47.9070498Z libxkbcommon0 set to manually installed.
2026-10-01T08:32:47.9071271Z libxrandr2 is already the newest version (2:1.5.2-2build1).
2026-10-01T08:32:47.9071988Z libxrandr2 set to manually installed.
2026-10-01T08:32:47.9072874Z fonts-noto-color-emoji is already the newest version (2.047-0ubuntu0.24.04.1).
2026-10-01T08:32:47.9074286Z libfontconfig1 is already the newest version (2.15.0-1.1ubuntu2).
2026-10-01T08:32:47.9075077Z libfontconfig1 set to manually installed.
2026-10-01T08:32:47.9075905Z libfreetype6 is already the newest version (2.13.2+dfsg-1ubuntu0.1).
2026-10-01T08:32:47.9076680Z libfreetype6 set to manually installed.
2026-10-01T08:32:47.9077462Z fonts-liberation is already the newest version (1:2.1.5-3).
2026-10-01T08:32:47.9078223Z fonts-liberation set to manually installed.
2026-10-01T08:32:47.9078944Z The following additional packages will be installed:
2026-10-01T08:32:47.9080420Z   gir1.2-glib-2.0 libgl1-mesa-dri libglib2.0-bin libglib2.0-data libglx-mesa0
2026-10-01T08:32:47.9081429Z   libwayland-server0 mesa-libgallium xfonts-encodings xfonts-utils
2026-10-01T08:32:47.9082108Z   xserver-common
2026-10-01T08:32:47.9082544Z Suggested packages:
2026-10-01T08:32:47.9083259Z   low-memory-monitor
2026-10-01T08:32:47.9083726Z Recommended packages:
2026-10-01T08:32:47.9084327Z   fonts-ipafont-mincho fonts-tlwg-loma xfonts-base
2026-10-01T08:32:47.9350318Z The following NEW packages will be installed:
2026-10-01T08:32:47.9351046Z   fonts-freefont-ttf fonts-ipafont-gothic fonts-tlwg-loma-otf fonts-unifont
2026-10-01T08:32:47.9359981Z   fonts-wqy-zenhei libwayland-server0 xfonts-cyrillic xfonts-encodings
2026-10-01T08:32:47.9360749Z   xfonts-scalable xfonts-utils
2026-10-01T08:32:47.9365045Z The following packages will be upgraded:
2026-10-01T08:32:47.9366496Z   gir1.2-glib-2.0 libgbm1 libgl1-mesa-dri libglib2.0-0t64 libglib2.0-bin
2026-10-01T08:32:47.9371679Z   libglib2.0-data libglx-mesa0 mesa-libgallium xserver-common xvfb
2026-10-01T08:32:47.9551824Z 10 upgraded, 10 newly installed, 0 to remove and 36 not upgraded.
2026-10-01T08:32:47.9552572Z Need to get 34.9 MB of archives.
2026-10-01T08:32:47.9553523Z After this operation, 79.7 MB of additional disk space will be used.
2026-10-01T08:32:47.9554359Z Get:1 file:/etc/apt/apt-mirrors.txt Mirrorlist [144 B]
2026-10-01T08:32:48.0350219Z Get:2 http://azure.archive.ubuntu.com/ubuntu noble/universe amd64 fonts-ipafont-gothic all 00303-21ubuntu1 [3513 kB]
2026-10-01T08:32:48.1703595Z Get:3 http://azure.archive.ubuntu.com/ubuntu noble-updates/main amd64 libglib2.0-data all 2.80.0-6ubuntu3.9 [50.1 kB]
2026-10-01T08:32:48.2350002Z Get:4 http://azure.archive.ubuntu.com/ubuntu noble-updates/main amd64 libglib2.0-bin amd64 2.80.0-6ubuntu3.9 [97.9 kB]
2026-10-01T08:32:48.3030681Z Get:5 http://azure.archive.ubuntu.com/ubuntu noble-updates/main amd64 gir1.2-glib-2.0 amd64 2.80.0-6ubuntu3.9 [183 kB]
2026-10-01T08:32:48.3707454Z Get:6 http://azure.archive.ubuntu.com/ubuntu noble-updates/main amd64 libglib2.0-0t64 amd64 2.80.0-6ubuntu3.9 [1547 kB]
2026-10-01T08:32:48.4660289Z Get:7 http://azure.archive.ubuntu.com/ubuntu noble/main amd64 fonts-freefont-ttf all 20211204+svn4273-2 [5641 kB]
2026-10-01T08:32:48.6477792Z Get:8 http://azure.archive.ubuntu.com/ubuntu noble/universe amd64 fonts-tlwg-loma-otf all 1:0.7.3-1 [107 kB]
2026-10-01T08:32:48.7135757Z Get:9 http://azure.archive.ubuntu.com/ubuntu noble/universe amd64 fonts-unifont all 1:15.1.01-1build1 [2993 kB]
2026-10-01T08:32:48.8383359Z Get:10 http://azure.archive.ubuntu.com/ubuntu noble/universe amd64 fonts-wqy-zenhei all 0.9.45-8 [7472 kB]
2026-10-01T08:32:49.0555536Z Get:11 http://azure.archive.ubuntu.com/ubuntu noble-updates/main amd64 libgl1-mesa-dri amd64 25.2.8-0ubuntu0.24.04.3 [37.9 kB]
2026-10-01T08:32:49.1204190Z Get:12 http://azure.archive.ubuntu.com/ubuntu noble/main amd64 libwayland-server0 amd64 1.22.0-2.1build1 [33.9 kB]
2026-10-01T08:32:49.1850626Z Get:13 http://azure.archive.ubuntu.com/ubuntu noble-updates/main amd64 libglx-mesa0 amd64 25.2.8-0ubuntu0.24.04.3 [110 kB]
2026-10-01T08:32:49.2501647Z Get:14 http://azure.archive.ubuntu.com/ubuntu noble-updates/main amd64 libgbm1 amd64 25.2.8-0ubuntu0.24.04.3 [34.3 kB]
2026-10-01T08:32:49.3142532Z Get:15 http://azure.archive.ubuntu.com/ubuntu noble-updates/main amd64 mesa-libgallium amd64 25.2.8-0ubuntu0.24.04.3 [10.8 MB]
2026-10-01T08:32:49.5989973Z Get:16 http://azure.archive.ubuntu.com/ubuntu noble/main amd64 xfonts-encodings all 1:1.0.5-0ubuntu2 [578 kB]
2026-10-01T08:32:49.6727670Z Get:17 http://azure.archive.ubuntu.com/ubuntu noble/main amd64 xfonts-utils amd64 1:7.7+6build3 [94.4 kB]
2026-10-01T08:32:49.7366817Z Get:18 http://azure.archive.ubuntu.com/ubuntu noble/universe amd64 xfonts-cyrillic all 1:1.0.5+nmu1 [384 kB]
2026-10-01T08:32:49.8064307Z Get:19 http://azure.archive.ubuntu.com/ubuntu noble/main amd64 xfonts-scalable all 1:1.0.3-1.3 [304 kB]
2026-10-01T08:32:49.8747816Z Get:20 http://azure.archive.ubuntu.com/ubuntu noble-updates/main amd64 xserver-common all 2:21.1.12-1ubuntu1.8 [34.8 kB]
2026-10-01T08:32:49.9382315Z Get:21 http://azure.archive.ubuntu.com/ubuntu noble-updates/universe amd64 xvfb amd64 2:21.1.12-1ubuntu1.8 [877 kB]
2026-10-01T08:32:50.2256921Z Fetched 34.9 MB in 2s (17.3 MB/s)
2026-10-01T08:32:50.2504362Z Selecting previously unselected package fonts-ipafont-gothic.
2026-10-01T08:32:50.2836609Z (Reading database ... 
2026-10-01T08:32:50.2837431Z (Reading database ... 5%
2026-10-01T08:32:50.2837860Z (Reading database ... 10%
2026-10-01T08:32:50.2838185Z (Reading database ... 15%
2026-10-01T08:32:50.2838492Z (Reading database ... 20%
2026-10-01T08:32:50.2838816Z (Reading database ... 25%
2026-10-01T08:32:50.2839113Z (Reading database ... 30%
2026-10-01T08:32:50.2839404Z (Reading database ... 35%
2026-10-01T08:32:50.2840014Z (Reading database ... 40%
2026-10-01T08:32:50.2840311Z (Reading database ... 45%
2026-10-01T08:32:50.2840600Z (Reading database ... 50%
2026-10-01T08:32:50.2891021Z (Reading database ... 55%
2026-10-01T08:32:50.3801724Z (Reading database ... 60%
2026-10-01T08:32:50.5722422Z (Reading database ... 65%
2026-10-01T08:32:50.7774650Z (Reading database ... 70%
2026-10-01T08:32:50.9804459Z (Reading database ... 75%
2026-10-01T08:32:51.1222637Z (Reading database ... 80%
2026-10-01T08:32:51.3316494Z (Reading database ... 85%
2026-10-01T08:32:51.5303433Z (Reading database ... 90%
2026-10-01T08:32:51.7284278Z (Reading database ... 95%
2026-10-01T08:32:51.7284980Z (Reading database ... 100%
2026-10-01T08:32:51.7285755Z (Reading database ... 202190 files and directories currently installed.)
2026-10-01T08:32:51.7331174Z Preparing to unpack .../00-fonts-ipafont-gothic_00303-21ubuntu1_all.deb ...
2026-10-01T08:32:51.7424620Z Unpacking fonts-ipafont-gothic (00303-21ubuntu1) ...
2026-10-01T08:32:51.9821348Z Preparing to unpack .../01-libglib2.0-data_2.80.0-6ubuntu3.9_all.deb ...
2026-10-01T08:32:51.9846645Z Unpacking libglib2.0-data (2.80.0-6ubuntu3.9) over (2.80.0-6ubuntu3.8) ...
2026-10-01T08:32:52.0205314Z Preparing to unpack .../02-libglib2.0-bin_2.80.0-6ubuntu3.9_amd64.deb ...
2026-10-01T08:32:52.0234302Z Unpacking libglib2.0-bin (2.80.0-6ubuntu3.9) over (2.80.0-6ubuntu3.8) ...
2026-10-01T08:32:52.0771602Z Preparing to unpack .../03-gir1.2-glib-2.0_2.80.0-6ubuntu3.9_amd64.deb ...
2026-10-01T08:32:52.0800379Z Unpacking gir1.2-glib-2.0:amd64 (2.80.0-6ubuntu3.9) over (2.80.0-6ubuntu3.8) ...
2026-10-01T08:32:52.1226476Z Preparing to unpack .../04-libglib2.0-0t64_2.80.0-6ubuntu3.9_amd64.deb ...
2026-10-01T08:32:52.1304346Z Unpacking libglib2.0-0t64:amd64 (2.80.0-6ubuntu3.9) over (2.80.0-6ubuntu3.8) ...
2026-10-01T08:32:52.1755664Z Selecting previously unselected package fonts-freefont-ttf.
2026-10-01T08:32:52.1892183Z Preparing to unpack .../05-fonts-freefont-ttf_20211204+svn4273-2_all.deb ...
2026-10-01T08:32:52.1900637Z Unpacking fonts-freefont-ttf (20211204+svn4273-2) ...
2026-10-01T08:32:52.2684567Z Selecting previously unselected package fonts-tlwg-loma-otf.
2026-10-01T08:32:52.2814985Z Preparing to unpack .../06-fonts-tlwg-loma-otf_1%3a0.7.3-1_all.deb ...
2026-10-01T08:32:52.2823892Z Unpacking fonts-tlwg-loma-otf (1:0.7.3-1) ...
2026-10-01T08:32:52.3034187Z Selecting previously unselected package fonts-unifont.
2026-10-01T08:32:52.3164552Z Preparing to unpack .../07-fonts-unifont_1%3a15.1.01-1build1_all.deb ...
2026-10-01T08:32:52.3175842Z Unpacking fonts-unifont (1:15.1.01-1build1) ...
2026-10-01T08:32:52.4219856Z Selecting previously unselected package fonts-wqy-zenhei.
2026-10-01T08:32:52.4352501Z Preparing to unpack .../08-fonts-wqy-zenhei_0.9.45-8_all.deb ...
2026-10-01T08:32:52.4486856Z Unpacking fonts-wqy-zenhei (0.9.45-8) ...
2026-10-01T08:32:52.9443825Z Preparing to unpack .../09-libgl1-mesa-dri_25.2.8-0ubuntu0.24.04.3_amd64.deb ...
2026-10-01T08:32:52.9595187Z Unpacking libgl1-mesa-dri:amd64 (25.2.8-0ubuntu0.24.04.3) over (25.2.8-0ubuntu0.24.04.2) ...
2026-10-01T08:32:52.9999872Z Selecting previously unselected package libwayland-server0:amd64.
2026-10-01T08:32:53.0132844Z Preparing to unpack .../10-libwayland-server0_1.22.0-2.1build1_amd64.deb ...
2026-10-01T08:32:53.0141800Z Unpacking libwayland-server0:amd64 (1.22.0-2.1build1) ...
2026-10-01T08:32:53.0484488Z Preparing to unpack .../11-libglx-mesa0_25.2.8-0ubuntu0.24.04.3_amd64.deb ...
2026-10-01T08:32:53.0517773Z Unpacking libglx-mesa0:amd64 (25.2.8-0ubuntu0.24.04.3) over (25.2.8-0ubuntu0.24.04.2) ...
2026-10-01T08:32:53.0919126Z Preparing to unpack .../12-libgbm1_25.2.8-0ubuntu0.24.04.3_amd64.deb ...
2026-10-01T08:32:53.0945235Z Unpacking libgbm1:amd64 (25.2.8-0ubuntu0.24.04.3) over (25.2.8-0ubuntu0.24.04.2) ...
2026-10-01T08:32:53.1319959Z Preparing to unpack .../13-mesa-libgallium_25.2.8-0ubuntu0.24.04.3_amd64.deb ...
2026-10-01T08:32:53.1345317Z Unpacking mesa-libgallium:amd64 (25.2.8-0ubuntu0.24.04.3) over (25.2.8-0ubuntu0.24.04.2) ...
2026-10-01T08:32:53.3023736Z Selecting previously unselected package xfonts-encodings.
2026-10-01T08:32:53.3159283Z Preparing to unpack .../14-xfonts-encodings_1%3a1.0.5-0ubuntu2_all.deb ...
2026-10-01T08:32:53.3200879Z Unpacking xfonts-encodings (1:1.0.5-0ubuntu2) ...
2026-10-01T08:32:53.3487568Z Selecting previously unselected package xfonts-utils.
2026-10-01T08:32:53.3615355Z Preparing to unpack .../15-xfonts-utils_1%3a7.7+6build3_amd64.deb ...
2026-10-01T08:32:53.3622781Z Unpacking xfonts-utils (1:7.7+6build3) ...
2026-10-01T08:32:53.3967321Z Selecting previously unselected package xfonts-cyrillic.
2026-10-01T08:32:53.4100320Z Preparing to unpack .../16-xfonts-cyrillic_1%3a1.0.5+nmu1_all.deb ...
2026-10-01T08:32:53.4124435Z Unpacking xfonts-cyrillic (1:1.0.5+nmu1) ...
2026-10-01T08:32:53.4522438Z Selecting previously unselected package xfonts-scalable.
2026-10-01T08:32:53.4656184Z Preparing to unpack .../17-xfonts-scalable_1%3a1.0.3-1.3_all.deb ...
2026-10-01T08:32:53.4664119Z Unpacking xfonts-scalable (1:1.0.3-1.3) ...
2026-10-01T08:32:53.5023470Z Preparing to unpack .../18-xserver-common_2%3a21.1.12-1ubuntu1.8_all.deb ...
2026-10-01T08:32:53.5044536Z Unpacking xserver-common (2:21.1.12-1ubuntu1.8) over (2:21.1.12-1ubuntu1.6) ...
2026-10-01T08:32:53.5398027Z Preparing to unpack .../19-xvfb_2%3a21.1.12-1ubuntu1.8_amd64.deb ...
2026-10-01T08:32:53.5417354Z Unpacking xvfb (2:21.1.12-1ubuntu1.8) over (2:21.1.12-1ubuntu1.6) ...
2026-10-01T08:32:53.5981531Z Setting up libwayland-server0:amd64 (1.22.0-2.1build1) ...
2026-10-01T08:32:53.6001142Z Setting up mesa-libgallium:amd64 (25.2.8-0ubuntu0.24.04.3) ...
2026-10-01T08:32:53.6016981Z Setting up libgbm1:amd64 (25.2.8-0ubuntu0.24.04.3) ...
2026-10-01T08:32:53.6033494Z Setting up libgl1-mesa-dri:amd64 (25.2.8-0ubuntu0.24.04.3) ...
2026-10-01T08:32:53.6103391Z Setting up fonts-wqy-zenhei (0.9.45-8) ...
2026-10-01T08:32:53.6211488Z Setting up fonts-freefont-ttf (20211204+svn4273-2) ...
2026-10-01T08:32:53.6227617Z Setting up libglib2.0-0t64:amd64 (2.80.0-6ubuntu3.9) ...
2026-10-01T08:32:53.6341501Z Setting up libglib2.0-data (2.80.0-6ubuntu3.9) ...
2026-10-01T08:32:53.6360295Z Setting up fonts-tlwg-loma-otf (1:0.7.3-1) ...
2026-10-01T08:32:53.6379611Z Setting up xfonts-encodings (1:1.0.5-0ubuntu2) ...
2026-10-01T08:32:53.6399250Z Setting up gir1.2-glib-2.0:amd64 (2.80.0-6ubuntu3.9) ...
2026-10-01T08:32:53.6418120Z Setting up fonts-ipafont-gothic (00303-21ubuntu1) ...
2026-10-01T08:32:53.6480465Z update-alternatives: using /usr/share/fonts/opentype/ipafont-gothic/ipag.ttf to provide /usr/share/fonts/truetype/fonts-japanese-gothic.ttf (fonts-japanese-gothic.ttf) in auto mode
2026-10-01T08:32:53.6497118Z Setting up xserver-common (2:21.1.12-1ubuntu1.8) ...
2026-10-01T08:32:53.6515161Z Setting up fonts-unifont (1:15.1.01-1build1) ...
2026-10-01T08:32:53.6537010Z Setting up libglx-mesa0:amd64 (25.2.8-0ubuntu0.24.04.3) ...
2026-10-01T08:32:53.6556565Z Setting up xvfb (2:21.1.12-1ubuntu1.8) ...
2026-10-01T08:32:53.6575760Z Setting up libglib2.0-bin (2.80.0-6ubuntu3.9) ...
2026-10-01T08:32:53.6595638Z Setting up xfonts-utils (1:7.7+6build3) ...
2026-10-01T08:32:53.6636614Z Setting up xfonts-cyrillic (1:1.0.5+nmu1) ...
2026-10-01T08:32:53.6933326Z Setting up xfonts-scalable (1:1.0.3-1.3) ...
2026-10-01T08:32:53.7212051Z Processing triggers for libc-bin (2.39-0ubuntu8.9) ...
2026-10-01T08:32:53.7580429Z Processing triggers for man-db (2.12.0-4build2) ...
2026-10-01T08:32:53.7605665Z Not building database; man-db/auto-update is not 'true'.
2026-10-01T08:32:53.7617859Z Processing triggers for fontconfig (2.15.0-1.1ubuntu2) ...
2026-10-01T08:32:54.4455983Z 
2026-10-01T08:32:54.4457129Z Running kernel seems to be up-to-date.
2026-10-01T08:32:54.4457719Z 
2026-10-01T08:32:54.4457936Z Restarting services...
2026-10-01T08:32:54.4921410Z  systemctl restart packagekit.service php8.3-fpm.service polkit.service udisks2.service
2026-10-01T08:32:54.6494492Z 
2026-10-01T08:32:54.6495082Z Service restarts being deferred:
2026-10-01T08:32:54.6495531Z  systemctl restart ModemManager.service
2026-10-01T08:32:54.6496488Z  systemctl restart networkd-dispatcher.service
2026-10-01T08:32:54.6496820Z 
2026-10-01T08:32:54.6497334Z No containers need to be restarted.
2026-10-01T08:32:54.6497666Z 
2026-10-01T08:32:54.6498006Z No user sessions are running outdated binaries.
2026-10-01T08:32:54.6498379Z 
2026-10-01T08:32:54.6498893Z No VM guests are running outdated hypervisor (qemu) binaries on this host.
2026-10-01T08:32:55.7057046Z Downloading Chromium 141.0.7390.37 (playwright build v1194) from https://cdn.playwright.dev/dbazure/download/playwright/builds/chromium/1194/chromium-linux.zip
2026-10-01T08:32:55.8638112Z |                                                                                |   0% of 173.9 MiB
2026-10-01T08:32:56.0496460Z |■■■■■■■■                                                                        |  10% of 173.9 MiB
2026-10-01T08:32:56.1458008Z |■■■■■■■■■■■■■■■■                                                                |  20% of 173.9 MiB
2026-10-01T08:32:56.2276010Z |■■■■■■■■■■■■■■■■■■■■■■■■                                                        |  30% of 173.9 MiB
2026-10-01T08:32:56.2938470Z |■■■■■■■■■■■■■■■■■■■■■■■■■■■■■■■■                                                |  40% of 173.9 MiB
2026-10-01T08:32:56.3656174Z |■■■■■■■■■■■■■■■■■■■■■■■■■■■■■■■■■■■■■■■■                                        |  50% of 173.9 MiB
2026-10-01T08:32:56.4303832Z |■■■■■■■■■■■■■■■■■■■■■■■■■■■■■■■■■■■■■■■■■■■■■■■■                                |  60% of 173.9 MiB
2026-10-01T08:32:56.4874566Z |■■■■■■■■■■■■■■■■■■■■■■■■■■■■■■■■■■■■■■■■■■■■■■■■■■■■■■■■                        |  70% of 173.9 MiB
2026-10-01T08:32:56.5475082Z |■■■■■■■■■■■■■■■■■■■■■■■■■■■■■■■■■■■■■■■■■■■■■■■■■■■■■■■■■■■■■■■■                |  80% of 173.9 MiB
2026-10-01T08:32:56.6044154Z |■■■■■■■■■■■■■■■■■■■■■■■■■■■■■■■■■■■■■■■■■■■■■■■■■■■■■■■■■■■■■■■■■■■■■■■■        |  90% of 173.9 MiB
2026-10-01T08:32:56.6629238Z |■■■■■■■■■■■■■■■■■■■■■■■■■■■■■■■■■■■■■■■■■■■■■■■■■■■■■■■■■■■■■■■■■■■■■■■■■■■■■■■■| 100% of 173.9 MiB
2026-10-01T08:33:00.2067152Z Chromium 141.0.7390.37 (playwright build v1194) downloaded to /home/runner/.cache/ms-playwright/chromium-1194
2026-10-01T08:33:00.2070908Z Downloading FFMPEG playwright build v1011 from https://cdn.playwright.dev/dbazure/download/playwright/builds/ffmpeg/1011/ffmpeg-linux.zip
2026-10-01T08:33:00.3615899Z |                                                                                |   0% of 2.3 MiB
2026-10-01T08:33:00.3652589Z |■■■■■■■■                                                                        |  10% of 2.3 MiB
2026-10-01T08:33:00.3685898Z |■■■■■■■■■■■■■■■■                                                                |  20% of 2.3 MiB
2026-10-01T08:33:00.3709784Z |■■■■■■■■■■■■■■■■■■■■■■■■                                                        |  30% of 2.3 MiB
2026-10-01T08:33:00.3722214Z |■■■■■■■■■■■■■■■■■■■■■■■■■■■■■■■■                                                |  40% of 2.3 MiB
2026-10-01T08:33:00.3750099Z |■■■■■■■■■■■■■■■■■■■■■■■■■■■■■■■■■■■■■■■■                                        |  50% of 2.3 MiB
2026-10-01T08:33:00.3769607Z |■■■■■■■■■■■■■■■■■■■■■■■■■■■■■■■■■■■■■■■■■■■■■■■■                                |  60% of 2.3 MiB
2026-10-01T08:33:00.3788782Z |■■■■■■■■■■■■■■■■■■■■■■■■■■■■■■■■■■■■■■■■■■■■■■■■■■■■■■■■                        |  70% of 2.3 MiB
2026-10-01T08:33:00.3807122Z |■■■■■■■■■■■■■■■■■■■■■■■■■■■■■■■■■■■■■■■■■■■■■■■■■■■■■■■■■■■■■■■■                |  80% of 2.3 MiB
2026-10-01T08:33:00.3825552Z |■■■■■■■■■■■■■■■■■■■■■■■■■■■■■■■■■■■■■■■■■■■■■■■■■■■■■■■■■■■■■■■■■■■■■■■■        |  90% of 2.3 MiB
2026-10-01T08:33:00.3842446Z |■■■■■■■■■■■■■■■■■■■■■■■■■■■■■■■■■■■■■■■■■■■■■■■■■■■■■■■■■■■■■■■■■■■■■■■■■■■■■■■■| 100% of 2.3 MiB
2026-10-01T08:33:00.4404208Z FFMPEG playwright build v1011 downloaded to /home/runner/.cache/ms-playwright/ffmpeg-1011
2026-10-01T08:33:00.4407808Z Downloading Chromium Headless Shell 141.0.7390.37 (playwright build v1194) from https://cdn.playwright.dev/dbazure/download/playwright/builds/chromium/1194/chromium-headless-shell-linux.zip
2026-10-01T08:33:00.5782696Z |                                                                                |   0% of 104.3 MiB
2026-10-01T08:33:00.6584805Z |■■■■■■■■                                                                        |  10% of 104.3 MiB
2026-10-01T08:33:00.7241977Z |■■■■■■■■■■■■■■■■                                                                |  20% of 104.3 MiB
2026-10-01T08:33:00.7708958Z |■■■■■■■■■■■■■■■■■■■■■■■■                                                        |  30% of 104.3 MiB
2026-10-01T08:33:00.8208388Z |■■■■■■■■■■■■■■■■■■■■■■■■■■■■■■■■                                                |  40% of 104.3 MiB
2026-10-01T08:33:00.8585962Z |■■■■■■■■■■■■■■■■■■■■■■■■■■■■■■■■■■■■■■■■                                        |  50% of 104.3 MiB
2026-10-01T08:33:00.9046466Z |■■■■■■■■■■■■■■■■■■■■■■■■■■■■■■■■■■■■■■■■■■■■■■■■                                |  60% of 104.3 MiB
2026-10-01T08:33:00.9409573Z |■■■■■■■■■■■■■■■■■■■■■■■■■■■■■■■■■■■■■■■■■■■■■■■■■■■■■■■■                        |  70% of 104.3 MiB
2026-10-01T08:33:00.9883673Z |■■■■■■■■■■■■■■■■■■■■■■■■■■■■■■■■■■■■■■■■■■■■■■■■■■■■■■■■■■■■■■■■                |  80% of 104.3 MiB
2026-10-01T08:33:01.0264849Z |■■■■■■■■■■■■■■■■■■■■■■■■■■■■■■■■■■■■■■■■■■■■■■■■■■■■■■■■■■■■■■■■■■■■■■■■        |  90% of 104.3 MiB
2026-10-01T08:33:01.0649292Z |■■■■■■■■■■■■■■■■■■■■■■■■■■■■■■■■■■■■■■■■■■■■■■■■■■■■■■■■■■■■■■■■■■■■■■■■■■■■■■■■| 100% of 104.3 MiB
2026-10-01T08:33:02.9270077Z Chromium Headless Shell 141.0.7390.37 (playwright build v1194) downloaded to /home/runner/.cache/ms-playwright/chromium_headless_shell-1194
2026-10-01T08:33:03.0178539Z ##[group]Run bash tools/publish.sh
2026-10-01T08:33:03.0178889Z [36;1mbash tools/publish.sh[0m
2026-10-01T08:33:03.0247716Z shell: /usr/bin/bash -e {0}
2026-10-01T08:33:03.0248085Z ##[endgroup]
2026-10-01T08:33:03.9538298Z Glessner v4 package verified; 3 missing GLB(s) materialized.
2026-10-01T08:33:04.6225831Z shipped derivatives: 504 pair(s) carry the master's triangles, node identity and contract attributes; worst bounding-box disagreement 2.68 of 4 rungs; 0 asset(s) lose their material identity to the publish path (banked, K36(b)); 4 master passthrough(s), all of them decided (K38); and every one of them records the master it was made from, which is still the master in the tree (K39)
2026-10-01T08:33:04.6780610Z Prairie Avenue browser published: /home/runner/work/chicago/chicago/site/4d/prairie-1904
2026-10-01T08:33:04.7605456Z published 15 map images + viewer + media to site/pre-fire
2026-10-01T08:33:04.8662401Z    changelog.js published to site/4d/js/changelog.js (T-0722)
2026-10-01T08:33:04.9636964Z    changelog.js published to site/4d/walk/js/changelog.js (T-0722)
2026-10-01T08:33:06.4154498Z tickets: cloned https://github.com/kevinrhaas/chicago-tickets.git → tickets/ (1661 tickets)
2026-10-01T08:33:07.8367419Z entry pages: index.html, 1812/index.html, 1835/index.html, 1880/index.html, 1904/index.html
2026-10-01T08:33:07.8439491Z    build 9446a07  Oct 1, 2026, 3:33 AM CT
2026-10-01T08:33:07.9020711Z published ../../site/4d  (57.37 MB)
2026-10-01T08:33:07.9073797Z ##[group]Run node tools/smoke_renderer.mjs --published
2026-10-01T08:33:07.9074271Z [36;1mnode tools/smoke_renderer.mjs --published[0m
2026-10-01T08:33:07.9136855Z shell: /usr/bin/bash -e {0}
2026-10-01T08:33:07.9137122Z env:
2026-10-01T08:33:07.9137329Z   SMOKE_VIEWPORT: mobile
2026-10-01T08:33:07.9137575Z   SMOKE_STAGE: 10-13
2026-10-01T08:33:07.9137801Z ##[endgroup]
2026-10-01T08:33:08.3448070Z serving /home/runner/work/chicago/chicago/site/4d on 4187 — PUBLISHED mirror (compressed assets, visitor layout)
2026-10-01T08:33:08.3448818Z 
2026-10-01T08:33:08.3449223Z NOT THE FULL GATE — viewports filtered to "mobile"
2026-10-01T08:33:08.3449575Z 
2026-10-01T08:33:08.3450024Z NOT THE FULL GATE — stages filtered to "10-13" of 13
2026-10-01T08:33:08.3450363Z 
2026-10-01T08:33:08.3450859Z mobile 390x780:
2026-10-01T08:33:08.9464146Z   pass  mobile 390x780: page serves
2026-10-01T08:33:27.9996124Z   pass  mobile 390x780: scene reaches ready
2026-10-01T08:33:31.4379912Z   pass  mobile 390x780: the scene declares its exact consultation blockers
2026-10-01T08:33:31.4392925Z   pass  mobile 390x780: no unexpected loader problems
2026-10-01T08:33:31.4399976Z   pass  mobile 390x780: scene has structures
2026-10-01T08:33:31.4424244Z   pass  mobile 390x780: every structure that should draw, drew
2026-10-01T08:33:48.3920382Z   pass  mobile 390x780: detailed flora roots share the terrain and water surfaces
2026-10-01T08:33:48.3938980Z   pass  mobile 390x780: emergent flora stays within eight metres of a riverbank
2026-10-01T08:33:48.3955036Z   pass  mobile 390x780: woody vegetation never occupies the river mask
2026-10-01T08:33:48.3981111Z   pass  mobile 390x780: no tree stands below the waterline
2026-10-01T08:33:55.4378304Z   pass  mobile 390x780: every tree drawn stands at its own station
2026-10-01T08:33:55.4380026Z   pass  mobile 390x780: no timber is drawn out in the channel
2026-10-01T08:33:57.2335991Z   pass  mobile 390x780: every building is drawn around the anchor its record gives it
2026-10-01T08:33:57.2337632Z   pass  mobile 390x780: every panel of road is drawn on a street the data records
2026-10-01T08:33:57.2344154Z   pass  mobile 390x780: the horizon band refuses to draw timber over water
2026-10-01T08:33:58.9338055Z   pass  mobile 390x780: the horizon band and the fogged ground converge on one colour
2026-10-01T08:33:58.9339712Z   pass  mobile 390x780: the crown modulation never deletes a resolvable silhouette
2026-10-01T08:33:58.9340880Z   pass  mobile 390x780: the band is solved against this viewport, not a default one
2026-10-01T08:34:00.6555402Z   pass  mobile 390x780: every species the stand owes a stem to stands in it
2026-10-01T08:34:00.6556298Z   pass  mobile 390x780: the American sycamore stands on the riverbank
2026-10-01T08:34:02.3692029Z   pass  mobile 390x780: every slot the sward deals is counted against a species
2026-10-01T08:34:02.3710200Z   note  mobile 390x780: sward abundance — 6 of 27 lists mix an area with a count (z03_sedge_meadow.matrix 33.4% of slots dealt off counts; z03_sedge_meadow.forb 1.0% of slots dealt off counts; z08_lakeshore.matrix 2.1% of slots dealt off counts; z09_sand_prairie.matrix 0.0% of slots dealt off counts; z06_dense_forest.forb 89.8% of slots dealt off counts; z06_dense_forest.shrub 31.0% of slots dealt off counts)
2026-10-01T08:34:02.3715811Z   note  mobile 390x780: 0 record(s) give cover with no width_m, so no count can be derived without inventing a footprint
2026-10-01T08:34:02.3718049Z   note  mobile 390x780: sward tail — 0 species owed a whole slot and drawn nowhere, over 84 slots in z10_settled_town.matrix=78 z10_settled_town.forb=6
2026-10-01T08:37:07.0644004Z   pass  mobile 390x780: no sward species its own list owes a plant to is drawn nowhere, in ANY community
2026-10-01T08:37:07.0646982Z   note  mobile 390x780: sward census by detail — full 11187 slots, 0 drawn nowhere  ·  balanced 6252 slots, 0 drawn nowhere  ·  light 4055 slots, 1 drawn nowhere (z10_settled_town.forb.xanthium_strumarium owed 1.30 at z10_settled_town)
2026-10-01T08:37:08.9849557Z   pass  mobile 390x780: no floating-leaved aquatic is planted on dry ground
2026-10-01T08:37:08.9850851Z   pass  mobile 390x780: the marsh's emergents still stand on both sides of its waterline
2026-10-01T08:37:08.9851998Z   pass  mobile 390x780: the marsh community is split by the substrate its records state
2026-10-01T08:37:10.8264231Z   pass  mobile 390x780: every flora fade ring is inset inside its own lattice
2026-10-01T08:37:10.8308532Z   pass  mobile 390x780: a plant in front of the walker never arrives already visible
2026-10-01T08:37:10.8314462Z   pass  mobile 390x780: a plant is drawn at its own height, faint, never short
2026-10-01T08:38:33.2314233Z   pass  mobile 390x780: every drawn flower head has a plant under its own stalk
2026-10-01T08:39:31.9691932Z   pass  mobile 390x780: an open station exists to measure the sward's boundary from
2026-10-01T08:39:31.9716065Z   pass  mobile 390x780: the sward's outer boundary is not a constant screen row — 16/16 bearing bins from E -300 N -300, boundary rows spread 20.1 px, reach 10.32-13.27 m at 6.25% coverage (at the old 2%: 16/16 bins, spread 20.1 px, reach 10.32-13.27 m)
2026-10-01T08:39:31.9762038Z   pass  mobile 390x780: the boundary's variation is the fringe, not a hole in the field — reach 10.32-13.27 m, mean 12.02 m at 6.25% coverage against a nominal 12.40 +/- 1.60 m (bars: min >= 9.50, mean >= 11.50, both carrying the 0.10 m the 6.25% threshold insets a 1.60 m ramp by); at the old 2%: 10.32-13.27 m, mean 12.03 m
2026-10-01T08:39:31.9777860Z   pass  mobile 390x780: the flower layer's boundary is fringed too, not only the grass — forb rings span 10.82-13.74 m about a nominal 12.40 +/- 1.60 m
2026-10-01T08:39:31.9801920Z   pass  mobile 390x780: the ragged boundary is anchored to the ground, not to the camera
2026-10-01T08:40:26.1915092Z   pass  mobile 390x780: every community's recorded ground cover reaches the renderer
2026-10-01T08:40:26.1969614Z   pass  mobile 390x780: the sward is planted at each community's own recorded cover
2026-10-01T08:40:26.2000900Z   pass  mobile 390x780: every structure, including Exchange Coffee House, shares the terrain surface
2026-10-01T08:40:26.2025881Z   pass  mobile 390x780: street clearing removes travel-track plants but preserves the block
2026-10-01T08:40:26.2053721Z   pass  mobile 390x780: the readout shows both 1835 and current names at an intersection
2026-10-01T08:40:26.2083902Z   pass  mobile 390x780: the street readout announces the next cross street ahead
2026-10-01T08:41:27.5990375Z   pass  mobile 390x780: Settings can reopen the dismissed navigation guide
2026-10-01T08:42:10.5811620Z   pass  mobile 390x780: Settings switches every navigation measurement as one unit system
2026-10-01T08:42:36.1429823Z   pass  mobile 390x780: eye height starts at the researched period figure
2026-10-01T08:42:36.1431061Z   pass  mobile 390x780: the eye height readout is a stature, not rounded to whole feet
2026-10-01T08:42:36.1432014Z   pass  mobile 390x780: moving the eye height slider moves the eye immediately
2026-10-01T08:42:36.1434206Z   pass  mobile 390x780: eye height does not yank the camera down mid-flight
2026-10-01T08:42:36.1435337Z   pass  mobile 390x780: the eye height range covers short to tall without absurdity
2026-10-01T08:42:48.0021494Z   pass  mobile 390x780: typing in the search box does not walk the camera
2026-10-01T08:42:48.0022691Z   pass  mobile 390x780: typing an 'f' does not take off
2026-10-01T08:42:51.3905326Z   pass  mobile 390x780: the rail lists the eight sections in order, Go to first
2026-10-01T08:42:51.3907268Z   pass  mobile 390x780: eight rail items fit the panel unsqueezed — one column on desktop, one row on a phone
2026-10-01T08:42:51.3908746Z   pass  mobile 390x780: Settings no longer carries a second list of viewpoints
2026-10-01T08:42:56.7650618Z   pass  mobile 390x780: G opens the Go to tab
2026-10-01T08:42:59.0231314Z   pass  mobile 390x780: jump menu lists every structure that stood here, and every roof once asked
2026-10-01T08:42:59.0233881Z   pass  mobile 390x780: jump menu includes every verified intersection
2026-10-01T08:42:59.0235311Z   pass  mobile 390x780: jump menu includes every viewpoint the scene names
2026-10-01T08:42:59.0237381Z   pass  mobile 390x780: every structure result carries its record's presence grade as its chip and its position grade as data
2026-10-01T08:42:59.0239292Z   pass  mobile 390x780: a viewpoint and a survey junction are not graded like a building
2026-10-01T08:42:59.0241131Z   pass  mobile 390x780: the three grades are told apart by colour, not only by their words
2026-10-01T08:42:59.0242786Z   pass  mobile 390x780: the tab counts its own list rather than quoting a written total
2026-10-01T08:42:59.0244495Z   pass  mobile 390x780: jump search finds an intersection by both street names
2026-10-01T08:43:02.3190019Z   pass  mobile 390x780: an intersection result moves the visitor there
2026-10-01T08:43:16.7400519Z   pass  mobile 390x780: opening the drawer tucks an open card aside without closing it
2026-10-01T08:43:16.7401477Z   pass  mobile 390x780: closing the drawer brings the tucked card back
2026-10-01T08:43:16.7402377Z   pass  mobile 390x780: the drawer reaches the bottom of the screen and starts under the year badge
2026-10-01T08:43:28.9091016Z   pass  mobile 390x780: the Taverns pill narrows the list to taverns, inns and hotels, the Sauganash among them
2026-10-01T08:43:28.9092626Z   pass  mobile 390x780: every row is filed under one of the ten groups, beneath that group's heading
2026-10-01T08:43:28.9094109Z   pass  mobile 390x780: visible rows equal the shared destination inventory
2026-10-01T08:43:28.9095314Z   pass  mobile 390x780: located rows say how far and which way; unknown addresses invent no metres
2026-10-01T08:43:28.9096989Z   pass  mobile 390x780: the distances follow the visitor — 100 m further east reads 100 m further
2026-10-01T08:43:28.9098883Z   pass  mobile 390x780: ArrowDown steps the list a row at a time — two reach the second, three the third — and Enter goes there
2026-10-01T08:43:41.4588064Z   pass  mobile 390x780: Travel offers instantly, walk, wagon, horse and fly
2026-10-01T08:43:41.4612886Z   pass  mobile 390x780: the travel mode chosen is the one the walker rides and the one stored
2026-10-01T08:43:41.4614309Z   pass  mobile 390x780: each pace sets the walker to its own slider, its Shift factor and its seat
2026-10-01T08:43:41.4615743Z   pass  mobile 390x780: the three pace sliders top out at 20, 30 and 60 mph and name the gait as they move
2026-10-01T08:43:41.4617021Z   pass  mobile 390x780: the horse's gait moves the rider's eye a few centimetres, and stops when they do
2026-10-01T08:43:41.4618111Z   pass  mobile 390x780: the gait is off with the setting off, and back with it
2026-10-01T08:43:41.4618998Z   pass  mobile 390x780: the gait is off under prefers-reduced-motion
2026-10-01T08:43:45.0938794Z   pass  mobile 390x780: choosing the Sauganash on foot starts a walk and says so
2026-10-01T08:43:45.0939868Z   pass  mobile 390x780: the walk ends at the Sauganash's door with its card open
2026-10-01T08:43:45.0941434Z   pass  mobile 390x780: the walk from South Water keeps to the streets
2026-10-01T08:43:45.0942338Z   pass  mobile 390x780: the visitor's own step ends a ride and is not swallowed
2026-10-01T08:43:47.8805260Z   pass  mobile 390x780: the banner's Stop button ends a ride
2026-10-01T08:43:49.3876619Z   pass  mobile 390x780: flying to a far building climbs to a cruise height, lands and opens its card
2026-10-01T08:43:49.3877708Z   pass  mobile 390x780: instantly is still instant
2026-10-01T08:44:22.0094823Z   pass  mobile 390x780: the People directory lists the town, and its count is the file's and the manifest's
2026-10-01T08:44:22.0096342Z   pass  mobile 390x780: the household card says how far the evidence places its people
2026-10-01T08:44:22.0097509Z   pass  mobile 390x780: a household no source places says its division was dealt, not read
2026-10-01T08:44:22.0098509Z   pass  mobile 390x780: searching "Beaubien" finds Mark Beaubien
2026-10-01T08:44:22.0102346Z   pass  mobile 390x780: the Trade row offers the documented trades AND the town's commonest
2026-10-01T08:44:22.0104042Z   pass  mobile 390x780: the tavern-keeper pill narrows the list to tavern keepers
2026-10-01T08:44:22.0105386Z   pass  mobile 390x780: the Tier row's stage pills name the reconstruction, and partition it
2026-10-01T08:44:22.0106091Z   pass  mobile 390x780: opening a person shows their card with a way to their building
2026-10-01T08:44:26.4960210Z   pass  mobile 390x780: Go there rides to the person's building and opens its card
2026-10-01T08:44:53.2100078Z   pass  mobile 390x780: the Businesses directory lists every firm, and its count is the index's
2026-10-01T08:44:53.2101477Z   pass  mobile 390x780: searching a good the papers advertised finds the houses that sold it
2026-10-01T08:44:53.2102720Z   pass  mobile 390x780: the unplaceable pill narrows the list to the firms with no place at all
2026-10-01T08:44:53.2104317Z   pass  mobile 390x780: a firm the paper reaches to a street is carried to the block face it is housed on
2026-10-01T08:44:53.2105747Z   pass  mobile 390x780: a firm the register could not place says how far the record goes, and offers no building
2026-10-01T08:44:53.2107157Z   pass  mobile 390x780: a firm with premises opens a card with its locations, its printings and the way there
2026-10-01T08:45:16.9042606Z   pass  mobile 390x780: a person's card names every firm the register puts them in
2026-10-01T08:45:16.9043928Z   pass  mobile 390x780: tapping one opens that firm's own card in Businesses
2026-10-01T08:45:18.4028448Z   pass  mobile 390x780: a building card's Use row names the firms the register puts in that roof
2026-10-01T08:45:18.4029798Z   pass  mobile 390x780: a card opened from a signboard leads with the firm the board hangs for
2026-10-01T08:45:25.8521254Z   pass  mobile 390x780: the Evidence hub shows eleven topics, with Sources unknown until opened
2026-10-01T08:45:37.6082057Z   pass  mobile 390x780: Sources lazily lists scene and registered counts with a forty-row window
2026-10-01T08:45:37.6084008Z   pass  mobile 390x780: Sources finds Andreas with date, type, tier and separate claim/entity figures
2026-10-01T08:45:37.6085618Z   pass  mobile 390x780: Evidence → City shows the town census
2026-10-01T08:45:37.6086714Z   pass  mobile 390x780: Evidence → City's figures are the committed data's
2026-10-01T08:45:37.6087969Z   pass  mobile 390x780: both City ladders carry completeness bars and the people ladder's grade key
2026-10-01T08:45:37.6089156Z   pass  mobile 390x780: people housed remains a placement note under the people ladder
2026-10-01T08:45:37.6158166Z   pass  mobile 390x780: cards held remain stated as cards, not residents
2026-10-01T08:45:37.6164612Z   pass  mobile 390x780: the established and ruled-in population measures remain stated
2026-10-01T08:45:37.6167372Z   pass  mobile 390x780: City names both denominators and never substitutes November's count
2026-10-01T08:45:37.6169655Z   pass  mobile 390x780: City drops the projected count and structures line
2026-10-01T08:45:37.6171243Z   pass  mobile 390x780: City identifies its date, derivation and published build
2026-10-01T08:45:37.6178368Z   pass  mobile 390x780: City fits a phone-width topic and scrolls inside the sheet
2026-10-01T08:45:37.6180170Z   pass  mobile 390x780: a topic opens with the hub gone, and its search narrows the list and says so
2026-10-01T08:45:37.6184291Z   pass  mobile 390x780: Back returns to the hub
2026-10-01T08:45:43.4552534Z   pass  mobile 390x780: settings toggle all three navigation aids
2026-10-01T08:45:47.8668820Z   pass  mobile 390x780: the HUD toggle drives the confidence view
2026-10-01T08:46:17.1739262Z   pass  mobile 390x780: a first-time visitor is told there are unread notes
2026-10-01T08:46:28.9627706Z   pass  mobile 390x780: the what's-new tab renders every release
2026-10-01T08:46:28.9628945Z   pass  mobile 390x780: entries carry a title and a stamped date
2026-10-01T08:46:28.9629972Z   pass  mobile 390x780: opening the tab clears the unread marker
2026-10-01T08:46:30.7302279Z   pass  mobile 390x780: a first visit flags nothing (no "last time" to differ from)
2026-10-01T08:47:06.7709032Z   pass  mobile 390x780: a returning visitor sees only what shipped since last time
2026-10-01T08:47:10.4503589Z   pass  mobile 390x780: the liberties list loads
2026-10-01T08:47:10.4504521Z   pass  mobile 390x780: every loaded liberty is rendered
2026-10-01T08:47:10.4505219Z   pass  mobile 390x780: the list names a scene-wide liberty
2026-10-01T08:47:10.4505794Z   pass  mobile 390x780: the Evidence panel does not overflow
2026-10-01T08:48:25.5182378Z   pass  mobile 390x780: a man who held an agency says so on his own card
2026-10-01T08:48:25.5183845Z   pass  mobile 390x780: the person's card carries the same caveat as the house's
2026-10-01T08:48:37.4610901Z   pass  mobile 390x780: every household in the layer is on the card
2026-10-01T08:48:37.4611987Z   pass  mobile 390x780: every person entry in the manifest is counted
2026-10-01T08:48:37.4613211Z   pass  mobile 390x780: the letter-list cohort is held apart from the evidenced town
2026-10-01T08:48:37.4614661Z   pass  mobile 390x780: the group says what that evidence is worth before it is opened
2026-10-01T08:48:37.4615702Z   pass  mobile 390x780: the households no building card can reach are marked
2026-10-01T08:48:37.4616588Z   pass  mobile 390x780: the researched non-residents are published too
2026-10-01T08:48:37.4617454Z   pass  mobile 390x780: opening a household fetches its record
2026-10-01T08:48:37.4618332Z   pass  mobile 390x780: a graded claim carries its reasoning, not just its value
2026-10-01T08:48:37.4619370Z   pass  mobile 390x780: the household records quote their sources, not their source ids
2026-10-01T08:48:37.4620417Z   pass  mobile 390x780: the households start collapsed, like every other disclosure here
2026-10-01T08:48:37.4621309Z   pass  mobile 390x780: the people section does not overflow the panel
2026-10-01T08:48:37.4622157Z   pass  mobile 390x780: no figure reaches a person's row as [object Object]
2026-10-01T08:48:37.4623341Z   pass  mobile 390x780: an evidence-only household's row says what its roof is not
2026-10-01T08:48:37.4624304Z   pass  mobile 390x780: a dated person carries an age and a birth year, both graded
2026-10-01T08:48:37.4625298Z   pass  mobile 390x780: a letter-list name says on its own row how thin that evidence is
2026-10-01T08:48:37.4626393Z   pass  mobile 390x780: the count sentence says how many people are known only that way
2026-10-01T08:48:37.4627421Z   pass  mobile 390x780: a letter-list name carries no invented trade
2026-10-01T08:48:37.4628399Z   pass  mobile 390x780: every resident research review reaches a resident card
2026-10-01T08:48:37.4629370Z   pass  mobile 390x780: candidate identities are visibly unmerged
2026-10-01T08:48:37.4630391Z   pass  mobile 390x780: a negative search is published without denying existence
2026-10-01T08:48:37.4631397Z   pass  mobile 390x780: the section says plainly that nobody is drawn
2026-10-01T08:48:39.1670195Z   pass  mobile 390x780: the wildlife list loads every habitat
2026-10-01T08:48:39.1671550Z   pass  mobile 390x780: every animal record in the layer is on the card
2026-10-01T08:48:39.1672379Z   pass  mobile 390x780: the card names what the records name
2026-10-01T08:48:39.1673716Z   pass  mobile 390x780: the card carries the July presence modes, not a species list
2026-10-01T08:48:39.1674745Z   pass  mobile 390x780: the animal records quote their sources, not their source ids
2026-10-01T08:48:39.1675758Z   pass  mobile 390x780: the animals start collapsed, like every other disclosure here
2026-10-01T08:48:39.1676698Z   pass  mobile 390x780: the wildlife section does not overflow the panel
2026-10-01T08:48:39.1677378Z   pass  mobile 390x780: the section says plainly that none of them is in the scene
2026-10-01T08:48:44.2835104Z   pass  mobile 390x780: the plant list loads every community
2026-10-01T08:48:44.2836291Z   pass  mobile 390x780: every species in the ten communities is on the card
2026-10-01T08:48:44.2837915Z   pass  mobile 390x780: the communities the sward lattice cannot draw say so
2026-10-01T08:48:44.2839023Z   pass  mobile 390x780: the share a visitor is standing in comes off the declaration
2026-10-01T08:48:44.2840183Z   pass  mobile 390x780: the note names the worst case rather than only the total
2026-10-01T08:48:44.2841138Z   pass  mobile 390x780: the plant records quote their sources, not their source ids
2026-10-01T08:48:44.2844305Z   pass  mobile 390x780: no figure reaches a plant's row as [object Object]
2026-10-01T08:48:44.2845366Z   pass  mobile 390x780: the communities start collapsed, like every other disclosure here
2026-10-01T08:48:44.2846422Z   pass  mobile 390x780: the plants section wraps inside the panel rather than clipping
2026-10-01T08:48:44.2847363Z   pass  mobile 390x780: the plants section does not overflow the panel
2026-10-01T08:49:13.6164693Z   pass  mobile 390x780: all eight evidence mounts wrap inside their panel rather than clipping
2026-10-01T08:49:45.4073594Z   pass  mobile 390x780: a run longer than the column breaks inside all eight mounts, not past them
2026-10-01T08:49:47.1618266Z   pass  mobile 390x780: the liberties list says what it is, in the document's words
2026-10-01T08:49:47.1620139Z   pass  mobile 390x780: the panel states it once — the hand-written paraphrase is gone
2026-10-01T08:49:48.8615333Z   pass  mobile 390x780: an entry shows the inventions it admits to
2026-10-01T08:49:48.8616713Z   pass  mobile 390x780: a claim over several buildings names each of them
2026-10-01T08:49:48.8618113Z   pass  mobile 390x780: an entry that invented nothing drawn claims nothing
2026-10-01T08:49:48.8619502Z   pass  mobile 390x780: an invented roof and height are admitted like an outline
2026-10-01T08:49:48.8620761Z   pass  mobile 390x780: a decision made by default is admitted in two buildings
2026-10-01T08:49:48.8621836Z   pass  mobile 390x780: the ground admits to what it invented, and says it is the ground
2026-10-01T08:49:48.8622840Z   pass  mobile 390x780: the chip carries the epoch the admission is about
2026-10-01T08:49:48.8624296Z   pass  mobile 390x780: the invention the gate found is on the page, not only in the repo
2026-10-01T08:49:50.6082589Z   pass  mobile 390x780: expanding a liberty on its topic page reveals its reasoning
2026-10-01T08:49:52.4398238Z   pass  mobile 390x780: the researched exclusions load
2026-10-01T08:49:52.4425272Z   pass  mobile 390x780: an exclusion gives its reason and the source it rests on
2026-10-01T08:49:52.4494101Z   pass  mobile 390x780: a later building says when, and a vanished one says why instead
2026-10-01T08:49:52.4506543Z   pass  mobile 390x780: a building standing in the scene is not on the not-here list
2026-10-01T08:49:52.4553668Z   pass  mobile 390x780: the not-here list withholds what its sources reprint
2026-10-01T08:49:52.4554601Z   pass  mobile 390x780: the list says it is not everything missing
2026-10-01T08:49:52.4583731Z   pass  mobile 390x780: the not-here list says what it is, in the compiled document's words
2026-10-01T08:49:52.4608404Z   pass  mobile 390x780: the panel states it once — the paraphrase is gone
2026-10-01T08:49:52.4631821Z   pass  mobile 390x780: the Evidence panel still does not overflow
2026-10-01T08:49:54.2687942Z   pass  mobile 390x780: the open questions load
2026-10-01T08:49:54.2704193Z   pass  mobile 390x780: the standing ones say they are standing and the unbuilt one does not
2026-10-01T08:49:54.2730543Z   pass  mobile 390x780: the standing one names the claim on its record that carries the doubt
2026-10-01T08:49:54.2735268Z   pass  mobile 390x780: an uncited open question says why it is uncited
2026-10-01T08:49:54.2746885Z   pass  mobile 390x780: the panel says what the third category is
2026-10-01T08:49:54.2748079Z   pass  mobile 390x780: the open questions say what they are, in the compiled document's words
2026-10-01T08:49:54.2749656Z   pass  mobile 390x780: the panel states that once too — and counts nothing by hand
2026-10-01T08:49:54.2750824Z   pass  mobile 390x780: the Evidence panel still does not overflow with it
2026-10-01T08:50:01.5205624Z   pass  mobile 390x780: the open question reaches the building it is about
2026-10-01T08:50:01.5206705Z   pass  mobile 390x780: it says what settling it would change
2026-10-01T08:50:01.5207643Z   pass  mobile 390x780: the card grades the doubt the same way the claim above it is graded
2026-10-01T08:50:01.5208698Z   pass  mobile 390x780: it starts collapsed like every other disclosure on the card
2026-10-01T08:50:01.5209669Z   pass  mobile 390x780: only tracked in-scene buildings carry open questions
2026-10-01T08:50:04.9229937Z   pass  mobile 390x780: the ground's claims load
2026-10-01T08:50:04.9240512Z   pass  mobile 390x780: the ground is graded per claim, not stamped
2026-10-01T08:50:04.9284434Z   pass  mobile 390x780: no land elevation claims to be documented
2026-10-01T08:50:04.9285506Z   pass  mobile 390x780: the ground says which ground these claims are about
2026-10-01T08:50:04.9319557Z   pass  mobile 390x780: the panel quotes the spec's caveat that no survey exists
2026-10-01T08:50:04.9328048Z   pass  mobile 390x780: a land claim shows its figures and its citation
2026-10-01T08:50:04.9329296Z   pass  mobile 390x780: every claim that calls itself an inference records its reasoning
2026-10-01T08:50:04.9330532Z   pass  mobile 390x780: the soil claim that is graded too high says so where it is graded
2026-10-01T08:50:10.0082533Z   pass  mobile 390x780: a claim with no reasoning would still say so
2026-10-01T08:50:10.0092240Z   pass  mobile 390x780: a soil the ground is not made of says so, and the figures that are do not
2026-10-01T08:50:15.1105100Z   pass  mobile 390x780: the mark is the declaration's, not the row's
2026-10-01T08:50:15.1106200Z   pass  mobile 390x780: the Evidence panel still does not overflow with the ground on it
2026-10-01T08:50:23.1624898Z   pass  mobile 390x780: the aerial anchor arrives in the air, looking down
2026-10-01T08:50:27.3519341Z   pass  mobile 390x780: the view from above renders
2026-10-01T08:50:40.8674821Z   pass  mobile 390x780: the near plane opens with altitude
2026-10-01T08:50:40.8675710Z   pass  mobile 390x780: on foot the near plane is the walking value
2026-10-01T08:50:40.8847484Z   pass  mobile 390x780: free-fly cannot sink through the terrain
2026-10-01T08:50:42.8647570Z   pass  mobile 390x780: leaving free-fly puts the visitor back on the ground
2026-10-01T08:50:53.0166298Z   pass  mobile 390x780: Space inspects on foot instead of lifting off
2026-10-01T08:50:56.7783285Z   pass  mobile 390x780: Escape closes the inspection card
2026-10-01T08:51:08.0714145Z   pass  mobile 390x780: the inspect key closes the card it opened
2026-10-01T08:51:24.2878584Z   pass  mobile 390x780: neither key fires while typing in Go-to
2026-10-01T08:51:37.1701036Z   pass  mobile 390x780: a building can be inspected from the air
2026-10-01T08:51:54.0095510Z   pass  mobile 390x780: a click under the crosshair inspects
2026-10-01T08:52:31.2629299Z   pass  mobile 390x780: /1904/ boots the 1904 scene on its own ground (T-1739)
2026-10-01T08:53:00.3298246Z   pass  mobile 390x780: the 1904 door lands on Prairie's east sidewalk at 18th, facing the spawn bearing, and glessner_house is the same pose (T-1739) — stood at E 1410.12 N -3218.01 bearing 264.94, eye 1.68 m; spawn {"local_e":1410.12,"local_n":-3218.01,"yaw_deg":264.94}; anchor {"id":"glessner_house","label":"Prairie at Eighteenth, facing the Glessner lot at 1800 Prairie","local_e":1410.12,"local_n":-3218.01,"yaw_deg":264.94}
2026-10-01T08:53:00.3302591Z   pass  mobile 390x780: the Glessner lot is in front of the camera, its centroid on screen left of centre (T-1739) — lot centroid E 1365.37 N -3229.04 at NDC (-0.288, -0.014, z 0.9957); street corner at NDC x 0.288
2026-10-01T08:53:00.3304699Z   pass  mobile 390x780: the 1904 scene draws none of the 1835 town's layers, and places no 1835 structure (T-1739, T-1732)
2026-10-01T08:53:05.0900171Z   pass  mobile 390x780: Glessner's 1946 phase end is not presented as demolition
2026-10-01T08:53:05.0902769Z   pass  mobile 390x780: the Glessner House draws at the 1904 spawn — its Prairie front on screen, and aiming at it opens glessner_house (T-1732)
2026-10-01T08:53:05.0904873Z   pass  mobile 390x780: the 1904 scene draws its street grid, the Glessner lot is parcel prairie_1800, and the door lands on Prairie's east walk (T-0474)
2026-10-01T08:53:05.0907173Z   pass  mobile 390x780: the 1904 streets wear their sourced materials — Prairie at 18th attested asphalt, 18th Street attested macadam, the walk reconstructed cement (T-1728)
2026-10-01T08:53:05.0908746Z   pass  mobile 390x780: the 1904 boot raises no loader problem (T-1739)
2026-10-01T08:53:05.0910594Z   pass  mobile 390x780: the frame at the 1904 spawn is inside the draw budget (T-1739) — 91 draw calls, 735363 triangles against {"drawCalls":215,"triangles":825000}, 0 fps
2026-10-01T08:53:05.0911978Z   pass  mobile 390x780: the suite body ran to completion
2026-10-01T08:53:05.0912625Z   pass  mobile 390x780: zero page errors
2026-10-01T08:53:05.2205207Z 
2026-10-01T08:53:05.7174826Z   pass  vendor: meshopt decoder loads and reports supported
2026-10-01T08:53:05.7180898Z   pass  vendor: meshopt import raises no page error
2026-10-01T08:53:05.7868063Z 
2026-10-01T08:53:05.7868666Z 245 passed, 0 failed
2026-10-01T08:53:05.7869472Z 235 staged-section check(s) (stage 10-13 of 13), 10 always-on check(s)
2026-10-01T08:53:05.7870947Z 19 m 57 s for stage 10-13 at mobile — the ceiling on a steward run's single foreground command is 10 m 00 s
2026-10-01T08:53:05.7871676Z SMOKE PASS
2026-10-01T08:53:05.8197165Z Post job cleanup.
2026-10-01T08:53:05.9452642Z (node:3878) [DEP0040] DeprecationWarning: The `punycode` module is deprecated. Please use a userland alternative instead.
2026-10-01T08:53:05.9453868Z (Use `node --trace-deprecation ...` to show where the warning was created)
2026-10-01T08:53:05.9633601Z Post job cleanup.
2026-10-01T08:53:06.0697299Z [command]/usr/bin/git version
2026-10-01T08:53:06.0739619Z git version 2.55.0
2026-10-01T08:53:06.0781007Z Temporarily overriding HOME='/home/runner/work/_temp/16fb9c24-3893-4a7d-8ee5-2d1decabe628' before making global git config changes
2026-10-01T08:53:06.0782602Z Adding repository directory to the temporary git global config as a safe directory
2026-10-01T08:53:06.0787299Z [command]/usr/bin/git config --global --add safe.directory /home/runner/work/chicago/chicago
2026-10-01T08:53:06.0827963Z [command]/usr/bin/git config --local --name-only --get-regexp core\.sshCommand
2026-10-01T08:53:06.0864310Z [command]/usr/bin/git submodule foreach --recursive sh -c "git config --local --name-only --get-regexp 'core\.sshCommand' && git config --local --unset-all 'core.sshCommand' || :"
2026-10-01T08:53:06.1123105Z [command]/usr/bin/git config --local --name-only --get-regexp http\.https\:\/\/github\.com\/\.extraheader
2026-10-01T08:53:06.1150096Z http.https://github.com/.extraheader
2026-10-01T08:53:06.1161523Z [command]/usr/bin/git config --local --unset-all http.https://github.com/.extraheader
2026-10-01T08:53:06.1195004Z [command]/usr/bin/git submodule foreach --recursive sh -c "git config --local --name-only --get-regexp 'http\.https\:\/\/github\.com\/\.extraheader' && git config --local --unset-all 'http.https://github.com/.extraheader' || :"
2026-10-01T08:53:06.1433231Z [command]/usr/bin/git config --local --name-only --get-regexp ^includeIf\.gitdir:
2026-10-01T08:53:06.1468432Z [command]/usr/bin/git submodule foreach --recursive git config --local --show-origin --name-only --get-regexp remote.origin.url
2026-10-01T08:53:06.1881921Z Cleaning up orphan processes
2026-10-01T08:53:06.2324940Z ##[warning]Node.js 20 is deprecated. The following actions target Node.js 20 but are being forced to run on Node.js 24: actions/checkout@v4, actions/setup-node@v4. For more information see: https://github.blog/changelog/2025-09-19-deprecation-of-node-20-on-github-actions-runners/

