2026-10-01T08:36:08.0578212Z Current runner version: '2.337.0'
2026-10-01T08:36:08.0597236Z ##[group]Runner Image Provisioner
2026-10-01T08:36:08.0597851Z Hosted Compute Agent
2026-10-01T08:36:08.0598273Z Version: 20260901.588
2026-10-01T08:36:08.0598823Z Commit: f88ec8081b781fac6c440065ac7ff9e710ce3d0b
2026-10-01T08:36:08.0599328Z Build Date: 2026-09-01T19:56:44Z
2026-10-01T08:36:08.0599819Z Worker ID: {12274082-d733-4079-b995-ee4a7bb2501e}
2026-10-01T08:36:08.0600302Z Azure Region: centralus
2026-10-01T08:36:08.0600688Z ##[endgroup]
2026-10-01T08:36:08.0601657Z ##[group]Operating System
2026-10-01T08:36:08.0602081Z Ubuntu
2026-10-01T08:36:08.0602463Z 24.04.5
2026-10-01T08:36:08.0602823Z LTS
2026-10-01T08:36:08.0603186Z ##[endgroup]
2026-10-01T08:36:08.0603603Z ##[group]Runner Image
2026-10-01T08:36:08.0604253Z Image: ubuntu-24.04
2026-10-01T08:36:08.0604686Z Version: 20260927.320.1
2026-10-01T08:36:08.0605585Z Included Software: https://github.com/actions/runner-images/blob/ubuntu24/20260927.320/images/ubuntu/Ubuntu2404-Readme.md
2026-10-01T08:36:08.0606638Z Image Release: https://github.com/actions/runner-images/releases/tag/ubuntu24%2F20260927.320
2026-10-01T08:36:08.0607301Z ##[endgroup]
2026-10-01T08:36:08.0608109Z ##[group]GITHUB_TOKEN Permissions
2026-10-01T08:36:08.0609783Z Contents: read
2026-10-01T08:36:08.0610505Z Metadata: read
2026-10-01T08:36:08.0610920Z Packages: read
2026-10-01T08:36:08.0611332Z ##[endgroup]
2026-10-01T08:36:08.0612825Z Secret source: Actions
2026-10-01T08:36:08.0613453Z Cache mode: write
2026-10-01T08:36:08.0614250Z Prepare workflow directory
2026-10-01T08:36:08.0873248Z Prepare all required actions
2026-10-01T08:36:08.0919116Z Getting action download info
2026-10-01T08:36:08.3438478Z Download action repository 'actions/checkout@v4' (SHA:11d5960a326750d5838078e36cf38b85af677262)
2026-10-01T08:36:09.5531355Z Download action repository 'actions/setup-node@v4' (SHA:49933ea5288caeca8642d1e84afbd3f7d6820020)
2026-10-01T08:36:09.7545695Z Complete job name: smoke
2026-10-01T08:36:09.8074838Z ##[group]Run actions/checkout@v4
2026-10-01T08:36:09.8075762Z with:
2026-10-01T08:36:09.8076204Z   repository: kevinrhaas/chicago
2026-10-01T08:36:09.8079400Z   token: ***
2026-10-01T08:36:09.8079891Z   ssh-strict: true
2026-10-01T08:36:09.8080311Z   ssh-user: git
2026-10-01T08:36:09.8080752Z   persist-credentials: true
2026-10-01T08:36:09.8081206Z   clean: true
2026-10-01T08:36:09.8081610Z   sparse-checkout-cone-mode: true
2026-10-01T08:36:09.8082125Z   fetch-depth: 1
2026-10-01T08:36:09.8082534Z   fetch-tags: false
2026-10-01T08:36:09.8082949Z   show-progress: true
2026-10-01T08:36:09.8083392Z   lfs: false
2026-10-01T08:36:09.8083798Z   submodules: false
2026-10-01T08:36:09.8084447Z   set-safe-directory: true
2026-10-01T08:36:09.8084932Z   allow-unsafe-pr-checkout: false
2026-10-01T08:36:09.8085601Z ##[endgroup]
2026-10-01T08:36:09.8848158Z Syncing repository: kevinrhaas/chicago
2026-10-01T08:36:09.8849791Z ##[group]Getting Git version info
2026-10-01T08:36:09.8850566Z Working directory is '/home/runner/work/chicago/chicago'
2026-10-01T08:36:09.8851484Z [command]/usr/bin/git version
2026-10-01T08:36:10.0014909Z git version 2.55.0
2026-10-01T08:36:10.0025457Z ##[endgroup]
2026-10-01T08:36:10.0038129Z Temporarily overriding HOME='/home/runner/work/_temp/2891b0f6-803b-4926-b30c-56e5c400ecec' before making global git config changes
2026-10-01T08:36:10.0039615Z Adding repository directory to the temporary git global config as a safe directory
2026-10-01T08:36:10.0041539Z [command]/usr/bin/git config --global --add safe.directory /home/runner/work/chicago/chicago
2026-10-01T08:36:10.0087258Z Deleting the contents of '/home/runner/work/chicago/chicago'
2026-10-01T08:36:10.0089890Z ##[group]Initializing the repository
2026-10-01T08:36:10.0094378Z [command]/usr/bin/git init /home/runner/work/chicago/chicago
2026-10-01T08:36:10.0186916Z hint: Using 'master' as the name for the initial branch. This default branch name
2026-10-01T08:36:10.0188295Z hint: will change to "main" in Git 3.0. To configure the initial branch name
2026-10-01T08:36:10.0189948Z hint: to use in all of your new repositories, which will suppress this warning,
2026-10-01T08:36:10.0190852Z hint: call:
2026-10-01T08:36:10.0191431Z hint:
2026-10-01T08:36:10.0192115Z hint: 	git config --global init.defaultBranch <name>
2026-10-01T08:36:10.0192873Z hint:
2026-10-01T08:36:10.0193654Z hint: Names commonly chosen instead of 'master' are 'main', 'trunk' and
2026-10-01T08:36:10.0195039Z hint: 'development'. The just-created branch can be renamed via this command:
2026-10-01T08:36:10.0195905Z hint:
2026-10-01T08:36:10.0196668Z hint: 	git branch -m <name>
2026-10-01T08:36:10.0197306Z hint:
2026-10-01T08:36:10.0198169Z hint: Disable this message with "git config set advice.defaultBranchName false"
2026-10-01T08:36:10.0199242Z Initialized empty Git repository in /home/runner/work/chicago/chicago/.git/
2026-10-01T08:36:10.0201561Z [command]/usr/bin/git remote add origin https://github.com/kevinrhaas/chicago
2026-10-01T08:36:10.0238569Z ##[endgroup]
2026-10-01T08:36:10.0239602Z ##[group]Disabling automatic garbage collection
2026-10-01T08:36:10.0241242Z [command]/usr/bin/git config --local gc.auto 0
2026-10-01T08:36:10.0266328Z ##[endgroup]
2026-10-01T08:36:10.0267342Z ##[group]Setting up auth
2026-10-01T08:36:10.0272006Z [command]/usr/bin/git config --local --name-only --get-regexp core\.sshCommand
2026-10-01T08:36:10.0294715Z [command]/usr/bin/git submodule foreach --recursive sh -c "git config --local --name-only --get-regexp 'core\.sshCommand' && git config --local --unset-all 'core.sshCommand' || :"
2026-10-01T08:36:10.0602242Z [command]/usr/bin/git config --local --name-only --get-regexp http\.https\:\/\/github\.com\/\.extraheader
2026-10-01T08:36:10.0624884Z [command]/usr/bin/git submodule foreach --recursive sh -c "git config --local --name-only --get-regexp 'http\.https\:\/\/github\.com\/\.extraheader' && git config --local --unset-all 'http.https://github.com/.extraheader' || :"
2026-10-01T08:36:10.0776518Z [command]/usr/bin/git config --local --name-only --get-regexp ^includeIf\.gitdir:
2026-10-01T08:36:10.0797463Z [command]/usr/bin/git submodule foreach --recursive git config --local --show-origin --name-only --get-regexp remote.origin.url
2026-10-01T08:36:10.0947341Z [command]/usr/bin/git config --local http.https://github.com/.extraheader AUTHORIZATION: basic ***
2026-10-01T08:36:10.0979851Z ##[endgroup]
2026-10-01T08:36:10.0981029Z ##[group]Fetching the repository
2026-10-01T08:36:10.0986678Z [command]/usr/bin/git -c protocol.version=2 fetch --no-tags --prune --no-recurse-submodules --depth=1 origin +9446a07a87b92ae4920e69398e1d986ad91f0bb4:refs/remotes/origin/steward/t1766-canal-grocery-workshops
2026-10-01T08:36:43.4961189Z From https://github.com/kevinrhaas/chicago
2026-10-01T08:36:43.4962037Z  * [new ref]         9446a07a87b92ae4920e69398e1d986ad91f0bb4 -> origin/steward/t1766-canal-grocery-workshops
2026-10-01T08:36:43.4964266Z ##[endgroup]
2026-10-01T08:36:43.4964915Z ##[group]Determining the checkout info
2026-10-01T08:36:43.4968409Z ##[endgroup]
2026-10-01T08:36:43.4971972Z [command]/usr/bin/git sparse-checkout disable
2026-10-01T08:36:43.5495473Z [command]/usr/bin/git config --local --unset-all extensions.worktreeConfig
2026-10-01T08:36:43.5582332Z ##[group]Checking out the ref
2026-10-01T08:36:43.5585488Z [command]/usr/bin/git checkout --progress --force -B steward/t1766-canal-grocery-workshops refs/remotes/origin/steward/t1766-canal-grocery-workshops
2026-10-01T08:36:44.5760071Z Updating files:  73% (6740/9120)
2026-10-01T08:36:44.7402279Z Updating files:  74% (6749/9120)
2026-10-01T08:36:44.7636417Z Updating files:  75% (6840/9120)
2026-10-01T08:36:44.7912099Z Updating files:  76% (6932/9120)
2026-10-01T08:36:44.8572001Z Updating files:  77% (7023/9120)
2026-10-01T08:36:44.8913285Z Updating files:  78% (7114/9120)
2026-10-01T08:36:44.9019334Z Updating files:  79% (7205/9120)
2026-10-01T08:36:44.9275519Z Updating files:  80% (7296/9120)
2026-10-01T08:36:44.9396249Z Updating files:  81% (7388/9120)
2026-10-01T08:36:44.9507190Z Updating files:  82% (7479/9120)
2026-10-01T08:36:44.9594461Z Updating files:  83% (7570/9120)
2026-10-01T08:36:44.9694210Z Updating files:  84% (7661/9120)
2026-10-01T08:36:44.9813690Z Updating files:  85% (7752/9120)
2026-10-01T08:36:44.9925488Z Updating files:  86% (7844/9120)
2026-10-01T08:36:45.0516331Z Updating files:  87% (7935/9120)
2026-10-01T08:36:45.1228857Z Updating files:  88% (8026/9120)
2026-10-01T08:36:45.3420949Z Updating files:  89% (8117/9120)
2026-10-01T08:36:45.5715911Z Updating files:  90% (8208/9120)
2026-10-01T08:36:45.6784557Z Updating files:  90% (8281/9120)
2026-10-01T08:36:45.9379346Z Updating files:  91% (8300/9120)
2026-10-01T08:36:46.0569306Z Updating files:  92% (8391/9120)
2026-10-01T08:36:46.1077289Z Updating files:  93% (8482/9120)
2026-10-01T08:36:46.1424404Z Updating files:  94% (8573/9120)
2026-10-01T08:36:46.2723758Z Updating files:  95% (8664/9120)
2026-10-01T08:36:46.4009562Z Updating files:  96% (8756/9120)
2026-10-01T08:36:46.4725021Z Updating files:  97% (8847/9120)
2026-10-01T08:36:46.5823432Z Updating files:  98% (8938/9120)
2026-10-01T08:36:46.7888662Z Updating files:  98% (8964/9120)
2026-10-01T08:36:47.0680417Z Updating files:  99% (9029/9120)
2026-10-01T08:36:47.0680846Z Updating files: 100% (9120/9120)
2026-10-01T08:36:47.0681167Z Updating files: 100% (9120/9120), done.
2026-10-01T08:36:47.1541610Z Switched to a new branch 'steward/t1766-canal-grocery-workshops'
2026-10-01T08:36:47.1642999Z branch 'steward/t1766-canal-grocery-workshops' set up to track 'origin/steward/t1766-canal-grocery-workshops'.
2026-10-01T08:36:47.1734717Z ##[endgroup]
2026-10-01T08:36:47.1770722Z [command]/usr/bin/git log -1 --format=%H
2026-10-01T08:36:47.1788237Z 9446a07a87b92ae4920e69398e1d986ad91f0bb4
2026-10-01T08:36:47.2103084Z ##[group]Run actions/setup-node@v4
2026-10-01T08:36:47.2103367Z with:
2026-10-01T08:36:47.2103617Z   node-version: 22
2026-10-01T08:36:47.2104035Z   always-auth: false
2026-10-01T08:36:47.2104282Z   check-latest: false
2026-10-01T08:36:47.2106064Z   token: ***
2026-10-01T08:36:47.2106313Z ##[endgroup]
2026-10-01T08:36:47.3925825Z Found in cache @ /opt/hostedtoolcache/node/22.23.3/x64
2026-10-01T08:36:47.3928759Z (node:2073) [DEP0040] DeprecationWarning: The `punycode` module is deprecated. Please use a userland alternative instead.
2026-10-01T08:36:47.3929302Z (Use `node --trace-deprecation ...` to show where the warning was created)
2026-10-01T08:36:47.3931438Z ##[group]Environment details
2026-10-01T08:36:49.3607522Z node: v22.23.3
2026-10-01T08:36:49.3607879Z npm: 10.9.9
2026-10-01T08:36:49.3608131Z yarn: 1.22.22
2026-10-01T08:36:49.3609299Z ##[endgroup]
2026-10-01T08:36:49.3788803Z ##[group]Run set -e
2026-10-01T08:36:49.3789153Z [36;1mset -e[0m
2026-10-01T08:36:49.3789406Z [36;1mnpm install -g playwright@1.56.1[0m
2026-10-01T08:36:49.3789836Z [36;1mnode "$(npm root -g)/playwright/cli.js" install --with-deps chromium[0m
2026-10-01T08:36:49.6087483Z shell: /usr/bin/bash -e {0}
2026-10-01T08:36:49.6087880Z ##[endgroup]
2026-10-01T08:36:53.8787041Z 
2026-10-01T08:36:53.8792549Z added 2 packages in 4s
2026-10-01T08:36:54.3170917Z Installing dependencies...
2026-10-01T08:36:54.3215616Z Switching to root user to install dependencies...
2026-10-01T08:36:54.4148064Z Get:1 file:/etc/apt/apt-mirrors.txt Mirrorlist [144 B]
2026-10-01T08:36:54.4738451Z Hit:2 http://azure.archive.ubuntu.com/ubuntu noble InRelease
2026-10-01T08:36:54.4739957Z Get:6 https://packages.microsoft.com/ubuntu/24.04/prod noble InRelease [3600 B]
2026-10-01T08:36:54.4775960Z Get:3 http://azure.archive.ubuntu.com/ubuntu noble-updates InRelease [126 kB]
2026-10-01T08:36:54.4777204Z Get:4 http://azure.archive.ubuntu.com/ubuntu noble-backports InRelease [126 kB]
2026-10-01T08:36:54.4804422Z Get:5 http://azure.archive.ubuntu.com/ubuntu noble-security InRelease [126 kB]
2026-10-01T08:36:54.5490518Z Get:7 https://packages.microsoft.com/ubuntu/24.04/prod noble/main amd64 Packages [509 kB]
2026-10-01T08:36:54.5636408Z Get:8 https://packages.microsoft.com/ubuntu/24.04/prod noble/main arm64 Packages [456 kB]
2026-10-01T08:36:54.5758155Z Get:9 http://azure.archive.ubuntu.com/ubuntu noble-updates/main amd64 Packages [1342 kB]
2026-10-01T08:36:54.5807130Z Get:10 http://azure.archive.ubuntu.com/ubuntu noble-updates/main Translation-en [302 kB]
2026-10-01T08:36:54.5856544Z Get:11 http://azure.archive.ubuntu.com/ubuntu noble-updates/main amd64 Components [181 kB]
2026-10-01T08:36:54.5875446Z Get:12 http://azure.archive.ubuntu.com/ubuntu noble-updates/universe amd64 Packages [1699 kB]
2026-10-01T08:36:54.5888905Z Get:13 http://azure.archive.ubuntu.com/ubuntu noble-updates/universe Translation-en [341 kB]
2026-10-01T08:36:54.5917991Z Get:14 http://azure.archive.ubuntu.com/ubuntu noble-updates/universe amd64 Components [388 kB]
2026-10-01T08:36:54.5922209Z Get:15 http://azure.archive.ubuntu.com/ubuntu noble-updates/restricted amd64 Packages [1697 kB]
2026-10-01T08:36:54.5979339Z Get:16 http://azure.archive.ubuntu.com/ubuntu noble-updates/restricted Translation-en [388 kB]
2026-10-01T08:36:54.5998489Z Get:17 http://azure.archive.ubuntu.com/ubuntu noble-updates/multiverse amd64 Components [940 B]
2026-10-01T08:36:54.6168727Z Get:18 http://azure.archive.ubuntu.com/ubuntu noble-backports/main amd64 Components [5760 B]
2026-10-01T08:36:54.6601609Z Get:19 http://azure.archive.ubuntu.com/ubuntu noble-backports/universe amd64 Components [12.6 kB]
2026-10-01T08:36:54.6610536Z Get:20 http://azure.archive.ubuntu.com/ubuntu noble-security/main amd64 Packages [1066 kB]
2026-10-01T08:36:54.6652532Z Get:21 http://azure.archive.ubuntu.com/ubuntu noble-security/main Translation-en [220 kB]
2026-10-01T08:36:54.6662135Z Get:22 http://azure.archive.ubuntu.com/ubuntu noble-security/main amd64 Components [46.4 kB]
2026-10-01T08:36:54.6668128Z Get:23 http://azure.archive.ubuntu.com/ubuntu noble-security/universe amd64 Packages [1216 kB]
2026-10-01T08:36:54.6717139Z Get:24 http://azure.archive.ubuntu.com/ubuntu noble-security/universe Translation-en [244 kB]
2026-10-01T08:36:54.6744122Z Get:25 http://azure.archive.ubuntu.com/ubuntu noble-security/universe amd64 Components [76.3 kB]
2026-10-01T08:36:54.6746291Z Get:26 http://azure.archive.ubuntu.com/ubuntu noble-security/restricted amd64 Packages [1566 kB]
2026-10-01T08:36:54.6792200Z Get:27 http://azure.archive.ubuntu.com/ubuntu noble-security/restricted Translation-en [361 kB]
2026-10-01T08:37:06.0638824Z Fetched 12.5 MB in 1s (11.6 MB/s)
2026-10-01T08:37:06.7375008Z Reading package lists...
2026-10-01T08:37:06.7608499Z Reading package lists...
2026-10-01T08:37:06.9042294Z Building dependency tree...
2026-10-01T08:37:06.9046417Z Reading state information...
2026-10-01T08:37:07.0489304Z libasound2t64 is already the newest version (1.2.11-1ubuntu0.3).
2026-10-01T08:37:07.0490189Z libasound2t64 set to manually installed.
2026-10-01T08:37:07.0490642Z libatk-bridge2.0-0t64 is already the newest version (2.52.0-1build1).
2026-10-01T08:37:07.0491090Z libatk-bridge2.0-0t64 set to manually installed.
2026-10-01T08:37:07.0491523Z libatk1.0-0t64 is already the newest version (2.52.0-1build1).
2026-10-01T08:37:07.0491949Z libatk1.0-0t64 set to manually installed.
2026-10-01T08:37:07.0492419Z libatspi2.0-0t64 is already the newest version (2.52.0-1build1).
2026-10-01T08:37:07.0492824Z libatspi2.0-0t64 set to manually installed.
2026-10-01T08:37:07.0493256Z libcairo2 is already the newest version (1.18.0-3build1).
2026-10-01T08:37:07.0493637Z libcairo2 set to manually installed.
2026-10-01T08:37:07.0494370Z libcups2t64 is already the newest version (2.4.7-1.2ubuntu7.14).
2026-10-01T08:37:07.0494822Z libcups2t64 set to manually installed.
2026-10-01T08:37:07.0495263Z libdbus-1-3 is already the newest version (1.14.10-4ubuntu4.1).
2026-10-01T08:37:07.0495725Z libdbus-1-3 set to manually installed.
2026-10-01T08:37:07.0496164Z libdrm2 is already the newest version (2.4.125-1ubuntu0.1~24.04.2).
2026-10-01T08:37:07.0496658Z libdrm2 set to manually installed.
2026-10-01T08:37:07.0497147Z libglib2.0-0t64 is already the newest version (2.80.0-6ubuntu3.9).
2026-10-01T08:37:07.0497486Z libglib2.0-0t64 set to manually installed.
2026-10-01T08:37:07.0497870Z libnspr4 is already the newest version (2:4.35-1.1build1).
2026-10-01T08:37:07.0498478Z libnspr4 set to manually installed.
2026-10-01T08:37:07.0498808Z libnss3 is already the newest version (2:3.98-1ubuntu0.2).
2026-10-01T08:37:07.0499383Z libnss3 set to manually installed.
2026-10-01T08:37:07.0499794Z libpango-1.0-0 is already the newest version (1.52.1+ds-1build1).
2026-10-01T08:37:07.0500266Z libpango-1.0-0 set to manually installed.
2026-10-01T08:37:07.0500698Z libx11-6 is already the newest version (2:1.8.7-1build1).
2026-10-01T08:37:07.0501827Z libx11-6 set to manually installed.
2026-10-01T08:37:07.0502233Z libxcb1 is already the newest version (1.15-1ubuntu2).
2026-10-01T08:37:07.0502535Z libxcb1 set to manually installed.
2026-10-01T08:37:07.0502905Z libxcomposite1 is already the newest version (1:0.4.5-1build3).
2026-10-01T08:37:07.0503260Z libxcomposite1 set to manually installed.
2026-10-01T08:37:07.0503625Z libxdamage1 is already the newest version (1:1.1.6-1build1).
2026-10-01T08:37:07.0504164Z libxdamage1 set to manually installed.
2026-10-01T08:37:07.0504550Z libxext6 is already the newest version (2:1.3.4-1build2).
2026-10-01T08:37:07.0504899Z libxext6 set to manually installed.
2026-10-01T08:37:07.0505353Z libxfixes3 is already the newest version (1:6.0.0-2build1).
2026-10-01T08:37:07.0505697Z libxfixes3 set to manually installed.
2026-10-01T08:37:07.0506046Z libxkbcommon0 is already the newest version (1.6.0-1build1).
2026-10-01T08:37:07.0506392Z libxkbcommon0 set to manually installed.
2026-10-01T08:37:07.0506760Z libxrandr2 is already the newest version (2:1.5.2-2build1).
2026-10-01T08:37:07.0507081Z libxrandr2 set to manually installed.
2026-10-01T08:37:07.0507448Z xvfb is already the newest version (2:21.1.12-1ubuntu1.8).
2026-10-01T08:37:07.0507889Z fonts-noto-color-emoji is already the newest version (2.047-0ubuntu0.24.04.1).
2026-10-01T08:37:07.0508347Z libfontconfig1 is already the newest version (2.15.0-1.1ubuntu2).
2026-10-01T08:37:07.0508708Z libfontconfig1 set to manually installed.
2026-10-01T08:37:07.0509078Z libfreetype6 is already the newest version (2.13.2+dfsg-1ubuntu0.1).
2026-10-01T08:37:07.0509524Z libfreetype6 set to manually installed.
2026-10-01T08:37:07.0509946Z fonts-liberation is already the newest version (1:2.1.5-3).
2026-10-01T08:37:07.0510378Z fonts-liberation set to manually installed.
2026-10-01T08:37:07.0510854Z The following additional packages will be installed:
2026-10-01T08:37:07.0511330Z   libgl1-mesa-dri libglx-mesa0 libwayland-server0 mesa-libgallium
2026-10-01T08:37:07.0511748Z   xfonts-encodings xfonts-utils
2026-10-01T08:37:07.0512176Z Recommended packages:
2026-10-01T08:37:07.0512448Z   fonts-ipafont-mincho fonts-tlwg-loma
2026-10-01T08:37:07.0650493Z The following NEW packages will be installed:
2026-10-01T08:37:07.0651029Z   fonts-freefont-ttf fonts-ipafont-gothic fonts-tlwg-loma-otf fonts-unifont
2026-10-01T08:37:07.0656768Z   fonts-wqy-zenhei libwayland-server0 xfonts-cyrillic xfonts-encodings
2026-10-01T08:37:07.0657267Z   xfonts-scalable xfonts-utils
2026-10-01T08:37:07.0661024Z The following packages will be upgraded:
2026-10-01T08:37:07.0666406Z   libgbm1 libgl1-mesa-dri libglx-mesa0 mesa-libgallium
2026-10-01T08:37:07.2171288Z 4 upgraded, 10 newly installed, 0 to remove and 19 not upgraded.
2026-10-01T08:37:07.3254514Z Need to get 32.1 MB of archives.
2026-10-01T08:37:07.3255234Z After this operation, 79.7 MB of additional disk space will be used.
2026-10-01T08:37:07.3255672Z Get:1 file:/etc/apt/apt-mirrors.txt Mirrorlist [144 B]
2026-10-01T08:37:07.3256305Z Get:2 http://azure.archive.ubuntu.com/ubuntu noble/universe amd64 fonts-ipafont-gothic all 00303-21ubuntu1 [3513 kB]
2026-10-01T08:37:07.6192331Z Get:3 http://azure.archive.ubuntu.com/ubuntu noble/main amd64 fonts-freefont-ttf all 20211204+svn4273-2 [5641 kB]
2026-10-01T08:37:07.6991760Z Get:4 http://azure.archive.ubuntu.com/ubuntu noble/universe amd64 fonts-tlwg-loma-otf all 1:0.7.3-1 [107 kB]
2026-10-01T08:37:07.7314517Z Get:5 http://azure.archive.ubuntu.com/ubuntu noble/universe amd64 fonts-unifont all 1:15.1.01-1build1 [2993 kB]
2026-10-01T08:37:07.7769659Z Get:6 http://azure.archive.ubuntu.com/ubuntu noble/universe amd64 fonts-wqy-zenhei all 0.9.45-8 [7472 kB]
2026-10-01T08:37:07.8751733Z Get:7 http://azure.archive.ubuntu.com/ubuntu noble-updates/main amd64 libgl1-mesa-dri amd64 25.2.8-0ubuntu0.24.04.3 [37.9 kB]
2026-10-01T08:37:07.9068288Z Get:8 http://azure.archive.ubuntu.com/ubuntu noble/main amd64 libwayland-server0 amd64 1.22.0-2.1build1 [33.9 kB]
2026-10-01T08:37:07.9383645Z Get:9 http://azure.archive.ubuntu.com/ubuntu noble-updates/main amd64 libglx-mesa0 amd64 25.2.8-0ubuntu0.24.04.3 [110 kB]
2026-10-01T08:37:07.9703672Z Get:10 http://azure.archive.ubuntu.com/ubuntu noble-updates/main amd64 libgbm1 amd64 25.2.8-0ubuntu0.24.04.3 [34.3 kB]
2026-10-01T08:37:08.0021921Z Get:11 http://azure.archive.ubuntu.com/ubuntu noble-updates/main amd64 mesa-libgallium amd64 25.2.8-0ubuntu0.24.04.3 [10.8 MB]
2026-10-01T08:37:08.1369262Z Get:12 http://azure.archive.ubuntu.com/ubuntu noble/main amd64 xfonts-encodings all 1:1.0.5-0ubuntu2 [578 kB]
2026-10-01T08:37:08.1688438Z Get:13 http://azure.archive.ubuntu.com/ubuntu noble/main amd64 xfonts-utils amd64 1:7.7+6build3 [94.4 kB]
2026-10-01T08:37:08.1968181Z Get:14 http://azure.archive.ubuntu.com/ubuntu noble/universe amd64 xfonts-cyrillic all 1:1.0.5+nmu1 [384 kB]
2026-10-01T08:37:08.2273814Z Get:15 http://azure.archive.ubuntu.com/ubuntu noble/main amd64 xfonts-scalable all 1:1.0.3-1.3 [304 kB]
2026-10-01T08:37:08.4539725Z Fetched 32.1 MB in 1s (31.4 MB/s)
2026-10-01T08:37:08.4717701Z Selecting previously unselected package fonts-ipafont-gothic.
2026-10-01T08:37:08.4889112Z (Reading database ... 
2026-10-01T08:37:08.4889583Z (Reading database ... 5%
2026-10-01T08:37:08.4889891Z (Reading database ... 10%
2026-10-01T08:37:08.4890257Z (Reading database ... 15%
2026-10-01T08:37:08.4890546Z (Reading database ... 20%
2026-10-01T08:37:08.4890788Z (Reading database ... 25%
2026-10-01T08:37:08.4891082Z (Reading database ... 30%
2026-10-01T08:37:08.4891322Z (Reading database ... 35%
2026-10-01T08:37:08.4891638Z (Reading database ... 40%
2026-10-01T08:37:08.4891894Z (Reading database ... 45%
2026-10-01T08:37:08.4892132Z (Reading database ... 50%
2026-10-01T08:37:08.5096424Z (Reading database ... 55%
2026-10-01T08:37:09.3240659Z (Reading database ... 60%
2026-10-01T08:37:10.0299034Z (Reading database ... 65%
2026-10-01T08:37:10.4676415Z (Reading database ... 70%
2026-10-01T08:37:10.6771982Z (Reading database ... 75%
2026-10-01T08:37:11.1390576Z (Reading database ... 80%
2026-10-01T08:37:11.3692671Z (Reading database ... 85%
2026-10-01T08:37:11.5788895Z (Reading database ... 90%
2026-10-01T08:37:11.7405958Z (Reading database ... 95%
2026-10-01T08:37:11.7406396Z (Reading database ... 100%
2026-10-01T08:37:11.7406766Z (Reading database ... 202296 files and directories currently installed.)
2026-10-01T08:37:11.7448892Z Preparing to unpack .../00-fonts-ipafont-gothic_00303-21ubuntu1_all.deb ...
2026-10-01T08:37:11.7599328Z Unpacking fonts-ipafont-gothic (00303-21ubuntu1) ...
2026-10-01T08:37:12.0539811Z Selecting previously unselected package fonts-freefont-ttf.
2026-10-01T08:37:12.0643831Z Preparing to unpack .../01-fonts-freefont-ttf_20211204+svn4273-2_all.deb ...
2026-10-01T08:37:12.0655098Z Unpacking fonts-freefont-ttf (20211204+svn4273-2) ...
2026-10-01T08:37:12.1595095Z Selecting previously unselected package fonts-tlwg-loma-otf.
2026-10-01T08:37:12.1703399Z Preparing to unpack .../02-fonts-tlwg-loma-otf_1%3a0.7.3-1_all.deb ...
2026-10-01T08:37:12.1725947Z Unpacking fonts-tlwg-loma-otf (1:0.7.3-1) ...
2026-10-01T08:37:12.1891286Z Selecting previously unselected package fonts-unifont.
2026-10-01T08:37:12.1999926Z Preparing to unpack .../03-fonts-unifont_1%3a15.1.01-1build1_all.deb ...
2026-10-01T08:37:12.2008444Z Unpacking fonts-unifont (1:15.1.01-1build1) ...
2026-10-01T08:37:12.5215348Z Selecting previously unselected package fonts-wqy-zenhei.
2026-10-01T08:37:12.5326739Z Preparing to unpack .../04-fonts-wqy-zenhei_0.9.45-8_all.deb ...
2026-10-01T08:37:12.5409496Z Unpacking fonts-wqy-zenhei (0.9.45-8) ...
2026-10-01T08:37:13.0352030Z Preparing to unpack .../05-libgl1-mesa-dri_25.2.8-0ubuntu0.24.04.3_amd64.deb ...
2026-10-01T08:37:13.0661412Z Unpacking libgl1-mesa-dri:amd64 (25.2.8-0ubuntu0.24.04.3) over (25.2.8-0ubuntu0.24.04.2) ...
2026-10-01T08:37:13.2939161Z Selecting previously unselected package libwayland-server0:amd64.
2026-10-01T08:37:13.3052887Z Preparing to unpack .../06-libwayland-server0_1.22.0-2.1build1_amd64.deb ...
2026-10-01T08:37:13.3197682Z Unpacking libwayland-server0:amd64 (1.22.0-2.1build1) ...
2026-10-01T08:37:13.3519948Z Preparing to unpack .../07-libglx-mesa0_25.2.8-0ubuntu0.24.04.3_amd64.deb ...
2026-10-01T08:37:13.3549885Z Unpacking libglx-mesa0:amd64 (25.2.8-0ubuntu0.24.04.3) over (25.2.8-0ubuntu0.24.04.2) ...
2026-10-01T08:37:13.3883601Z Preparing to unpack .../08-libgbm1_25.2.8-0ubuntu0.24.04.3_amd64.deb ...
2026-10-01T08:37:13.3911855Z Unpacking libgbm1:amd64 (25.2.8-0ubuntu0.24.04.3) over (25.2.8-0ubuntu0.24.04.2) ...
2026-10-01T08:37:13.4736970Z Preparing to unpack .../09-mesa-libgallium_25.2.8-0ubuntu0.24.04.3_amd64.deb ...
2026-10-01T08:37:13.4769406Z Unpacking mesa-libgallium:amd64 (25.2.8-0ubuntu0.24.04.3) over (25.2.8-0ubuntu0.24.04.2) ...
2026-10-01T08:37:13.9399738Z Selecting previously unselected package xfonts-encodings.
2026-10-01T08:37:13.9509100Z Preparing to unpack .../10-xfonts-encodings_1%3a1.0.5-0ubuntu2_all.deb ...
2026-10-01T08:37:13.9517638Z Unpacking xfonts-encodings (1:1.0.5-0ubuntu2) ...
2026-10-01T08:37:14.1027619Z Selecting previously unselected package xfonts-utils.
2026-10-01T08:37:14.1134101Z Preparing to unpack .../11-xfonts-utils_1%3a7.7+6build3_amd64.deb ...
2026-10-01T08:37:14.1199347Z Unpacking xfonts-utils (1:7.7+6build3) ...
2026-10-01T08:37:14.1472173Z Selecting previously unselected package xfonts-cyrillic.
2026-10-01T08:37:14.1578196Z Preparing to unpack .../12-xfonts-cyrillic_1%3a1.0.5+nmu1_all.deb ...
2026-10-01T08:37:14.1586756Z Unpacking xfonts-cyrillic (1:1.0.5+nmu1) ...
2026-10-01T08:37:14.3769805Z Selecting previously unselected package xfonts-scalable.
2026-10-01T08:37:14.3884842Z Preparing to unpack .../13-xfonts-scalable_1%3a1.0.3-1.3_all.deb ...
2026-10-01T08:37:14.4112955Z Unpacking xfonts-scalable (1:1.0.3-1.3) ...
2026-10-01T08:37:14.8175248Z Setting up libwayland-server0:amd64 (1.22.0-2.1build1) ...
2026-10-01T08:37:14.8201150Z Setting up mesa-libgallium:amd64 (25.2.8-0ubuntu0.24.04.3) ...
2026-10-01T08:37:14.8223637Z Setting up libgbm1:amd64 (25.2.8-0ubuntu0.24.04.3) ...
2026-10-01T08:37:14.8244081Z Setting up libgl1-mesa-dri:amd64 (25.2.8-0ubuntu0.24.04.3) ...
2026-10-01T08:37:14.8309362Z Setting up fonts-wqy-zenhei (0.9.45-8) ...
2026-10-01T08:37:14.8707145Z Setting up fonts-freefont-ttf (20211204+svn4273-2) ...
2026-10-01T08:37:14.8753439Z Setting up fonts-tlwg-loma-otf (1:0.7.3-1) ...
2026-10-01T08:37:14.8776822Z Setting up xfonts-encodings (1:1.0.5-0ubuntu2) ...
2026-10-01T08:37:15.1695245Z Setting up fonts-ipafont-gothic (00303-21ubuntu1) ...
2026-10-01T08:37:15.1841665Z update-alternatives: using /usr/share/fonts/opentype/ipafont-gothic/ipag.ttf to provide /usr/share/fonts/truetype/fonts-japanese-gothic.ttf (fonts-japanese-gothic.ttf) in auto mode
2026-10-01T08:37:15.2773708Z Setting up fonts-unifont (1:15.1.01-1build1) ...
2026-10-01T08:37:15.4737428Z Setting up libglx-mesa0:amd64 (25.2.8-0ubuntu0.24.04.3) ...
2026-10-01T08:37:15.5021773Z Setting up xfonts-utils (1:7.7+6build3) ...
2026-10-01T08:37:15.5063732Z Setting up xfonts-cyrillic (1:1.0.5+nmu1) ...
2026-10-01T08:37:15.5973732Z Setting up xfonts-scalable (1:1.0.3-1.3) ...
2026-10-01T08:37:15.6525626Z Processing triggers for libc-bin (2.39-0ubuntu8.9) ...
2026-10-01T08:37:16.9605862Z Processing triggers for man-db (2.12.0-4build2) ...
2026-10-01T08:37:16.9776769Z Not building database; man-db/auto-update is not 'true'.
2026-10-01T08:37:17.0760963Z Processing triggers for fontconfig (2.15.0-1.1ubuntu2) ...
2026-10-01T08:37:19.5395490Z 
2026-10-01T08:37:19.5396239Z Running kernel seems to be up-to-date.
2026-10-01T08:37:19.5396610Z 
2026-10-01T08:37:19.5396767Z No services need to be restarted.
2026-10-01T08:37:19.5397487Z 
2026-10-01T08:37:19.5397677Z No containers need to be restarted.
2026-10-01T08:37:19.5397845Z 
2026-10-01T08:37:19.5398049Z No user sessions are running outdated binaries.
2026-10-01T08:37:19.5398247Z 
2026-10-01T08:37:19.5398528Z No VM guests are running outdated hypervisor (qemu) binaries on this host.
2026-10-01T08:37:20.3025126Z Downloading Chromium 141.0.7390.37 (playwright build v1194) from https://cdn.playwright.dev/dbazure/download/playwright/builds/chromium/1194/chromium-linux.zip
2026-10-01T08:37:20.5448684Z |                                                                                |   0% of 173.9 MiB
2026-10-01T08:37:20.8987085Z |■■■■■■■■                                                                        |  10% of 173.9 MiB
2026-10-01T08:37:21.0269828Z |■■■■■■■■■■■■■■■■                                                                |  20% of 173.9 MiB
2026-10-01T08:37:21.1818682Z |■■■■■■■■■■■■■■■■■■■■■■■■                                                        |  30% of 173.9 MiB
2026-10-01T08:37:21.3760401Z |■■■■■■■■■■■■■■■■■■■■■■■■■■■■■■■■                                                |  40% of 173.9 MiB
2026-10-01T08:37:21.5403033Z |■■■■■■■■■■■■■■■■■■■■■■■■■■■■■■■■■■■■■■■■                                        |  50% of 173.9 MiB
2026-10-01T08:37:21.6945902Z |■■■■■■■■■■■■■■■■■■■■■■■■■■■■■■■■■■■■■■■■■■■■■■■■                                |  60% of 173.9 MiB
2026-10-01T08:37:21.8509027Z |■■■■■■■■■■■■■■■■■■■■■■■■■■■■■■■■■■■■■■■■■■■■■■■■■■■■■■■■                        |  70% of 173.9 MiB
2026-10-01T08:37:21.9867502Z |■■■■■■■■■■■■■■■■■■■■■■■■■■■■■■■■■■■■■■■■■■■■■■■■■■■■■■■■■■■■■■■■                |  80% of 173.9 MiB
2026-10-01T08:37:22.2027471Z |■■■■■■■■■■■■■■■■■■■■■■■■■■■■■■■■■■■■■■■■■■■■■■■■■■■■■■■■■■■■■■■■■■■■■■■■        |  90% of 173.9 MiB
2026-10-01T08:37:22.3477395Z |■■■■■■■■■■■■■■■■■■■■■■■■■■■■■■■■■■■■■■■■■■■■■■■■■■■■■■■■■■■■■■■■■■■■■■■■■■■■■■■■| 100% of 173.9 MiB
2026-10-01T08:37:25.5690272Z Chromium 141.0.7390.37 (playwright build v1194) downloaded to /home/runner/.cache/ms-playwright/chromium-1194
2026-10-01T08:37:25.5691354Z Downloading FFMPEG playwright build v1011 from https://cdn.playwright.dev/dbazure/download/playwright/builds/ffmpeg/1011/ffmpeg-linux.zip
2026-10-01T08:37:25.7684757Z |                                                                                |   0% of 2.3 MiB
2026-10-01T08:37:25.8189337Z |■■■■■■■■                                                                        |  10% of 2.3 MiB
2026-10-01T08:37:25.8464913Z |■■■■■■■■■■■■■■■■                                                                |  20% of 2.3 MiB
2026-10-01T08:37:25.8663344Z |■■■■■■■■■■■■■■■■■■■■■■■■                                                        |  30% of 2.3 MiB
2026-10-01T08:37:25.8793194Z |■■■■■■■■■■■■■■■■■■■■■■■■■■■■■■■■                                                |  40% of 2.3 MiB
2026-10-01T08:37:25.8917226Z |■■■■■■■■■■■■■■■■■■■■■■■■■■■■■■■■■■■■■■■■                                        |  50% of 2.3 MiB
2026-10-01T08:37:25.8980667Z |■■■■■■■■■■■■■■■■■■■■■■■■■■■■■■■■■■■■■■■■■■■■■■■■                                |  60% of 2.3 MiB
2026-10-01T08:37:25.9120666Z |■■■■■■■■■■■■■■■■■■■■■■■■■■■■■■■■■■■■■■■■■■■■■■■■■■■■■■■■                        |  70% of 2.3 MiB
2026-10-01T08:37:25.9167359Z |■■■■■■■■■■■■■■■■■■■■■■■■■■■■■■■■■■■■■■■■■■■■■■■■■■■■■■■■■■■■■■■■                |  80% of 2.3 MiB
2026-10-01T08:37:25.9233187Z |■■■■■■■■■■■■■■■■■■■■■■■■■■■■■■■■■■■■■■■■■■■■■■■■■■■■■■■■■■■■■■■■■■■■■■■■        |  90% of 2.3 MiB
2026-10-01T08:37:25.9339740Z |■■■■■■■■■■■■■■■■■■■■■■■■■■■■■■■■■■■■■■■■■■■■■■■■■■■■■■■■■■■■■■■■■■■■■■■■■■■■■■■■| 100% of 2.3 MiB
2026-10-01T08:37:25.9761321Z FFMPEG playwright build v1011 downloaded to /home/runner/.cache/ms-playwright/ffmpeg-1011
2026-10-01T08:37:25.9764119Z Downloading Chromium Headless Shell 141.0.7390.37 (playwright build v1194) from https://cdn.playwright.dev/dbazure/download/playwright/builds/chromium/1194/chromium-headless-shell-linux.zip
2026-10-01T08:37:26.1352287Z |                                                                                |   0% of 104.3 MiB
2026-10-01T08:37:26.3108775Z |■■■■■■■■                                                                        |  10% of 104.3 MiB
2026-10-01T08:37:26.3744653Z |■■■■■■■■■■■■■■■■                                                                |  20% of 104.3 MiB
2026-10-01T08:37:26.4397291Z |■■■■■■■■■■■■■■■■■■■■■■■■                                                        |  30% of 104.3 MiB
2026-10-01T08:37:26.5085718Z |■■■■■■■■■■■■■■■■■■■■■■■■■■■■■■■■                                                |  40% of 104.3 MiB
2026-10-01T08:37:26.5767365Z |■■■■■■■■■■■■■■■■■■■■■■■■■■■■■■■■■■■■■■■■                                        |  50% of 104.3 MiB
2026-10-01T08:37:26.7015559Z |■■■■■■■■■■■■■■■■■■■■■■■■■■■■■■■■■■■■■■■■■■■■■■■■                                |  60% of 104.3 MiB
2026-10-01T08:37:26.7683727Z |■■■■■■■■■■■■■■■■■■■■■■■■■■■■■■■■■■■■■■■■■■■■■■■■■■■■■■■■                        |  70% of 104.3 MiB
2026-10-01T08:37:26.8250760Z |■■■■■■■■■■■■■■■■■■■■■■■■■■■■■■■■■■■■■■■■■■■■■■■■■■■■■■■■■■■■■■■■                |  80% of 104.3 MiB
2026-10-01T08:37:26.8942953Z |■■■■■■■■■■■■■■■■■■■■■■■■■■■■■■■■■■■■■■■■■■■■■■■■■■■■■■■■■■■■■■■■■■■■■■■■        |  90% of 104.3 MiB
2026-10-01T08:37:26.9629039Z |■■■■■■■■■■■■■■■■■■■■■■■■■■■■■■■■■■■■■■■■■■■■■■■■■■■■■■■■■■■■■■■■■■■■■■■■■■■■■■■■| 100% of 104.3 MiB
2026-10-01T08:37:28.5709791Z Chromium Headless Shell 141.0.7390.37 (playwright build v1194) downloaded to /home/runner/.cache/ms-playwright/chromium_headless_shell-1194
2026-10-01T08:37:28.6367358Z ##[group]Run bash tools/publish.sh
2026-10-01T08:37:28.6367682Z [36;1mbash tools/publish.sh[0m
2026-10-01T08:37:28.6400659Z shell: /usr/bin/bash -e {0}
2026-10-01T08:37:28.6401005Z ##[endgroup]
2026-10-01T08:37:29.6298081Z Glessner v4 package verified; 3 missing GLB(s) materialized.
2026-10-01T08:37:30.1829357Z shipped derivatives: 504 pair(s) carry the master's triangles, node identity and contract attributes; worst bounding-box disagreement 2.68 of 4 rungs; 0 asset(s) lose their material identity to the publish path (banked, K36(b)); 4 master passthrough(s), all of them decided (K38); and every one of them records the master it was made from, which is still the master in the tree (K39)
2026-10-01T08:37:30.2223059Z Prairie Avenue browser published: /home/runner/work/chicago/chicago/site/4d/prairie-1904
2026-10-01T08:37:30.4371825Z published 15 map images + viewer + media to site/pre-fire
2026-10-01T08:37:30.4863055Z    changelog.js published to site/4d/js/changelog.js (T-0722)
2026-10-01T08:37:30.4867198Z    changelog.js published to site/4d/walk/js/changelog.js (T-0722)
2026-10-01T08:37:31.5622844Z tickets: cloned https://github.com/kevinrhaas/chicago-tickets.git → tickets/ (1661 tickets)
2026-10-01T08:37:34.4733629Z entry pages: index.html, 1812/index.html, 1835/index.html, 1880/index.html, 1904/index.html
2026-10-01T08:37:34.4778289Z    build 9446a07  Oct 1, 2026, 3:37 AM CT
2026-10-01T08:37:34.5039971Z published ../../site/4d  (57.37 MB)
2026-10-01T08:37:34.5083434Z ##[group]Run node tools/smoke_renderer.mjs --published
2026-10-01T08:37:34.5083835Z [36;1mnode tools/smoke_renderer.mjs --published[0m
2026-10-01T08:37:34.5117260Z shell: /usr/bin/bash -e {0}
2026-10-01T08:37:34.5117559Z env:
2026-10-01T08:37:34.5117796Z   SMOKE_VIEWPORT: mobile
2026-10-01T08:37:34.5118038Z   SMOKE_STAGE: 7-9
2026-10-01T08:37:34.5118300Z ##[endgroup]
2026-10-01T08:37:34.7804999Z serving /home/runner/work/chicago/chicago/site/4d on 4187 — PUBLISHED mirror (compressed assets, visitor layout)
2026-10-01T08:37:34.7805640Z 
2026-10-01T08:37:34.7805914Z NOT THE FULL GATE — viewports filtered to "mobile"
2026-10-01T08:37:34.7806191Z 
2026-10-01T08:37:34.7806476Z NOT THE FULL GATE — stages filtered to "7-9" of 13
2026-10-01T08:37:34.7806687Z 
2026-10-01T08:37:34.7806864Z mobile 390x780:
2026-10-01T08:37:36.5723699Z   pass  mobile 390x780: page serves
2026-10-01T08:37:49.7896248Z   pass  mobile 390x780: scene reaches ready
2026-10-01T08:37:52.4525263Z   pass  mobile 390x780: the scene declares its exact consultation blockers
2026-10-01T08:37:52.4526378Z   pass  mobile 390x780: no unexpected loader problems
2026-10-01T08:37:53.6293807Z   pass  mobile 390x780: scene has structures
2026-10-01T08:37:54.7977337Z   pass  mobile 390x780: every structure that should draw, drew
2026-10-01T08:38:06.1442882Z   pass  mobile 390x780: compass shows the live heading
2026-10-01T08:38:06.1449106Z   pass  mobile 390x780: the overview map is shown, captioned and read in imperial
2026-10-01T08:38:06.1454194Z   pass  mobile 390x780: the overview inset is a fixed 188x76 frame, not the field's shape
2026-10-01T08:38:06.1456414Z   pass  mobile 390x780: walking speed is presented as a named gait in miles per hour
2026-10-01T08:38:06.1458261Z   pass  mobile 390x780: every pace slider names its gait beside an imperial speed
2026-10-01T08:38:06.1460376Z   pass  mobile 390x780: overview marker follows position and bearing
2026-10-01T08:38:08.7977209Z   pass  mobile 390x780: the overview window travels with the visitor at the scale it had before
2026-10-01T08:38:08.7978283Z   pass  mobile 390x780: the overview window clamps to the field instead of running past it
2026-10-01T08:38:13.9268510Z   pass  mobile 390x780: every southern viewpoint is reachable and stands on dry modelled ground
2026-10-01T08:38:13.9325467Z   pass  mobile 390x780: the run carries the visitor south to the model's own wall, and the map follows
2026-10-01T08:38:19.8609229Z   pass  mobile 390x780: the pop-out renders the whole heightfield
2026-10-01T08:38:22.2005177Z   pass  mobile 390x780: Escape puts the pop-out away and hands focus back to the map
2026-10-01T08:38:22.9744317Z   pass  mobile 390x780: the pop-out cannot be opened while the map is switched off
2026-10-01T08:38:22.9745388Z   pass  mobile 390x780: earth streets are populated and draped on the rendered ground
2026-10-01T08:38:22.9746207Z   pass  mobile 390x780: no panel of road is deleted because its EDGE reached the water
2026-10-01T08:38:22.9746944Z   pass  mobile 390x780: the platted streets reach the picture as attested, not as invention
2026-10-01T08:38:22.9747979Z   pass  mobile 390x780: surface and wear ride their own channel and every street carries it
2026-10-01T08:38:22.9748676Z   pass  mobile 390x780: the ground never rises through a road panel between its vertices
2026-10-01T08:38:22.9749395Z   pass  mobile 390x780: the worn track runs onto each bridge approach and meets the deck
2026-10-01T08:38:22.9750068Z   pass  mobile 390x780: no bend in the ribbon opens a wedge on the outside of its turn
2026-10-01T08:38:22.9750745Z   pass  mobile 390x780: no elevated flora sheet can masquerade as a second terrain layer
2026-10-01T08:39:17.0790621Z   pass  mobile 390x780: the roads reach the screen from the walker’s eye, down an open street
2026-10-01T08:39:17.0855565Z         south_water: 2-40 m: ΔL* 3.9 of 4.3 opaque, 90 % perceptible of 10 bare, weber 0.1665 (n 10) over ground L* 50.5, seen 10 of 10 projected (10 clear of flora) · 40-100 m: ΔL* 4.4 of 4.8 opaque, 93 % perceptible of 15 bare, weber 0.1861 (n 15) over ground L* 50.2, seen 15 of 15 projected (15 clear of flora) · 100-250 m: ΔL* 4.8 of 3.5 opaque, 100 % perceptible of 42 bare, weber 0.2045 (n 42) over ground L* 48.9, seen 42 of 75 projected (42 clear of flora) · 250-600 m: ΔL* 5.1 of 3.7 opaque, 99 % perceptible of 82 bare, weber 0.2195 (n 82) over ground L* 48.6, seen 82 of 520 projected (82 clear of flora) · 600-4000 m: ΔL* 7.3 of 8.3 opaque, 100 % perceptible of 10 bare, weber 0.3052 (n 10) over ground L* 53.5, seen 10 of 221 projected (10 clear of flora) (reported only)
2026-10-01T08:40:15.2745813Z   pass  mobile 390x780: the roads reach the screen from the air, at the aerial anchor
2026-10-01T08:40:15.2787691Z         from_above: 2-40 m: projects 0× (not gated) · 40-100 m: projects 0× (not gated) · 100-250 m: ΔL* 3.9 of 8.1 opaque, 94 % perceptible of 90 bare, weber 0.1750 (n 90) over ground L* 47.0, seen 90 of 93 projected (90 clear of flora) · 250-600 m: ΔL* 3.9 of 7.9 opaque, 86 % perceptible of 432 bare, weber 0.1713 (n 432) over ground L* 48.5, seen 432 of 437 projected (432 clear of flora) · 600-4000 m: ΔL* 3.6 of 7.4 opaque, 93 % perceptible of 224 bare, weber 0.1574 (n 212) over ground L* 49.5, seen 212 of 225 projected (224 clear of flora) (reported only)
2026-10-01T08:40:15.2845379Z         road bands: 5 moved against the bank —
2026-10-01T08:40:15.2935663Z           rose      mobile/south_water/100-250  perceptible 33 % → 100 % (+67 points), ΔL* 1.8 → 4.8 (+3.0), weber 0.0795 → 0.2044
2026-10-01T08:40:15.2959723Z           fell      mobile/south_water/250-600  ΔL* 7.0 → 5.1 (-1.9), ground L* 53.3 → 48.6 (-4.7, exposure)
2026-10-01T08:40:15.3005437Z           rose      mobile/from_above/250-600  perceptible 54 % → 86 % (+31 points), ΔL* 2.0 → 3.9 (+1.8), weber 0.0922 → 0.1713
2026-10-01T08:40:15.3044825Z           rose      mobile/from_above/100-250  ΔL* 2.6 → 3.9 (+1.4), weber 0.1161 → 0.1750
2026-10-01T08:40:15.3057575Z           rose      mobile/south_water/40-100  ΔL* 3.1 → 4.4 (+1.3), weber 0.1325 → 0.1861
2026-10-01T08:41:17.6541960Z   pass  mobile 390x780: the roads reach the screen standing on the crossing itself
2026-10-01T08:41:17.6620721Z         lake_market: 2-40 m: ΔL* 2.4 of 2.7 opaque, 80 % perceptible of 10 bare, weber 0.1210 (n 10) over ground L* 48.6, seen 10 of 10 projected (10 clear of flora) · 40-100 m: ΔL* 5.0 of 5.6 opaque, 100 % perceptible of 15 bare, weber 0.2063 (n 15) over ground L* 51.0, seen 15 of 15 projected (15 clear of flora) · 100-250 m: ΔL* 4.2 of 5.8 opaque, 100 % perceptible of 43 bare, weber 0.1760 (n 43) over ground L* 51.0, seen 43 of 102 projected (43 clear of flora) · 250-600 m: ΔL* 4.5 of 5.5 opaque, 98 % perceptible of 97 bare, weber 0.1853 (n 97) over ground L* 51.6, seen 97 of 507 projected (97 clear of flora) · 600-4000 m: ΔL* 5.1 of 6.3 opaque, 98 % perceptible of 62 bare, weber 0.2049 (n 62) over ground L* 53.6, seen 62 of 874 projected (62 clear of flora) (reported only)
2026-10-01T08:41:17.6645974Z         road bands: 4 moved against the bank —
2026-10-01T08:41:17.6676085Z           rose      mobile/lake_market/250-600  ΔL* 2.0 → 4.5 (+2.5), weber 0.0826 → 0.1853
2026-10-01T08:41:17.6705899Z           rose      mobile/lake_market/40-100  ΔL* 2.9 → 5.0 (+2.0), weber 0.1269 → 0.2063
2026-10-01T08:41:17.6765855Z           rose      mobile/lake_market/100-250  ΔL* 2.7 → 4.2 (+1.5), weber 0.1158 → 0.1760
2026-10-01T08:41:17.6767110Z           rose      mobile/lake_market/2-40  perceptible 60 % → 80 % (+20 points)
2026-10-01T08:41:19.8476403Z   pass  mobile 390x780: the road-legibility aid is off unless a visitor moves it
2026-10-01T08:41:37.4257202Z   pass  mobile 390x780: raising the road-legibility aid reaches the render
2026-10-01T08:41:37.4258539Z   pass  mobile 390x780: dropping the road-legibility aid restores the default frame
2026-10-01T08:41:37.4265627Z         road aid: full-on delta mean 0.28 / worst 6 at 96², 0.21 / 1 at 12²; restored residual mean 0.00 / worst 0
2026-10-01T08:41:38.6393154Z   pass  mobile 390x780: the town is its one untextured batch and its two roof coverings
2026-10-01T08:41:38.6394028Z   pass  mobile 390x780: the batch still carries the town's finishes
2026-10-01T08:41:50.1575627Z   pass  mobile 390x780: the per-vertex roughness channel reaches the render
2026-10-01T08:41:50.1576163Z   pass  mobile 390x780: restoring the roughness channel restores the frame
2026-10-01T08:41:50.1577371Z         batches: 3 · roughness 15 values 0.25–0.9800000190734863 · flattening moves worst cell 12, mean 0.09; restored worst 0
2026-10-01T08:42:04.6607283Z   pass  mobile 390x780: the town wears more than one face
2026-10-01T08:42:04.6608327Z   pass  mobile 390x780: no two neighbouring buildings are drawn the same colour
2026-10-01T08:42:04.6608987Z   pass  mobile 390x780: a documented paint is never modulated
2026-10-01T08:42:04.6609765Z   pass  mobile 390x780: the facade tones reach the render
2026-10-01T08:42:04.6610977Z   pass  mobile 390x780: restoring the facade tones restores the frame
2026-10-01T08:42:04.6612341Z         facades: 499 tones · 0/486 neighbour pairs identical · winding off moves worst cell 10, mean 0.19; restored worst 0
2026-10-01T08:42:06.5367099Z   pass  mobile 390x780: the sun's shadow reaches 120 m at the documented texel (scene detail 'light')
2026-10-01T08:42:17.5318918Z   pass  mobile 390x780: the shadow reach reaches the render
2026-10-01T08:42:17.5319671Z   pass  mobile 390x780: restoring the shadow reach restores the frame
2026-10-01T08:42:17.5320784Z         shadow reach: ±120 m at 23.4 cm/texel · winding back to ±60 m moves worst cell 7; restored residual worst 0
2026-10-01T08:42:18.4569351Z   pass  mobile 390x780: the shadow box holds still under a sub-texel step
2026-10-01T08:42:18.4570217Z   pass  mobile 390x780: the snap reaches the box — without it the same step moves it
2026-10-01T08:42:18.4570868Z   pass  mobile 390x780: the box moves in texels of its own map, and only in those
2026-10-01T08:42:18.4571548Z         shadow snap: 1 mm moves the box 0.00 µm snapped, 0.994 mm loose; a 1 m walk moves it 5 time(s), worst 1.000 texels
2026-10-01T08:42:20.2831700Z   pass  mobile 390x780: the brightness aid is off unless a visitor moves it
2026-10-01T08:42:30.5933555Z   pass  mobile 390x780: raising the brightness aid reaches the render
2026-10-01T08:42:30.5935207Z   pass  mobile 390x780: dropping the brightness aid restores the calibrated frame
2026-10-01T08:42:30.5936476Z         brightness aid: +1 stop delta mean 47.17 / worst 51 at 12²; restored residual mean 0.00 / worst 0
2026-10-01T08:42:30.5937234Z   pass  mobile 390x780: the suite body ran to completion
2026-10-01T08:42:30.5937698Z   pass  mobile 390x780: zero page errors
2026-10-01T08:42:30.6396655Z 
2026-10-01T08:42:30.9212354Z   pass  vendor: meshopt decoder loads and reports supported
2026-10-01T08:42:30.9214798Z   pass  vendor: meshopt import raises no page error
2026-10-01T08:42:30.9553363Z 
2026-10-01T08:42:30.9554672Z 55 passed, 0 failed
2026-10-01T08:42:30.9555289Z 45 staged-section check(s) (stage 7-9 of 13), 10 always-on check(s)
2026-10-01T08:42:30.9556401Z 4 m 56 s for stage 7-9 at mobile — the ceiling on a steward run's single foreground command is 10 m 00 s
2026-10-01T08:42:30.9557343Z SMOKE PASS
2026-10-01T08:42:30.9714805Z Post job cleanup.
2026-10-01T08:42:31.0610421Z (node:3468) [DEP0040] DeprecationWarning: The `punycode` module is deprecated. Please use a userland alternative instead.
2026-10-01T08:42:31.0611263Z (Use `node --trace-deprecation ...` to show where the warning was created)
2026-10-01T08:42:31.0737644Z Post job cleanup.
2026-10-01T08:42:31.1360161Z [command]/usr/bin/git version
2026-10-01T08:42:31.1387983Z git version 2.55.0
2026-10-01T08:42:31.1411822Z Temporarily overriding HOME='/home/runner/work/_temp/2a615b0d-8b67-453c-9e8f-06af34f27add' before making global git config changes
2026-10-01T08:42:31.1412590Z Adding repository directory to the temporary git global config as a safe directory
2026-10-01T08:42:31.1415473Z [command]/usr/bin/git config --global --add safe.directory /home/runner/work/chicago/chicago
2026-10-01T08:42:31.1442538Z [command]/usr/bin/git config --local --name-only --get-regexp core\.sshCommand
2026-10-01T08:42:31.1466029Z [command]/usr/bin/git submodule foreach --recursive sh -c "git config --local --name-only --get-regexp 'core\.sshCommand' && git config --local --unset-all 'core.sshCommand' || :"
2026-10-01T08:42:31.1626924Z [command]/usr/bin/git config --local --name-only --get-regexp http\.https\:\/\/github\.com\/\.extraheader
2026-10-01T08:42:31.1646421Z http.https://github.com/.extraheader
2026-10-01T08:42:31.1652912Z [command]/usr/bin/git config --local --unset-all http.https://github.com/.extraheader
2026-10-01T08:42:31.1677652Z [command]/usr/bin/git submodule foreach --recursive sh -c "git config --local --name-only --get-regexp 'http\.https\:\/\/github\.com\/\.extraheader' && git config --local --unset-all 'http.https://github.com/.extraheader' || :"
2026-10-01T08:42:31.1832201Z [command]/usr/bin/git config --local --name-only --get-regexp ^includeIf\.gitdir:
2026-10-01T08:42:31.1853698Z [command]/usr/bin/git submodule foreach --recursive git config --local --show-origin --name-only --get-regexp remote.origin.url
2026-10-01T08:42:31.2118278Z Cleaning up orphan processes
2026-10-01T08:42:31.2323367Z ##[warning]Node.js 20 is deprecated. The following actions target Node.js 20 but are being forced to run on Node.js 24: actions/checkout@v4, actions/setup-node@v4. For more information see: https://github.blog/changelog/2025-09-19-deprecation-of-node-20-on-github-actions-runners/

