2026-10-01T08:26:16.1745767Z Current runner version: '2.337.0'
2026-10-01T08:26:16.1767503Z ##[group]Runner Image Provisioner
2026-10-01T08:26:16.1768289Z Hosted Compute Agent
2026-10-01T08:26:16.1768777Z Version: 20260828.587
2026-10-01T08:26:16.1769280Z Commit: abac92662cab4cc7352de4f9f9d2e2419aad9c29
2026-10-01T08:26:16.1769950Z Build Date: 2026-08-28T16:44:25Z
2026-10-01T08:26:16.1770511Z Worker ID: {bdd7c050-9e82-4302-a28c-5cd20c538240}
2026-10-01T08:26:16.1771154Z Azure Region: eastus
2026-10-01T08:26:16.1771675Z ##[endgroup]
2026-10-01T08:26:16.1772769Z ##[group]Operating System
2026-10-01T08:26:16.1773341Z Ubuntu
2026-10-01T08:26:16.1773855Z 24.04.5
2026-10-01T08:26:16.1774328Z LTS
2026-10-01T08:26:16.1774771Z ##[endgroup]
2026-10-01T08:26:16.1775415Z ##[group]Runner Image
2026-10-01T08:26:16.1775947Z Image: ubuntu-24.04
2026-10-01T08:26:16.1776411Z Version: 20260920.314.1
2026-10-01T08:26:16.1777518Z Included Software: https://github.com/actions/runner-images/blob/ubuntu24/20260920.314/images/ubuntu/Ubuntu2404-Readme.md
2026-10-01T08:26:16.1778797Z Image Release: https://github.com/actions/runner-images/releases/tag/ubuntu24%2F20260920.314
2026-10-01T08:26:16.1779613Z ##[endgroup]
2026-10-01T08:26:16.1780622Z ##[group]GITHUB_TOKEN Permissions
2026-10-01T08:26:16.1782752Z Contents: read
2026-10-01T08:26:16.1783309Z Metadata: read
2026-10-01T08:26:16.1783821Z Packages: read
2026-10-01T08:26:16.1784298Z ##[endgroup]
2026-10-01T08:26:16.1786253Z Secret source: Actions
2026-10-01T08:26:16.1787069Z Cache mode: write
2026-10-01T08:26:16.1787851Z Prepare workflow directory
2026-10-01T08:26:16.2781153Z Prepare all required actions
2026-10-01T08:26:16.2820343Z Getting action download info
2026-10-01T08:26:16.4511643Z Download action repository 'actions/checkout@v4' (SHA:11d5960a326750d5838078e36cf38b85af677262)
2026-10-01T08:26:16.6034526Z Download action repository 'actions/setup-node@v4' (SHA:49933ea5288caeca8642d1e84afbd3f7d6820020)
2026-10-01T08:26:16.8156822Z Complete job name: smoke
2026-10-01T08:26:16.8746190Z ##[group]Run actions/checkout@v4
2026-10-01T08:26:16.8747007Z with:
2026-10-01T08:26:16.8747395Z   repository: kevinrhaas/chicago
2026-10-01T08:26:16.8750772Z   token: ***
2026-10-01T08:26:16.8751153Z   ssh-strict: true
2026-10-01T08:26:16.8751531Z   ssh-user: git
2026-10-01T08:26:16.8751918Z   persist-credentials: true
2026-10-01T08:26:16.8752325Z   clean: true
2026-10-01T08:26:16.8752706Z   sparse-checkout-cone-mode: true
2026-10-01T08:26:16.8753140Z   fetch-depth: 1
2026-10-01T08:26:16.8753505Z   fetch-tags: false
2026-10-01T08:26:16.8753883Z   show-progress: true
2026-10-01T08:26:16.8754260Z   lfs: false
2026-10-01T08:26:16.8754608Z   submodules: false
2026-10-01T08:26:16.8754990Z   set-safe-directory: true
2026-10-01T08:26:16.8755549Z   allow-unsafe-pr-checkout: false
2026-10-01T08:26:16.8756142Z ##[endgroup]
2026-10-01T08:26:16.9598578Z Syncing repository: kevinrhaas/chicago
2026-10-01T08:26:16.9600053Z ##[group]Getting Git version info
2026-10-01T08:26:16.9600691Z Working directory is '/home/runner/work/chicago/chicago'
2026-10-01T08:26:16.9601526Z [command]/usr/bin/git version
2026-10-01T08:26:17.0174667Z git version 2.55.0
2026-10-01T08:26:17.0190428Z ##[endgroup]
2026-10-01T08:26:17.0202148Z Temporarily overriding HOME='/home/runner/work/_temp/0ba2fe5f-3456-4d07-b560-50718c2a8f6d' before making global git config changes
2026-10-01T08:26:17.0203242Z Adding repository directory to the temporary git global config as a safe directory
2026-10-01T08:26:17.0206580Z [command]/usr/bin/git config --global --add safe.directory /home/runner/work/chicago/chicago
2026-10-01T08:26:17.0251615Z Deleting the contents of '/home/runner/work/chicago/chicago'
2026-10-01T08:26:17.0255906Z ##[group]Initializing the repository
2026-10-01T08:26:17.0259568Z [command]/usr/bin/git init /home/runner/work/chicago/chicago
2026-10-01T08:26:17.0350714Z hint: Using 'master' as the name for the initial branch. This default branch name
2026-10-01T08:26:17.0352021Z hint: will change to "main" in Git 3.0. To configure the initial branch name
2026-10-01T08:26:17.0353459Z hint: to use in all of your new repositories, which will suppress this warning,
2026-10-01T08:26:17.0354346Z hint: call:
2026-10-01T08:26:17.0354778Z hint:
2026-10-01T08:26:17.0355378Z hint: 	git config --global init.defaultBranch <name>
2026-10-01T08:26:17.0355878Z hint:
2026-10-01T08:26:17.0356343Z hint: Names commonly chosen instead of 'master' are 'main', 'trunk' and
2026-10-01T08:26:17.0357060Z hint: 'development'. The just-created branch can be renamed via this command:
2026-10-01T08:26:17.0357628Z hint:
2026-10-01T08:26:17.0357964Z hint: 	git branch -m <name>
2026-10-01T08:26:17.0358406Z hint:
2026-10-01T08:26:17.0359152Z hint: Disable this message with "git config set advice.defaultBranchName false"
2026-10-01T08:26:17.0360007Z Initialized empty Git repository in /home/runner/work/chicago/chicago/.git/
2026-10-01T08:26:17.0362796Z [command]/usr/bin/git remote add origin https://github.com/kevinrhaas/chicago
2026-10-01T08:26:17.0405400Z ##[endgroup]
2026-10-01T08:26:17.0406049Z ##[group]Disabling automatic garbage collection
2026-10-01T08:26:17.0408174Z [command]/usr/bin/git config --local gc.auto 0
2026-10-01T08:26:17.0433137Z ##[endgroup]
2026-10-01T08:26:17.0433718Z ##[group]Setting up auth
2026-10-01T08:26:17.0438413Z [command]/usr/bin/git config --local --name-only --get-regexp core\.sshCommand
2026-10-01T08:26:17.0463310Z [command]/usr/bin/git submodule foreach --recursive sh -c "git config --local --name-only --get-regexp 'core\.sshCommand' && git config --local --unset-all 'core.sshCommand' || :"
2026-10-01T08:26:17.1047591Z [command]/usr/bin/git config --local --name-only --get-regexp http\.https\:\/\/github\.com\/\.extraheader
2026-10-01T08:26:17.1073769Z [command]/usr/bin/git submodule foreach --recursive sh -c "git config --local --name-only --get-regexp 'http\.https\:\/\/github\.com\/\.extraheader' && git config --local --unset-all 'http.https://github.com/.extraheader' || :"
2026-10-01T08:26:17.1264303Z [command]/usr/bin/git config --local --name-only --get-regexp ^includeIf\.gitdir:
2026-10-01T08:26:17.1291026Z [command]/usr/bin/git submodule foreach --recursive git config --local --show-origin --name-only --get-regexp remote.origin.url
2026-10-01T08:26:17.1483458Z [command]/usr/bin/git config --local http.https://github.com/.extraheader AUTHORIZATION: basic ***
2026-10-01T08:26:17.1518629Z ##[endgroup]
2026-10-01T08:26:17.1519581Z ##[group]Fetching the repository
2026-10-01T08:26:17.1528129Z [command]/usr/bin/git -c protocol.version=2 fetch --no-tags --prune --no-recurse-submodules --depth=1 origin +9446a07a87b92ae4920e69398e1d986ad91f0bb4:refs/remotes/origin/steward/t1766-canal-grocery-workshops
2026-10-01T08:26:50.9095030Z From https://github.com/kevinrhaas/chicago
2026-10-01T08:26:50.9096101Z  * [new ref]         9446a07a87b92ae4920e69398e1d986ad91f0bb4 -> origin/steward/t1766-canal-grocery-workshops
2026-10-01T08:26:50.9098238Z ##[endgroup]
2026-10-01T08:26:50.9098767Z ##[group]Determining the checkout info
2026-10-01T08:26:50.9101086Z ##[endgroup]
2026-10-01T08:26:50.9105225Z [command]/usr/bin/git sparse-checkout disable
2026-10-01T08:26:50.9148971Z [command]/usr/bin/git config --local --unset-all extensions.worktreeConfig
2026-10-01T08:26:50.9173518Z ##[group]Checking out the ref
2026-10-01T08:26:50.9177553Z [command]/usr/bin/git checkout --progress --force -B steward/t1766-canal-grocery-workshops refs/remotes/origin/steward/t1766-canal-grocery-workshops
2026-10-01T08:26:52.0558773Z Updating files:  74% (6765/9120)
2026-10-01T08:26:52.0799794Z Updating files:  75% (6840/9120)
2026-10-01T08:26:52.1079636Z Updating files:  76% (6932/9120)
2026-10-01T08:26:52.1672169Z Updating files:  77% (7023/9120)
2026-10-01T08:26:52.1976529Z Updating files:  78% (7114/9120)
2026-10-01T08:26:52.2085259Z Updating files:  79% (7205/9120)
2026-10-01T08:26:52.2346604Z Updating files:  80% (7296/9120)
2026-10-01T08:26:52.2473987Z Updating files:  81% (7388/9120)
2026-10-01T08:26:52.2592042Z Updating files:  82% (7479/9120)
2026-10-01T08:26:52.2692083Z Updating files:  83% (7570/9120)
2026-10-01T08:26:52.2804046Z Updating files:  84% (7661/9120)
2026-10-01T08:26:52.2934582Z Updating files:  85% (7752/9120)
2026-10-01T08:26:52.3056067Z Updating files:  86% (7844/9120)
2026-10-01T08:26:52.3589404Z Updating files:  87% (7935/9120)
2026-10-01T08:26:52.4210520Z Updating files:  88% (8026/9120)
2026-10-01T08:26:52.6108639Z Updating files:  89% (8117/9120)
2026-10-01T08:26:52.8967580Z Updating files:  90% (8208/9120)
2026-10-01T08:26:52.9307186Z Updating files:  91% (8300/9120)
2026-10-01T08:26:53.1166952Z Updating files:  91% (8308/9120)
2026-10-01T08:26:53.2201433Z Updating files:  92% (8391/9120)
2026-10-01T08:26:53.2662327Z Updating files:  93% (8482/9120)
2026-10-01T08:26:53.2998238Z Updating files:  94% (8573/9120)
2026-10-01T08:26:53.4108758Z Updating files:  95% (8664/9120)
2026-10-01T08:26:53.5217807Z Updating files:  96% (8756/9120)
2026-10-01T08:26:53.5853079Z Updating files:  97% (8847/9120)
2026-10-01T08:26:53.8442894Z Updating files:  98% (8938/9120)
2026-10-01T08:26:53.9332682Z Updating files:  99% (9029/9120)
2026-10-01T08:26:54.0863112Z Updating files:  99% (9056/9120)
2026-10-01T08:26:54.0863464Z Updating files: 100% (9120/9120)
2026-10-01T08:26:54.0863870Z Updating files: 100% (9120/9120), done.
2026-10-01T08:26:54.2125814Z Switched to a new branch 'steward/t1766-canal-grocery-workshops'
2026-10-01T08:26:54.2129870Z branch 'steward/t1766-canal-grocery-workshops' set up to track 'origin/steward/t1766-canal-grocery-workshops'.
2026-10-01T08:26:54.2272749Z ##[endgroup]
2026-10-01T08:26:54.2314082Z [command]/usr/bin/git log -1 --format=%H
2026-10-01T08:26:54.2334724Z 9446a07a87b92ae4920e69398e1d986ad91f0bb4
2026-10-01T08:26:54.2678623Z ##[group]Run actions/setup-node@v4
2026-10-01T08:26:54.2678868Z with:
2026-10-01T08:26:54.2679031Z   node-version: 22
2026-10-01T08:26:54.2679226Z   always-auth: false
2026-10-01T08:26:54.2679405Z   check-latest: false
2026-10-01T08:26:54.2681505Z   token: ***
2026-10-01T08:26:54.2681685Z ##[endgroup]
2026-10-01T08:26:54.3829272Z Found in cache @ /opt/hostedtoolcache/node/22.23.2/x64
2026-10-01T08:26:54.3832959Z (node:2030) [DEP0040] DeprecationWarning: The `punycode` module is deprecated. Please use a userland alternative instead.
2026-10-01T08:26:54.3833597Z (Use `node --trace-deprecation ...` to show where the warning was created)
2026-10-01T08:26:54.3834813Z ##[group]Environment details
2026-10-01T08:26:54.7893178Z node: v22.23.2
2026-10-01T08:26:54.7893546Z npm: 10.9.8
2026-10-01T08:26:54.7893751Z yarn: 1.22.22
2026-10-01T08:26:54.7895071Z ##[endgroup]
2026-10-01T08:26:54.8441782Z ##[group]Run set -e
2026-10-01T08:26:54.8442087Z [36;1mset -e[0m
2026-10-01T08:26:54.8442302Z [36;1mnpm install -g playwright@1.56.1[0m
2026-10-01T08:26:54.8442656Z [36;1mnode "$(npm root -g)/playwright/cli.js" install --with-deps chromium[0m
2026-10-01T08:26:54.9074245Z shell: /usr/bin/bash -e {0}
2026-10-01T08:26:54.9074532Z ##[endgroup]
2026-10-01T08:26:56.6437907Z 
2026-10-01T08:26:56.6446450Z added 2 packages in 2s
2026-10-01T08:26:57.2043843Z Installing dependencies...
2026-10-01T08:26:57.2097443Z Switching to root user to install dependencies...
2026-10-01T08:26:57.2756891Z Get:1 file:/etc/apt/apt-mirrors.txt Mirrorlist [144 B]
2026-10-01T08:26:57.3040295Z Hit:2 http://azure.archive.ubuntu.com/ubuntu noble InRelease
2026-10-01T08:26:57.3041561Z Get:6 https://packages.microsoft.com/ubuntu/24.04/prod noble InRelease [3600 B]
2026-10-01T08:26:57.3050685Z Get:3 http://azure.archive.ubuntu.com/ubuntu noble-updates InRelease [126 kB]
2026-10-01T08:26:57.3087035Z Get:4 http://azure.archive.ubuntu.com/ubuntu noble-backports InRelease [126 kB]
2026-10-01T08:26:57.3107845Z Get:5 http://azure.archive.ubuntu.com/ubuntu noble-security InRelease [126 kB]
2026-10-01T08:26:57.4087304Z Get:7 https://packages.microsoft.com/ubuntu/24.04/prod noble/main amd64 Packages [509 kB]
2026-10-01T08:26:57.4196454Z Get:8 https://packages.microsoft.com/ubuntu/24.04/prod noble/main arm64 Packages [456 kB]
2026-10-01T08:26:57.4508773Z Get:9 http://azure.archive.ubuntu.com/ubuntu noble-updates/main amd64 Packages [1342 kB]
2026-10-01T08:26:57.4569713Z Get:10 http://azure.archive.ubuntu.com/ubuntu noble-updates/main Translation-en [302 kB]
2026-10-01T08:26:57.4596487Z Get:11 http://azure.archive.ubuntu.com/ubuntu noble-updates/main amd64 Components [181 kB]
2026-10-01T08:26:57.4614863Z Get:12 http://azure.archive.ubuntu.com/ubuntu noble-updates/universe amd64 Packages [1699 kB]
2026-10-01T08:26:57.4685243Z Get:13 http://azure.archive.ubuntu.com/ubuntu noble-updates/universe Translation-en [341 kB]
2026-10-01T08:26:57.4712977Z Get:14 http://azure.archive.ubuntu.com/ubuntu noble-updates/universe amd64 Components [388 kB]
2026-10-01T08:26:57.4728850Z Get:15 http://azure.archive.ubuntu.com/ubuntu noble-updates/restricted amd64 Packages [1697 kB]
2026-10-01T08:26:57.4812915Z Get:16 http://azure.archive.ubuntu.com/ubuntu noble-updates/restricted Translation-en [388 kB]
2026-10-01T08:26:57.4837691Z Get:17 http://azure.archive.ubuntu.com/ubuntu noble-updates/multiverse amd64 Components [940 B]
2026-10-01T08:26:57.4964728Z Get:18 http://azure.archive.ubuntu.com/ubuntu noble-backports/main amd64 Packages [40.6 kB]
2026-10-01T08:26:57.5389007Z Get:19 http://azure.archive.ubuntu.com/ubuntu noble-backports/main amd64 Components [5760 B]
2026-10-01T08:26:57.5396529Z Get:20 http://azure.archive.ubuntu.com/ubuntu noble-backports/universe amd64 Packages [31.0 kB]
2026-10-01T08:26:57.5414282Z Get:21 http://azure.archive.ubuntu.com/ubuntu noble-backports/universe Translation-en [18.6 kB]
2026-10-01T08:26:57.5422501Z Get:22 http://azure.archive.ubuntu.com/ubuntu noble-backports/universe amd64 Components [12.6 kB]
2026-10-01T08:26:57.5430873Z Get:23 http://azure.archive.ubuntu.com/ubuntu noble-security/main amd64 Packages [1066 kB]
2026-10-01T08:26:57.5474261Z Get:24 http://azure.archive.ubuntu.com/ubuntu noble-security/main Translation-en [220 kB]
2026-10-01T08:26:57.5489391Z Get:25 http://azure.archive.ubuntu.com/ubuntu noble-security/main amd64 Components [46.4 kB]
2026-10-01T08:26:57.5499068Z Get:26 http://azure.archive.ubuntu.com/ubuntu noble-security/universe amd64 Packages [1216 kB]
2026-10-01T08:26:57.5551394Z Get:27 http://azure.archive.ubuntu.com/ubuntu noble-security/universe Translation-en [244 kB]
2026-10-01T08:26:57.5567627Z Get:28 http://azure.archive.ubuntu.com/ubuntu noble-security/universe amd64 Components [76.3 kB]
2026-10-01T08:26:57.5579180Z Get:29 http://azure.archive.ubuntu.com/ubuntu noble-security/restricted amd64 Packages [1566 kB]
2026-10-01T08:26:57.5640430Z Get:30 http://azure.archive.ubuntu.com/ubuntu noble-security/restricted Translation-en [361 kB]
2026-10-01T08:27:06.9451892Z Fetched 12.6 MB in 1s (11.2 MB/s)
2026-10-01T08:27:07.5824086Z Reading package lists...
2026-10-01T08:27:07.6027928Z Reading package lists...
2026-10-01T08:27:07.7617063Z Building dependency tree...
2026-10-01T08:27:07.7623111Z Reading state information...
2026-10-01T08:27:07.8892243Z libasound2t64 is already the newest version (1.2.11-1ubuntu0.3).
2026-10-01T08:27:07.8892793Z libasound2t64 set to manually installed.
2026-10-01T08:27:07.8893341Z libatk-bridge2.0-0t64 is already the newest version (2.52.0-1build1).
2026-10-01T08:27:07.8893891Z libatk-bridge2.0-0t64 set to manually installed.
2026-10-01T08:27:07.8894352Z libatk1.0-0t64 is already the newest version (2.52.0-1build1).
2026-10-01T08:27:07.8894773Z libatk1.0-0t64 set to manually installed.
2026-10-01T08:27:07.8895436Z libatspi2.0-0t64 is already the newest version (2.52.0-1build1).
2026-10-01T08:27:07.8895902Z libatspi2.0-0t64 set to manually installed.
2026-10-01T08:27:07.8896354Z libcairo2 is already the newest version (1.18.0-3build1).
2026-10-01T08:27:07.8896763Z libcairo2 set to manually installed.
2026-10-01T08:27:07.8897203Z libcups2t64 is already the newest version (2.4.7-1.2ubuntu7.14).
2026-10-01T08:27:07.8897620Z libcups2t64 set to manually installed.
2026-10-01T08:27:07.8898112Z libdbus-1-3 is already the newest version (1.14.10-4ubuntu4.1).
2026-10-01T08:27:07.8898589Z libdbus-1-3 set to manually installed.
2026-10-01T08:27:07.8899111Z libdrm2 is already the newest version (2.4.125-1ubuntu0.1~24.04.2).
2026-10-01T08:27:07.8900078Z libdrm2 set to manually installed.
2026-10-01T08:27:07.8900561Z libnspr4 is already the newest version (2:4.35-1.1build1).
2026-10-01T08:27:07.8901047Z libnspr4 set to manually installed.
2026-10-01T08:27:07.8901532Z libnss3 is already the newest version (2:3.98-1ubuntu0.2).
2026-10-01T08:27:07.8901961Z libnss3 set to manually installed.
2026-10-01T08:27:07.8902834Z libpango-1.0-0 is already the newest version (1.52.1+ds-1build1).
2026-10-01T08:27:07.8903178Z libpango-1.0-0 set to manually installed.
2026-10-01T08:27:07.8903580Z libx11-6 is already the newest version (2:1.8.7-1build1).
2026-10-01T08:27:07.8903891Z libx11-6 set to manually installed.
2026-10-01T08:27:07.8904210Z libxcb1 is already the newest version (1.15-1ubuntu2).
2026-10-01T08:27:07.8904498Z libxcb1 set to manually installed.
2026-10-01T08:27:07.8904819Z libxcomposite1 is already the newest version (1:0.4.5-1build3).
2026-10-01T08:27:07.8905343Z libxcomposite1 set to manually installed.
2026-10-01T08:27:07.8905824Z libxdamage1 is already the newest version (1:1.1.6-1build1).
2026-10-01T08:27:07.8906304Z libxdamage1 set to manually installed.
2026-10-01T08:27:07.8906809Z libxext6 is already the newest version (2:1.3.4-1build2).
2026-10-01T08:27:07.8907255Z libxext6 set to manually installed.
2026-10-01T08:27:07.8907746Z libxfixes3 is already the newest version (1:6.0.0-2build1).
2026-10-01T08:27:07.8908245Z libxfixes3 set to manually installed.
2026-10-01T08:27:07.8908792Z libxkbcommon0 is already the newest version (1.6.0-1build1).
2026-10-01T08:27:07.8909301Z libxkbcommon0 set to manually installed.
2026-10-01T08:27:07.8909786Z libxrandr2 is already the newest version (2:1.5.2-2build1).
2026-10-01T08:27:07.8910269Z libxrandr2 set to manually installed.
2026-10-01T08:27:07.8910893Z fonts-noto-color-emoji is already the newest version (2.047-0ubuntu0.24.04.1).
2026-10-01T08:27:07.8911610Z libfontconfig1 is already the newest version (2.15.0-1.1ubuntu2).
2026-10-01T08:27:07.8912159Z libfontconfig1 set to manually installed.
2026-10-01T08:27:07.8912755Z libfreetype6 is already the newest version (2.13.2+dfsg-1ubuntu0.1).
2026-10-01T08:27:07.8913298Z libfreetype6 set to manually installed.
2026-10-01T08:27:07.8913830Z fonts-liberation is already the newest version (1:2.1.5-3).
2026-10-01T08:27:07.8914358Z fonts-liberation set to manually installed.
2026-10-01T08:27:07.8914867Z The following additional packages will be installed:
2026-10-01T08:27:07.8916174Z   gir1.2-glib-2.0 libgl1-mesa-dri libglib2.0-bin libglib2.0-data libglx-mesa0
2026-10-01T08:27:07.8916861Z   libwayland-server0 mesa-libgallium xfonts-encodings xfonts-utils
2026-10-01T08:27:07.8917331Z   xserver-common
2026-10-01T08:27:07.8917625Z Suggested packages:
2026-10-01T08:27:07.8917899Z   low-memory-monitor
2026-10-01T08:27:07.8918173Z Recommended packages:
2026-10-01T08:27:07.8918557Z   fonts-ipafont-mincho fonts-tlwg-loma xfonts-base
2026-10-01T08:27:07.9103995Z The following NEW packages will be installed:
2026-10-01T08:27:07.9104589Z   fonts-freefont-ttf fonts-ipafont-gothic fonts-tlwg-loma-otf fonts-unifont
2026-10-01T08:27:07.9108675Z   fonts-wqy-zenhei libwayland-server0 xfonts-cyrillic xfonts-encodings
2026-10-01T08:27:07.9109046Z   xfonts-scalable xfonts-utils
2026-10-01T08:27:07.9111315Z The following packages will be upgraded:
2026-10-01T08:27:07.9112405Z   gir1.2-glib-2.0 libgbm1 libgl1-mesa-dri libglib2.0-0t64 libglib2.0-bin
2026-10-01T08:27:07.9116338Z   libglib2.0-data libglx-mesa0 mesa-libgallium xserver-common xvfb
2026-10-01T08:27:07.9254159Z 10 upgraded, 10 newly installed, 0 to remove and 36 not upgraded.
2026-10-01T08:27:07.9254702Z Need to get 34.9 MB of archives.
2026-10-01T08:27:07.9255414Z After this operation, 79.7 MB of additional disk space will be used.
2026-10-01T08:27:07.9256072Z Get:1 file:/etc/apt/apt-mirrors.txt Mirrorlist [144 B]
2026-10-01T08:27:07.9561086Z Get:2 http://azure.archive.ubuntu.com/ubuntu noble/universe amd64 fonts-ipafont-gothic all 00303-21ubuntu1 [3513 kB]
2026-10-01T08:27:08.2599873Z Get:3 http://azure.archive.ubuntu.com/ubuntu noble-updates/main amd64 libglib2.0-data all 2.80.0-6ubuntu3.9 [50.1 kB]
2026-10-01T08:27:08.2796905Z Get:4 http://azure.archive.ubuntu.com/ubuntu noble-updates/main amd64 libglib2.0-bin amd64 2.80.0-6ubuntu3.9 [97.9 kB]
2026-10-01T08:27:08.3034008Z Get:5 http://azure.archive.ubuntu.com/ubuntu noble-updates/main amd64 gir1.2-glib-2.0 amd64 2.80.0-6ubuntu3.9 [183 kB]
2026-10-01T08:27:08.3333192Z Get:6 http://azure.archive.ubuntu.com/ubuntu noble-updates/main amd64 libglib2.0-0t64 amd64 2.80.0-6ubuntu3.9 [1547 kB]
2026-10-01T08:27:08.4712256Z Get:7 http://azure.archive.ubuntu.com/ubuntu noble/main amd64 fonts-freefont-ttf all 20211204+svn4273-2 [5641 kB]
2026-10-01T08:27:08.9941207Z Get:8 http://azure.archive.ubuntu.com/ubuntu noble/universe amd64 fonts-tlwg-loma-otf all 1:0.7.3-1 [107 kB]
2026-10-01T08:27:09.0215518Z Get:9 http://azure.archive.ubuntu.com/ubuntu noble/universe amd64 fonts-unifont all 1:15.1.01-1build1 [2993 kB]
2026-10-01T08:27:09.3124778Z Get:10 http://azure.archive.ubuntu.com/ubuntu noble/universe amd64 fonts-wqy-zenhei all 0.9.45-8 [7472 kB]
2026-10-01T08:27:09.8183479Z Get:11 http://azure.archive.ubuntu.com/ubuntu noble-updates/main amd64 libgl1-mesa-dri amd64 25.2.8-0ubuntu0.24.04.3 [37.9 kB]
2026-10-01T08:27:09.8358422Z Get:12 http://azure.archive.ubuntu.com/ubuntu noble/main amd64 libwayland-server0 amd64 1.22.0-2.1build1 [33.9 kB]
2026-10-01T08:27:09.8542144Z Get:13 http://azure.archive.ubuntu.com/ubuntu noble-updates/main amd64 libglx-mesa0 amd64 25.2.8-0ubuntu0.24.04.3 [110 kB]
2026-10-01T08:27:09.8791143Z Get:14 http://azure.archive.ubuntu.com/ubuntu noble-updates/main amd64 libgbm1 amd64 25.2.8-0ubuntu0.24.04.3 [34.3 kB]
2026-10-01T08:27:09.8978471Z Get:15 http://azure.archive.ubuntu.com/ubuntu noble-updates/main amd64 mesa-libgallium amd64 25.2.8-0ubuntu0.24.04.3 [10.8 MB]
2026-10-01T08:27:10.5255055Z Get:16 http://azure.archive.ubuntu.com/ubuntu noble/main amd64 xfonts-encodings all 1:1.0.5-0ubuntu2 [578 kB]
2026-10-01T08:27:10.5622519Z Get:17 http://azure.archive.ubuntu.com/ubuntu noble/main amd64 xfonts-utils amd64 1:7.7+6build3 [94.4 kB]
2026-10-01T08:27:10.5814419Z Get:18 http://azure.archive.ubuntu.com/ubuntu noble/universe amd64 xfonts-cyrillic all 1:1.0.5+nmu1 [384 kB]
2026-10-01T08:27:10.6118882Z Get:19 http://azure.archive.ubuntu.com/ubuntu noble/main amd64 xfonts-scalable all 1:1.0.3-1.3 [304 kB]
2026-10-01T08:27:10.6828020Z Get:20 http://azure.archive.ubuntu.com/ubuntu noble-updates/main amd64 xserver-common all 2:21.1.12-1ubuntu1.8 [34.8 kB]
2026-10-01T08:27:10.7158592Z Get:21 http://azure.archive.ubuntu.com/ubuntu noble-updates/universe amd64 xvfb amd64 2:21.1.12-1ubuntu1.8 [877 kB]
2026-10-01T08:27:11.0055386Z Fetched 34.9 MB in 3s (12.3 MB/s)
2026-10-01T08:27:11.0249030Z Selecting previously unselected package fonts-ipafont-gothic.
2026-10-01T08:27:11.0611919Z (Reading database ... 
2026-10-01T08:27:11.0612292Z (Reading database ... 5%
2026-10-01T08:27:11.0612606Z (Reading database ... 10%
2026-10-01T08:27:11.0612845Z (Reading database ... 15%
2026-10-01T08:27:11.0613107Z (Reading database ... 20%
2026-10-01T08:27:11.0613317Z (Reading database ... 25%
2026-10-01T08:27:11.0613533Z (Reading database ... 30%
2026-10-01T08:27:11.0613774Z (Reading database ... 35%
2026-10-01T08:27:11.0614011Z (Reading database ... 40%
2026-10-01T08:27:11.0614219Z (Reading database ... 45%
2026-10-01T08:27:11.0614416Z (Reading database ... 50%
2026-10-01T08:27:11.0770037Z (Reading database ... 55%
2026-10-01T08:27:11.1422808Z (Reading database ... 60%
2026-10-01T08:27:11.3573796Z (Reading database ... 65%
2026-10-01T08:27:11.5374302Z (Reading database ... 70%
2026-10-01T08:27:11.7464192Z (Reading database ... 75%
2026-10-01T08:27:11.9603421Z (Reading database ... 80%
2026-10-01T08:27:12.1814146Z (Reading database ... 85%
2026-10-01T08:27:12.2571616Z (Reading database ... 90%
2026-10-01T08:27:12.3966145Z (Reading database ... 95%
2026-10-01T08:27:12.3966539Z (Reading database ... 100%
2026-10-01T08:27:12.3967067Z (Reading database ... 202190 files and directories currently installed.)
2026-10-01T08:27:12.4008122Z Preparing to unpack .../00-fonts-ipafont-gothic_00303-21ubuntu1_all.deb ...
2026-10-01T08:27:12.4246732Z Unpacking fonts-ipafont-gothic (00303-21ubuntu1) ...
2026-10-01T08:27:12.6830547Z Preparing to unpack .../01-libglib2.0-data_2.80.0-6ubuntu3.9_all.deb ...
2026-10-01T08:27:12.6849915Z Unpacking libglib2.0-data (2.80.0-6ubuntu3.9) over (2.80.0-6ubuntu3.8) ...
2026-10-01T08:27:12.7147856Z Preparing to unpack .../02-libglib2.0-bin_2.80.0-6ubuntu3.9_amd64.deb ...
2026-10-01T08:27:12.7166903Z Unpacking libglib2.0-bin (2.80.0-6ubuntu3.9) over (2.80.0-6ubuntu3.8) ...
2026-10-01T08:27:12.8008511Z Preparing to unpack .../03-gir1.2-glib-2.0_2.80.0-6ubuntu3.9_amd64.deb ...
2026-10-01T08:27:12.8120340Z Unpacking gir1.2-glib-2.0:amd64 (2.80.0-6ubuntu3.9) over (2.80.0-6ubuntu3.8) ...
2026-10-01T08:27:12.8471332Z Preparing to unpack .../04-libglib2.0-0t64_2.80.0-6ubuntu3.9_amd64.deb ...
2026-10-01T08:27:12.8527919Z Unpacking libglib2.0-0t64:amd64 (2.80.0-6ubuntu3.9) over (2.80.0-6ubuntu3.8) ...
2026-10-01T08:27:12.9050675Z Selecting previously unselected package fonts-freefont-ttf.
2026-10-01T08:27:12.9163696Z Preparing to unpack .../05-fonts-freefont-ttf_20211204+svn4273-2_all.deb ...
2026-10-01T08:27:12.9169375Z Unpacking fonts-freefont-ttf (20211204+svn4273-2) ...
2026-10-01T08:27:13.0245982Z Selecting previously unselected package fonts-tlwg-loma-otf.
2026-10-01T08:27:13.0356403Z Preparing to unpack .../06-fonts-tlwg-loma-otf_1%3a0.7.3-1_all.deb ...
2026-10-01T08:27:13.0362455Z Unpacking fonts-tlwg-loma-otf (1:0.7.3-1) ...
2026-10-01T08:27:13.0534799Z Selecting previously unselected package fonts-unifont.
2026-10-01T08:27:13.0643914Z Preparing to unpack .../07-fonts-unifont_1%3a15.1.01-1build1_all.deb ...
2026-10-01T08:27:13.0650122Z Unpacking fonts-unifont (1:15.1.01-1build1) ...
2026-10-01T08:27:13.2727258Z Selecting previously unselected package fonts-wqy-zenhei.
2026-10-01T08:27:13.2836673Z Preparing to unpack .../08-fonts-wqy-zenhei_0.9.45-8_all.deb ...
2026-10-01T08:27:13.2922269Z Unpacking fonts-wqy-zenhei (0.9.45-8) ...
2026-10-01T08:27:13.7687888Z Preparing to unpack .../09-libgl1-mesa-dri_25.2.8-0ubuntu0.24.04.3_amd64.deb ...
2026-10-01T08:27:13.7811004Z Unpacking libgl1-mesa-dri:amd64 (25.2.8-0ubuntu0.24.04.3) over (25.2.8-0ubuntu0.24.04.2) ...
2026-10-01T08:27:13.8127124Z Selecting previously unselected package libwayland-server0:amd64.
2026-10-01T08:27:13.8241868Z Preparing to unpack .../10-libwayland-server0_1.22.0-2.1build1_amd64.deb ...
2026-10-01T08:27:13.8256289Z Unpacking libwayland-server0:amd64 (1.22.0-2.1build1) ...
2026-10-01T08:27:13.8528145Z Preparing to unpack .../11-libglx-mesa0_25.2.8-0ubuntu0.24.04.3_amd64.deb ...
2026-10-01T08:27:13.8547408Z Unpacking libglx-mesa0:amd64 (25.2.8-0ubuntu0.24.04.3) over (25.2.8-0ubuntu0.24.04.2) ...
2026-10-01T08:27:13.8868768Z Preparing to unpack .../12-libgbm1_25.2.8-0ubuntu0.24.04.3_amd64.deb ...
2026-10-01T08:27:13.8889050Z Unpacking libgbm1:amd64 (25.2.8-0ubuntu0.24.04.3) over (25.2.8-0ubuntu0.24.04.2) ...
2026-10-01T08:27:13.9531527Z Preparing to unpack .../13-mesa-libgallium_25.2.8-0ubuntu0.24.04.3_amd64.deb ...
2026-10-01T08:27:13.9553087Z Unpacking mesa-libgallium:amd64 (25.2.8-0ubuntu0.24.04.3) over (25.2.8-0ubuntu0.24.04.2) ...
2026-10-01T08:27:14.3305526Z Selecting previously unselected package xfonts-encodings.
2026-10-01T08:27:14.3420289Z Preparing to unpack .../14-xfonts-encodings_1%3a1.0.5-0ubuntu2_all.deb ...
2026-10-01T08:27:14.3426334Z Unpacking xfonts-encodings (1:1.0.5-0ubuntu2) ...
2026-10-01T08:27:14.3716402Z Selecting previously unselected package xfonts-utils.
2026-10-01T08:27:14.3826920Z Preparing to unpack .../15-xfonts-utils_1%3a7.7+6build3_amd64.deb ...
2026-10-01T08:27:14.3832460Z Unpacking xfonts-utils (1:7.7+6build3) ...
2026-10-01T08:27:14.4310631Z Selecting previously unselected package xfonts-cyrillic.
2026-10-01T08:27:14.4420834Z Preparing to unpack .../16-xfonts-cyrillic_1%3a1.0.5+nmu1_all.deb ...
2026-10-01T08:27:14.4427207Z Unpacking xfonts-cyrillic (1:1.0.5+nmu1) ...
2026-10-01T08:27:14.4893880Z Selecting previously unselected package xfonts-scalable.
2026-10-01T08:27:14.5003382Z Preparing to unpack .../17-xfonts-scalable_1%3a1.0.3-1.3_all.deb ...
2026-10-01T08:27:14.5009590Z Unpacking xfonts-scalable (1:1.0.3-1.3) ...
2026-10-01T08:27:14.5302170Z Preparing to unpack .../18-xserver-common_2%3a21.1.12-1ubuntu1.8_all.deb ...
2026-10-01T08:27:14.5318905Z Unpacking xserver-common (2:21.1.12-1ubuntu1.8) over (2:21.1.12-1ubuntu1.6) ...
2026-10-01T08:27:14.5615255Z Preparing to unpack .../19-xvfb_2%3a21.1.12-1ubuntu1.8_amd64.deb ...
2026-10-01T08:27:14.5632029Z Unpacking xvfb (2:21.1.12-1ubuntu1.8) over (2:21.1.12-1ubuntu1.6) ...
2026-10-01T08:27:14.6227955Z Setting up libwayland-server0:amd64 (1.22.0-2.1build1) ...
2026-10-01T08:27:14.6413872Z Setting up mesa-libgallium:amd64 (25.2.8-0ubuntu0.24.04.3) ...
2026-10-01T08:27:14.6428417Z Setting up libgbm1:amd64 (25.2.8-0ubuntu0.24.04.3) ...
2026-10-01T08:27:14.6444095Z Setting up libgl1-mesa-dri:amd64 (25.2.8-0ubuntu0.24.04.3) ...
2026-10-01T08:27:14.6505532Z Setting up fonts-wqy-zenhei (0.9.45-8) ...
2026-10-01T08:27:14.6597034Z Setting up fonts-freefont-ttf (20211204+svn4273-2) ...
2026-10-01T08:27:14.6613148Z Setting up libglib2.0-0t64:amd64 (2.80.0-6ubuntu3.9) ...
2026-10-01T08:27:14.6707513Z Setting up libglib2.0-data (2.80.0-6ubuntu3.9) ...
2026-10-01T08:27:14.6725564Z Setting up fonts-tlwg-loma-otf (1:0.7.3-1) ...
2026-10-01T08:27:14.6781403Z Setting up xfonts-encodings (1:1.0.5-0ubuntu2) ...
2026-10-01T08:27:14.6796208Z Setting up gir1.2-glib-2.0:amd64 (2.80.0-6ubuntu3.9) ...
2026-10-01T08:27:14.6810332Z Setting up fonts-ipafont-gothic (00303-21ubuntu1) ...
2026-10-01T08:27:14.6864878Z update-alternatives: using /usr/share/fonts/opentype/ipafont-gothic/ipag.ttf to provide /usr/share/fonts/truetype/fonts-japanese-gothic.ttf (fonts-japanese-gothic.ttf) in auto mode
2026-10-01T08:27:14.6878267Z Setting up xserver-common (2:21.1.12-1ubuntu1.8) ...
2026-10-01T08:27:14.6909155Z Setting up fonts-unifont (1:15.1.01-1build1) ...
2026-10-01T08:27:14.6924354Z Setting up libglx-mesa0:amd64 (25.2.8-0ubuntu0.24.04.3) ...
2026-10-01T08:27:14.6938647Z Setting up xvfb (2:21.1.12-1ubuntu1.8) ...
2026-10-01T08:27:14.6952808Z Setting up libglib2.0-bin (2.80.0-6ubuntu3.9) ...
2026-10-01T08:27:14.6967297Z Setting up xfonts-utils (1:7.7+6build3) ...
2026-10-01T08:27:14.6999500Z Setting up xfonts-cyrillic (1:1.0.5+nmu1) ...
2026-10-01T08:27:14.7248984Z Setting up xfonts-scalable (1:1.0.3-1.3) ...
2026-10-01T08:27:14.7479645Z Processing triggers for libc-bin (2.39-0ubuntu8.9) ...
2026-10-01T08:27:14.9775329Z Processing triggers for man-db (2.12.0-4build2) ...
2026-10-01T08:27:14.9795598Z Not building database; man-db/auto-update is not 'true'.
2026-10-01T08:27:14.9806673Z Processing triggers for fontconfig (2.15.0-1.1ubuntu2) ...
2026-10-01T08:27:16.8247760Z 
2026-10-01T08:27:16.8248584Z Running kernel seems to be up-to-date.
2026-10-01T08:27:16.8248896Z 
2026-10-01T08:27:16.8249019Z Restarting services...
2026-10-01T08:27:17.0627963Z  systemctl restart packagekit.service php8.3-fpm.service polkit.service udisks2.service
2026-10-01T08:27:17.2435742Z 
2026-10-01T08:27:17.2436523Z Service restarts being deferred:
2026-10-01T08:27:17.2436852Z  systemctl restart ModemManager.service
2026-10-01T08:27:17.2437161Z  systemctl restart networkd-dispatcher.service
2026-10-01T08:27:17.2437348Z 
2026-10-01T08:27:17.2437472Z No containers need to be restarted.
2026-10-01T08:27:17.2437613Z 
2026-10-01T08:27:17.2437793Z No user sessions are running outdated binaries.
2026-10-01T08:27:17.2437963Z 
2026-10-01T08:27:17.2438187Z No VM guests are running outdated hypervisor (qemu) binaries on this host.
2026-10-01T08:27:18.0726026Z Downloading Chromium 141.0.7390.37 (playwright build v1194) from https://cdn.playwright.dev/dbazure/download/playwright/builds/chromium/1194/chromium-linux.zip
2026-10-01T08:27:18.2138836Z |                                                                                |   0% of 173.9 MiB
2026-10-01T08:27:18.3105632Z |■■■■■■■■                                                                        |  10% of 173.9 MiB
2026-10-01T08:27:18.3754972Z |■■■■■■■■■■■■■■■■                                                                |  20% of 173.9 MiB
2026-10-01T08:27:18.4347165Z |■■■■■■■■■■■■■■■■■■■■■■■■                                                        |  30% of 173.9 MiB
2026-10-01T08:27:18.4798660Z |■■■■■■■■■■■■■■■■■■■■■■■■■■■■■■■■                                                |  40% of 173.9 MiB
2026-10-01T08:27:18.5192470Z |■■■■■■■■■■■■■■■■■■■■■■■■■■■■■■■■■■■■■■■■                                        |  50% of 173.9 MiB
2026-10-01T08:27:18.5642523Z |■■■■■■■■■■■■■■■■■■■■■■■■■■■■■■■■■■■■■■■■■■■■■■■■                                |  60% of 173.9 MiB
2026-10-01T08:27:18.6090613Z |■■■■■■■■■■■■■■■■■■■■■■■■■■■■■■■■■■■■■■■■■■■■■■■■■■■■■■■■                        |  70% of 173.9 MiB
2026-10-01T08:27:18.6545900Z |■■■■■■■■■■■■■■■■■■■■■■■■■■■■■■■■■■■■■■■■■■■■■■■■■■■■■■■■■■■■■■■■                |  80% of 173.9 MiB
2026-10-01T08:27:18.7090672Z |■■■■■■■■■■■■■■■■■■■■■■■■■■■■■■■■■■■■■■■■■■■■■■■■■■■■■■■■■■■■■■■■■■■■■■■■        |  90% of 173.9 MiB
2026-10-01T08:27:18.7492819Z |■■■■■■■■■■■■■■■■■■■■■■■■■■■■■■■■■■■■■■■■■■■■■■■■■■■■■■■■■■■■■■■■■■■■■■■■■■■■■■■■| 100% of 173.9 MiB
2026-10-01T08:27:21.3456237Z Chromium 141.0.7390.37 (playwright build v1194) downloaded to /home/runner/.cache/ms-playwright/chromium-1194
2026-10-01T08:27:21.3458746Z Downloading FFMPEG playwright build v1011 from https://cdn.playwright.dev/dbazure/download/playwright/builds/ffmpeg/1011/ffmpeg-linux.zip
2026-10-01T08:27:21.4480492Z |                                                                                |   0% of 2.3 MiB
2026-10-01T08:27:21.4521803Z |■■■■■■■■                                                                        |  10% of 2.3 MiB
2026-10-01T08:27:21.4541698Z |■■■■■■■■■■■■■■■■                                                                |  20% of 2.3 MiB
2026-10-01T08:27:21.4566821Z |■■■■■■■■■■■■■■■■■■■■■■■■                                                        |  30% of 2.3 MiB
2026-10-01T08:27:21.4581225Z |■■■■■■■■■■■■■■■■■■■■■■■■■■■■■■■■                                                |  40% of 2.3 MiB
2026-10-01T08:27:21.4598342Z |■■■■■■■■■■■■■■■■■■■■■■■■■■■■■■■■■■■■■■■■                                        |  50% of 2.3 MiB
2026-10-01T08:27:21.4611803Z |■■■■■■■■■■■■■■■■■■■■■■■■■■■■■■■■■■■■■■■■■■■■■■■■                                |  60% of 2.3 MiB
2026-10-01T08:27:21.4626611Z |■■■■■■■■■■■■■■■■■■■■■■■■■■■■■■■■■■■■■■■■■■■■■■■■■■■■■■■■                        |  70% of 2.3 MiB
2026-10-01T08:27:21.4639119Z |■■■■■■■■■■■■■■■■■■■■■■■■■■■■■■■■■■■■■■■■■■■■■■■■■■■■■■■■■■■■■■■■                |  80% of 2.3 MiB
2026-10-01T08:27:21.4650332Z |■■■■■■■■■■■■■■■■■■■■■■■■■■■■■■■■■■■■■■■■■■■■■■■■■■■■■■■■■■■■■■■■■■■■■■■■        |  90% of 2.3 MiB
2026-10-01T08:27:21.4658126Z |■■■■■■■■■■■■■■■■■■■■■■■■■■■■■■■■■■■■■■■■■■■■■■■■■■■■■■■■■■■■■■■■■■■■■■■■■■■■■■■■| 100% of 2.3 MiB
2026-10-01T08:27:21.5059586Z FFMPEG playwright build v1011 downloaded to /home/runner/.cache/ms-playwright/ffmpeg-1011
2026-10-01T08:27:21.5062763Z Downloading Chromium Headless Shell 141.0.7390.37 (playwright build v1194) from https://cdn.playwright.dev/dbazure/download/playwright/builds/chromium/1194/chromium-headless-shell-linux.zip
2026-10-01T08:27:21.6171964Z |                                                                                |   0% of 104.3 MiB
2026-10-01T08:27:21.6888807Z |■■■■■■■■                                                                        |  10% of 104.3 MiB
2026-10-01T08:27:21.7341451Z |■■■■■■■■■■■■■■■■                                                                |  20% of 104.3 MiB
2026-10-01T08:27:21.7668795Z |■■■■■■■■■■■■■■■■■■■■■■■■                                                        |  30% of 104.3 MiB
2026-10-01T08:27:21.7978871Z |■■■■■■■■■■■■■■■■■■■■■■■■■■■■■■■■                                                |  40% of 104.3 MiB
2026-10-01T08:27:21.8241865Z |■■■■■■■■■■■■■■■■■■■■■■■■■■■■■■■■■■■■■■■■                                        |  50% of 104.3 MiB
2026-10-01T08:27:21.8518033Z |■■■■■■■■■■■■■■■■■■■■■■■■■■■■■■■■■■■■■■■■■■■■■■■■                                |  60% of 104.3 MiB
2026-10-01T08:27:21.8764570Z |■■■■■■■■■■■■■■■■■■■■■■■■■■■■■■■■■■■■■■■■■■■■■■■■■■■■■■■■                        |  70% of 104.3 MiB
2026-10-01T08:27:21.9002070Z |■■■■■■■■■■■■■■■■■■■■■■■■■■■■■■■■■■■■■■■■■■■■■■■■■■■■■■■■■■■■■■■■                |  80% of 104.3 MiB
2026-10-01T08:27:21.9257271Z |■■■■■■■■■■■■■■■■■■■■■■■■■■■■■■■■■■■■■■■■■■■■■■■■■■■■■■■■■■■■■■■■■■■■■■■■        |  90% of 104.3 MiB
2026-10-01T08:27:21.9514627Z |■■■■■■■■■■■■■■■■■■■■■■■■■■■■■■■■■■■■■■■■■■■■■■■■■■■■■■■■■■■■■■■■■■■■■■■■■■■■■■■■| 100% of 104.3 MiB
2026-10-01T08:27:23.3130285Z Chromium Headless Shell 141.0.7390.37 (playwright build v1194) downloaded to /home/runner/.cache/ms-playwright/chromium_headless_shell-1194
2026-10-01T08:27:23.3762248Z ##[group]Run bash tools/publish.sh
2026-10-01T08:27:23.3762514Z [36;1mbash tools/publish.sh[0m
2026-10-01T08:27:23.3820135Z shell: /usr/bin/bash -e {0}
2026-10-01T08:27:23.3820352Z ##[endgroup]
2026-10-01T08:27:24.1822074Z Glessner v4 package verified; 3 missing GLB(s) materialized.
2026-10-01T08:27:24.6966843Z shipped derivatives: 504 pair(s) carry the master's triangles, node identity and contract attributes; worst bounding-box disagreement 2.68 of 4 rungs; 0 asset(s) lose their material identity to the publish path (banked, K36(b)); 4 master passthrough(s), all of them decided (K38); and every one of them records the master it was made from, which is still the master in the tree (K39)
2026-10-01T08:27:24.7399700Z Prairie Avenue browser published: /home/runner/work/chicago/chicago/site/4d/prairie-1904
2026-10-01T08:27:25.0999573Z published 15 map images + viewer + media to site/pre-fire
2026-10-01T08:27:25.1897729Z    changelog.js published to site/4d/js/changelog.js (T-0722)
2026-10-01T08:27:25.2986668Z    changelog.js published to site/4d/walk/js/changelog.js (T-0722)
2026-10-01T08:27:25.8990256Z tickets: cloned https://github.com/kevinrhaas/chicago-tickets.git → tickets/ (1661 tickets)
2026-10-01T08:27:27.7856946Z entry pages: index.html, 1812/index.html, 1835/index.html, 1880/index.html, 1904/index.html
2026-10-01T08:27:27.7909021Z    build 9446a07  Oct 1, 2026, 3:27 AM CT
2026-10-01T08:27:27.8325839Z published ../../site/4d  (57.37 MB)
2026-10-01T08:27:27.8366730Z ##[group]Run node tools/smoke_renderer.mjs --published
2026-10-01T08:27:27.8367063Z [36;1mnode tools/smoke_renderer.mjs --published[0m
2026-10-01T08:27:27.8421917Z shell: /usr/bin/bash -e {0}
2026-10-01T08:27:27.8422122Z env:
2026-10-01T08:27:27.8422293Z   SMOKE_VIEWPORT: desktop
2026-10-01T08:27:27.8422490Z   SMOKE_STAGE: 10-11
2026-10-01T08:27:27.8422674Z ##[endgroup]
2026-10-01T08:27:28.1627848Z serving /home/runner/work/chicago/chicago/site/4d on 4187 — PUBLISHED mirror (compressed assets, visitor layout)
2026-10-01T08:27:28.1628240Z 
2026-10-01T08:27:28.1628982Z NOT THE FULL GATE — viewports filtered to "desktop"
2026-10-01T08:27:28.1629165Z 
2026-10-01T08:27:28.1629828Z NOT THE FULL GATE — stages filtered to "10-11" of 13
2026-10-01T08:27:28.1630093Z 
2026-10-01T08:27:28.1630425Z desktop 1280x800:
2026-10-01T08:27:29.5460189Z   pass  desktop 1280x800: page serves
2026-10-01T08:27:50.0766504Z   pass  desktop 1280x800: scene reaches ready
2026-10-01T08:27:54.8698430Z   pass  desktop 1280x800: the scene declares its exact consultation blockers
2026-10-01T08:27:54.8699210Z   pass  desktop 1280x800: no unexpected loader problems
2026-10-01T08:27:54.8710220Z   pass  desktop 1280x800: scene has structures
2026-10-01T08:27:54.8722244Z   pass  desktop 1280x800: every structure that should draw, drew
2026-10-01T08:28:16.8912143Z   pass  desktop 1280x800: detailed flora roots share the terrain and water surfaces
2026-10-01T08:28:16.8913051Z   pass  desktop 1280x800: emergent flora stays within eight metres of a riverbank
2026-10-01T08:28:16.8917859Z   pass  desktop 1280x800: woody vegetation never occupies the river mask
2026-10-01T08:28:16.8918795Z   pass  desktop 1280x800: no tree stands below the waterline
2026-10-01T08:28:26.4343981Z   pass  desktop 1280x800: every tree drawn stands at its own station
2026-10-01T08:28:26.4344813Z   pass  desktop 1280x800: no timber is drawn out in the channel
2026-10-01T08:28:28.8004066Z   pass  desktop 1280x800: every building is drawn around the anchor its record gives it
2026-10-01T08:28:28.8005240Z   pass  desktop 1280x800: every panel of road is drawn on a street the data records
2026-10-01T08:28:28.8006029Z   pass  desktop 1280x800: the horizon band refuses to draw timber over water
2026-10-01T08:28:31.1046944Z   pass  desktop 1280x800: the horizon band and the fogged ground converge on one colour
2026-10-01T08:28:31.1047495Z   pass  desktop 1280x800: the crown modulation never deletes a resolvable silhouette
2026-10-01T08:28:31.1047974Z   pass  desktop 1280x800: the band is solved against this viewport, not a default one
2026-10-01T08:28:33.4200399Z   pass  desktop 1280x800: every species the stand owes a stem to stands in it
2026-10-01T08:28:33.4220366Z   pass  desktop 1280x800: the American sycamore stands on the riverbank
2026-10-01T08:28:35.7360666Z   pass  desktop 1280x800: every slot the sward deals is counted against a species
2026-10-01T08:28:35.7373192Z   note  desktop 1280x800: sward abundance — 6 of 27 lists mix an area with a count (z03_sedge_meadow.matrix 33.4% of slots dealt off counts; z03_sedge_meadow.forb 1.0% of slots dealt off counts; z08_lakeshore.matrix 2.1% of slots dealt off counts; z09_sand_prairie.matrix 0.0% of slots dealt off counts; z06_dense_forest.forb 89.8% of slots dealt off counts; z06_dense_forest.shrub 31.0% of slots dealt off counts)
2026-10-01T08:28:35.7376053Z   note  desktop 1280x800: 0 record(s) give cover with no width_m, so no count can be derived without inventing a footprint
2026-10-01T08:28:35.7377561Z   note  desktop 1280x800: sward tail — 0 species owed a whole slot and drawn nowhere, over 344 slots in z10_settled_town.matrix=260 z10_settled_town.forb=84
2026-10-01T08:32:15.3550210Z   pass  desktop 1280x800: no sward species its own list owes a plant to is drawn nowhere, in ANY community
2026-10-01T08:32:15.3555046Z   note  desktop 1280x800: sward census by detail — full 11187 slots, 0 drawn nowhere  ·  balanced 6252 slots, 0 drawn nowhere  ·  light 4055 slots, 1 drawn nowhere (z10_settled_town.forb.xanthium_strumarium owed 1.30 at z10_settled_town)
2026-10-01T08:32:17.8108396Z   pass  desktop 1280x800: no floating-leaved aquatic is planted on dry ground
2026-10-01T08:32:17.8108987Z   pass  desktop 1280x800: the marsh's emergents still stand on both sides of its waterline
2026-10-01T08:32:17.8109485Z   pass  desktop 1280x800: the marsh community is split by the substrate its records state
2026-10-01T08:32:20.3003865Z   pass  desktop 1280x800: every flora fade ring is inset inside its own lattice
2026-10-01T08:32:20.3004633Z   pass  desktop 1280x800: a plant in front of the walker never arrives already visible
2026-10-01T08:32:20.3005396Z   pass  desktop 1280x800: a plant is drawn at its own height, faint, never short
2026-10-01T08:34:17.4262563Z   pass  desktop 1280x800: every drawn flower head has a plant under its own stalk
2026-10-01T08:35:48.2295781Z   pass  desktop 1280x800: an open station exists to measure the sward's boundary from
2026-10-01T08:35:48.2327592Z   pass  desktop 1280x800: the sward's outer boundary is not a constant screen row — 16/16 bearing bins from E -300 N 172, boundary rows spread 4.9 px, reach 25.18-28.05 m at 6.25% coverage (at the old 2%: 16/16 bins, spread 5.7 px, reach 25.18-28.50 m)
2026-10-01T08:35:48.2364476Z   pass  desktop 1280x800: the boundary's variation is the fringe, not a hole in the field — reach 25.18-28.05 m, mean 26.59 m at 6.25% coverage against a nominal 26.40 +/- 3.00 m (bars: min >= 21.76, mean >= 24.46, both carrying the 0.44 m the 6.25% threshold insets a 7.00 m ramp by); at the old 2%: 25.18-28.50 m, mean 26.87 m
2026-10-01T08:35:48.2366952Z   pass  desktop 1280x800: the flower layer's boundary is fringed too, not only the grass — forb rings span 22.79-28.20 m about a nominal 25.40 +/- 3.00 m
2026-10-01T08:35:48.2430763Z   pass  desktop 1280x800: the ragged boundary is anchored to the ground, not to the camera
2026-10-01T08:37:07.8346499Z   pass  desktop 1280x800: every community's recorded ground cover reaches the renderer
2026-10-01T08:37:07.8355557Z   pass  desktop 1280x800: the sward is planted at each community's own recorded cover
2026-10-01T08:37:07.8365783Z   pass  desktop 1280x800: every structure, including Exchange Coffee House, shares the terrain surface
2026-10-01T08:37:07.8366696Z   pass  desktop 1280x800: street clearing removes travel-track plants but preserves the block
2026-10-01T08:37:07.8367530Z   pass  desktop 1280x800: the readout shows both 1835 and current names at an intersection
2026-10-01T08:37:07.8368289Z   pass  desktop 1280x800: the street readout announces the next cross street ahead
2026-10-01T08:38:57.5186420Z   pass  desktop 1280x800: Settings can reopen the dismissed navigation guide
2026-10-01T08:40:13.8497403Z   pass  desktop 1280x800: Settings switches every navigation measurement as one unit system
2026-10-01T08:40:13.8498442Z   pass  desktop 1280x800: the suite body ran to completion
2026-10-01T08:40:13.8499129Z   pass  desktop 1280x800: zero page errors
2026-10-01T08:40:13.9602879Z 
2026-10-01T08:40:14.2476398Z   pass  vendor: meshopt decoder loads and reports supported
2026-10-01T08:40:14.2477379Z   pass  vendor: meshopt import raises no page error
2026-10-01T08:40:14.2880884Z 
2026-10-01T08:40:14.2881363Z 46 passed, 0 failed
2026-10-01T08:40:14.2881776Z 36 staged-section check(s) (stage 10-11 of 13), 10 always-on check(s)
2026-10-01T08:40:14.2882607Z 12 m 46 s for stage 10-11 at desktop — the ceiling on a steward run's single foreground command is 10 m 00 s
2026-10-01T08:40:14.2882998Z SMOKE PASS
2026-10-01T08:40:14.3105791Z Post job cleanup.
2026-10-01T08:40:14.4061964Z (node:3610) [DEP0040] DeprecationWarning: The `punycode` module is deprecated. Please use a userland alternative instead.
2026-10-01T08:40:14.4062615Z (Use `node --trace-deprecation ...` to show where the warning was created)
2026-10-01T08:40:14.4238345Z Post job cleanup.
2026-10-01T08:40:14.4911806Z [command]/usr/bin/git version
2026-10-01T08:40:14.4945035Z git version 2.55.0
2026-10-01T08:40:14.4973438Z Temporarily overriding HOME='/home/runner/work/_temp/9ba79ceb-bf55-44d5-8ad3-b166fae5f6db' before making global git config changes
2026-10-01T08:40:14.4974568Z Adding repository directory to the temporary git global config as a safe directory
2026-10-01T08:40:14.4978227Z [command]/usr/bin/git config --global --add safe.directory /home/runner/work/chicago/chicago
2026-10-01T08:40:14.5009415Z [command]/usr/bin/git config --local --name-only --get-regexp core\.sshCommand
2026-10-01T08:40:14.5037924Z [command]/usr/bin/git submodule foreach --recursive sh -c "git config --local --name-only --get-regexp 'core\.sshCommand' && git config --local --unset-all 'core.sshCommand' || :"
2026-10-01T08:40:14.5236602Z [command]/usr/bin/git config --local --name-only --get-regexp http\.https\:\/\/github\.com\/\.extraheader
2026-10-01T08:40:14.5259127Z http.https://github.com/.extraheader
2026-10-01T08:40:14.5266620Z [command]/usr/bin/git config --local --unset-all http.https://github.com/.extraheader
2026-10-01T08:40:14.5293729Z [command]/usr/bin/git submodule foreach --recursive sh -c "git config --local --name-only --get-regexp 'http\.https\:\/\/github\.com\/\.extraheader' && git config --local --unset-all 'http.https://github.com/.extraheader' || :"
2026-10-01T08:40:14.5484887Z [command]/usr/bin/git config --local --name-only --get-regexp ^includeIf\.gitdir:
2026-10-01T08:40:14.5509511Z [command]/usr/bin/git submodule foreach --recursive git config --local --show-origin --name-only --get-regexp remote.origin.url
2026-10-01T08:40:14.5829241Z Cleaning up orphan processes
2026-10-01T08:40:14.6125814Z ##[warning]Node.js 20 is deprecated. The following actions target Node.js 20 but are being forced to run on Node.js 24: actions/checkout@v4, actions/setup-node@v4. For more information see: https://github.blog/changelog/2025-09-19-deprecation-of-node-20-on-github-actions-runners/

