2026-10-01T08:34:34.1373527Z Current runner version: '2.337.0'
2026-10-01T08:34:34.1400706Z ##[group]Runner Image Provisioner
2026-10-01T08:34:34.1401640Z Hosted Compute Agent
2026-10-01T08:34:34.1402301Z Version: 20260901.588
2026-10-01T08:34:34.1402942Z Commit: f88ec8081b781fac6c440065ac7ff9e710ce3d0b
2026-10-01T08:34:34.1403737Z Build Date: 2026-09-01T19:56:44Z
2026-10-01T08:34:34.1404466Z Worker ID: {5488988e-2cd1-49d0-83e3-42cddaff800e}
2026-10-01T08:34:34.1405227Z Azure Region: eastus2
2026-10-01T08:34:34.1405859Z ##[endgroup]
2026-10-01T08:34:34.1407375Z ##[group]Operating System
2026-10-01T08:34:34.1408102Z Ubuntu
2026-10-01T08:34:34.1408633Z 24.04.5
2026-10-01T08:34:34.1409134Z LTS
2026-10-01T08:34:34.1410011Z ##[endgroup]
2026-10-01T08:34:34.1410578Z ##[group]Runner Image
2026-10-01T08:34:34.1411229Z Image: ubuntu-24.04
2026-10-01T08:34:34.1411948Z Version: 20260927.320.1
2026-10-01T08:34:34.1413264Z Included Software: https://github.com/actions/runner-images/blob/ubuntu24/20260927.320/images/ubuntu/Ubuntu2404-Readme.md
2026-10-01T08:34:34.1414885Z Image Release: https://github.com/actions/runner-images/releases/tag/ubuntu24%2F20260927.320
2026-10-01T08:34:34.1415954Z ##[endgroup]
2026-10-01T08:34:34.1417181Z ##[group]GITHUB_TOKEN Permissions
2026-10-01T08:34:34.1420621Z Contents: read
2026-10-01T08:34:34.1421276Z Metadata: read
2026-10-01T08:34:34.1422342Z Packages: read
2026-10-01T08:34:34.1423012Z ##[endgroup]
2026-10-01T08:34:34.1426071Z Secret source: Actions
2026-10-01T08:34:34.1427259Z Cache mode: write
2026-10-01T08:34:34.1428174Z Prepare workflow directory
2026-10-01T08:34:34.1780946Z Prepare all required actions
2026-10-01T08:34:34.1831409Z Getting action download info
2026-10-01T08:34:34.4478425Z Download action repository 'actions/checkout@v4' (SHA:11d5960a326750d5838078e36cf38b85af677262)
2026-10-01T08:34:34.5439821Z Download action repository 'actions/setup-node@v4' (SHA:49933ea5288caeca8642d1e84afbd3f7d6820020)
2026-10-01T08:34:34.7423465Z Complete job name: smoke
2026-10-01T08:34:34.8234962Z ##[group]Run actions/checkout@v4
2026-10-01T08:34:34.8235922Z with:
2026-10-01T08:34:34.8236402Z   repository: kevinrhaas/chicago
2026-10-01T08:34:34.8240679Z   token: ***
2026-10-01T08:34:34.8241138Z   ssh-strict: true
2026-10-01T08:34:34.8241598Z   ssh-user: git
2026-10-01T08:34:34.8242047Z   persist-credentials: true
2026-10-01T08:34:34.8242543Z   clean: true
2026-10-01T08:34:34.8242997Z   sparse-checkout-cone-mode: true
2026-10-01T08:34:34.8243519Z   fetch-depth: 1
2026-10-01T08:34:34.8243954Z   fetch-tags: false
2026-10-01T08:34:34.8244404Z   show-progress: true
2026-10-01T08:34:34.8244857Z   lfs: false
2026-10-01T08:34:34.8245271Z   submodules: false
2026-10-01T08:34:34.8245732Z   set-safe-directory: true
2026-10-01T08:34:34.8246252Z   allow-unsafe-pr-checkout: false
2026-10-01T08:34:34.8247114Z ##[endgroup]
2026-10-01T08:34:34.9283725Z Syncing repository: kevinrhaas/chicago
2026-10-01T08:34:34.9286186Z ##[group]Getting Git version info
2026-10-01T08:34:34.9287035Z Working directory is '/home/runner/work/chicago/chicago'
2026-10-01T08:34:34.9288286Z [command]/usr/bin/git version
2026-10-01T08:34:34.9357742Z git version 2.55.0
2026-10-01T08:34:34.9380459Z ##[endgroup]
2026-10-01T08:34:34.9396006Z Temporarily overriding HOME='/home/runner/work/_temp/0a6d9081-6d23-4e89-bc21-255ff2fb3951' before making global git config changes
2026-10-01T08:34:34.9398396Z Adding repository directory to the temporary git global config as a safe directory
2026-10-01T08:34:34.9401678Z [command]/usr/bin/git config --global --add safe.directory /home/runner/work/chicago/chicago
2026-10-01T08:34:34.9457192Z Deleting the contents of '/home/runner/work/chicago/chicago'
2026-10-01T08:34:34.9462138Z ##[group]Initializing the repository
2026-10-01T08:34:34.9466690Z [command]/usr/bin/git init /home/runner/work/chicago/chicago
2026-10-01T08:34:34.9571744Z hint: Using 'master' as the name for the initial branch. This default branch name
2026-10-01T08:34:34.9573378Z hint: will change to "main" in Git 3.0. To configure the initial branch name
2026-10-01T08:34:34.9574906Z hint: to use in all of your new repositories, which will suppress this warning,
2026-10-01T08:34:34.9576004Z hint: call:
2026-10-01T08:34:34.9576433Z hint:
2026-10-01T08:34:34.9576973Z hint: 	git config --global init.defaultBranch <name>
2026-10-01T08:34:34.9577991Z hint:
2026-10-01T08:34:34.9578655Z hint: Names commonly chosen instead of 'master' are 'main', 'trunk' and
2026-10-01T08:34:34.9579927Z hint: 'development'. The just-created branch can be renamed via this command:
2026-10-01T08:34:34.9580704Z hint:
2026-10-01T08:34:34.9581130Z hint: 	git branch -m <name>
2026-10-01T08:34:34.9581617Z hint:
2026-10-01T08:34:34.9582244Z hint: Disable this message with "git config set advice.defaultBranchName false"
2026-10-01T08:34:34.9583871Z Initialized empty Git repository in /home/runner/work/chicago/chicago/.git/
2026-10-01T08:34:34.9587369Z [command]/usr/bin/git remote add origin https://github.com/kevinrhaas/chicago
2026-10-01T08:34:34.9638457Z ##[endgroup]
2026-10-01T08:34:34.9640055Z ##[group]Disabling automatic garbage collection
2026-10-01T08:34:34.9643677Z [command]/usr/bin/git config --local gc.auto 0
2026-10-01T08:34:34.9678612Z ##[endgroup]
2026-10-01T08:34:34.9680339Z ##[group]Setting up auth
2026-10-01T08:34:34.9687189Z [command]/usr/bin/git config --local --name-only --get-regexp core\.sshCommand
2026-10-01T08:34:34.9723335Z [command]/usr/bin/git submodule foreach --recursive sh -c "git config --local --name-only --get-regexp 'core\.sshCommand' && git config --local --unset-all 'core.sshCommand' || :"
2026-10-01T08:34:35.0068106Z [command]/usr/bin/git config --local --name-only --get-regexp http\.https\:\/\/github\.com\/\.extraheader
2026-10-01T08:34:35.0103444Z [command]/usr/bin/git submodule foreach --recursive sh -c "git config --local --name-only --get-regexp 'http\.https\:\/\/github\.com\/\.extraheader' && git config --local --unset-all 'http.https://github.com/.extraheader' || :"
2026-10-01T08:34:35.0341161Z [command]/usr/bin/git config --local --name-only --get-regexp ^includeIf\.gitdir:
2026-10-01T08:34:35.0376842Z [command]/usr/bin/git submodule foreach --recursive git config --local --show-origin --name-only --get-regexp remote.origin.url
2026-10-01T08:34:35.0610161Z [command]/usr/bin/git config --local http.https://github.com/.extraheader AUTHORIZATION: basic ***
2026-10-01T08:34:35.0659144Z ##[endgroup]
2026-10-01T08:34:35.0660861Z ##[group]Fetching the repository
2026-10-01T08:34:35.0670852Z [command]/usr/bin/git -c protocol.version=2 fetch --no-tags --prune --no-recurse-submodules --depth=1 origin +9446a07a87b92ae4920e69398e1d986ad91f0bb4:refs/remotes/origin/steward/t1766-canal-grocery-workshops
2026-10-01T08:35:08.8342869Z From https://github.com/kevinrhaas/chicago
2026-10-01T08:35:08.8343755Z  * [new ref]         9446a07a87b92ae4920e69398e1d986ad91f0bb4 -> origin/steward/t1766-canal-grocery-workshops
2026-10-01T08:35:08.8356888Z ##[endgroup]
2026-10-01T08:35:08.8357894Z ##[group]Determining the checkout info
2026-10-01T08:35:08.8359050Z ##[endgroup]
2026-10-01T08:35:08.8364582Z [command]/usr/bin/git sparse-checkout disable
2026-10-01T08:35:08.8417392Z [command]/usr/bin/git config --local --unset-all extensions.worktreeConfig
2026-10-01T08:35:08.8448247Z ##[group]Checking out the ref
2026-10-01T08:35:08.8454247Z [command]/usr/bin/git checkout --progress --force -B steward/t1766-canal-grocery-workshops refs/remotes/origin/steward/t1766-canal-grocery-workshops
2026-10-01T08:35:09.9095555Z Updating files:  61% (5645/9120)
2026-10-01T08:35:09.9354748Z Updating files:  62% (5655/9120)
2026-10-01T08:35:09.9393225Z Updating files:  63% (5746/9120)
2026-10-01T08:35:09.9432149Z Updating files:  64% (5837/9120)
2026-10-01T08:35:09.9506853Z Updating files:  65% (5928/9120)
2026-10-01T08:35:09.9597892Z Updating files:  66% (6020/9120)
2026-10-01T08:35:09.9658586Z Updating files:  67% (6111/9120)
2026-10-01T08:35:09.9713566Z Updating files:  68% (6202/9120)
2026-10-01T08:35:09.9765763Z Updating files:  69% (6293/9120)
2026-10-01T08:35:09.9818107Z Updating files:  70% (6384/9120)
2026-10-01T08:35:10.0019042Z Updating files:  71% (6476/9120)
2026-10-01T08:35:10.0232066Z Updating files:  72% (6567/9120)
2026-10-01T08:35:10.0607207Z Updating files:  73% (6658/9120)
2026-10-01T08:35:10.2474934Z Updating files:  74% (6749/9120)
2026-10-01T08:35:10.2766478Z Updating files:  75% (6840/9120)
2026-10-01T08:35:10.3106507Z Updating files:  76% (6932/9120)
2026-10-01T08:35:10.3815505Z Updating files:  77% (7023/9120)
2026-10-01T08:35:10.4182150Z Updating files:  78% (7114/9120)
2026-10-01T08:35:10.4321743Z Updating files:  79% (7205/9120)
2026-10-01T08:35:10.4630871Z Updating files:  80% (7296/9120)
2026-10-01T08:35:10.4789707Z Updating files:  81% (7388/9120)
2026-10-01T08:35:10.4934352Z Updating files:  82% (7479/9120)
2026-10-01T08:35:10.5057666Z Updating files:  83% (7570/9120)
2026-10-01T08:35:10.5194540Z Updating files:  84% (7661/9120)
2026-10-01T08:35:10.5354346Z Updating files:  85% (7752/9120)
2026-10-01T08:35:10.5502646Z Updating files:  86% (7844/9120)
2026-10-01T08:35:10.6142518Z Updating files:  87% (7935/9120)
2026-10-01T08:35:10.6881483Z Updating files:  88% (8026/9120)
2026-10-01T08:35:10.8759271Z Updating files:  89% (8117/9120)
2026-10-01T08:35:10.9107340Z Updating files:  89% (8198/9120)
2026-10-01T08:35:11.2431130Z Updating files:  90% (8208/9120)
2026-10-01T08:35:11.4987009Z Updating files:  91% (8300/9120)
2026-10-01T08:35:11.6203882Z Updating files:  92% (8391/9120)
2026-10-01T08:35:11.6756190Z Updating files:  93% (8482/9120)
2026-10-01T08:35:11.7151675Z Updating files:  94% (8573/9120)
2026-10-01T08:35:11.8459319Z Updating files:  95% (8664/9120)
2026-10-01T08:35:11.8575474Z Updating files:  96% (8756/9120)
2026-10-01T08:35:11.9823153Z Updating files:  96% (8764/9120)
2026-10-01T08:35:12.0583721Z Updating files:  97% (8847/9120)
2026-10-01T08:35:12.3702295Z Updating files:  98% (8938/9120)
2026-10-01T08:35:12.6523102Z Updating files:  99% (9029/9120)
2026-10-01T08:35:12.6523806Z Updating files: 100% (9120/9120)
2026-10-01T08:35:12.6524659Z Updating files: 100% (9120/9120), done.
2026-10-01T08:35:12.6625332Z Switched to a new branch 'steward/t1766-canal-grocery-workshops'
2026-10-01T08:35:12.6627637Z branch 'steward/t1766-canal-grocery-workshops' set up to track 'origin/steward/t1766-canal-grocery-workshops'.
2026-10-01T08:35:12.6807123Z ##[endgroup]
2026-10-01T08:35:12.6863551Z [command]/usr/bin/git log -1 --format=%H
2026-10-01T08:35:12.6898143Z 9446a07a87b92ae4920e69398e1d986ad91f0bb4
2026-10-01T08:35:12.7192907Z ##[group]Run actions/setup-node@v4
2026-10-01T08:35:12.7193227Z with:
2026-10-01T08:35:12.7193471Z   node-version: 22
2026-10-01T08:35:12.7193739Z   always-auth: false
2026-10-01T08:35:12.7193973Z   check-latest: false
2026-10-01T08:35:12.7196411Z   token: ***
2026-10-01T08:35:12.7196628Z ##[endgroup]
2026-10-01T08:35:12.8716399Z Found in cache @ /opt/hostedtoolcache/node/22.23.3/x64
2026-10-01T08:35:12.8722372Z (node:2312) [DEP0040] DeprecationWarning: The `punycode` module is deprecated. Please use a userland alternative instead.
2026-10-01T08:35:12.8723220Z (Use `node --trace-deprecation ...` to show where the warning was created)
2026-10-01T08:35:12.8725876Z ##[group]Environment details
2026-10-01T08:35:15.4600773Z node: v22.23.3
2026-10-01T08:35:15.4601215Z npm: 10.9.9
2026-10-01T08:35:15.4601550Z yarn: 1.22.22
2026-10-01T08:35:15.4602991Z ##[endgroup]
2026-10-01T08:35:15.4735835Z ##[group]Run set -e
2026-10-01T08:35:15.4736136Z [36;1mset -e[0m
2026-10-01T08:35:15.4736401Z [36;1mnpm install -g playwright@1.56.1[0m
2026-10-01T08:35:15.4736874Z [36;1mnode "$(npm root -g)/playwright/cli.js" install --with-deps chromium[0m
2026-10-01T08:35:15.5035116Z shell: /usr/bin/bash -e {0}
2026-10-01T08:35:15.5035474Z ##[endgroup]
2026-10-01T08:35:18.7948721Z 
2026-10-01T08:35:18.7958546Z added 2 packages in 3s
2026-10-01T08:35:20.1205162Z Installing dependencies...
2026-10-01T08:35:20.1677112Z Switching to root user to install dependencies...
2026-10-01T08:35:20.2451653Z Get:1 file:/etc/apt/apt-mirrors.txt Mirrorlist [144 B]
2026-10-01T08:35:20.2811904Z Hit:2 http://azure.archive.ubuntu.com/ubuntu noble InRelease
2026-10-01T08:35:20.2814099Z Get:6 https://packages.microsoft.com/ubuntu/24.04/prod noble InRelease [3600 B]
2026-10-01T08:35:20.2826422Z Get:3 http://azure.archive.ubuntu.com/ubuntu noble-updates InRelease [126 kB]
2026-10-01T08:35:20.2911417Z Get:4 http://azure.archive.ubuntu.com/ubuntu noble-backports InRelease [126 kB]
2026-10-01T08:35:20.2915074Z Get:5 http://azure.archive.ubuntu.com/ubuntu noble-security InRelease [126 kB]
2026-10-01T08:35:20.4181475Z Get:7 https://packages.microsoft.com/ubuntu/24.04/prod noble/main arm64 Packages [456 kB]
2026-10-01T08:35:20.4332357Z Get:8 https://packages.microsoft.com/ubuntu/24.04/prod noble/main amd64 Packages [509 kB]
2026-10-01T08:35:20.4705955Z Get:9 http://azure.archive.ubuntu.com/ubuntu noble-updates/main amd64 Packages [1342 kB]
2026-10-01T08:35:20.4801840Z Get:10 http://azure.archive.ubuntu.com/ubuntu noble-updates/main Translation-en [302 kB]
2026-10-01T08:35:20.4816148Z Get:11 http://azure.archive.ubuntu.com/ubuntu noble-updates/main amd64 Components [181 kB]
2026-10-01T08:35:20.4841243Z Get:12 http://azure.archive.ubuntu.com/ubuntu noble-updates/universe amd64 Packages [1699 kB]
2026-10-01T08:35:20.4943185Z Get:13 http://azure.archive.ubuntu.com/ubuntu noble-updates/universe Translation-en [341 kB]
2026-10-01T08:35:20.4961622Z Get:14 http://azure.archive.ubuntu.com/ubuntu noble-updates/universe amd64 Components [388 kB]
2026-10-01T08:35:20.5001293Z Get:15 http://azure.archive.ubuntu.com/ubuntu noble-updates/restricted amd64 Packages [1697 kB]
2026-10-01T08:35:20.5091048Z Get:16 http://azure.archive.ubuntu.com/ubuntu noble-updates/restricted Translation-en [388 kB]
2026-10-01T08:35:20.5119936Z Get:17 http://azure.archive.ubuntu.com/ubuntu noble-updates/multiverse amd64 Components [940 B]
2026-10-01T08:35:20.5311495Z Get:18 http://azure.archive.ubuntu.com/ubuntu noble-backports/main amd64 Components [5760 B]
2026-10-01T08:35:20.5751743Z Get:19 http://azure.archive.ubuntu.com/ubuntu noble-backports/universe amd64 Components [12.6 kB]
2026-10-01T08:35:20.5840938Z Get:20 http://azure.archive.ubuntu.com/ubuntu noble-security/main amd64 Packages [1066 kB]
2026-10-01T08:35:20.5902926Z Get:21 http://azure.archive.ubuntu.com/ubuntu noble-security/main Translation-en [220 kB]
2026-10-01T08:35:20.5917629Z Get:22 http://azure.archive.ubuntu.com/ubuntu noble-security/main amd64 Components [46.4 kB]
2026-10-01T08:35:20.5926942Z Get:23 http://azure.archive.ubuntu.com/ubuntu noble-security/universe amd64 Packages [1216 kB]
2026-10-01T08:35:20.5990072Z Get:24 http://azure.archive.ubuntu.com/ubuntu noble-security/universe Translation-en [244 kB]
2026-10-01T08:35:20.6013285Z Get:25 http://azure.archive.ubuntu.com/ubuntu noble-security/universe amd64 Components [76.3 kB]
2026-10-01T08:35:20.6018877Z Get:26 http://azure.archive.ubuntu.com/ubuntu noble-security/restricted amd64 Packages [1566 kB]
2026-10-01T08:35:20.6100360Z Get:27 http://azure.archive.ubuntu.com/ubuntu noble-security/restricted Translation-en [361 kB]
2026-10-01T08:35:25.2580014Z Fetched 12.5 MB in 1s (9152 kB/s)
2026-10-01T08:35:26.1890751Z Reading package lists...
2026-10-01T08:35:26.2129958Z Reading package lists...
2026-10-01T08:35:26.4464681Z Building dependency tree...
2026-10-01T08:35:26.4471787Z Reading state information...
2026-10-01T08:35:26.6914144Z libasound2t64 is already the newest version (1.2.11-1ubuntu0.3).
2026-10-01T08:35:26.6915077Z libasound2t64 set to manually installed.
2026-10-01T08:35:26.6915831Z libatk-bridge2.0-0t64 is already the newest version (2.52.0-1build1).
2026-10-01T08:35:26.6916598Z libatk-bridge2.0-0t64 set to manually installed.
2026-10-01T08:35:26.6917418Z libatk1.0-0t64 is already the newest version (2.52.0-1build1).
2026-10-01T08:35:26.6918210Z libatk1.0-0t64 set to manually installed.
2026-10-01T08:35:26.6919037Z libatspi2.0-0t64 is already the newest version (2.52.0-1build1).
2026-10-01T08:35:26.6920223Z libatspi2.0-0t64 set to manually installed.
2026-10-01T08:35:26.6921003Z libcairo2 is already the newest version (1.18.0-3build1).
2026-10-01T08:35:26.6921781Z libcairo2 set to manually installed.
2026-10-01T08:35:26.6922962Z libcups2t64 is already the newest version (2.4.7-1.2ubuntu7.14).
2026-10-01T08:35:26.6923805Z libcups2t64 set to manually installed.
2026-10-01T08:35:26.6924682Z libdbus-1-3 is already the newest version (1.14.10-4ubuntu4.1).
2026-10-01T08:35:26.6925445Z libdbus-1-3 set to manually installed.
2026-10-01T08:35:26.6925914Z libdrm2 is already the newest version (2.4.125-1ubuntu0.1~24.04.2).
2026-10-01T08:35:26.6926338Z libdrm2 set to manually installed.
2026-10-01T08:35:26.6926785Z libglib2.0-0t64 is already the newest version (2.80.0-6ubuntu3.9).
2026-10-01T08:35:26.6927233Z libglib2.0-0t64 set to manually installed.
2026-10-01T08:35:26.6927667Z libnspr4 is already the newest version (2:4.35-1.1build1).
2026-10-01T08:35:26.6928065Z libnspr4 set to manually installed.
2026-10-01T08:35:26.6928478Z libnss3 is already the newest version (2:3.98-1ubuntu0.2).
2026-10-01T08:35:26.6929125Z libnss3 set to manually installed.
2026-10-01T08:35:26.6930168Z libpango-1.0-0 is already the newest version (1.52.1+ds-1build1).
2026-10-01T08:35:26.6931009Z libpango-1.0-0 set to manually installed.
2026-10-01T08:35:26.6931778Z libx11-6 is already the newest version (2:1.8.7-1build1).
2026-10-01T08:35:26.6932593Z libx11-6 set to manually installed.
2026-10-01T08:35:26.6933312Z libxcb1 is already the newest version (1.15-1ubuntu2).
2026-10-01T08:35:26.6934001Z libxcb1 set to manually installed.
2026-10-01T08:35:26.6934767Z libxcomposite1 is already the newest version (1:0.4.5-1build3).
2026-10-01T08:35:26.6935574Z libxcomposite1 set to manually installed.
2026-10-01T08:35:26.6936368Z libxdamage1 is already the newest version (1:1.1.6-1build1).
2026-10-01T08:35:26.6937111Z libxdamage1 set to manually installed.
2026-10-01T08:35:26.6937860Z libxext6 is already the newest version (2:1.3.4-1build2).
2026-10-01T08:35:26.6938558Z libxext6 set to manually installed.
2026-10-01T08:35:26.6939301Z libxfixes3 is already the newest version (1:6.0.0-2build1).
2026-10-01T08:35:26.6940310Z libxfixes3 set to manually installed.
2026-10-01T08:35:26.6941074Z libxkbcommon0 is already the newest version (1.6.0-1build1).
2026-10-01T08:35:26.6941822Z libxkbcommon0 set to manually installed.
2026-10-01T08:35:26.6942646Z libxrandr2 is already the newest version (2:1.5.2-2build1).
2026-10-01T08:35:26.6943379Z libxrandr2 set to manually installed.
2026-10-01T08:35:26.6944096Z xvfb is already the newest version (2:21.1.12-1ubuntu1.8).
2026-10-01T08:35:26.6945095Z fonts-noto-color-emoji is already the newest version (2.047-0ubuntu0.24.04.1).
2026-10-01T08:35:26.6946149Z libfontconfig1 is already the newest version (2.15.0-1.1ubuntu2).
2026-10-01T08:35:26.6946966Z libfontconfig1 set to manually installed.
2026-10-01T08:35:26.6947829Z libfreetype6 is already the newest version (2.13.2+dfsg-1ubuntu0.1).
2026-10-01T08:35:26.6948647Z libfreetype6 set to manually installed.
2026-10-01T08:35:26.6949425Z fonts-liberation is already the newest version (1:2.1.5-3).
2026-10-01T08:35:26.6950620Z fonts-liberation set to manually installed.
2026-10-01T08:35:26.6951430Z The following additional packages will be installed:
2026-10-01T08:35:26.6952321Z   libgl1-mesa-dri libglx-mesa0 libwayland-server0 mesa-libgallium
2026-10-01T08:35:26.6953108Z   xfonts-encodings xfonts-utils
2026-10-01T08:35:26.6953955Z Recommended packages:
2026-10-01T08:35:26.6954522Z   fonts-ipafont-mincho fonts-tlwg-loma
2026-10-01T08:35:26.7212090Z The following NEW packages will be installed:
2026-10-01T08:35:26.7212878Z   fonts-freefont-ttf fonts-ipafont-gothic fonts-tlwg-loma-otf fonts-unifont
2026-10-01T08:35:26.7224117Z   fonts-wqy-zenhei libwayland-server0 xfonts-cyrillic xfonts-encodings
2026-10-01T08:35:26.7224838Z   xfonts-scalable xfonts-utils
2026-10-01T08:35:26.7231147Z The following packages will be upgraded:
2026-10-01T08:35:26.7237898Z   libgbm1 libgl1-mesa-dri libglx-mesa0 mesa-libgallium
2026-10-01T08:35:26.7426539Z 4 upgraded, 10 newly installed, 0 to remove and 19 not upgraded.
2026-10-01T08:35:26.7427349Z Need to get 32.1 MB of archives.
2026-10-01T08:35:26.7428580Z After this operation, 79.7 MB of additional disk space will be used.
2026-10-01T08:35:26.7429814Z Get:1 file:/etc/apt/apt-mirrors.txt Mirrorlist [144 B]
2026-10-01T08:35:26.7784152Z Get:2 http://azure.archive.ubuntu.com/ubuntu noble/universe amd64 fonts-ipafont-gothic all 00303-21ubuntu1 [3513 kB]
2026-10-01T08:35:26.8370550Z Get:3 http://azure.archive.ubuntu.com/ubuntu noble/main amd64 fonts-freefont-ttf all 20211204+svn4273-2 [5641 kB]
2026-10-01T08:35:26.9132734Z Get:4 http://azure.archive.ubuntu.com/ubuntu noble/universe amd64 fonts-tlwg-loma-otf all 1:0.7.3-1 [107 kB]
2026-10-01T08:35:26.9335952Z Get:5 http://azure.archive.ubuntu.com/ubuntu noble/universe amd64 fonts-unifont all 1:15.1.01-1build1 [2993 kB]
2026-10-01T08:35:26.9830718Z Get:6 http://azure.archive.ubuntu.com/ubuntu noble/universe amd64 fonts-wqy-zenhei all 0.9.45-8 [7472 kB]
2026-10-01T08:35:27.0926974Z Get:7 http://azure.archive.ubuntu.com/ubuntu noble-updates/main amd64 libgl1-mesa-dri amd64 25.2.8-0ubuntu0.24.04.3 [37.9 kB]
2026-10-01T08:35:27.1148923Z Get:8 http://azure.archive.ubuntu.com/ubuntu noble/main amd64 libwayland-server0 amd64 1.22.0-2.1build1 [33.9 kB]
2026-10-01T08:35:27.1379108Z Get:9 http://azure.archive.ubuntu.com/ubuntu noble-updates/main amd64 libglx-mesa0 amd64 25.2.8-0ubuntu0.24.04.3 [110 kB]
2026-10-01T08:35:27.1620937Z Get:10 http://azure.archive.ubuntu.com/ubuntu noble-updates/main amd64 libgbm1 amd64 25.2.8-0ubuntu0.24.04.3 [34.3 kB]
2026-10-01T08:35:27.1870240Z Get:11 http://azure.archive.ubuntu.com/ubuntu noble-updates/main amd64 mesa-libgallium amd64 25.2.8-0ubuntu0.24.04.3 [10.8 MB]
2026-10-01T08:35:27.4227804Z Get:12 http://azure.archive.ubuntu.com/ubuntu noble/main amd64 xfonts-encodings all 1:1.0.5-0ubuntu2 [578 kB]
2026-10-01T08:35:27.4744150Z Get:13 http://azure.archive.ubuntu.com/ubuntu noble/main amd64 xfonts-utils amd64 1:7.7+6build3 [94.4 kB]
2026-10-01T08:35:27.4941218Z Get:14 http://azure.archive.ubuntu.com/ubuntu noble/universe amd64 xfonts-cyrillic all 1:1.0.5+nmu1 [384 kB]
2026-10-01T08:35:27.5204013Z Get:15 http://azure.archive.ubuntu.com/ubuntu noble/main amd64 xfonts-scalable all 1:1.0.3-1.3 [304 kB]
2026-10-01T08:35:27.8066205Z Fetched 32.1 MB in 1s (40.5 MB/s)
2026-10-01T08:35:27.8301286Z Selecting previously unselected package fonts-ipafont-gothic.
2026-10-01T08:35:27.8544197Z (Reading database ... 
2026-10-01T08:35:27.8544539Z (Reading database ... 5%
2026-10-01T08:35:27.8544826Z (Reading database ... 10%
2026-10-01T08:35:27.8545087Z (Reading database ... 15%
2026-10-01T08:35:27.8545338Z (Reading database ... 20%
2026-10-01T08:35:27.8545593Z (Reading database ... 25%
2026-10-01T08:35:27.8545864Z (Reading database ... 30%
2026-10-01T08:35:27.8546119Z (Reading database ... 35%
2026-10-01T08:35:27.8546382Z (Reading database ... 40%
2026-10-01T08:35:27.8546820Z (Reading database ... 45%
2026-10-01T08:35:27.8547221Z (Reading database ... 50%
2026-10-01T08:35:27.8595406Z (Reading database ... 55%
2026-10-01T08:35:27.9250990Z (Reading database ... 60%
2026-10-01T08:35:28.1708038Z (Reading database ... 65%
2026-10-01T08:35:28.3763386Z (Reading database ... 70%
2026-10-01T08:35:28.5285136Z (Reading database ... 75%
2026-10-01T08:35:28.6800491Z (Reading database ... 80%
2026-10-01T08:35:28.8242114Z (Reading database ... 85%
2026-10-01T08:35:28.9880847Z (Reading database ... 90%
2026-10-01T08:35:29.0913436Z (Reading database ... 95%
2026-10-01T08:35:29.0913939Z (Reading database ... 100%
2026-10-01T08:35:29.0914640Z (Reading database ... 202296 files and directories currently installed.)
2026-10-01T08:35:29.0959855Z Preparing to unpack .../00-fonts-ipafont-gothic_00303-21ubuntu1_all.deb ...
2026-10-01T08:35:29.1050873Z Unpacking fonts-ipafont-gothic (00303-21ubuntu1) ...
2026-10-01T08:35:29.3495161Z Selecting previously unselected package fonts-freefont-ttf.
2026-10-01T08:35:29.3680008Z Preparing to unpack .../01-fonts-freefont-ttf_20211204+svn4273-2_all.deb ...
2026-10-01T08:35:29.3689169Z Unpacking fonts-freefont-ttf (20211204+svn4273-2) ...
2026-10-01T08:35:29.4573126Z Selecting previously unselected package fonts-tlwg-loma-otf.
2026-10-01T08:35:29.4706691Z Preparing to unpack .../02-fonts-tlwg-loma-otf_1%3a0.7.3-1_all.deb ...
2026-10-01T08:35:29.4715822Z Unpacking fonts-tlwg-loma-otf (1:0.7.3-1) ...
2026-10-01T08:35:29.4938885Z Selecting previously unselected package fonts-unifont.
2026-10-01T08:35:29.5069987Z Preparing to unpack .../03-fonts-unifont_1%3a15.1.01-1build1_all.deb ...
2026-10-01T08:35:29.5077169Z Unpacking fonts-unifont (1:15.1.01-1build1) ...
2026-10-01T08:35:29.6141235Z Selecting previously unselected package fonts-wqy-zenhei.
2026-10-01T08:35:29.6270548Z Preparing to unpack .../04-fonts-wqy-zenhei_0.9.45-8_all.deb ...
2026-10-01T08:35:29.6374426Z Unpacking fonts-wqy-zenhei (0.9.45-8) ...
2026-10-01T08:35:30.1232422Z Preparing to unpack .../05-libgl1-mesa-dri_25.2.8-0ubuntu0.24.04.3_amd64.deb ...
2026-10-01T08:35:30.1383731Z Unpacking libgl1-mesa-dri:amd64 (25.2.8-0ubuntu0.24.04.3) over (25.2.8-0ubuntu0.24.04.2) ...
2026-10-01T08:35:30.1841562Z Selecting previously unselected package libwayland-server0:amd64.
2026-10-01T08:35:30.1975559Z Preparing to unpack .../06-libwayland-server0_1.22.0-2.1build1_amd64.deb ...
2026-10-01T08:35:30.1994604Z Unpacking libwayland-server0:amd64 (1.22.0-2.1build1) ...
2026-10-01T08:35:30.2344571Z Preparing to unpack .../07-libglx-mesa0_25.2.8-0ubuntu0.24.04.3_amd64.deb ...
2026-10-01T08:35:30.2371065Z Unpacking libglx-mesa0:amd64 (25.2.8-0ubuntu0.24.04.3) over (25.2.8-0ubuntu0.24.04.2) ...
2026-10-01T08:35:30.2747314Z Preparing to unpack .../08-libgbm1_25.2.8-0ubuntu0.24.04.3_amd64.deb ...
2026-10-01T08:35:30.2820436Z Unpacking libgbm1:amd64 (25.2.8-0ubuntu0.24.04.3) over (25.2.8-0ubuntu0.24.04.2) ...
2026-10-01T08:35:30.3212399Z Preparing to unpack .../09-mesa-libgallium_25.2.8-0ubuntu0.24.04.3_amd64.deb ...
2026-10-01T08:35:30.3238018Z Unpacking mesa-libgallium:amd64 (25.2.8-0ubuntu0.24.04.3) over (25.2.8-0ubuntu0.24.04.2) ...
2026-10-01T08:35:30.5025817Z Selecting previously unselected package xfonts-encodings.
2026-10-01T08:35:30.5154629Z Preparing to unpack .../10-xfonts-encodings_1%3a1.0.5-0ubuntu2_all.deb ...
2026-10-01T08:35:30.5172673Z Unpacking xfonts-encodings (1:1.0.5-0ubuntu2) ...
2026-10-01T08:35:30.5465205Z Selecting previously unselected package xfonts-utils.
2026-10-01T08:35:30.5594103Z Preparing to unpack .../11-xfonts-utils_1%3a7.7+6build3_amd64.deb ...
2026-10-01T08:35:30.5602801Z Unpacking xfonts-utils (1:7.7+6build3) ...
2026-10-01T08:35:30.5956262Z Selecting previously unselected package xfonts-cyrillic.
2026-10-01T08:35:30.6086790Z Preparing to unpack .../12-xfonts-cyrillic_1%3a1.0.5+nmu1_all.deb ...
2026-10-01T08:35:30.6094306Z Unpacking xfonts-cyrillic (1:1.0.5+nmu1) ...
2026-10-01T08:35:30.6438355Z Selecting previously unselected package xfonts-scalable.
2026-10-01T08:35:30.6568475Z Preparing to unpack .../13-xfonts-scalable_1%3a1.0.3-1.3_all.deb ...
2026-10-01T08:35:30.6576285Z Unpacking xfonts-scalable (1:1.0.3-1.3) ...
2026-10-01T08:35:30.7027297Z Setting up libwayland-server0:amd64 (1.22.0-2.1build1) ...
2026-10-01T08:35:30.7053598Z Setting up mesa-libgallium:amd64 (25.2.8-0ubuntu0.24.04.3) ...
2026-10-01T08:35:30.7073731Z Setting up libgbm1:amd64 (25.2.8-0ubuntu0.24.04.3) ...
2026-10-01T08:35:30.7092839Z Setting up libgl1-mesa-dri:amd64 (25.2.8-0ubuntu0.24.04.3) ...
2026-10-01T08:35:30.7169224Z Setting up fonts-wqy-zenhei (0.9.45-8) ...
2026-10-01T08:35:30.7290432Z Setting up fonts-freefont-ttf (20211204+svn4273-2) ...
2026-10-01T08:35:30.7310881Z Setting up fonts-tlwg-loma-otf (1:0.7.3-1) ...
2026-10-01T08:35:30.7328602Z Setting up xfonts-encodings (1:1.0.5-0ubuntu2) ...
2026-10-01T08:35:30.7346104Z Setting up fonts-ipafont-gothic (00303-21ubuntu1) ...
2026-10-01T08:35:30.7414262Z update-alternatives: using /usr/share/fonts/opentype/ipafont-gothic/ipag.ttf to provide /usr/share/fonts/truetype/fonts-japanese-gothic.ttf (fonts-japanese-gothic.ttf) in auto mode
2026-10-01T08:35:30.7430569Z Setting up fonts-unifont (1:15.1.01-1build1) ...
2026-10-01T08:35:30.7449844Z Setting up libglx-mesa0:amd64 (25.2.8-0ubuntu0.24.04.3) ...
2026-10-01T08:35:30.7468156Z Setting up xfonts-utils (1:7.7+6build3) ...
2026-10-01T08:35:30.7511540Z Setting up xfonts-cyrillic (1:1.0.5+nmu1) ...
2026-10-01T08:35:30.7857874Z Setting up xfonts-scalable (1:1.0.3-1.3) ...
2026-10-01T08:35:30.8136678Z Processing triggers for libc-bin (2.39-0ubuntu8.9) ...
2026-10-01T08:35:30.8557874Z Processing triggers for man-db (2.12.0-4build2) ...
2026-10-01T08:35:30.8579181Z Not building database; man-db/auto-update is not 'true'.
2026-10-01T08:35:30.8591111Z Processing triggers for fontconfig (2.15.0-1.1ubuntu2) ...
2026-10-01T08:35:31.6603574Z 
2026-10-01T08:35:31.6604379Z Running kernel seems to be up-to-date.
2026-10-01T08:35:31.6604814Z 
2026-10-01T08:35:31.6605076Z No services need to be restarted.
2026-10-01T08:35:31.6605404Z 
2026-10-01T08:35:31.6605672Z No containers need to be restarted.
2026-10-01T08:35:31.6605973Z 
2026-10-01T08:35:31.6606300Z No user sessions are running outdated binaries.
2026-10-01T08:35:31.6606659Z 
2026-10-01T08:35:31.6607158Z No VM guests are running outdated hypervisor (qemu) binaries on this host.
2026-10-01T08:35:32.8113606Z Downloading Chromium 141.0.7390.37 (playwright build v1194) from https://cdn.playwright.dev/dbazure/download/playwright/builds/chromium/1194/chromium-linux.zip
2026-10-01T08:35:33.0277195Z |                                                                                |   0% of 173.9 MiB
2026-10-01T08:35:33.2133627Z |■■■■■■■■                                                                        |  10% of 173.9 MiB
2026-10-01T08:35:33.3047181Z |■■■■■■■■■■■■■■■■                                                                |  20% of 173.9 MiB
2026-10-01T08:35:33.4031391Z |■■■■■■■■■■■■■■■■■■■■■■■■                                                        |  30% of 173.9 MiB
2026-10-01T08:35:33.4631395Z |■■■■■■■■■■■■■■■■■■■■■■■■■■■■■■■■                                                |  40% of 173.9 MiB
2026-10-01T08:35:33.5230555Z |■■■■■■■■■■■■■■■■■■■■■■■■■■■■■■■■■■■■■■■■                                        |  50% of 173.9 MiB
2026-10-01T08:35:33.5866032Z |■■■■■■■■■■■■■■■■■■■■■■■■■■■■■■■■■■■■■■■■■■■■■■■■                                |  60% of 173.9 MiB
2026-10-01T08:35:33.6566231Z |■■■■■■■■■■■■■■■■■■■■■■■■■■■■■■■■■■■■■■■■■■■■■■■■■■■■■■■■                        |  70% of 173.9 MiB
2026-10-01T08:35:33.7150908Z |■■■■■■■■■■■■■■■■■■■■■■■■■■■■■■■■■■■■■■■■■■■■■■■■■■■■■■■■■■■■■■■■                |  80% of 173.9 MiB
2026-10-01T08:35:33.7934021Z |■■■■■■■■■■■■■■■■■■■■■■■■■■■■■■■■■■■■■■■■■■■■■■■■■■■■■■■■■■■■■■■■■■■■■■■■        |  90% of 173.9 MiB
2026-10-01T08:35:33.8580032Z |■■■■■■■■■■■■■■■■■■■■■■■■■■■■■■■■■■■■■■■■■■■■■■■■■■■■■■■■■■■■■■■■■■■■■■■■■■■■■■■■| 100% of 173.9 MiB
2026-10-01T08:35:37.4086763Z Chromium 141.0.7390.37 (playwright build v1194) downloaded to /home/runner/.cache/ms-playwright/chromium-1194
2026-10-01T08:35:37.4090682Z Downloading FFMPEG playwright build v1011 from https://cdn.playwright.dev/dbazure/download/playwright/builds/ffmpeg/1011/ffmpeg-linux.zip
2026-10-01T08:35:37.5641095Z |                                                                                |   0% of 2.3 MiB
2026-10-01T08:35:37.5764438Z |■■■■■■■■                                                                        |  10% of 2.3 MiB
2026-10-01T08:35:37.5863120Z |■■■■■■■■■■■■■■■■                                                                |  20% of 2.3 MiB
2026-10-01T08:35:37.5900363Z |■■■■■■■■■■■■■■■■■■■■■■■■                                                        |  30% of 2.3 MiB
2026-10-01T08:35:37.5941695Z |■■■■■■■■■■■■■■■■■■■■■■■■■■■■■■■■                                                |  40% of 2.3 MiB
2026-10-01T08:35:37.5990706Z |■■■■■■■■■■■■■■■■■■■■■■■■■■■■■■■■■■■■■■■■                                        |  50% of 2.3 MiB
2026-10-01T08:35:37.6010671Z |■■■■■■■■■■■■■■■■■■■■■■■■■■■■■■■■■■■■■■■■■■■■■■■■                                |  60% of 2.3 MiB
2026-10-01T08:35:37.6040792Z |■■■■■■■■■■■■■■■■■■■■■■■■■■■■■■■■■■■■■■■■■■■■■■■■■■■■■■■■                        |  70% of 2.3 MiB
2026-10-01T08:35:37.6064900Z |■■■■■■■■■■■■■■■■■■■■■■■■■■■■■■■■■■■■■■■■■■■■■■■■■■■■■■■■■■■■■■■■                |  80% of 2.3 MiB
2026-10-01T08:35:37.6080268Z |■■■■■■■■■■■■■■■■■■■■■■■■■■■■■■■■■■■■■■■■■■■■■■■■■■■■■■■■■■■■■■■■■■■■■■■■        |  90% of 2.3 MiB
2026-10-01T08:35:37.6106993Z |■■■■■■■■■■■■■■■■■■■■■■■■■■■■■■■■■■■■■■■■■■■■■■■■■■■■■■■■■■■■■■■■■■■■■■■■■■■■■■■■| 100% of 2.3 MiB
2026-10-01T08:35:37.6689410Z FFMPEG playwright build v1011 downloaded to /home/runner/.cache/ms-playwright/ffmpeg-1011
2026-10-01T08:35:37.6693082Z Downloading Chromium Headless Shell 141.0.7390.37 (playwright build v1194) from https://cdn.playwright.dev/dbazure/download/playwright/builds/chromium/1194/chromium-headless-shell-linux.zip
2026-10-01T08:35:37.8108406Z |                                                                                |   0% of 104.3 MiB
2026-10-01T08:35:37.9471881Z |■■■■■■■■                                                                        |  10% of 104.3 MiB
2026-10-01T08:35:38.0094739Z |■■■■■■■■■■■■■■■■                                                                |  20% of 104.3 MiB
2026-10-01T08:35:38.0575585Z |■■■■■■■■■■■■■■■■■■■■■■■■                                                        |  30% of 104.3 MiB
2026-10-01T08:35:38.1076756Z |■■■■■■■■■■■■■■■■■■■■■■■■■■■■■■■■                                                |  40% of 104.3 MiB
2026-10-01T08:35:38.1470303Z |■■■■■■■■■■■■■■■■■■■■■■■■■■■■■■■■■■■■■■■■                                        |  50% of 104.3 MiB
2026-10-01T08:35:38.1861107Z |■■■■■■■■■■■■■■■■■■■■■■■■■■■■■■■■■■■■■■■■■■■■■■■■                                |  60% of 104.3 MiB
2026-10-01T08:35:38.2226698Z |■■■■■■■■■■■■■■■■■■■■■■■■■■■■■■■■■■■■■■■■■■■■■■■■■■■■■■■■                        |  70% of 104.3 MiB
2026-10-01T08:35:38.2610432Z |■■■■■■■■■■■■■■■■■■■■■■■■■■■■■■■■■■■■■■■■■■■■■■■■■■■■■■■■■■■■■■■■                |  80% of 104.3 MiB
2026-10-01T08:35:38.3072530Z |■■■■■■■■■■■■■■■■■■■■■■■■■■■■■■■■■■■■■■■■■■■■■■■■■■■■■■■■■■■■■■■■■■■■■■■■        |  90% of 104.3 MiB
2026-10-01T08:35:38.3434563Z |■■■■■■■■■■■■■■■■■■■■■■■■■■■■■■■■■■■■■■■■■■■■■■■■■■■■■■■■■■■■■■■■■■■■■■■■■■■■■■■■| 100% of 104.3 MiB
2026-10-01T08:35:40.2164833Z Chromium Headless Shell 141.0.7390.37 (playwright build v1194) downloaded to /home/runner/.cache/ms-playwright/chromium_headless_shell-1194
2026-10-01T08:35:40.5311533Z ##[group]Run bash tools/publish.sh
2026-10-01T08:35:40.5311900Z [36;1mbash tools/publish.sh[0m
2026-10-01T08:35:40.5378049Z shell: /usr/bin/bash -e {0}
2026-10-01T08:35:40.5378336Z ##[endgroup]
2026-10-01T08:35:41.4582299Z Glessner v4 package verified; 3 missing GLB(s) materialized.
2026-10-01T08:35:42.1291723Z shipped derivatives: 504 pair(s) carry the master's triangles, node identity and contract attributes; worst bounding-box disagreement 2.68 of 4 rungs; 0 asset(s) lose their material identity to the publish path (banked, K36(b)); 4 master passthrough(s), all of them decided (K38); and every one of them records the master it was made from, which is still the master in the tree (K39)
2026-10-01T08:35:42.1863416Z Prairie Avenue browser published: /home/runner/work/chicago/chicago/site/4d/prairie-1904
2026-10-01T08:35:42.7459208Z published 15 map images + viewer + media to site/pre-fire
2026-10-01T08:35:42.8144123Z    changelog.js published to site/4d/js/changelog.js (T-0722)
2026-10-01T08:35:42.8150845Z    changelog.js published to site/4d/walk/js/changelog.js (T-0722)
2026-10-01T08:35:43.3158531Z tickets: cloned https://github.com/kevinrhaas/chicago-tickets.git → tickets/ (1661 tickets)
2026-10-01T08:35:44.9936817Z entry pages: index.html, 1812/index.html, 1835/index.html, 1880/index.html, 1904/index.html
2026-10-01T08:35:45.0008953Z    build 9446a07  Oct 1, 2026, 3:35 AM CT
2026-10-01T08:35:45.0576345Z published ../../site/4d  (57.37 MB)
2026-10-01T08:35:45.0625575Z ##[group]Run node tools/smoke_renderer.mjs --published
2026-10-01T08:35:45.0626012Z [36;1mnode tools/smoke_renderer.mjs --published[0m
2026-10-01T08:35:45.0689835Z shell: /usr/bin/bash -e {0}
2026-10-01T08:35:45.0690124Z env:
2026-10-01T08:35:45.0690343Z   SMOKE_VIEWPORT: desktop
2026-10-01T08:35:45.0690616Z   SMOKE_STAGE: 1-2
2026-10-01T08:35:45.0690826Z ##[endgroup]
2026-10-01T08:35:45.5414537Z serving /home/runner/work/chicago/chicago/site/4d on 4187 — PUBLISHED mirror (compressed assets, visitor layout)
2026-10-01T08:35:45.5415295Z 
2026-10-01T08:35:45.5415779Z NOT THE FULL GATE — viewports filtered to "desktop"
2026-10-01T08:35:45.5416246Z 
2026-10-01T08:35:45.5416724Z NOT THE FULL GATE — stages filtered to "1-2" of 13
2026-10-01T08:35:45.5417115Z 
2026-10-01T08:35:45.5417306Z desktop 1280x800:
2026-10-01T08:35:46.6867837Z   pass  desktop 1280x800: page serves
2026-10-01T08:36:14.2387701Z   pass  desktop 1280x800: scene reaches ready
2026-10-01T08:36:20.9501057Z   pass  desktop 1280x800: the scene declares its exact consultation blockers
2026-10-01T08:36:20.9530491Z   pass  desktop 1280x800: no unexpected loader problems
2026-10-01T08:36:20.9590557Z   pass  desktop 1280x800: scene has structures
2026-10-01T08:36:20.9710620Z   pass  desktop 1280x800: every structure that should draw, drew
2026-10-01T08:36:27.3783064Z   pass  desktop 1280x800: the frame is multisampled — the town's edges are resolved on a phone too
2026-10-01T08:36:30.6038417Z   pass  desktop 1280x800: the declared scene-detail ceilings descend — it is a ladder, not three numbers
2026-10-01T08:36:30.6065929Z   pass  desktop 1280x800: no scene-detail rung is running clamped — the table and the scene agree
2026-10-01T08:36:30.6091790Z   pass  desktop 1280x800: every scene-detail rung says what it protects and what measurement set it
2026-10-01T08:36:33.8112178Z   pass  desktop 1280x800: the loader carries no town census or coverage dashboard
2026-10-01T08:36:36.9724747Z   pass  desktop 1280x800: the bridge declares a water anchor
2026-10-01T08:36:36.9732655Z   pass  desktop 1280x800: the bridge sits on the water plane, not on the terrain
2026-10-01T08:36:40.1582942Z   pass  desktop 1280x800: the enclosure layer draws its records
2026-10-01T08:36:40.1584071Z   pass  desktop 1280x800: the enclosure layer is chunked so the frustum can cull it
2026-10-01T08:36:40.1585660Z   pass  desktop 1280x800: every fence vertex carries a confidence grade
2026-10-01T08:36:40.1586655Z   pass  desktop 1280x800: no fence member stands outside its own authored run
2026-10-01T08:37:11.2601866Z   pass  desktop 1280x800: the yard fence reaches the screen from inside the yard
2026-10-01T08:37:14.7468363Z   pass  desktop 1280x800: the estray pen is drawn as an enclosure and bakes no mesh
2026-10-01T08:37:14.7470166Z   pass  desktop 1280x800: the retired box leaves no invisible wall on the public square
2026-10-01T08:37:45.4259168Z   pass  desktop 1280x800: the pen reaches the screen from inside the pen
2026-10-01T08:37:50.4281676Z   pass  desktop 1280x800: aiming at the pen's fence still opens the pen's card
2026-10-01T08:37:55.0860566Z   pass  desktop 1280x800: the town's house lots carry generated picket gardens
2026-10-01T08:37:55.0862268Z   pass  desktop 1280x800: the picket branch draws pales, not just posts and rails
2026-10-01T08:38:26.9397183Z   pass  desktop 1280x800: the garden fence reaches the screen from the dooryard
2026-10-01T08:38:31.5695732Z   pass  desktop 1280x800: the town's improved lots read as fenced, block after block
2026-10-01T08:38:31.5696906Z   pass  desktop 1280x800: the lot fences are built in the period's three types
2026-10-01T08:38:31.5697913Z   pass  desktop 1280x800: the enclosure is spread over the town, not stacked in one district
2026-10-01T08:38:31.5698949Z   pass  desktop 1280x800: a lot's yard states no ground treatment, so its sward stands
2026-10-01T08:38:31.5700524Z   pass  desktop 1280x800: every lot fence is graded reconstructed, record and vertex
2026-10-01T08:38:59.1426384Z   pass  desktop 1280x800: the lot fences reach the screen from the alley they face
2026-10-01T08:39:02.6076131Z   pass  desktop 1280x800: the Sauganash's rear yard is fenced with boards, not rails
2026-10-01T08:39:02.6077231Z   pass  desktop 1280x800: the yard fence is drawn at the height its record states
2026-10-01T08:39:02.6078188Z   pass  desktop 1280x800: every stem the yard's planting record places stands inside that yard
2026-10-01T08:39:48.0442839Z   pass  desktop 1280x800: the yard fence reaches the screen from Market Street
2026-10-01T08:39:48.0446683Z   pass  desktop 1280x800: the trees behind the fence reach the screen with it
2026-10-01T08:39:52.9093226Z   pass  desktop 1280x800: every fenced interior in the town carries a ground treatment
2026-10-01T08:39:52.9097799Z   pass  desktop 1280x800: the ground inside a 'worn_earth' fence reads as its own type
2026-10-01T08:39:52.9100170Z   pass  desktop 1280x800: no prairie plant roots inside a 'worn_earth' fence
2026-10-01T08:39:52.9101758Z   pass  desktop 1280x800: the ground inside a 'trodden_earth' fence reads as its own type
2026-10-01T08:39:52.9103039Z   pass  desktop 1280x800: no prairie plant roots inside a 'trodden_earth' fence
2026-10-01T08:39:52.9104280Z   pass  desktop 1280x800: the ground inside a 'dooryard_garden' fence reads as its own type
2026-10-01T08:39:52.9105726Z   pass  desktop 1280x800: no prairie plant roots inside a 'dooryard_garden' fence
2026-10-01T08:39:52.9106968Z   pass  desktop 1280x800: the fenced ground is graded reconstructed and casts no shadow
2026-10-01T08:39:52.9108336Z   pass  desktop 1280x800: the sward is suppressed on the ground the records declare and nowhere else
2026-10-01T08:40:10.0880637Z   pass  desktop 1280x800: the ground in the wagon yard reaches the screen from inside it
2026-10-01T08:40:25.3899932Z   pass  desktop 1280x800: the ground in a picketed dooryard reaches the screen from inside it
2026-10-01T08:40:27.6178241Z   pass  desktop 1280x800: the dooryard pass planted stems across the town
2026-10-01T08:40:27.6179198Z   pass  desktop 1280x800: Cobweb Castle's dealt stems are among them
2026-10-01T08:40:42.0362739Z   pass  desktop 1280x800: Cobweb Castle's dooryard trees reach the screen
2026-10-01T08:40:58.0747071Z   pass  desktop 1280x800: the currant clump by its door reaches the screen
2026-10-01T08:41:00.8453306Z   pass  desktop 1280x800: the stockade's pickets are baked at the record's twelve feet
2026-10-01T08:41:00.8507249Z   pass  desktop 1280x800: the stockade tops a walker's eye where wall and anchor meet
2026-10-01T08:41:00.8520499Z   pass  desktop 1280x800: a level gaze there stops at the stockade, and the card says so
2026-10-01T08:41:00.8530849Z   pass  desktop 1280x800: the garden fence holds below the eye of the walker who meets it
2026-10-01T08:41:00.8532198Z   pass  desktop 1280x800: a level gaze sails clean over the garden fence
2026-10-01T08:41:00.8533686Z   pass  desktop 1280x800: a tap on the garden fence names the garden, not a fort wall
2026-10-01T08:41:00.8535016Z   pass  desktop 1280x800: the stockade stands over a walker's eye from the parade side
2026-10-01T08:41:00.8536292Z   pass  desktop 1280x800: a level gaze from the parade side stops at the stockade
2026-10-01T08:41:16.5506857Z   pass  desktop 1280x800: the signage layer puts up the record's signs
2026-10-01T08:41:16.5520888Z   pass  desktop 1280x800: the whole signage layer is one draw call
2026-10-01T08:41:16.5521877Z   pass  desktop 1280x800: no board is fixed over a door or a window
2026-10-01T08:41:16.5522724Z   pass  desktop 1280x800: the signs still cast into the shadow map
2026-10-01T08:41:16.5523548Z   pass  desktop 1280x800: every signboard vertex is graded reconstructed
2026-10-01T08:41:16.5524586Z   pass  desktop 1280x800: no sign strays past the reach its own mounting declares
2026-10-01T08:41:16.5525584Z   pass  desktop 1280x800: every sign stands outside its own facade
2026-10-01T08:41:16.5526469Z   pass  desktop 1280x800: every sign carries its business's name, painted
2026-10-01T08:41:16.5527907Z   pass  desktop 1280x800: no two signs within sight of each other are alike
2026-10-01T08:41:16.5528910Z   pass  desktop 1280x800: the town puts its signs up five different ways
2026-10-01T08:41:16.5530179Z   pass  desktop 1280x800: one street's signs are visibly different from each other
2026-10-01T08:41:46.4440290Z   pass  desktop 1280x800: the hotel's board reaches the screen from the street
2026-10-01T08:41:55.9511348Z   pass  desktop 1280x800: aiming at a signboard opens the business behind it
2026-10-01T08:41:55.9520875Z   pass  desktop 1280x800: the board and the card agree about whose business this is
2026-10-01T08:41:55.9522098Z   pass  desktop 1280x800: every board names its proprietor and its trade, not our label
2026-10-01T08:41:55.9523542Z   pass  desktop 1280x800: the golden mortar is on Carpenter's board and on no other
2026-10-01T08:42:00.4571197Z   pass  desktop 1280x800: part 1 hands the page on with nothing standing over the chrome
2026-10-01T08:42:05.4655132Z   pass  desktop 1280x800: the yard layer stands the record's goods
2026-10-01T08:42:05.4680531Z   pass  desktop 1280x800: the yard layer chunks for culling on a single material
2026-10-01T08:42:05.4697747Z   pass  desktop 1280x800: every cask and case carries the mark its record deals it
2026-10-01T08:42:05.4702406Z   pass  desktop 1280x800: the marks ride on the layer's own material, on the sheet
2026-10-01T08:42:05.4718830Z   pass  desktop 1280x800: every yard-goods vertex is graded reconstructed
2026-10-01T08:42:05.4720187Z   pass  desktop 1280x800: no barrel or case strays from the frontage it stands at
2026-10-01T08:42:05.4721270Z   pass  desktop 1280x800: every object stands outside its own facade
2026-10-01T08:42:05.4722354Z   pass  desktop 1280x800: the attested wagon stands in the yard it is named for
2026-10-01T08:42:05.4723668Z   pass  desktop 1280x800: the Green Tree's yard wagons stand clear, square to its rear wall
2026-10-01T08:42:05.4724858Z   pass  desktop 1280x800: the bench stands against the Green Tree's front wall
2026-10-01T08:42:05.4726065Z   pass  desktop 1280x800: the Green Tree's wagon shed is a lean-to that clears its tilt
2026-10-01T08:42:05.4727310Z   pass  desktop 1280x800: nothing in the shed's bay reaches through its wall or its roof
2026-10-01T08:42:05.4728556Z   pass  desktop 1280x800: the building material stands on the lot that was going up
2026-10-01T08:42:05.4730542Z   pass  desktop 1280x800: both branch bridges carry four reconstructed repair piles
2026-10-01T08:42:05.4731845Z   pass  desktop 1280x800: bridge piles have their stated dimensions and stand on dry ground
2026-10-01T08:42:05.4733103Z   pass  desktop 1280x800: no pile of material stands inside the building it is for
2026-10-01T08:42:05.4734270Z   pass  desktop 1280x800: the tilt is drawn in canvas on the layer's one material
2026-10-01T08:42:05.4735471Z   pass  desktop 1280x800: the town's wagons are spread across its streets, not at two doors
2026-10-01T08:42:05.4736539Z   pass  desktop 1280x800: the town's wagons vary in type
2026-10-01T08:42:05.4737558Z   pass  desktop 1280x800: the town's wagons stand at the slew the rule dealt them
2026-10-01T08:42:05.4738690Z   pass  desktop 1280x800: every wagon the town gained cards reconstructed
2026-10-01T08:42:10.0005787Z   pass  desktop 1280x800: no wagon stands on a plank walk, in a garden or in a pen
2026-10-01T08:42:10.0007350Z   pass  desktop 1280x800: no wagon stands in a street's travelled track
2026-10-01T08:42:10.0008548Z   pass  desktop 1280x800: the wagon rule wrote down what it refused
2026-10-01T08:42:37.1654487Z   pass  desktop 1280x800: the goods reach the screen from the footway
2026-10-01T08:42:46.8536771Z   pass  desktop 1280x800: aiming at a barrel opens the business it stands at
2026-10-01T08:43:09.1855089Z   pass  desktop 1280x800: the frontage layer lays all five records' walks and stands their posts
2026-10-01T08:43:09.1999984Z   pass  desktop 1280x800: no frontage board stands under a wharf deck or its stair
2026-10-01T08:43:09.2122462Z   pass  desktop 1280x800: every frontage vertex is graded reconstructed
2026-10-01T08:43:09.2221325Z   pass  desktop 1280x800: the plank decks tie into the ground they cross
2026-10-01T08:43:09.2311854Z   pass  desktop 1280x800: the street decal cannot paint over the timber laid on it
2026-10-01T08:43:09.2368473Z   pass  desktop 1280x800: a plank walk's side is one made edge for its whole length
2026-10-01T08:43:09.2423914Z   pass  desktop 1280x800: the named board hangs on a post that stands on the ground, or the record refuses it
2026-10-01T08:43:09.2474721Z   pass  desktop 1280x800: the frontage layer draws the meshes it authored — 58 authored mesh(es) (frontage, frontage-chunk x57), 4 far-merge artefact(s) [frontage-far-merge x4], 62 drawn in all
2026-10-01T08:43:09.2476823Z   pass  desktop 1280x800: the board carries the record's own name, painted, or none is drawn and the name is kept
2026-10-01T08:43:33.7071154Z   pass  desktop 1280x800: the walk and its board reach the screen from the street
2026-10-01T08:43:45.8532922Z   pass  desktop 1280x800: aiming at the frontage opens the inn it belongs to
2026-10-01T08:43:45.8539694Z   pass  desktop 1280x800: the eighteen hitching posts stand on their own ground, carrying nothing
2026-10-01T08:44:08.3837052Z   pass  desktop 1280x800: the Sauganash's walks and posts reach the screen from Lake Street
2026-10-01T08:44:18.2659962Z   pass  desktop 1280x800: aiming at the Sauganash's frontage opens the hotel it belongs to
2026-10-01T08:44:20.4820287Z   pass  desktop 1280x800: the river walk publishes its floor and rides no deck at its east end
2026-10-01T08:44:20.4821867Z   pass  desktop 1280x800: the old mouth west of State is filled and the walker stands on it
2026-10-01T08:44:20.4823363Z   pass  desktop 1280x800: exactly one slough mouth at the foot of State, and it is the notch
2026-10-01T08:44:20.4824800Z   pass  desktop 1280x800: the east end reads as planks underfoot, and walks on along the bank
2026-10-01T08:44:27.5551911Z   pass  desktop 1280x800: aiming at the riverside walk answers its own reconstructed card
2026-10-01T08:44:29.6781082Z   pass  desktop 1280x800: the street edge is generated from the plat, not placed on one block
2026-10-01T08:44:29.6782314Z   pass  desktop 1280x800: Lake Street's walk is continuous and walkable end to end
2026-10-01T08:44:29.6783380Z   pass  desktop 1280x800: South Water's reconciled block face is one walk, end to end
2026-10-01T08:44:29.6785175Z   pass  desktop 1280x800: a board crossing carries the walker over the road at the corner
2026-10-01T08:44:29.6786169Z   pass  desktop 1280x800: no plank sidewalk lies in the travelled track
2026-10-01T08:44:29.6787119Z   pass  desktop 1280x800: no street-edge walk admits a rooted plant through its deck
2026-10-01T08:44:33.5855904Z   pass  desktop 1280x800: every stated dock that has traced bank under it is drawn
2026-10-01T08:44:33.5881140Z   pass  desktop 1280x800: the whole wharf layer is one draw call
2026-10-01T08:44:33.5898051Z   pass  desktop 1280x800: every wharf vertex is graded reconstructed
2026-10-01T08:44:33.5899092Z   pass  desktop 1280x800: no wharf vertex strays off its own deck outline
2026-10-01T08:44:33.5900470Z   pass  desktop 1280x800: every deck ties into the bank and reaches over the water
2026-10-01T08:44:33.5901526Z   pass  desktop 1280x800: no deck floats and every crib reaches the bed
2026-10-01T08:44:33.5902772Z   pass  desktop 1280x800: every plank a wharf drew is published to the walker at the height it drew it
2026-10-01T08:44:33.5904163Z   pass  desktop 1280x800: no boarding tread rises past the record's ceiling or the step-up rule
2026-10-01T08:44:37.6816618Z   pass  desktop 1280x800: a visitor walks off the bank, up the stair and out over the water
2026-10-01T08:44:57.8081674Z   pass  desktop 1280x800: the wharf reaches the screen from the bank
2026-10-01T08:45:03.9033506Z   pass  desktop 1280x800: aiming at a wharf opens the warehouse it serves
2026-10-01T08:45:33.7415562Z   pass  desktop 1280x800: the west bank's landing reaches the screen from Wolf Point
2026-10-01T08:45:33.7425182Z   pass  desktop 1280x800: aiming at the west bank's landing opens Robert Kinzie's store
2026-10-01T08:45:37.7443683Z   pass  desktop 1280x800: no plank walk admits a rooted plant through its deck
2026-10-01T08:45:37.7445038Z   pass  desktop 1280x800: no wharf deck admits a rooted plant - wet species included
2026-10-01T08:45:41.6426173Z   pass  desktop 1280x800: every authored boat is on the water
2026-10-01T08:45:41.6427358Z   pass  desktop 1280x800: the whole boat layer is one draw call
2026-10-01T08:45:41.6428589Z   pass  desktop 1280x800: every boat vertex is graded reconstructed
2026-10-01T08:45:41.6429858Z   pass  desktop 1280x800: every afloat hull floats in its own water
2026-10-01T08:45:41.6430920Z   pass  desktop 1280x800: every beached hull sits on the bank, at the water
2026-10-01T08:45:41.6431970Z   pass  desktop 1280x800: the drawbridge's navigation span stays clear
2026-10-01T08:46:02.4151790Z   pass  desktop 1280x800: the schooners reach the screen from the bank
2026-10-01T08:46:09.2514126Z   pass  desktop 1280x800: aiming at a schooner opens the boat's own card
2026-10-01T08:46:22.4316928Z   pass  desktop 1280x800: canvas renders non-black
2026-10-01T08:46:22.4317997Z   pass  desktop 1280x800: drawing buffer matches the viewport
2026-10-01T08:46:32.0338904Z   pass  desktop 1280x800: confidence toggle flips state
2026-10-01T08:46:32.0340307Z   pass  desktop 1280x800: confidence view changes the render
2026-10-01T08:46:41.5719154Z   pass  desktop 1280x800: turning it off restores the render
2026-10-01T08:46:41.5720713Z   pass  desktop 1280x800: the traced river loaded, rather than the flat fallback plane
2026-10-01T08:46:41.5721720Z   pass  desktop 1280x800: the suite body ran to completion
2026-10-01T08:46:41.5722469Z   pass  desktop 1280x800: zero page errors
2026-10-01T08:46:41.6616126Z 
2026-10-01T08:46:42.0370597Z   pass  vendor: meshopt decoder loads and reports supported
2026-10-01T08:46:42.0371335Z   pass  vendor: meshopt import raises no page error
2026-10-01T08:46:42.0684576Z 
2026-10-01T08:46:42.0685223Z 160 passed, 0 failed
2026-10-01T08:46:42.0685923Z 150 staged-section check(s) (stage 1-2 of 13), 10 always-on check(s)
2026-10-01T08:46:42.0686988Z 10 m 57 s for stage 1-2 at desktop — the ceiling on a steward run's single foreground command is 10 m 00 s
2026-10-01T08:46:42.0687492Z SMOKE PASS
2026-10-01T08:46:42.0919051Z Post job cleanup.
2026-10-01T08:46:42.2183457Z (node:3706) [DEP0040] DeprecationWarning: The `punycode` module is deprecated. Please use a userland alternative instead.
2026-10-01T08:46:42.2184574Z (Use `node --trace-deprecation ...` to show where the warning was created)
2026-10-01T08:46:42.2355071Z Post job cleanup.
2026-10-01T08:46:42.3242771Z [command]/usr/bin/git version
2026-10-01T08:46:42.3283294Z git version 2.55.0
2026-10-01T08:46:42.3325735Z Temporarily overriding HOME='/home/runner/work/_temp/e7699bad-e04a-458d-84b3-049310eb5d40' before making global git config changes
2026-10-01T08:46:42.3327305Z Adding repository directory to the temporary git global config as a safe directory
2026-10-01T08:46:42.3332425Z [command]/usr/bin/git config --global --add safe.directory /home/runner/work/chicago/chicago
2026-10-01T08:46:42.3371951Z [command]/usr/bin/git config --local --name-only --get-regexp core\.sshCommand
2026-10-01T08:46:42.3410515Z [command]/usr/bin/git submodule foreach --recursive sh -c "git config --local --name-only --get-regexp 'core\.sshCommand' && git config --local --unset-all 'core.sshCommand' || :"
2026-10-01T08:46:42.3667481Z [command]/usr/bin/git config --local --name-only --get-regexp http\.https\:\/\/github\.com\/\.extraheader
2026-10-01T08:46:42.3698069Z http.https://github.com/.extraheader
2026-10-01T08:46:42.3710617Z [command]/usr/bin/git config --local --unset-all http.https://github.com/.extraheader
2026-10-01T08:46:42.3747938Z [command]/usr/bin/git submodule foreach --recursive sh -c "git config --local --name-only --get-regexp 'http\.https\:\/\/github\.com\/\.extraheader' && git config --local --unset-all 'http.https://github.com/.extraheader' || :"
2026-10-01T08:46:42.4004825Z [command]/usr/bin/git config --local --name-only --get-regexp ^includeIf\.gitdir:
2026-10-01T08:46:42.4043133Z [command]/usr/bin/git submodule foreach --recursive git config --local --show-origin --name-only --get-regexp remote.origin.url
2026-10-01T08:46:42.4472948Z Cleaning up orphan processes
2026-10-01T08:46:42.4891359Z ##[warning]Node.js 20 is deprecated. The following actions target Node.js 20 but are being forced to run on Node.js 24: actions/checkout@v4, actions/setup-node@v4. For more information see: https://github.blog/changelog/2025-09-19-deprecation-of-node-20-on-github-actions-runners/

