2026-10-01T08:27:42.0406205Z Current runner version: '2.337.0'
2026-10-01T08:27:42.0422691Z ##[group]Runner Image Provisioner
2026-10-01T08:27:42.0423169Z Hosted Compute Agent
2026-10-01T08:27:42.0423563Z Version: 20260901.588
2026-10-01T08:27:42.0423928Z Commit: f88ec8081b781fac6c440065ac7ff9e710ce3d0b
2026-10-01T08:27:42.0424329Z Build Date: 2026-09-01T19:56:44Z
2026-10-01T08:27:42.0424788Z Worker ID: {63594afc-3763-4def-ac16-48aee74c5f6f}
2026-10-01T08:27:42.0425188Z Azure Region: westus3
2026-10-01T08:27:42.0425537Z ##[endgroup]
2026-10-01T08:27:42.0426284Z ##[group]Operating System
2026-10-01T08:27:42.0426847Z Ubuntu
2026-10-01T08:27:42.0427202Z 24.04.5
2026-10-01T08:27:42.0427495Z LTS
2026-10-01T08:27:42.0427816Z ##[endgroup]
2026-10-01T08:27:42.0428144Z ##[group]Runner Image
2026-10-01T08:27:42.0428517Z Image: ubuntu-24.04
2026-10-01T08:27:42.0428867Z Version: 20260927.320.1
2026-10-01T08:27:42.0429595Z Included Software: https://github.com/actions/runner-images/blob/ubuntu24/20260927.320/images/ubuntu/Ubuntu2404-Readme.md
2026-10-01T08:27:42.0430458Z Image Release: https://github.com/actions/runner-images/releases/tag/ubuntu24%2F20260927.320
2026-10-01T08:27:42.0431015Z ##[endgroup]
2026-10-01T08:27:42.0431727Z ##[group]GITHUB_TOKEN Permissions
2026-10-01T08:27:42.0433002Z Contents: read
2026-10-01T08:27:42.0433379Z Metadata: read
2026-10-01T08:27:42.0434006Z Packages: read
2026-10-01T08:27:42.0434323Z ##[endgroup]
2026-10-01T08:27:42.0435505Z Secret source: Actions
2026-10-01T08:27:42.0436063Z Cache mode: write
2026-10-01T08:27:42.0436652Z Prepare workflow directory
2026-10-01T08:27:42.0623017Z Prepare all required actions
2026-10-01T08:27:42.0652275Z Getting action download info
2026-10-01T08:27:42.3872869Z Download action repository 'actions/checkout@v4' (SHA:11d5960a326750d5838078e36cf38b85af677262)
2026-10-01T08:27:42.4816703Z Download action repository 'actions/setup-node@v4' (SHA:49933ea5288caeca8642d1e84afbd3f7d6820020)
2026-10-01T08:27:42.6859850Z Complete job name: smoke
2026-10-01T08:27:42.7272365Z ##[group]Run actions/checkout@v4
2026-10-01T08:27:42.7272787Z with:
2026-10-01T08:27:42.7273020Z   repository: kevinrhaas/chicago
2026-10-01T08:27:42.7274875Z   token: ***
2026-10-01T08:27:42.7275098Z   ssh-strict: true
2026-10-01T08:27:42.7275326Z   ssh-user: git
2026-10-01T08:27:42.7275597Z   persist-credentials: true
2026-10-01T08:27:42.7275850Z   clean: true
2026-10-01T08:27:42.7276087Z   sparse-checkout-cone-mode: true
2026-10-01T08:27:42.7276465Z   fetch-depth: 1
2026-10-01T08:27:42.7276691Z   fetch-tags: false
2026-10-01T08:27:42.7276923Z   show-progress: true
2026-10-01T08:27:42.7277152Z   lfs: false
2026-10-01T08:27:42.7277366Z   submodules: false
2026-10-01T08:27:42.7277599Z   set-safe-directory: true
2026-10-01T08:27:42.7277860Z   allow-unsafe-pr-checkout: false
2026-10-01T08:27:42.7278205Z ##[endgroup]
2026-10-01T08:27:42.7924502Z Syncing repository: kevinrhaas/chicago
2026-10-01T08:27:42.7925640Z ##[group]Getting Git version info
2026-10-01T08:27:42.7926142Z Working directory is '/home/runner/work/chicago/chicago'
2026-10-01T08:27:42.7926836Z [command]/usr/bin/git version
2026-10-01T08:27:42.7989456Z git version 2.55.0
2026-10-01T08:27:42.8002240Z ##[endgroup]
2026-10-01T08:27:42.8012274Z Temporarily overriding HOME='/home/runner/work/_temp/5ab47d55-7a7e-4ec4-a750-d39d75711ed2' before making global git config changes
2026-10-01T08:27:42.8013354Z Adding repository directory to the temporary git global config as a safe directory
2026-10-01T08:27:42.8016681Z [command]/usr/bin/git config --global --add safe.directory /home/runner/work/chicago/chicago
2026-10-01T08:27:42.8061895Z Deleting the contents of '/home/runner/work/chicago/chicago'
2026-10-01T08:27:42.8065051Z ##[group]Initializing the repository
2026-10-01T08:27:42.8067560Z [command]/usr/bin/git init /home/runner/work/chicago/chicago
2026-10-01T08:27:42.8168469Z hint: Using 'master' as the name for the initial branch. This default branch name
2026-10-01T08:27:42.8169369Z hint: will change to "main" in Git 3.0. To configure the initial branch name
2026-10-01T08:27:42.8170376Z hint: to use in all of your new repositories, which will suppress this warning,
2026-10-01T08:27:42.8171236Z hint: call:
2026-10-01T08:27:42.8171459Z hint:
2026-10-01T08:27:42.8171836Z hint: 	git config --global init.defaultBranch <name>
2026-10-01T08:27:42.8172339Z hint:
2026-10-01T08:27:42.8172676Z hint: Names commonly chosen instead of 'master' are 'main', 'trunk' and
2026-10-01T08:27:42.8173460Z hint: 'development'. The just-created branch can be renamed via this command:
2026-10-01T08:27:42.8173844Z hint:
2026-10-01T08:27:42.8174145Z hint: 	git branch -m <name>
2026-10-01T08:27:42.8174399Z hint:
2026-10-01T08:27:42.8174734Z hint: Disable this message with "git config set advice.defaultBranchName false"
2026-10-01T08:27:42.8175249Z Initialized empty Git repository in /home/runner/work/chicago/chicago/.git/
2026-10-01T08:27:42.8178491Z [command]/usr/bin/git remote add origin https://github.com/kevinrhaas/chicago
2026-10-01T08:27:42.8222430Z ##[endgroup]
2026-10-01T08:27:42.8222838Z ##[group]Disabling automatic garbage collection
2026-10-01T08:27:42.8225429Z [command]/usr/bin/git config --local gc.auto 0
2026-10-01T08:27:42.8249989Z ##[endgroup]
2026-10-01T08:27:42.8250376Z ##[group]Setting up auth
2026-10-01T08:27:42.8254854Z [command]/usr/bin/git config --local --name-only --get-regexp core\.sshCommand
2026-10-01T08:27:42.8278799Z [command]/usr/bin/git submodule foreach --recursive sh -c "git config --local --name-only --get-regexp 'core\.sshCommand' && git config --local --unset-all 'core.sshCommand' || :"
2026-10-01T08:27:42.8564318Z [command]/usr/bin/git config --local --name-only --get-regexp http\.https\:\/\/github\.com\/\.extraheader
2026-10-01T08:27:42.8587925Z [command]/usr/bin/git submodule foreach --recursive sh -c "git config --local --name-only --get-regexp 'http\.https\:\/\/github\.com\/\.extraheader' && git config --local --unset-all 'http.https://github.com/.extraheader' || :"
2026-10-01T08:27:42.8754099Z [command]/usr/bin/git config --local --name-only --get-regexp ^includeIf\.gitdir:
2026-10-01T08:27:42.8777266Z [command]/usr/bin/git submodule foreach --recursive git config --local --show-origin --name-only --get-regexp remote.origin.url
2026-10-01T08:27:42.8940062Z [command]/usr/bin/git config --local http.https://github.com/.extraheader AUTHORIZATION: basic ***
2026-10-01T08:27:42.8967694Z ##[endgroup]
2026-10-01T08:27:42.8968344Z ##[group]Fetching the repository
2026-10-01T08:27:42.8973356Z [command]/usr/bin/git -c protocol.version=2 fetch --no-tags --prune --no-recurse-submodules --depth=1 origin +9446a07a87b92ae4920e69398e1d986ad91f0bb4:refs/remotes/origin/steward/t1766-canal-grocery-workshops
2026-10-01T08:28:18.4324466Z From https://github.com/kevinrhaas/chicago
2026-10-01T08:28:18.4325480Z  * [new ref]         9446a07a87b92ae4920e69398e1d986ad91f0bb4 -> origin/steward/t1766-canal-grocery-workshops
2026-10-01T08:28:18.4327641Z ##[endgroup]
2026-10-01T08:28:18.4328105Z ##[group]Determining the checkout info
2026-10-01T08:28:18.4329934Z ##[endgroup]
2026-10-01T08:28:18.4334321Z [command]/usr/bin/git sparse-checkout disable
2026-10-01T08:28:18.4372737Z [command]/usr/bin/git config --local --unset-all extensions.worktreeConfig
2026-10-01T08:28:18.4393277Z ##[group]Checking out the ref
2026-10-01T08:28:18.4396107Z [command]/usr/bin/git checkout --progress --force -B steward/t1766-canal-grocery-workshops refs/remotes/origin/steward/t1766-canal-grocery-workshops
2026-10-01T08:28:19.4492045Z Updating files:  75% (6898/9120)
2026-10-01T08:28:19.4731899Z Updating files:  76% (6932/9120)
2026-10-01T08:28:19.5220732Z Updating files:  77% (7023/9120)
2026-10-01T08:28:19.5470820Z Updating files:  78% (7114/9120)
2026-10-01T08:28:19.5567034Z Updating files:  79% (7205/9120)
2026-10-01T08:28:19.5794069Z Updating files:  80% (7296/9120)
2026-10-01T08:28:19.5912447Z Updating files:  81% (7388/9120)
2026-10-01T08:28:19.6015677Z Updating files:  82% (7479/9120)
2026-10-01T08:28:19.6102231Z Updating files:  83% (7570/9120)
2026-10-01T08:28:19.6200135Z Updating files:  84% (7661/9120)
2026-10-01T08:28:19.6313371Z Updating files:  85% (7752/9120)
2026-10-01T08:28:19.6419109Z Updating files:  86% (7844/9120)
2026-10-01T08:28:19.6869884Z Updating files:  87% (7935/9120)
2026-10-01T08:28:19.7391487Z Updating files:  88% (8026/9120)
2026-10-01T08:28:19.8981786Z Updating files:  89% (8117/9120)
2026-10-01T08:28:20.1325112Z Updating files:  90% (8208/9120)
2026-10-01T08:28:20.3120983Z Updating files:  91% (8300/9120)
2026-10-01T08:28:20.3993990Z Updating files:  92% (8391/9120)
2026-10-01T08:28:20.4464217Z Updating files:  93% (8482/9120)
2026-10-01T08:28:20.4466582Z Updating files:  94% (8573/9120)
2026-10-01T08:28:20.4755947Z Updating files:  94% (8574/9120)
2026-10-01T08:28:20.5716736Z Updating files:  95% (8664/9120)
2026-10-01T08:28:20.6677794Z Updating files:  96% (8756/9120)
2026-10-01T08:28:20.7217896Z Updating files:  97% (8847/9120)
2026-10-01T08:28:20.9471056Z Updating files:  98% (8938/9120)
2026-10-01T08:28:21.1525138Z Updating files:  99% (9029/9120)
2026-10-01T08:28:21.1525487Z Updating files: 100% (9120/9120)
2026-10-01T08:28:21.1525654Z Updating files: 100% (9120/9120), done.
2026-10-01T08:28:21.1703627Z Switched to a new branch 'steward/t1766-canal-grocery-workshops'
2026-10-01T08:28:21.1708830Z branch 'steward/t1766-canal-grocery-workshops' set up to track 'origin/steward/t1766-canal-grocery-workshops'.
2026-10-01T08:28:21.1891602Z ##[endgroup]
2026-10-01T08:28:21.1928784Z [command]/usr/bin/git log -1 --format=%H
2026-10-01T08:28:21.1947804Z 9446a07a87b92ae4920e69398e1d986ad91f0bb4
2026-10-01T08:28:21.2189277Z ##[group]Run actions/setup-node@v4
2026-10-01T08:28:21.2189433Z with:
2026-10-01T08:28:21.2189555Z   node-version: 22
2026-10-01T08:28:21.2189675Z   always-auth: false
2026-10-01T08:28:21.2189795Z   check-latest: false
2026-10-01T08:28:21.2191093Z   token: ***
2026-10-01T08:28:21.2191207Z ##[endgroup]
2026-10-01T08:28:21.3187549Z Found in cache @ /opt/hostedtoolcache/node/22.23.3/x64
2026-10-01T08:28:21.3189648Z (node:2074) [DEP0040] DeprecationWarning: The `punycode` module is deprecated. Please use a userland alternative instead.
2026-10-01T08:28:21.3190238Z (Use `node --trace-deprecation ...` to show where the warning was created)
2026-10-01T08:28:21.3191448Z ##[group]Environment details
2026-10-01T08:28:24.4106750Z node: v22.23.3
2026-10-01T08:28:24.4107181Z npm: 10.9.9
2026-10-01T08:28:24.4107359Z yarn: 1.22.22
2026-10-01T08:28:24.4107962Z ##[endgroup]
2026-10-01T08:28:24.4263873Z ##[group]Run set -e
2026-10-01T08:28:24.4264048Z [36;1mset -e[0m
2026-10-01T08:28:24.4264199Z [36;1mnpm install -g playwright@1.56.1[0m
2026-10-01T08:28:24.4264460Z [36;1mnode "$(npm root -g)/playwright/cli.js" install --with-deps chromium[0m
2026-10-01T08:28:24.4545699Z shell: /usr/bin/bash -e {0}
2026-10-01T08:28:24.4545865Z ##[endgroup]
2026-10-01T08:28:27.4232265Z 
2026-10-01T08:28:27.4236296Z added 2 packages in 3s
2026-10-01T08:28:27.8491429Z Installing dependencies...
2026-10-01T08:28:27.8533897Z Switching to root user to install dependencies...
2026-10-01T08:28:27.9275559Z Get:1 file:/etc/apt/apt-mirrors.txt Mirrorlist [144 B]
2026-10-01T08:28:27.9652412Z Hit:2 http://azure.archive.ubuntu.com/ubuntu noble InRelease
2026-10-01T08:28:27.9667654Z Get:6 https://packages.microsoft.com/ubuntu/24.04/prod noble InRelease [3600 B]
2026-10-01T08:28:27.9719011Z Get:3 http://azure.archive.ubuntu.com/ubuntu noble-updates InRelease [126 kB]
2026-10-01T08:28:27.9867939Z Get:4 http://azure.archive.ubuntu.com/ubuntu noble-backports InRelease [126 kB]
2026-10-01T08:28:27.9992130Z Get:5 http://azure.archive.ubuntu.com/ubuntu noble-security InRelease [126 kB]
2026-10-01T08:28:28.0537819Z Get:7 https://packages.microsoft.com/ubuntu/24.04/prod noble/main arm64 Packages [456 kB]
2026-10-01T08:28:28.0768092Z Get:8 https://packages.microsoft.com/ubuntu/24.04/prod noble/main amd64 Packages [509 kB]
2026-10-01T08:28:28.0899173Z Get:9 http://azure.archive.ubuntu.com/ubuntu noble-updates/main amd64 Packages [1342 kB]
2026-10-01T08:28:28.0967924Z Get:10 http://azure.archive.ubuntu.com/ubuntu noble-updates/main Translation-en [302 kB]
2026-10-01T08:28:28.1065429Z Get:11 http://azure.archive.ubuntu.com/ubuntu noble-updates/main amd64 Components [181 kB]
2026-10-01T08:28:28.1157215Z Get:12 http://azure.archive.ubuntu.com/ubuntu noble-updates/universe amd64 Packages [1699 kB]
2026-10-01T08:28:28.1308268Z Get:13 http://azure.archive.ubuntu.com/ubuntu noble-updates/universe Translation-en [341 kB]
2026-10-01T08:28:28.1475591Z Get:14 http://azure.archive.ubuntu.com/ubuntu noble-updates/universe amd64 Components [388 kB]
2026-10-01T08:28:28.1487516Z Get:15 http://azure.archive.ubuntu.com/ubuntu noble-updates/restricted amd64 Packages [1697 kB]
2026-10-01T08:28:28.1699204Z Get:16 http://azure.archive.ubuntu.com/ubuntu noble-updates/restricted Translation-en [388 kB]
2026-10-01T08:28:28.1754812Z Get:17 http://azure.archive.ubuntu.com/ubuntu noble-updates/multiverse amd64 Components [940 B]
2026-10-01T08:28:28.1788139Z Get:18 http://azure.archive.ubuntu.com/ubuntu noble-backports/main amd64 Components [5760 B]
2026-10-01T08:28:28.2509085Z Get:19 http://azure.archive.ubuntu.com/ubuntu noble-backports/universe amd64 Components [12.6 kB]
2026-10-01T08:28:28.2557136Z Get:20 http://azure.archive.ubuntu.com/ubuntu noble-security/main amd64 Packages [1066 kB]
2026-10-01T08:28:28.2684841Z Get:21 http://azure.archive.ubuntu.com/ubuntu noble-security/main Translation-en [220 kB]
2026-10-01T08:28:28.2757147Z Get:22 http://azure.archive.ubuntu.com/ubuntu noble-security/main amd64 Components [46.4 kB]
2026-10-01T08:28:28.2757950Z Get:23 http://azure.archive.ubuntu.com/ubuntu noble-security/universe amd64 Packages [1216 kB]
2026-10-01T08:28:28.3958529Z Get:24 http://azure.archive.ubuntu.com/ubuntu noble-security/universe Translation-en [244 kB]
2026-10-01T08:28:28.4548543Z Get:25 http://azure.archive.ubuntu.com/ubuntu noble-security/universe amd64 Components [76.3 kB]
2026-10-01T08:28:28.4551639Z Get:26 http://azure.archive.ubuntu.com/ubuntu noble-security/restricted amd64 Packages [1566 kB]
2026-10-01T08:28:28.4749444Z Get:27 http://azure.archive.ubuntu.com/ubuntu noble-security/restricted Translation-en [361 kB]
2026-10-01T08:28:34.4927295Z Fetched 12.5 MB in 1s (12.7 MB/s)
2026-10-01T08:28:34.9523593Z Reading package lists...
2026-10-01T08:28:34.9697037Z Reading package lists...
2026-10-01T08:28:35.0934284Z Building dependency tree...
2026-10-01T08:28:35.0939842Z Reading state information...
2026-10-01T08:28:35.1921530Z libasound2t64 is already the newest version (1.2.11-1ubuntu0.3).
2026-10-01T08:28:35.1921951Z libasound2t64 set to manually installed.
2026-10-01T08:28:35.1922327Z libatk-bridge2.0-0t64 is already the newest version (2.52.0-1build1).
2026-10-01T08:28:35.1922698Z libatk-bridge2.0-0t64 set to manually installed.
2026-10-01T08:28:35.1923050Z libatk1.0-0t64 is already the newest version (2.52.0-1build1).
2026-10-01T08:28:35.1923381Z libatk1.0-0t64 set to manually installed.
2026-10-01T08:28:35.1923604Z libatspi2.0-0t64 is already the newest version (2.52.0-1build1).
2026-10-01T08:28:35.1923817Z libatspi2.0-0t64 set to manually installed.
2026-10-01T08:28:35.1924037Z libcairo2 is already the newest version (1.18.0-3build1).
2026-10-01T08:28:35.1924233Z libcairo2 set to manually installed.
2026-10-01T08:28:35.1924446Z libcups2t64 is already the newest version (2.4.7-1.2ubuntu7.14).
2026-10-01T08:28:35.1924658Z libcups2t64 set to manually installed.
2026-10-01T08:28:35.1924875Z libdbus-1-3 is already the newest version (1.14.10-4ubuntu4.1).
2026-10-01T08:28:35.1925078Z libdbus-1-3 set to manually installed.
2026-10-01T08:28:35.1925296Z libdrm2 is already the newest version (2.4.125-1ubuntu0.1~24.04.2).
2026-10-01T08:28:35.1925503Z libdrm2 set to manually installed.
2026-10-01T08:28:35.1925715Z libglib2.0-0t64 is already the newest version (2.80.0-6ubuntu3.9).
2026-10-01T08:28:35.1925929Z libglib2.0-0t64 set to manually installed.
2026-10-01T08:28:35.1926148Z libnspr4 is already the newest version (2:4.35-1.1build1).
2026-10-01T08:28:35.1926536Z libnspr4 set to manually installed.
2026-10-01T08:28:35.1926847Z libnss3 is already the newest version (2:3.98-1ubuntu0.2).
2026-10-01T08:28:35.1927347Z libnss3 set to manually installed.
2026-10-01T08:28:35.1927677Z libpango-1.0-0 is already the newest version (1.52.1+ds-1build1).
2026-10-01T08:28:35.1928006Z libpango-1.0-0 set to manually installed.
2026-10-01T08:28:35.1928326Z libx11-6 is already the newest version (2:1.8.7-1build1).
2026-10-01T08:28:35.1928708Z libx11-6 set to manually installed.
2026-10-01T08:28:35.1929005Z libxcb1 is already the newest version (1.15-1ubuntu2).
2026-10-01T08:28:35.1929294Z libxcb1 set to manually installed.
2026-10-01T08:28:35.1929623Z libxcomposite1 is already the newest version (1:0.4.5-1build3).
2026-10-01T08:28:35.1929939Z libxcomposite1 set to manually installed.
2026-10-01T08:28:35.1930153Z libxdamage1 is already the newest version (1:1.1.6-1build1).
2026-10-01T08:28:35.1930352Z libxdamage1 set to manually installed.
2026-10-01T08:28:35.1930550Z libxext6 is already the newest version (2:1.3.4-1build2).
2026-10-01T08:28:35.1930761Z libxext6 set to manually installed.
2026-10-01T08:28:35.1930966Z libxfixes3 is already the newest version (1:6.0.0-2build1).
2026-10-01T08:28:35.1931164Z libxfixes3 set to manually installed.
2026-10-01T08:28:35.1931367Z libxkbcommon0 is already the newest version (1.6.0-1build1).
2026-10-01T08:28:35.1931573Z libxkbcommon0 set to manually installed.
2026-10-01T08:28:35.1931782Z libxrandr2 is already the newest version (2:1.5.2-2build1).
2026-10-01T08:28:35.1931977Z libxrandr2 set to manually installed.
2026-10-01T08:28:35.1932179Z xvfb is already the newest version (2:21.1.12-1ubuntu1.8).
2026-10-01T08:28:35.1932451Z fonts-noto-color-emoji is already the newest version (2.047-0ubuntu0.24.04.1).
2026-10-01T08:28:35.1932736Z libfontconfig1 is already the newest version (2.15.0-1.1ubuntu2).
2026-10-01T08:28:35.1932952Z libfontconfig1 set to manually installed.
2026-10-01T08:28:35.1933175Z libfreetype6 is already the newest version (2.13.2+dfsg-1ubuntu0.1).
2026-10-01T08:28:35.1933392Z libfreetype6 set to manually installed.
2026-10-01T08:28:35.1933604Z fonts-liberation is already the newest version (1:2.1.5-3).
2026-10-01T08:28:35.1933818Z fonts-liberation set to manually installed.
2026-10-01T08:28:35.1934023Z The following additional packages will be installed:
2026-10-01T08:28:35.1934261Z   libgl1-mesa-dri libglx-mesa0 libwayland-server0 mesa-libgallium
2026-10-01T08:28:35.1934466Z   xfonts-encodings xfonts-utils
2026-10-01T08:28:35.1934711Z Recommended packages:
2026-10-01T08:28:35.1934859Z   fonts-ipafont-mincho fonts-tlwg-loma
2026-10-01T08:28:35.2075290Z The following NEW packages will be installed:
2026-10-01T08:28:35.2075600Z   fonts-freefont-ttf fonts-ipafont-gothic fonts-tlwg-loma-otf fonts-unifont
2026-10-01T08:28:35.2077885Z   fonts-wqy-zenhei libwayland-server0 xfonts-cyrillic xfonts-encodings
2026-10-01T08:28:35.2078366Z   xfonts-scalable xfonts-utils
2026-10-01T08:28:35.2080036Z The following packages will be upgraded:
2026-10-01T08:28:35.2082730Z   libgbm1 libgl1-mesa-dri libglx-mesa0 mesa-libgallium
2026-10-01T08:28:35.2202451Z 4 upgraded, 10 newly installed, 0 to remove and 19 not upgraded.
2026-10-01T08:28:35.2202820Z Need to get 32.1 MB of archives.
2026-10-01T08:28:35.2203157Z After this operation, 79.7 MB of additional disk space will be used.
2026-10-01T08:28:35.2203551Z Get:1 file:/etc/apt/apt-mirrors.txt Mirrorlist [144 B]
2026-10-01T08:28:35.3188748Z Get:2 http://azure.archive.ubuntu.com/ubuntu noble/universe amd64 fonts-ipafont-gothic all 00303-21ubuntu1 [3513 kB]
2026-10-01T08:28:35.5149297Z Get:3 http://azure.archive.ubuntu.com/ubuntu noble/main amd64 fonts-freefont-ttf all 20211204+svn4273-2 [5641 kB]
2026-10-01T08:28:35.7529837Z Get:4 http://azure.archive.ubuntu.com/ubuntu noble/universe amd64 fonts-tlwg-loma-otf all 1:0.7.3-1 [107 kB]
2026-10-01T08:28:36.0175892Z Get:5 http://azure.archive.ubuntu.com/ubuntu noble/universe amd64 fonts-unifont all 1:15.1.01-1build1 [2993 kB]
2026-10-01T08:28:36.4053104Z Get:6 http://azure.archive.ubuntu.com/ubuntu noble/universe amd64 fonts-wqy-zenhei all 0.9.45-8 [7472 kB]
2026-10-01T08:28:36.6128407Z Get:7 http://azure.archive.ubuntu.com/ubuntu noble-updates/main amd64 libgl1-mesa-dri amd64 25.2.8-0ubuntu0.24.04.3 [37.9 kB]
2026-10-01T08:28:36.8865999Z Get:8 http://azure.archive.ubuntu.com/ubuntu noble/main amd64 libwayland-server0 amd64 1.22.0-2.1build1 [33.9 kB]
2026-10-01T08:28:36.9510642Z Get:9 http://azure.archive.ubuntu.com/ubuntu noble-updates/main amd64 libglx-mesa0 amd64 25.2.8-0ubuntu0.24.04.3 [110 kB]
2026-10-01T08:28:37.0235560Z Get:10 http://azure.archive.ubuntu.com/ubuntu noble-updates/main amd64 libgbm1 amd64 25.2.8-0ubuntu0.24.04.3 [34.3 kB]
2026-10-01T08:28:37.0883734Z Get:11 http://azure.archive.ubuntu.com/ubuntu noble-updates/main amd64 mesa-libgallium amd64 25.2.8-0ubuntu0.24.04.3 [10.8 MB]
2026-10-01T08:28:37.3632514Z Get:12 http://azure.archive.ubuntu.com/ubuntu noble/main amd64 xfonts-encodings all 1:1.0.5-0ubuntu2 [578 kB]
2026-10-01T08:28:37.4310119Z Get:13 http://azure.archive.ubuntu.com/ubuntu noble/main amd64 xfonts-utils amd64 1:7.7+6build3 [94.4 kB]
2026-10-01T08:28:37.4968333Z Get:14 http://azure.archive.ubuntu.com/ubuntu noble/universe amd64 xfonts-cyrillic all 1:1.0.5+nmu1 [384 kB]
2026-10-01T08:28:37.5644865Z Get:15 http://azure.archive.ubuntu.com/ubuntu noble/main amd64 xfonts-scalable all 1:1.0.3-1.3 [304 kB]
2026-10-01T08:28:37.7354685Z Fetched 32.1 MB in 2s (13.6 MB/s)
2026-10-01T08:28:37.7520375Z Selecting previously unselected package fonts-ipafont-gothic.
2026-10-01T08:28:37.7739505Z (Reading database ... 
2026-10-01T08:28:37.7739819Z (Reading database ... 5%
2026-10-01T08:28:37.7740089Z (Reading database ... 10%
2026-10-01T08:28:37.7740364Z (Reading database ... 15%
2026-10-01T08:28:37.7740609Z (Reading database ... 20%
2026-10-01T08:28:37.7740837Z (Reading database ... 25%
2026-10-01T08:28:37.7741060Z (Reading database ... 30%
2026-10-01T08:28:37.7741364Z (Reading database ... 35%
2026-10-01T08:28:37.7741589Z (Reading database ... 40%
2026-10-01T08:28:37.7741812Z (Reading database ... 45%
2026-10-01T08:28:37.7742038Z (Reading database ... 50%
2026-10-01T08:28:37.7780452Z (Reading database ... 55%
2026-10-01T08:28:37.9329269Z (Reading database ... 60%
2026-10-01T08:28:38.1392109Z (Reading database ... 65%
2026-10-01T08:28:38.3289129Z (Reading database ... 70%
2026-10-01T08:28:38.4935099Z (Reading database ... 75%
2026-10-01T08:28:38.6747159Z (Reading database ... 80%
2026-10-01T08:28:38.8425259Z (Reading database ... 85%
2026-10-01T08:28:39.0320424Z (Reading database ... 90%
2026-10-01T08:28:39.2348704Z (Reading database ... 95%
2026-10-01T08:28:39.2348948Z (Reading database ... 100%
2026-10-01T08:28:39.2349298Z (Reading database ... 202296 files and directories currently installed.)
2026-10-01T08:28:39.2382925Z Preparing to unpack .../00-fonts-ipafont-gothic_00303-21ubuntu1_all.deb ...
2026-10-01T08:28:39.2455195Z Unpacking fonts-ipafont-gothic (00303-21ubuntu1) ...
2026-10-01T08:28:39.4595433Z Selecting previously unselected package fonts-freefont-ttf.
2026-10-01T08:28:39.4687165Z Preparing to unpack .../01-fonts-freefont-ttf_20211204+svn4273-2_all.deb ...
2026-10-01T08:28:39.4694000Z Unpacking fonts-freefont-ttf (20211204+svn4273-2) ...
2026-10-01T08:28:39.5547025Z Selecting previously unselected package fonts-tlwg-loma-otf.
2026-10-01T08:28:39.5639622Z Preparing to unpack .../02-fonts-tlwg-loma-otf_1%3a0.7.3-1_all.deb ...
2026-10-01T08:28:39.5646158Z Unpacking fonts-tlwg-loma-otf (1:0.7.3-1) ...
2026-10-01T08:28:39.5810363Z Selecting previously unselected package fonts-unifont.
2026-10-01T08:28:39.5899110Z Preparing to unpack .../03-fonts-unifont_1%3a15.1.01-1build1_all.deb ...
2026-10-01T08:28:39.5905721Z Unpacking fonts-unifont (1:15.1.01-1build1) ...
2026-10-01T08:28:39.7852216Z Selecting previously unselected package fonts-wqy-zenhei.
2026-10-01T08:28:39.7943728Z Preparing to unpack .../04-fonts-wqy-zenhei_0.9.45-8_all.deb ...
2026-10-01T08:28:39.8018579Z Unpacking fonts-wqy-zenhei (0.9.45-8) ...
2026-10-01T08:28:40.2132600Z Preparing to unpack .../05-libgl1-mesa-dri_25.2.8-0ubuntu0.24.04.3_amd64.deb ...
2026-10-01T08:28:40.2243537Z Unpacking libgl1-mesa-dri:amd64 (25.2.8-0ubuntu0.24.04.3) over (25.2.8-0ubuntu0.24.04.2) ...
2026-10-01T08:28:40.2529547Z Selecting previously unselected package libwayland-server0:amd64.
2026-10-01T08:28:40.2619692Z Preparing to unpack .../06-libwayland-server0_1.22.0-2.1build1_amd64.deb ...
2026-10-01T08:28:40.2638380Z Unpacking libwayland-server0:amd64 (1.22.0-2.1build1) ...
2026-10-01T08:28:40.2882180Z Preparing to unpack .../07-libglx-mesa0_25.2.8-0ubuntu0.24.04.3_amd64.deb ...
2026-10-01T08:28:40.2902784Z Unpacking libglx-mesa0:amd64 (25.2.8-0ubuntu0.24.04.3) over (25.2.8-0ubuntu0.24.04.2) ...
2026-10-01T08:28:40.3176480Z Preparing to unpack .../08-libgbm1_25.2.8-0ubuntu0.24.04.3_amd64.deb ...
2026-10-01T08:28:40.3197558Z Unpacking libgbm1:amd64 (25.2.8-0ubuntu0.24.04.3) over (25.2.8-0ubuntu0.24.04.2) ...
2026-10-01T08:28:40.3543722Z Preparing to unpack .../09-mesa-libgallium_25.2.8-0ubuntu0.24.04.3_amd64.deb ...
2026-10-01T08:28:40.3565400Z Unpacking mesa-libgallium:amd64 (25.2.8-0ubuntu0.24.04.3) over (25.2.8-0ubuntu0.24.04.2) ...
2026-10-01T08:28:40.6665268Z Selecting previously unselected package xfonts-encodings.
2026-10-01T08:28:40.6760577Z Preparing to unpack .../10-xfonts-encodings_1%3a1.0.5-0ubuntu2_all.deb ...
2026-10-01T08:28:40.6766017Z Unpacking xfonts-encodings (1:1.0.5-0ubuntu2) ...
2026-10-01T08:28:40.6966156Z Selecting previously unselected package xfonts-utils.
2026-10-01T08:28:40.7054117Z Preparing to unpack .../11-xfonts-utils_1%3a7.7+6build3_amd64.deb ...
2026-10-01T08:28:40.7059026Z Unpacking xfonts-utils (1:7.7+6build3) ...
2026-10-01T08:28:40.7330265Z Selecting previously unselected package xfonts-cyrillic.
2026-10-01T08:28:40.7416042Z Preparing to unpack .../12-xfonts-cyrillic_1%3a1.0.5+nmu1_all.deb ...
2026-10-01T08:28:40.7422623Z Unpacking xfonts-cyrillic (1:1.0.5+nmu1) ...
2026-10-01T08:28:40.7649572Z Selecting previously unselected package xfonts-scalable.
2026-10-01T08:28:40.7735075Z Preparing to unpack .../13-xfonts-scalable_1%3a1.0.3-1.3_all.deb ...
2026-10-01T08:28:40.7740721Z Unpacking xfonts-scalable (1:1.0.3-1.3) ...
2026-10-01T08:28:40.8085114Z Setting up libwayland-server0:amd64 (1.22.0-2.1build1) ...
2026-10-01T08:28:40.8099726Z Setting up mesa-libgallium:amd64 (25.2.8-0ubuntu0.24.04.3) ...
2026-10-01T08:28:40.8113956Z Setting up libgbm1:amd64 (25.2.8-0ubuntu0.24.04.3) ...
2026-10-01T08:28:40.8129407Z Setting up libgl1-mesa-dri:amd64 (25.2.8-0ubuntu0.24.04.3) ...
2026-10-01T08:28:40.8183186Z Setting up fonts-wqy-zenhei (0.9.45-8) ...
2026-10-01T08:28:40.8263401Z Setting up fonts-freefont-ttf (20211204+svn4273-2) ...
2026-10-01T08:28:40.8275927Z Setting up fonts-tlwg-loma-otf (1:0.7.3-1) ...
2026-10-01T08:28:40.8289063Z Setting up xfonts-encodings (1:1.0.5-0ubuntu2) ...
2026-10-01T08:28:40.8302057Z Setting up fonts-ipafont-gothic (00303-21ubuntu1) ...
2026-10-01T08:28:40.8347643Z update-alternatives: using /usr/share/fonts/opentype/ipafont-gothic/ipag.ttf to provide /usr/share/fonts/truetype/fonts-japanese-gothic.ttf (fonts-japanese-gothic.ttf) in auto mode
2026-10-01T08:28:40.8358808Z Setting up fonts-unifont (1:15.1.01-1build1) ...
2026-10-01T08:28:40.8373763Z Setting up libglx-mesa0:amd64 (25.2.8-0ubuntu0.24.04.3) ...
2026-10-01T08:28:40.8387774Z Setting up xfonts-utils (1:7.7+6build3) ...
2026-10-01T08:28:40.8419641Z Setting up xfonts-cyrillic (1:1.0.5+nmu1) ...
2026-10-01T08:28:40.8634303Z Setting up xfonts-scalable (1:1.0.3-1.3) ...
2026-10-01T08:28:40.8825651Z Processing triggers for libc-bin (2.39-0ubuntu8.9) ...
2026-10-01T08:28:41.0647885Z Processing triggers for man-db (2.12.0-4build2) ...
2026-10-01T08:28:41.0667713Z Not building database; man-db/auto-update is not 'true'.
2026-10-01T08:28:41.0676966Z Processing triggers for fontconfig (2.15.0-1.1ubuntu2) ...
2026-10-01T08:28:41.5956775Z 
2026-10-01T08:28:41.5957319Z Running kernel seems to be up-to-date.
2026-10-01T08:28:41.5957575Z 
2026-10-01T08:28:41.5957700Z No services need to be restarted.
2026-10-01T08:28:41.5957809Z 
2026-10-01T08:28:41.5957887Z No containers need to be restarted.
2026-10-01T08:28:41.5957987Z 
2026-10-01T08:28:41.5958120Z No user sessions are running outdated binaries.
2026-10-01T08:28:41.5958653Z 
2026-10-01T08:28:41.5958890Z No VM guests are running outdated hypervisor (qemu) binaries on this host.
2026-10-01T08:28:42.1723957Z Downloading Chromium 141.0.7390.37 (playwright build v1194) from https://cdn.playwright.dev/dbazure/download/playwright/builds/chromium/1194/chromium-linux.zip
2026-10-01T08:28:42.3081751Z |                                                                                |   0% of 173.9 MiB
2026-10-01T08:28:42.4239575Z |■■■■■■■■                                                                        |  10% of 173.9 MiB
2026-10-01T08:28:42.5938174Z |■■■■■■■■■■■■■■■■                                                                |  20% of 173.9 MiB
2026-10-01T08:28:42.7648120Z |■■■■■■■■■■■■■■■■■■■■■■■■                                                        |  30% of 173.9 MiB
2026-10-01T08:28:42.8785071Z |■■■■■■■■■■■■■■■■■■■■■■■■■■■■■■■■                                                |  40% of 173.9 MiB
2026-10-01T08:28:42.9798063Z |■■■■■■■■■■■■■■■■■■■■■■■■■■■■■■■■■■■■■■■■                                        |  50% of 173.9 MiB
2026-10-01T08:28:43.0870622Z |■■■■■■■■■■■■■■■■■■■■■■■■■■■■■■■■■■■■■■■■■■■■■■■■                                |  60% of 173.9 MiB
2026-10-01T08:28:43.1917041Z |■■■■■■■■■■■■■■■■■■■■■■■■■■■■■■■■■■■■■■■■■■■■■■■■■■■■■■■■                        |  70% of 173.9 MiB
2026-10-01T08:28:43.4257915Z |■■■■■■■■■■■■■■■■■■■■■■■■■■■■■■■■■■■■■■■■■■■■■■■■■■■■■■■■■■■■■■■■                |  80% of 173.9 MiB
2026-10-01T08:28:43.5538932Z |■■■■■■■■■■■■■■■■■■■■■■■■■■■■■■■■■■■■■■■■■■■■■■■■■■■■■■■■■■■■■■■■■■■■■■■■        |  90% of 173.9 MiB
2026-10-01T08:28:43.6748500Z |■■■■■■■■■■■■■■■■■■■■■■■■■■■■■■■■■■■■■■■■■■■■■■■■■■■■■■■■■■■■■■■■■■■■■■■■■■■■■■■■| 100% of 173.9 MiB
2026-10-01T08:28:45.7963987Z Chromium 141.0.7390.37 (playwright build v1194) downloaded to /home/runner/.cache/ms-playwright/chromium-1194
2026-10-01T08:28:45.7966563Z Downloading FFMPEG playwright build v1011 from https://cdn.playwright.dev/dbazure/download/playwright/builds/ffmpeg/1011/ffmpeg-linux.zip
2026-10-01T08:28:45.9077555Z |                                                                                |   0% of 2.3 MiB
2026-10-01T08:28:45.9103285Z |■■■■■■■■                                                                        |  10% of 2.3 MiB
2026-10-01T08:28:45.9118955Z |■■■■■■■■■■■■■■■■                                                                |  20% of 2.3 MiB
2026-10-01T08:28:45.9135062Z |■■■■■■■■■■■■■■■■■■■■■■■■                                                        |  30% of 2.3 MiB
2026-10-01T08:28:45.9143833Z |■■■■■■■■■■■■■■■■■■■■■■■■■■■■■■■■                                                |  40% of 2.3 MiB
2026-10-01T08:28:45.9151170Z |■■■■■■■■■■■■■■■■■■■■■■■■■■■■■■■■■■■■■■■■                                        |  50% of 2.3 MiB
2026-10-01T08:28:45.9165969Z |■■■■■■■■■■■■■■■■■■■■■■■■■■■■■■■■■■■■■■■■■■■■■■■■                                |  60% of 2.3 MiB
2026-10-01T08:28:45.9187821Z |■■■■■■■■■■■■■■■■■■■■■■■■■■■■■■■■■■■■■■■■■■■■■■■■■■■■■■■■                        |  70% of 2.3 MiB
2026-10-01T08:28:45.9209246Z |■■■■■■■■■■■■■■■■■■■■■■■■■■■■■■■■■■■■■■■■■■■■■■■■■■■■■■■■■■■■■■■■                |  80% of 2.3 MiB
2026-10-01T08:28:45.9209849Z |■■■■■■■■■■■■■■■■■■■■■■■■■■■■■■■■■■■■■■■■■■■■■■■■■■■■■■■■■■■■■■■■■■■■■■■■        |  90% of 2.3 MiB
2026-10-01T08:28:45.9214602Z |■■■■■■■■■■■■■■■■■■■■■■■■■■■■■■■■■■■■■■■■■■■■■■■■■■■■■■■■■■■■■■■■■■■■■■■■■■■■■■■■| 100% of 2.3 MiB
2026-10-01T08:28:45.9530515Z FFMPEG playwright build v1011 downloaded to /home/runner/.cache/ms-playwright/ffmpeg-1011
2026-10-01T08:28:45.9533667Z Downloading Chromium Headless Shell 141.0.7390.37 (playwright build v1194) from https://cdn.playwright.dev/dbazure/download/playwright/builds/chromium/1194/chromium-headless-shell-linux.zip
2026-10-01T08:28:46.0632216Z |                                                                                |   0% of 104.3 MiB
2026-10-01T08:28:46.1364716Z |■■■■■■■■                                                                        |  10% of 104.3 MiB
2026-10-01T08:28:46.2614958Z |■■■■■■■■■■■■■■■■                                                                |  20% of 104.3 MiB
2026-10-01T08:28:46.3264976Z |■■■■■■■■■■■■■■■■■■■■■■■■                                                        |  30% of 104.3 MiB
2026-10-01T08:28:46.5761145Z |■■■■■■■■■■■■■■■■■■■■■■■■■■■■■■■■                                                |  40% of 104.3 MiB
2026-10-01T08:28:46.6813251Z |■■■■■■■■■■■■■■■■■■■■■■■■■■■■■■■■■■■■■■■■                                        |  50% of 104.3 MiB
2026-10-01T08:28:46.7743876Z |■■■■■■■■■■■■■■■■■■■■■■■■■■■■■■■■■■■■■■■■■■■■■■■■                                |  60% of 104.3 MiB
2026-10-01T08:28:46.8622859Z |■■■■■■■■■■■■■■■■■■■■■■■■■■■■■■■■■■■■■■■■■■■■■■■■■■■■■■■■                        |  70% of 104.3 MiB
2026-10-01T08:28:46.9351485Z |■■■■■■■■■■■■■■■■■■■■■■■■■■■■■■■■■■■■■■■■■■■■■■■■■■■■■■■■■■■■■■■■                |  80% of 104.3 MiB
2026-10-01T08:28:47.0000031Z |■■■■■■■■■■■■■■■■■■■■■■■■■■■■■■■■■■■■■■■■■■■■■■■■■■■■■■■■■■■■■■■■■■■■■■■■        |  90% of 104.3 MiB
2026-10-01T08:28:47.0875816Z |■■■■■■■■■■■■■■■■■■■■■■■■■■■■■■■■■■■■■■■■■■■■■■■■■■■■■■■■■■■■■■■■■■■■■■■■■■■■■■■■| 100% of 104.3 MiB
2026-10-01T08:28:48.2040761Z Chromium Headless Shell 141.0.7390.37 (playwright build v1194) downloaded to /home/runner/.cache/ms-playwright/chromium_headless_shell-1194
2026-10-01T08:28:48.2560334Z ##[group]Run bash tools/publish.sh
2026-10-01T08:28:48.2560528Z [36;1mbash tools/publish.sh[0m
2026-10-01T08:28:48.2611884Z shell: /usr/bin/bash -e {0}
2026-10-01T08:28:48.2612027Z ##[endgroup]
2026-10-01T08:28:48.9097996Z Glessner v4 package verified; 3 missing GLB(s) materialized.
2026-10-01T08:28:49.3097118Z shipped derivatives: 504 pair(s) carry the master's triangles, node identity and contract attributes; worst bounding-box disagreement 2.68 of 4 rungs; 0 asset(s) lose their material identity to the publish path (banked, K36(b)); 4 master passthrough(s), all of them decided (K38); and every one of them records the master it was made from, which is still the master in the tree (K39)
2026-10-01T08:28:49.3564191Z Prairie Avenue browser published: /home/runner/work/chicago/chicago/site/4d/prairie-1904
2026-10-01T08:28:50.2476009Z published 15 map images + viewer + media to site/pre-fire
2026-10-01T08:28:50.2943966Z    changelog.js published to site/4d/js/changelog.js (T-0722)
2026-10-01T08:28:50.2949021Z    changelog.js published to site/4d/walk/js/changelog.js (T-0722)
2026-10-01T08:28:51.5913945Z tickets: cloned https://github.com/kevinrhaas/chicago-tickets.git → tickets/ (1661 tickets)
2026-10-01T08:28:55.3098309Z entry pages: index.html, 1812/index.html, 1835/index.html, 1880/index.html, 1904/index.html
2026-10-01T08:28:55.3143735Z    build 9446a07  Oct 1, 2026, 3:28 AM CT
2026-10-01T08:28:55.3505681Z published ../../site/4d  (57.37 MB)
2026-10-01T08:28:55.3540753Z ##[group]Run node tools/smoke_renderer.mjs --published
2026-10-01T08:28:55.3540972Z [36;1mnode tools/smoke_renderer.mjs --published[0m
2026-10-01T08:28:55.3590609Z shell: /usr/bin/bash -e {0}
2026-10-01T08:28:55.3590754Z env:
2026-10-01T08:28:55.3590862Z   SMOKE_VIEWPORT: desktop
2026-10-01T08:28:55.3590984Z   SMOKE_STAGE: 3-4
2026-10-01T08:28:55.3591091Z ##[endgroup]
2026-10-01T08:28:55.6337982Z serving /home/runner/work/chicago/chicago/site/4d on 4187 — PUBLISHED mirror (compressed assets, visitor layout)
2026-10-01T08:28:55.6338396Z 
2026-10-01T08:28:55.6338616Z NOT THE FULL GATE — viewports filtered to "desktop"
2026-10-01T08:28:55.6338800Z 
2026-10-01T08:28:55.6339394Z NOT THE FULL GATE — stages filtered to "3-4" of 13
2026-10-01T08:28:55.6339589Z 
2026-10-01T08:28:55.6339715Z desktop 1280x800:
2026-10-01T08:28:55.9850785Z   pass  desktop 1280x800: page serves
2026-10-01T08:29:11.7158127Z   pass  desktop 1280x800: scene reaches ready
2026-10-01T08:29:14.9291094Z   pass  desktop 1280x800: the scene declares its exact consultation blockers
2026-10-01T08:29:14.9291983Z   pass  desktop 1280x800: no unexpected loader problems
2026-10-01T08:29:14.9304186Z   pass  desktop 1280x800: scene has structures
2026-10-01T08:29:14.9315276Z   pass  desktop 1280x800: every structure that should draw, drew
2026-10-01T08:29:14.9478120Z   pass  desktop 1280x800: no ground tile faces away from the sky
2026-10-01T08:29:14.9478554Z   pass  desktop 1280x800: no ground vertex faces downward
2026-10-01T08:29:14.9478960Z   pass  desktop 1280x800: the terrain and river report no load problems
2026-10-01T08:29:15.0247320Z   pass  desktop 1280x800: the drawn ground matches the heightfield the town anchors to
2026-10-01T08:29:15.0250390Z   pass  desktop 1280x800: the ground was conformed to the field, with nothing left over
2026-10-01T08:29:33.1318504Z   pass  desktop 1280x800: an evidence-only household's head is a person a source names
2026-10-01T08:29:33.1342177Z   pass  desktop 1280x800: nothing was drawn into an evidence-only household
2026-10-01T08:29:33.1342899Z   pass  desktop 1280x800: the manifest's reconstructed count is the layer the records hold
2026-10-01T08:29:33.1343611Z   pass  desktop 1280x800: every reconstructed person carries its stage, basis, seed and replacement
2026-10-01T08:29:33.1344299Z   pass  desktop 1280x800: the household is named for its head and still says which layer it is
2026-10-01T08:29:34.6808643Z   pass  desktop 1280x800: no building's name claims a grade its own record does not
2026-10-01T08:29:34.6837575Z   pass  desktop 1280x800: that check still catches the fault when it is put back
2026-10-01T08:29:37.6705669Z   pass  desktop 1280x800: no building titles itself by its part number
2026-10-01T08:29:37.6706638Z   pass  desktop 1280x800: the naming rule titles a house for its people and an empty one plainly
2026-10-01T08:29:37.6707281Z   pass  desktop 1280x800: the card shows that title and keeps the reference below it
2026-10-01T08:29:37.6707978Z   pass  desktop 1280x800: search still finds a roof by its part number and a house by its household
2026-10-01T08:29:59.1964597Z   pass  desktop 1280x800: hiding a level removes it from the view
2026-10-01T08:29:59.1965279Z   pass  desktop 1280x800: hiding works with the colouring switched off
2026-10-01T08:29:59.1966335Z   pass  desktop 1280x800: a hidden level is marked on the control and remembered
2026-10-01T08:29:59.2003854Z   pass  desktop 1280x800: the control counts each level against the loaded town
2026-10-01T08:30:06.2937638Z   pass  desktop 1280x800: pick('sauganash_hotel') opens the popup
2026-10-01T08:30:06.2947080Z   pass  desktop 1280x800: popup carries a real citation
2026-10-01T08:30:06.2947389Z   pass  desktop 1280x800: popup shows per-attribute confidence
2026-10-01T08:30:07.7507562Z   pass  desktop 1280x800: every citation says what rung it is on
2026-10-01T08:30:07.7578233Z   pass  desktop 1280x800: the rung belongs to its own citation
2026-10-01T08:30:09.2169647Z   pass  desktop 1280x800: a citation says what document it reprints
2026-10-01T08:30:09.2177487Z   pass  desktop 1280x800: a source that IS its document reprints nothing
2026-10-01T08:30:09.2178150Z   pass  desktop 1280x800: a source states what it does not supply
2026-10-01T08:30:10.6735201Z   pass  desktop 1280x800: the card's dossier link leaves the payload it is not in
2026-10-01T08:30:10.6735575Z   pass  desktop 1280x800: a building with no dossier written offers no dossier link
2026-10-01T08:30:13.6024147Z   pass  desktop 1280x800: an attested feature the model omits says so on its row
2026-10-01T08:30:13.6024543Z   pass  desktop 1280x800: the documented wolf sign is built and its row is unmarked
2026-10-01T08:30:13.6025003Z   pass  desktop 1280x800: a value a fixed default stands in for is marked differently
2026-10-01T08:30:13.6025404Z   pass  desktop 1280x800: the recorded chimney count is built, so its row is unmarked
2026-10-01T08:30:13.6025843Z   pass  desktop 1280x800: an attribute the generator builds carries no marker
2026-10-01T08:30:13.6026326Z   pass  desktop 1280x800: a reading recorded but never a build instruction is not marked
2026-10-01T08:30:15.0536632Z   pass  desktop 1280x800: the popup carries the liberties taken with this building
2026-10-01T08:30:15.0544058Z   pass  desktop 1280x800: it shows the reasoning, not just the admission
2026-10-01T08:30:15.0544735Z   pass  desktop 1280x800: another building gets its own liberties, not the whole list
2026-10-01T08:30:15.0545320Z   pass  desktop 1280x800: a scene-wide liberty is not attached to a building
2026-10-01T08:30:16.5103722Z   pass  desktop 1280x800: popup liberties start collapsed on their own pane and open on demand
2026-10-01T08:30:16.5105028Z   pass  desktop 1280x800: the compiled agencies still carry a refused holding on a roof
2026-10-01T08:30:16.5105689Z   pass  desktop 1280x800: the compiled agencies still put Hubbard & Co.'s holding on a roof
2026-10-01T08:30:18.0028182Z   pass  desktop 1280x800: the card names the agency this house held, and its principal
2026-10-01T08:30:18.0029073Z   pass  desktop 1280x800: it dates the holding by its printings and calls them printings
2026-10-01T08:30:18.0041801Z   pass  desktop 1280x800: the holding cites the printings it rests on
2026-10-01T08:30:18.0044298Z   pass  desktop 1280x800: the card says a holding is only a holding
2026-10-01T08:30:18.0077402Z   pass  desktop 1280x800: a refused holding is on the card of the house it was refused for
2026-10-01T08:30:18.0077839Z   pass  desktop 1280x800: a house that held no agency says nothing about one
2026-10-01T08:30:19.4984361Z   pass  desktop 1280x800: the card says whether the building was here on the scene date
2026-10-01T08:30:19.4984953Z   pass  desktop 1280x800: the presence claim is graded per building, not stamped
2026-10-01T08:30:19.4985650Z   pass  desktop 1280x800: the presence claim carries its reasoning, folded away
2026-10-01T08:30:19.4986034Z   pass  desktop 1280x800: the phase's own account of itself leads the card
2026-10-01T08:30:19.4986664Z   pass  desktop 1280x800: a record without an account gets a lead composed from its function and location, marked as composed
2026-10-01T08:30:20.9329310Z   pass  desktop 1280x800: the position's reasoning opens on demand
2026-10-01T08:30:25.5894529Z   pass  desktop 1280x800: the card says how much of the shape is evidence
2026-10-01T08:30:25.5895872Z   pass  desktop 1280x800: the footprint's reasoning is the record's, verbatim
2026-10-01T08:30:25.5896303Z   pass  desktop 1280x800: and prints no dimension it would have had to invent
2026-10-01T08:30:31.0282775Z   pass  desktop 1280x800: every graded claim in a record reaches the card as a chip
2026-10-01T08:30:32.4840870Z   pass  desktop 1280x800: the facts carry grade dots, not chips
2026-10-01T08:30:37.8657231Z   pass  desktop 1280x800: the card's per-level summary is a partition of its own claims
2026-10-01T08:30:37.8658082Z   pass  desktop 1280x800: and it says what is NOT there, per building rather than stamped
2026-10-01T08:30:37.8659126Z   pass  desktop 1280x800: a source on an invention is named as a bound, not as attribution
2026-10-01T08:30:37.8659602Z   pass  desktop 1280x800: and separates what is attested from what is actually built
2026-10-01T08:30:37.8660079Z   pass  desktop 1280x800: the summary defines each level in the Evidence panel's own words
2026-10-01T08:30:39.3527166Z   pass  desktop 1280x800: established assets remain identified as real bakes
2026-10-01T08:30:39.3527647Z   pass  desktop 1280x800: anonymous infill is visibly flagged as a reconstruction
2026-10-01T08:30:39.3527960Z   pass  desktop 1280x800: that flag names the grade the record itself carries
2026-10-01T08:30:39.3528291Z   pass  desktop 1280x800: the placeholder label agrees with the asset it describes
2026-10-01T08:30:39.3528606Z   pass  desktop 1280x800: and a real bake told it is a stand-in is caught saying so
2026-10-01T08:30:40.9190318Z   pass  desktop 1280x800: every held building says so on its card
2026-10-01T08:30:40.9191117Z   pass  desktop 1280x800: and says what it is held for, in the record's own words
2026-10-01T08:30:40.9191736Z   pass  desktop 1280x800: and a building that is not held does not claim to be
2026-10-01T08:30:42.3984130Z   pass  desktop 1280x800: the record's own account reaches the card
2026-10-01T08:30:42.3984493Z   pass  desktop 1280x800: it is the record's words, unabridged
2026-10-01T08:30:42.3984758Z   pass  desktop 1280x800: another building gets its own account, not this one's
2026-10-01T08:30:43.8785802Z   pass  desktop 1280x800: a building names the household the sources put in it
2026-10-01T08:30:43.8786723Z   pass  desktop 1280x800: a person's grade is shown, and it is not a confidence chip
2026-10-01T08:30:43.8787583Z   pass  desktop 1280x800: a building's household says on the card why it is attached there
2026-10-01T08:30:43.8788084Z   pass  desktop 1280x800: a building with no household gets no section at all
2026-10-01T08:30:45.3311804Z   pass  desktop 1280x800: the account starts collapsed on the Record pane and opens on demand
2026-10-01T08:30:46.8177527Z   pass  desktop 1280x800: the card reads head, lead, facts, tabs, pane — in that order
2026-10-01T08:30:46.8178294Z   pass  desktop 1280x800: the card opens on its Evidence pane with the other two folded
2026-10-01T08:30:46.8178813Z   pass  desktop 1280x800: each moved section lives in the pane named for it
2026-10-01T08:30:46.8179362Z   pass  desktop 1280x800: Hogan's facts say it was standing, from the year its record gives
2026-10-01T08:30:48.3618373Z   pass  desktop 1280x800: a plain boot asks for no structure version and shows none (T-1727)
2026-10-01T08:31:06.8871009Z   pass  desktop 1280x800: ?structure=bates_auction_room&version=fixture reaches ready (T-1727)
2026-10-01T08:31:11.6318495Z   pass  desktop 1280x800: the version boot loads the fixture's own sidecar and mesh for that one structure (T-1727)
2026-10-01T08:31:11.6324637Z   pass  desktop 1280x800: …and every other structure is the same record, the same mesh, in the same place (T-1727)
2026-10-01T08:31:11.6326023Z   pass  desktop 1280x800: …the fixture stands exactly where the default did, as its identical record says (T-1727)
2026-10-01T08:31:11.6327136Z   pass  desktop 1280x800: the HUD and the card both name the version, so two screenshots cannot be confused (T-1727)
2026-10-01T08:31:31.3357932Z   pass  desktop 1280x800: the default address boots again after the version (T-1727)
2026-10-01T08:31:39.0260340Z   pass  desktop 1280x800: raycast down the crosshair resolves a structure_id
2026-10-01T08:31:51.4548840Z   pass  desktop 1280x800: walk intent moves the camera
2026-10-01T08:31:54.4819356Z   pass  desktop 1280x800: walking stays exactly on the terrain through rises and falls
2026-10-01T08:31:57.0645831Z   pass  desktop 1280x800: the walker is pushed out of a building footprint
2026-10-01T08:32:02.9960456Z   pass  desktop 1280x800: the North Branch bridge has a walkable deck
2026-10-01T08:32:02.9962753Z   pass  desktop 1280x800: the walker crosses the bridge end to end on its deck
2026-10-01T08:32:02.9963980Z   pass  desktop 1280x800: the deck, not the wading barrier, is what holds the walker up
2026-10-01T08:32:02.9964572Z   pass  desktop 1280x800: and walks off the far end onto the bank
2026-10-01T08:32:07.0394439Z   pass  desktop 1280x800: a walker on the bank climbs the approach onto the deck
2026-10-01T08:32:13.2629629Z   pass  desktop 1280x800: the scene's draw-call ceiling is the one this gate was written against
2026-10-01T08:32:13.2665965Z   pass  desktop 1280x800: draw calls under budget at the reference stand
2026-10-01T08:32:13.2667003Z   pass  desktop 1280x800: triangles under budget at the reference stand
2026-10-01T08:32:13.2674544Z         123 draw calls · 1017216 tris · 3 batch(es) · 500 structure(s) · 7469 KB of GLB · 1 fps
2026-10-01T08:32:15.8597895Z   pass  desktop 1280x800: the rendered ground covers the whole heightfield
2026-10-01T08:32:15.8612942Z   pass  desktop 1280x800: no structure is collapsed to the quantisation clamp
2026-10-01T08:32:15.8613615Z   pass  desktop 1280x800: every structure is rendered at a believable size
2026-10-01T08:32:15.8614206Z   pass  desktop 1280x800: the Sauganash is rendered as its two-mass plan
2026-10-01T08:32:18.5234218Z   pass  desktop 1280x800: no building hovers above the ground beneath it
2026-10-01T08:32:18.5247849Z   pass  desktop 1280x800: rendered height matches the documented wall height
2026-10-01T08:32:18.5263065Z   pass  desktop 1280x800: the suite body ran to completion
2026-10-01T08:32:18.5263593Z   pass  desktop 1280x800: zero page errors
2026-10-01T08:32:18.7714329Z 
2026-10-01T08:32:19.0407427Z   pass  vendor: meshopt decoder loads and reports supported
2026-10-01T08:32:19.0407992Z   pass  vendor: meshopt import raises no page error
2026-10-01T08:32:19.0677801Z 
2026-10-01T08:32:19.0678267Z 120 passed, 0 failed
2026-10-01T08:32:19.0678630Z 110 staged-section check(s) (stage 3-4 of 13), 10 always-on check(s)
2026-10-01T08:32:19.0679554Z 3 m 23 s for stage 3-4 at desktop — the ceiling on a steward run's single foreground command is 10 m 00 s
2026-10-01T08:32:19.0679966Z SMOKE PASS
2026-10-01T08:32:19.0951543Z Post job cleanup.
2026-10-01T08:32:19.1760246Z (node:3400) [DEP0040] DeprecationWarning: The `punycode` module is deprecated. Please use a userland alternative instead.
2026-10-01T08:32:19.1760923Z (Use `node --trace-deprecation ...` to show where the warning was created)
2026-10-01T08:32:19.1881176Z Post job cleanup.
2026-10-01T08:32:19.2440526Z [command]/usr/bin/git version
2026-10-01T08:32:19.2468402Z git version 2.55.0
2026-10-01T08:32:19.2490048Z Temporarily overriding HOME='/home/runner/work/_temp/afa26b05-2cc4-4917-ba3d-c06a6495078e' before making global git config changes
2026-10-01T08:32:19.2490809Z Adding repository directory to the temporary git global config as a safe directory
2026-10-01T08:32:19.2493143Z [command]/usr/bin/git config --global --add safe.directory /home/runner/work/chicago/chicago
2026-10-01T08:32:19.2521629Z [command]/usr/bin/git config --local --name-only --get-regexp core\.sshCommand
2026-10-01T08:32:19.2548258Z [command]/usr/bin/git submodule foreach --recursive sh -c "git config --local --name-only --get-regexp 'core\.sshCommand' && git config --local --unset-all 'core.sshCommand' || :"
2026-10-01T08:32:19.2725961Z [command]/usr/bin/git config --local --name-only --get-regexp http\.https\:\/\/github\.com\/\.extraheader
2026-10-01T08:32:19.2747183Z http.https://github.com/.extraheader
2026-10-01T08:32:19.2754718Z [command]/usr/bin/git config --local --unset-all http.https://github.com/.extraheader
2026-10-01T08:32:19.2780684Z [command]/usr/bin/git submodule foreach --recursive sh -c "git config --local --name-only --get-regexp 'http\.https\:\/\/github\.com\/\.extraheader' && git config --local --unset-all 'http.https://github.com/.extraheader' || :"
2026-10-01T08:32:19.2955000Z [command]/usr/bin/git config --local --name-only --get-regexp ^includeIf\.gitdir:
2026-10-01T08:32:19.2979899Z [command]/usr/bin/git submodule foreach --recursive git config --local --show-origin --name-only --get-regexp remote.origin.url
2026-10-01T08:32:19.3284943Z Cleaning up orphan processes
2026-10-01T08:32:19.3482874Z ##[warning]Node.js 20 is deprecated. The following actions target Node.js 20 but are being forced to run on Node.js 24: actions/checkout@v4, actions/setup-node@v4. For more information see: https://github.blog/changelog/2025-09-19-deprecation-of-node-20-on-github-actions-runners/

