2026-10-01T08:35:08.2954062Z Current runner version: '2.337.0'
2026-10-01T08:35:08.2972504Z ##[group]Runner Image Provisioner
2026-10-01T08:35:08.2973031Z Hosted Compute Agent
2026-10-01T08:35:08.2973431Z Version: 20260901.588
2026-10-01T08:35:08.2973841Z Commit: f88ec8081b781fac6c440065ac7ff9e710ce3d0b
2026-10-01T08:35:08.2974259Z Build Date: 2026-09-01T19:56:44Z
2026-10-01T08:35:08.2974710Z Worker ID: {fe1a80c8-e835-4cee-a342-cd96aaaba87d}
2026-10-01T08:35:08.2975269Z Azure Region: westus2
2026-10-01T08:35:08.2975652Z ##[endgroup]
2026-10-01T08:35:08.2976440Z ##[group]Operating System
2026-10-01T08:35:08.2976780Z Ubuntu
2026-10-01T08:35:08.2977136Z 24.04.5
2026-10-01T08:35:08.2977442Z LTS
2026-10-01T08:35:08.2977769Z ##[endgroup]
2026-10-01T08:35:08.2978129Z ##[group]Runner Image
2026-10-01T08:35:08.2978468Z Image: ubuntu-24.04
2026-10-01T08:35:08.2978824Z Version: 20260927.320.1
2026-10-01T08:35:08.2979574Z Included Software: https://github.com/actions/runner-images/blob/ubuntu24/20260927.320/images/ubuntu/Ubuntu2404-Readme.md
2026-10-01T08:35:08.2980464Z Image Release: https://github.com/actions/runner-images/releases/tag/ubuntu24%2F20260927.320
2026-10-01T08:35:08.2981001Z ##[endgroup]
2026-10-01T08:35:08.2981736Z ##[group]GITHUB_TOKEN Permissions
2026-10-01T08:35:08.2983045Z Contents: read
2026-10-01T08:35:08.2983475Z Metadata: read
2026-10-01T08:35:08.2984065Z Packages: read
2026-10-01T08:35:08.2984402Z ##[endgroup]
2026-10-01T08:35:08.2985990Z Secret source: Actions
2026-10-01T08:35:08.2986588Z Cache mode: write
2026-10-01T08:35:08.2987059Z Prepare workflow directory
2026-10-01T08:35:08.3185433Z Prepare all required actions
2026-10-01T08:35:08.3216046Z Getting action download info
2026-10-01T08:35:08.6767210Z Download action repository 'actions/checkout@v4' (SHA:11d5960a326750d5838078e36cf38b85af677262)
2026-10-01T08:35:08.9594709Z Download action repository 'actions/setup-node@v4' (SHA:49933ea5288caeca8642d1e84afbd3f7d6820020)
2026-10-01T08:35:09.1369366Z Complete job name: smoke
2026-10-01T08:35:09.1801226Z ##[group]Run actions/checkout@v4
2026-10-01T08:35:09.1801667Z with:
2026-10-01T08:35:09.1801908Z   repository: kevinrhaas/chicago
2026-10-01T08:35:09.1803916Z   token: ***
2026-10-01T08:35:09.1804152Z   ssh-strict: true
2026-10-01T08:35:09.1804395Z   ssh-user: git
2026-10-01T08:35:09.1804641Z   persist-credentials: true
2026-10-01T08:35:09.1805099Z   clean: true
2026-10-01T08:35:09.1805349Z   sparse-checkout-cone-mode: true
2026-10-01T08:35:09.1805633Z   fetch-depth: 1
2026-10-01T08:35:09.1805869Z   fetch-tags: false
2026-10-01T08:35:09.1806112Z   show-progress: true
2026-10-01T08:35:09.1806359Z   lfs: false
2026-10-01T08:35:09.1806586Z   submodules: false
2026-10-01T08:35:09.1806833Z   set-safe-directory: true
2026-10-01T08:35:09.1807111Z   allow-unsafe-pr-checkout: false
2026-10-01T08:35:09.1807474Z ##[endgroup]
2026-10-01T08:35:09.2434022Z Syncing repository: kevinrhaas/chicago
2026-10-01T08:35:09.2435198Z ##[group]Getting Git version info
2026-10-01T08:35:09.2435640Z Working directory is '/home/runner/work/chicago/chicago'
2026-10-01T08:35:09.2436204Z [command]/usr/bin/git version
2026-10-01T08:35:09.3080772Z git version 2.55.0
2026-10-01T08:35:09.3092873Z ##[endgroup]
2026-10-01T08:35:09.3102850Z Temporarily overriding HOME='/home/runner/work/_temp/ce1b5f78-f474-4d29-9f11-7080824d3f3a' before making global git config changes
2026-10-01T08:35:09.3104089Z Adding repository directory to the temporary git global config as a safe directory
2026-10-01T08:35:09.3106772Z [command]/usr/bin/git config --global --add safe.directory /home/runner/work/chicago/chicago
2026-10-01T08:35:09.3147167Z Deleting the contents of '/home/runner/work/chicago/chicago'
2026-10-01T08:35:09.3149955Z ##[group]Initializing the repository
2026-10-01T08:35:09.3152659Z [command]/usr/bin/git init /home/runner/work/chicago/chicago
2026-10-01T08:35:09.4752555Z hint: Using 'master' as the name for the initial branch. This default branch name
2026-10-01T08:35:09.4753438Z hint: will change to "main" in Git 3.0. To configure the initial branch name
2026-10-01T08:35:09.4754399Z hint: to use in all of your new repositories, which will suppress this warning,
2026-10-01T08:35:09.4755151Z hint: call:
2026-10-01T08:35:09.4755476Z hint:
2026-10-01T08:35:09.4755907Z hint: 	git config --global init.defaultBranch <name>
2026-10-01T08:35:09.4756409Z hint:
2026-10-01T08:35:09.4756713Z hint: Names commonly chosen instead of 'master' are 'main', 'trunk' and
2026-10-01T08:35:09.4757245Z hint: 'development'. The just-created branch can be renamed via this command:
2026-10-01T08:35:09.4757830Z hint:
2026-10-01T08:35:09.4758125Z hint: 	git branch -m <name>
2026-10-01T08:35:09.4758377Z hint:
2026-10-01T08:35:09.4758704Z hint: Disable this message with "git config set advice.defaultBranchName false"
2026-10-01T08:35:09.4759202Z Initialized empty Git repository in /home/runner/work/chicago/chicago/.git/
2026-10-01T08:35:09.4762103Z [command]/usr/bin/git remote add origin https://github.com/kevinrhaas/chicago
2026-10-01T08:35:09.4805763Z ##[endgroup]
2026-10-01T08:35:09.4806179Z ##[group]Disabling automatic garbage collection
2026-10-01T08:35:09.4808215Z [command]/usr/bin/git config --local gc.auto 0
2026-10-01T08:35:09.4830311Z ##[endgroup]
2026-10-01T08:35:09.4830698Z ##[group]Setting up auth
2026-10-01T08:35:09.4834554Z [command]/usr/bin/git config --local --name-only --get-regexp core\.sshCommand
2026-10-01T08:35:09.4856403Z [command]/usr/bin/git submodule foreach --recursive sh -c "git config --local --name-only --get-regexp 'core\.sshCommand' && git config --local --unset-all 'core.sshCommand' || :"
2026-10-01T08:35:09.5138829Z [command]/usr/bin/git config --local --name-only --get-regexp http\.https\:\/\/github\.com\/\.extraheader
2026-10-01T08:35:09.5160795Z [command]/usr/bin/git submodule foreach --recursive sh -c "git config --local --name-only --get-regexp 'http\.https\:\/\/github\.com\/\.extraheader' && git config --local --unset-all 'http.https://github.com/.extraheader' || :"
2026-10-01T08:35:09.5324717Z [command]/usr/bin/git config --local --name-only --get-regexp ^includeIf\.gitdir:
2026-10-01T08:35:09.5347493Z [command]/usr/bin/git submodule foreach --recursive git config --local --show-origin --name-only --get-regexp remote.origin.url
2026-10-01T08:35:09.5507874Z [command]/usr/bin/git config --local http.https://github.com/.extraheader AUTHORIZATION: basic ***
2026-10-01T08:35:09.5535381Z ##[endgroup]
2026-10-01T08:35:09.5535879Z ##[group]Fetching the repository
2026-10-01T08:35:09.5540794Z [command]/usr/bin/git -c protocol.version=2 fetch --no-tags --prune --no-recurse-submodules --depth=1 origin +9446a07a87b92ae4920e69398e1d986ad91f0bb4:refs/remotes/origin/steward/t1766-canal-grocery-workshops
2026-10-01T08:35:51.5263037Z From https://github.com/kevinrhaas/chicago
2026-10-01T08:35:51.5263582Z  * [new ref]         9446a07a87b92ae4920e69398e1d986ad91f0bb4 -> origin/steward/t1766-canal-grocery-workshops
2026-10-01T08:35:51.5266278Z ##[endgroup]
2026-10-01T08:35:51.5266798Z ##[group]Determining the checkout info
2026-10-01T08:35:51.5268555Z ##[endgroup]
2026-10-01T08:35:51.5272706Z [command]/usr/bin/git sparse-checkout disable
2026-10-01T08:35:51.5314765Z [command]/usr/bin/git config --local --unset-all extensions.worktreeConfig
2026-10-01T08:35:51.5336514Z ##[group]Checking out the ref
2026-10-01T08:35:51.5339121Z [command]/usr/bin/git checkout --progress --force -B steward/t1766-canal-grocery-workshops refs/remotes/origin/steward/t1766-canal-grocery-workshops
2026-10-01T08:35:52.5850753Z Updating files:  74% (6775/9120)
2026-10-01T08:35:52.6063074Z Updating files:  75% (6840/9120)
2026-10-01T08:35:52.6312737Z Updating files:  76% (6932/9120)
2026-10-01T08:35:52.6827296Z Updating files:  77% (7023/9120)
2026-10-01T08:35:52.7091327Z Updating files:  78% (7114/9120)
2026-10-01T08:35:52.7191538Z Updating files:  79% (7205/9120)
2026-10-01T08:35:52.7424024Z Updating files:  80% (7296/9120)
2026-10-01T08:35:52.7541972Z Updating files:  81% (7388/9120)
2026-10-01T08:35:52.7649920Z Updating files:  82% (7479/9120)
2026-10-01T08:35:52.7740463Z Updating files:  83% (7570/9120)
2026-10-01T08:35:52.7842822Z Updating files:  84% (7661/9120)
2026-10-01T08:35:52.7961926Z Updating files:  85% (7752/9120)
2026-10-01T08:35:52.8073377Z Updating files:  86% (7844/9120)
2026-10-01T08:35:52.8550982Z Updating files:  87% (7935/9120)
2026-10-01T08:35:52.9089245Z Updating files:  88% (8026/9120)
2026-10-01T08:35:53.0691309Z Updating files:  89% (8117/9120)
2026-10-01T08:35:53.3139089Z Updating files:  90% (8208/9120)
2026-10-01T08:35:53.5003263Z Updating files:  91% (8300/9120)
2026-10-01T08:35:53.5474110Z Updating files:  92% (8391/9120)
2026-10-01T08:35:53.5911668Z Updating files:  92% (8407/9120)
2026-10-01T08:35:53.6299284Z Updating files:  93% (8482/9120)
2026-10-01T08:35:53.6580465Z Updating files:  94% (8573/9120)
2026-10-01T08:35:53.7539752Z Updating files:  95% (8664/9120)
2026-10-01T08:35:53.8473635Z Updating files:  96% (8756/9120)
2026-10-01T08:35:53.9017996Z Updating files:  97% (8847/9120)
2026-10-01T08:35:54.1226031Z Updating files:  98% (8938/9120)
2026-10-01T08:35:54.3261504Z Updating files:  99% (9029/9120)
2026-10-01T08:35:54.3262026Z Updating files: 100% (9120/9120)
2026-10-01T08:35:54.3262284Z Updating files: 100% (9120/9120), done.
2026-10-01T08:35:54.3642994Z Switched to a new branch 'steward/t1766-canal-grocery-workshops'
2026-10-01T08:35:54.3648224Z branch 'steward/t1766-canal-grocery-workshops' set up to track 'origin/steward/t1766-canal-grocery-workshops'.
2026-10-01T08:35:54.3888706Z ##[endgroup]
2026-10-01T08:35:54.3929138Z [command]/usr/bin/git log -1 --format=%H
2026-10-01T08:35:54.3950177Z 9446a07a87b92ae4920e69398e1d986ad91f0bb4
2026-10-01T08:35:54.5331203Z ##[group]Run actions/setup-node@v4
2026-10-01T08:35:54.5331370Z with:
2026-10-01T08:35:54.5331482Z   node-version: 22
2026-10-01T08:35:54.5331600Z   always-auth: false
2026-10-01T08:35:54.5331715Z   check-latest: false
2026-10-01T08:35:54.5332934Z   token: ***
2026-10-01T08:35:54.5333053Z ##[endgroup]
2026-10-01T08:35:54.6248124Z (node:2094) [DEP0040] DeprecationWarning: The `punycode` module is deprecated. Please use a userland alternative instead.
2026-10-01T08:35:54.6248656Z (Use `node --trace-deprecation ...` to show where the warning was created)
2026-10-01T08:35:54.6254144Z Found in cache @ /opt/hostedtoolcache/node/22.23.3/x64
2026-10-01T08:35:54.6258767Z ##[group]Environment details
2026-10-01T08:35:55.6852712Z node: v22.23.3
2026-10-01T08:35:55.6852953Z npm: 10.9.9
2026-10-01T08:35:55.6853061Z yarn: 1.22.22
2026-10-01T08:35:55.6854138Z ##[endgroup]
2026-10-01T08:35:55.6984404Z ##[group]Run set -e
2026-10-01T08:35:55.6984606Z [36;1mset -e[0m
2026-10-01T08:35:55.6984778Z [36;1mnpm install -g playwright@1.56.1[0m
2026-10-01T08:35:55.6985234Z [36;1mnode "$(npm root -g)/playwright/cli.js" install --with-deps chromium[0m
2026-10-01T08:35:55.8319999Z shell: /usr/bin/bash -e {0}
2026-10-01T08:35:55.8320204Z ##[endgroup]
2026-10-01T08:35:58.2577876Z 
2026-10-01T08:35:58.2582010Z added 2 packages in 2s
2026-10-01T08:35:58.7000406Z Installing dependencies...
2026-10-01T08:35:58.7042244Z Switching to root user to install dependencies...
2026-10-01T08:35:58.7834283Z Get:1 file:/etc/apt/apt-mirrors.txt Mirrorlist [144 B]
2026-10-01T08:35:58.8129430Z Get:6 https://packages.microsoft.com/ubuntu/24.04/prod noble InRelease [3600 B]
2026-10-01T08:35:58.8223675Z Hit:2 http://azure.archive.ubuntu.com/ubuntu noble InRelease
2026-10-01T08:35:58.8238761Z Get:3 http://azure.archive.ubuntu.com/ubuntu noble-updates InRelease [126 kB]
2026-10-01T08:35:58.8303182Z Get:4 http://azure.archive.ubuntu.com/ubuntu noble-backports InRelease [126 kB]
2026-10-01T08:35:58.8346416Z Get:5 http://azure.archive.ubuntu.com/ubuntu noble-security InRelease [126 kB]
2026-10-01T08:35:58.8699201Z Get:7 https://packages.microsoft.com/ubuntu/24.04/prod noble/main amd64 Packages [509 kB]
2026-10-01T08:35:58.8850362Z Get:8 https://packages.microsoft.com/ubuntu/24.04/prod noble/main arm64 Packages [456 kB]
2026-10-01T08:35:58.9396737Z Get:9 http://azure.archive.ubuntu.com/ubuntu noble-updates/main amd64 Packages [1342 kB]
2026-10-01T08:35:58.9485637Z Get:10 http://azure.archive.ubuntu.com/ubuntu noble-updates/main Translation-en [302 kB]
2026-10-01T08:35:58.9515890Z Get:11 http://azure.archive.ubuntu.com/ubuntu noble-updates/main amd64 Components [181 kB]
2026-10-01T08:35:58.9534576Z Get:12 http://azure.archive.ubuntu.com/ubuntu noble-updates/universe amd64 Packages [1699 kB]
2026-10-01T08:35:58.9618460Z Get:13 http://azure.archive.ubuntu.com/ubuntu noble-updates/universe Translation-en [341 kB]
2026-10-01T08:35:58.9640380Z Get:14 http://azure.archive.ubuntu.com/ubuntu noble-updates/universe amd64 Components [388 kB]
2026-10-01T08:35:58.9746184Z Get:15 http://azure.archive.ubuntu.com/ubuntu noble-updates/restricted amd64 Packages [1697 kB]
2026-10-01T08:35:58.9887319Z Get:16 http://azure.archive.ubuntu.com/ubuntu noble-updates/restricted Translation-en [388 kB]
2026-10-01T08:35:58.9913972Z Get:17 http://azure.archive.ubuntu.com/ubuntu noble-updates/multiverse amd64 Components [940 B]
2026-10-01T08:35:58.9929403Z Get:18 http://azure.archive.ubuntu.com/ubuntu noble-backports/main amd64 Components [5760 B]
2026-10-01T08:35:59.0385611Z Get:19 http://azure.archive.ubuntu.com/ubuntu noble-backports/universe amd64 Components [12.6 kB]
2026-10-01T08:35:59.0404259Z Get:20 http://azure.archive.ubuntu.com/ubuntu noble-security/main amd64 Packages [1066 kB]
2026-10-01T08:35:59.0451023Z Get:21 http://azure.archive.ubuntu.com/ubuntu noble-security/main Translation-en [220 kB]
2026-10-01T08:35:59.0472416Z Get:22 http://azure.archive.ubuntu.com/ubuntu noble-security/main amd64 Components [46.4 kB]
2026-10-01T08:35:59.0492194Z Get:23 http://azure.archive.ubuntu.com/ubuntu noble-security/universe amd64 Packages [1216 kB]
2026-10-01T08:35:59.0538851Z Get:24 http://azure.archive.ubuntu.com/ubuntu noble-security/universe Translation-en [244 kB]
2026-10-01T08:35:59.0562258Z Get:25 http://azure.archive.ubuntu.com/ubuntu noble-security/universe amd64 Components [76.3 kB]
2026-10-01T08:35:59.0582273Z Get:26 http://azure.archive.ubuntu.com/ubuntu noble-security/restricted amd64 Packages [1566 kB]
2026-10-01T08:35:59.0639381Z Get:27 http://azure.archive.ubuntu.com/ubuntu noble-security/restricted Translation-en [361 kB]
2026-10-01T08:36:07.1844362Z Fetched 12.5 MB in 1s (12.6 MB/s)
2026-10-01T08:36:07.6742669Z Reading package lists...
2026-10-01T08:36:07.6922005Z Reading package lists...
2026-10-01T08:36:07.8218936Z Building dependency tree...
2026-10-01T08:36:07.8224360Z Reading state information...
2026-10-01T08:36:07.9243374Z libasound2t64 is already the newest version (1.2.11-1ubuntu0.3).
2026-10-01T08:36:07.9243802Z libasound2t64 set to manually installed.
2026-10-01T08:36:07.9244183Z libatk-bridge2.0-0t64 is already the newest version (2.52.0-1build1).
2026-10-01T08:36:07.9244547Z libatk-bridge2.0-0t64 set to manually installed.
2026-10-01T08:36:07.9245579Z libatk1.0-0t64 is already the newest version (2.52.0-1build1).
2026-10-01T08:36:07.9245929Z libatk1.0-0t64 set to manually installed.
2026-10-01T08:36:07.9246270Z libatspi2.0-0t64 is already the newest version (2.52.0-1build1).
2026-10-01T08:36:07.9246599Z libatspi2.0-0t64 set to manually installed.
2026-10-01T08:36:07.9246941Z libcairo2 is already the newest version (1.18.0-3build1).
2026-10-01T08:36:07.9247248Z libcairo2 set to manually installed.
2026-10-01T08:36:07.9247583Z libcups2t64 is already the newest version (2.4.7-1.2ubuntu7.14).
2026-10-01T08:36:07.9247906Z libcups2t64 set to manually installed.
2026-10-01T08:36:07.9248244Z libdbus-1-3 is already the newest version (1.14.10-4ubuntu4.1).
2026-10-01T08:36:07.9248560Z libdbus-1-3 set to manually installed.
2026-10-01T08:36:07.9248901Z libdrm2 is already the newest version (2.4.125-1ubuntu0.1~24.04.2).
2026-10-01T08:36:07.9249142Z libdrm2 set to manually installed.
2026-10-01T08:36:07.9249470Z libglib2.0-0t64 is already the newest version (2.80.0-6ubuntu3.9).
2026-10-01T08:36:07.9249684Z libglib2.0-0t64 set to manually installed.
2026-10-01T08:36:07.9249899Z libnspr4 is already the newest version (2:4.35-1.1build1).
2026-10-01T08:36:07.9250102Z libnspr4 set to manually installed.
2026-10-01T08:36:07.9250443Z libnss3 is already the newest version (2:3.98-1ubuntu0.2).
2026-10-01T08:36:07.9250965Z libnss3 set to manually installed.
2026-10-01T08:36:07.9251292Z libpango-1.0-0 is already the newest version (1.52.1+ds-1build1).
2026-10-01T08:36:07.9251619Z libpango-1.0-0 set to manually installed.
2026-10-01T08:36:07.9251939Z libx11-6 is already the newest version (2:1.8.7-1build1).
2026-10-01T08:36:07.9252325Z libx11-6 set to manually installed.
2026-10-01T08:36:07.9252622Z libxcb1 is already the newest version (1.15-1ubuntu2).
2026-10-01T08:36:07.9252910Z libxcb1 set to manually installed.
2026-10-01T08:36:07.9253223Z libxcomposite1 is already the newest version (1:0.4.5-1build3).
2026-10-01T08:36:07.9253436Z libxcomposite1 set to manually installed.
2026-10-01T08:36:07.9253645Z libxdamage1 is already the newest version (1:1.1.6-1build1).
2026-10-01T08:36:07.9253860Z libxdamage1 set to manually installed.
2026-10-01T08:36:07.9254183Z libxext6 is already the newest version (2:1.3.4-1build2).
2026-10-01T08:36:07.9254379Z libxext6 set to manually installed.
2026-10-01T08:36:07.9254577Z libxfixes3 is already the newest version (1:6.0.0-2build1).
2026-10-01T08:36:07.9254774Z libxfixes3 set to manually installed.
2026-10-01T08:36:07.9255238Z libxkbcommon0 is already the newest version (1.6.0-1build1).
2026-10-01T08:36:07.9255564Z libxkbcommon0 set to manually installed.
2026-10-01T08:36:07.9255918Z libxrandr2 is already the newest version (2:1.5.2-2build1).
2026-10-01T08:36:07.9256236Z libxrandr2 set to manually installed.
2026-10-01T08:36:07.9256563Z xvfb is already the newest version (2:21.1.12-1ubuntu1.8).
2026-10-01T08:36:07.9256996Z fonts-noto-color-emoji is already the newest version (2.047-0ubuntu0.24.04.1).
2026-10-01T08:36:07.9257443Z libfontconfig1 is already the newest version (2.15.0-1.1ubuntu2).
2026-10-01T08:36:07.9257700Z libfontconfig1 set to manually installed.
2026-10-01T08:36:07.9257925Z libfreetype6 is already the newest version (2.13.2+dfsg-1ubuntu0.1).
2026-10-01T08:36:07.9258140Z libfreetype6 set to manually installed.
2026-10-01T08:36:07.9258363Z fonts-liberation is already the newest version (1:2.1.5-3).
2026-10-01T08:36:07.9258570Z fonts-liberation set to manually installed.
2026-10-01T08:36:07.9258778Z The following additional packages will be installed:
2026-10-01T08:36:07.9259009Z   libgl1-mesa-dri libglx-mesa0 libwayland-server0 mesa-libgallium
2026-10-01T08:36:07.9259215Z   xfonts-encodings xfonts-utils
2026-10-01T08:36:07.9259496Z Recommended packages:
2026-10-01T08:36:07.9259643Z   fonts-ipafont-mincho fonts-tlwg-loma
2026-10-01T08:36:08.0922643Z The following NEW packages will be installed:
2026-10-01T08:36:08.0922992Z   fonts-freefont-ttf fonts-ipafont-gothic fonts-tlwg-loma-otf fonts-unifont
2026-10-01T08:36:08.0926248Z   fonts-wqy-zenhei libwayland-server0 xfonts-cyrillic xfonts-encodings
2026-10-01T08:36:08.0926594Z   xfonts-scalable xfonts-utils
2026-10-01T08:36:08.0928461Z The following packages will be upgraded:
2026-10-01T08:36:08.0930611Z   libgbm1 libgl1-mesa-dri libglx-mesa0 mesa-libgallium
2026-10-01T08:36:08.1056041Z 4 upgraded, 10 newly installed, 0 to remove and 19 not upgraded.
2026-10-01T08:36:08.1056343Z Need to get 32.1 MB of archives.
2026-10-01T08:36:08.1056572Z After this operation, 79.7 MB of additional disk space will be used.
2026-10-01T08:36:08.1056831Z Get:1 file:/etc/apt/apt-mirrors.txt Mirrorlist [144 B]
2026-10-01T08:36:08.2270187Z Get:2 http://azure.archive.ubuntu.com/ubuntu noble/universe amd64 fonts-ipafont-gothic all 00303-21ubuntu1 [3513 kB]
2026-10-01T08:36:08.3846019Z Get:3 http://azure.archive.ubuntu.com/ubuntu noble/main amd64 fonts-freefont-ttf all 20211204+svn4273-2 [5641 kB]
2026-10-01T08:36:08.5572548Z Get:4 http://azure.archive.ubuntu.com/ubuntu noble/universe amd64 fonts-tlwg-loma-otf all 1:0.7.3-1 [107 kB]
2026-10-01T08:36:08.6326305Z Get:5 http://azure.archive.ubuntu.com/ubuntu noble/universe amd64 fonts-unifont all 1:15.1.01-1build1 [2993 kB]
2026-10-01T08:36:08.7333605Z Get:6 http://azure.archive.ubuntu.com/ubuntu noble/universe amd64 fonts-wqy-zenhei all 0.9.45-8 [7472 kB]
2026-10-01T08:36:08.9819339Z Get:7 http://azure.archive.ubuntu.com/ubuntu noble-updates/main amd64 libgl1-mesa-dri amd64 25.2.8-0ubuntu0.24.04.3 [37.9 kB]
2026-10-01T08:36:09.0582738Z Get:8 http://azure.archive.ubuntu.com/ubuntu noble/main amd64 libwayland-server0 amd64 1.22.0-2.1build1 [33.9 kB]
2026-10-01T08:36:09.1340031Z Get:9 http://azure.archive.ubuntu.com/ubuntu noble-updates/main amd64 libglx-mesa0 amd64 25.2.8-0ubuntu0.24.04.3 [110 kB]
2026-10-01T08:36:09.2107152Z Get:10 http://azure.archive.ubuntu.com/ubuntu noble-updates/main amd64 libgbm1 amd64 25.2.8-0ubuntu0.24.04.3 [34.3 kB]
2026-10-01T08:36:09.2830109Z Get:11 http://azure.archive.ubuntu.com/ubuntu noble-updates/main amd64 mesa-libgallium amd64 25.2.8-0ubuntu0.24.04.3 [10.8 MB]
2026-10-01T08:36:09.6751780Z Get:12 http://azure.archive.ubuntu.com/ubuntu noble/main amd64 xfonts-encodings all 1:1.0.5-0ubuntu2 [578 kB]
2026-10-01T08:36:09.7517664Z Get:13 http://azure.archive.ubuntu.com/ubuntu noble/main amd64 xfonts-utils amd64 1:7.7+6build3 [94.4 kB]
2026-10-01T08:36:09.8243255Z Get:14 http://azure.archive.ubuntu.com/ubuntu noble/universe amd64 xfonts-cyrillic all 1:1.0.5+nmu1 [384 kB]
2026-10-01T08:36:09.8997055Z Get:15 http://azure.archive.ubuntu.com/ubuntu noble/main amd64 xfonts-scalable all 1:1.0.3-1.3 [304 kB]
2026-10-01T08:36:10.0945196Z Fetched 32.1 MB in 2s (17.8 MB/s)
2026-10-01T08:36:10.1111136Z Selecting previously unselected package fonts-ipafont-gothic.
2026-10-01T08:36:10.2473266Z (Reading database ... 
2026-10-01T08:36:10.2473478Z (Reading database ... 5%
2026-10-01T08:36:10.2473623Z (Reading database ... 10%
2026-10-01T08:36:10.2473763Z (Reading database ... 15%
2026-10-01T08:36:10.2473896Z (Reading database ... 20%
2026-10-01T08:36:10.2474024Z (Reading database ... 25%
2026-10-01T08:36:10.2474151Z (Reading database ... 30%
2026-10-01T08:36:10.2474279Z (Reading database ... 35%
2026-10-01T08:36:10.2474406Z (Reading database ... 40%
2026-10-01T08:36:10.2474536Z (Reading database ... 45%
2026-10-01T08:36:10.2474686Z (Reading database ... 50%
2026-10-01T08:36:10.2511850Z (Reading database ... 55%
2026-10-01T08:36:10.4340899Z (Reading database ... 60%
2026-10-01T08:36:10.6199599Z (Reading database ... 65%
2026-10-01T08:36:10.8172103Z (Reading database ... 70%
2026-10-01T08:36:11.0229503Z (Reading database ... 75%
2026-10-01T08:36:11.1698007Z (Reading database ... 80%
2026-10-01T08:36:11.3041800Z (Reading database ... 85%
2026-10-01T08:36:11.4903569Z (Reading database ... 90%
2026-10-01T08:36:11.6137061Z (Reading database ... 95%
2026-10-01T08:36:11.6137346Z (Reading database ... 100%
2026-10-01T08:36:11.6137581Z (Reading database ... 202296 files and directories currently installed.)
2026-10-01T08:36:11.6172587Z Preparing to unpack .../00-fonts-ipafont-gothic_00303-21ubuntu1_all.deb ...
2026-10-01T08:36:11.6246606Z Unpacking fonts-ipafont-gothic (00303-21ubuntu1) ...
2026-10-01T08:36:11.8389360Z Selecting previously unselected package fonts-freefont-ttf.
2026-10-01T08:36:11.8482464Z Preparing to unpack .../01-fonts-freefont-ttf_20211204+svn4273-2_all.deb ...
2026-10-01T08:36:11.8489339Z Unpacking fonts-freefont-ttf (20211204+svn4273-2) ...
2026-10-01T08:36:11.9735474Z Selecting previously unselected package fonts-tlwg-loma-otf.
2026-10-01T08:36:11.9833334Z Preparing to unpack .../02-fonts-tlwg-loma-otf_1%3a0.7.3-1_all.deb ...
2026-10-01T08:36:11.9840964Z Unpacking fonts-tlwg-loma-otf (1:0.7.3-1) ...
2026-10-01T08:36:12.0025364Z Selecting previously unselected package fonts-unifont.
2026-10-01T08:36:12.0118767Z Preparing to unpack .../03-fonts-unifont_1%3a15.1.01-1build1_all.deb ...
2026-10-01T08:36:12.0125325Z Unpacking fonts-unifont (1:15.1.01-1build1) ...
2026-10-01T08:36:12.2460660Z Selecting previously unselected package fonts-wqy-zenhei.
2026-10-01T08:36:12.2565439Z Preparing to unpack .../04-fonts-wqy-zenhei_0.9.45-8_all.deb ...
2026-10-01T08:36:12.2651098Z Unpacking fonts-wqy-zenhei (0.9.45-8) ...
2026-10-01T08:36:12.6841242Z Preparing to unpack .../05-libgl1-mesa-dri_25.2.8-0ubuntu0.24.04.3_amd64.deb ...
2026-10-01T08:36:12.6947739Z Unpacking libgl1-mesa-dri:amd64 (25.2.8-0ubuntu0.24.04.3) over (25.2.8-0ubuntu0.24.04.2) ...
2026-10-01T08:36:12.7534868Z Selecting previously unselected package libwayland-server0:amd64.
2026-10-01T08:36:12.7631443Z Preparing to unpack .../06-libwayland-server0_1.22.0-2.1build1_amd64.deb ...
2026-10-01T08:36:12.7838588Z Unpacking libwayland-server0:amd64 (1.22.0-2.1build1) ...
2026-10-01T08:36:12.8209543Z Preparing to unpack .../07-libglx-mesa0_25.2.8-0ubuntu0.24.04.3_amd64.deb ...
2026-10-01T08:36:12.8230178Z Unpacking libglx-mesa0:amd64 (25.2.8-0ubuntu0.24.04.3) over (25.2.8-0ubuntu0.24.04.2) ...
2026-10-01T08:36:12.8557660Z Preparing to unpack .../08-libgbm1_25.2.8-0ubuntu0.24.04.3_amd64.deb ...
2026-10-01T08:36:12.8630953Z Unpacking libgbm1:amd64 (25.2.8-0ubuntu0.24.04.3) over (25.2.8-0ubuntu0.24.04.2) ...
2026-10-01T08:36:12.9499473Z Preparing to unpack .../09-mesa-libgallium_25.2.8-0ubuntu0.24.04.3_amd64.deb ...
2026-10-01T08:36:12.9633927Z Unpacking mesa-libgallium:amd64 (25.2.8-0ubuntu0.24.04.3) over (25.2.8-0ubuntu0.24.04.2) ...
2026-10-01T08:36:13.3004029Z Selecting previously unselected package xfonts-encodings.
2026-10-01T08:36:13.3098070Z Preparing to unpack .../10-xfonts-encodings_1%3a1.0.5-0ubuntu2_all.deb ...
2026-10-01T08:36:13.3106886Z Unpacking xfonts-encodings (1:1.0.5-0ubuntu2) ...
2026-10-01T08:36:13.3323519Z Selecting previously unselected package xfonts-utils.
2026-10-01T08:36:13.3416691Z Preparing to unpack .../11-xfonts-utils_1%3a7.7+6build3_amd64.deb ...
2026-10-01T08:36:13.3421884Z Unpacking xfonts-utils (1:7.7+6build3) ...
2026-10-01T08:36:13.3688705Z Selecting previously unselected package xfonts-cyrillic.
2026-10-01T08:36:13.3782093Z Preparing to unpack .../12-xfonts-cyrillic_1%3a1.0.5+nmu1_all.deb ...
2026-10-01T08:36:13.3789968Z Unpacking xfonts-cyrillic (1:1.0.5+nmu1) ...
2026-10-01T08:36:13.4383399Z Selecting previously unselected package xfonts-scalable.
2026-10-01T08:36:13.4475174Z Preparing to unpack .../13-xfonts-scalable_1%3a1.0.3-1.3_all.deb ...
2026-10-01T08:36:13.4602580Z Unpacking xfonts-scalable (1:1.0.3-1.3) ...
2026-10-01T08:36:13.4969887Z Setting up libwayland-server0:amd64 (1.22.0-2.1build1) ...
2026-10-01T08:36:13.5166095Z Setting up mesa-libgallium:amd64 (25.2.8-0ubuntu0.24.04.3) ...
2026-10-01T08:36:13.5393489Z Setting up libgbm1:amd64 (25.2.8-0ubuntu0.24.04.3) ...
2026-10-01T08:36:13.5438646Z Setting up libgl1-mesa-dri:amd64 (25.2.8-0ubuntu0.24.04.3) ...
2026-10-01T08:36:13.5495306Z Setting up fonts-wqy-zenhei (0.9.45-8) ...
2026-10-01T08:36:13.5576870Z Setting up fonts-freefont-ttf (20211204+svn4273-2) ...
2026-10-01T08:36:13.5590041Z Setting up fonts-tlwg-loma-otf (1:0.7.3-1) ...
2026-10-01T08:36:13.5608908Z Setting up xfonts-encodings (1:1.0.5-0ubuntu2) ...
2026-10-01T08:36:13.5623979Z Setting up fonts-ipafont-gothic (00303-21ubuntu1) ...
2026-10-01T08:36:13.5671824Z update-alternatives: using /usr/share/fonts/opentype/ipafont-gothic/ipag.ttf to provide /usr/share/fonts/truetype/fonts-japanese-gothic.ttf (fonts-japanese-gothic.ttf) in auto mode
2026-10-01T08:36:13.5685834Z Setting up fonts-unifont (1:15.1.01-1build1) ...
2026-10-01T08:36:13.5702158Z Setting up libglx-mesa0:amd64 (25.2.8-0ubuntu0.24.04.3) ...
2026-10-01T08:36:13.5716474Z Setting up xfonts-utils (1:7.7+6build3) ...
2026-10-01T08:36:13.5748797Z Setting up xfonts-cyrillic (1:1.0.5+nmu1) ...
2026-10-01T08:36:13.5968604Z Setting up xfonts-scalable (1:1.0.3-1.3) ...
2026-10-01T08:36:13.6268577Z Processing triggers for libc-bin (2.39-0ubuntu8.9) ...
2026-10-01T08:36:14.1173030Z Processing triggers for man-db (2.12.0-4build2) ...
2026-10-01T08:36:14.1252325Z Not building database; man-db/auto-update is not 'true'.
2026-10-01T08:36:14.1262179Z Processing triggers for fontconfig (2.15.0-1.1ubuntu2) ...
2026-10-01T08:36:15.5897565Z 
2026-10-01T08:36:15.5898094Z Running kernel seems to be up-to-date.
2026-10-01T08:36:15.5898265Z 
2026-10-01T08:36:15.5898353Z No services need to be restarted.
2026-10-01T08:36:15.5898452Z 
2026-10-01T08:36:15.5898532Z No containers need to be restarted.
2026-10-01T08:36:15.5898963Z 
2026-10-01T08:36:15.5899065Z No user sessions are running outdated binaries.
2026-10-01T08:36:15.5899178Z 
2026-10-01T08:36:15.5899327Z No VM guests are running outdated hypervisor (qemu) binaries on this host.
2026-10-01T08:36:16.2786251Z Downloading Chromium 141.0.7390.37 (playwright build v1194) from https://cdn.playwright.dev/dbazure/download/playwright/builds/chromium/1194/chromium-linux.zip
2026-10-01T08:36:16.4300761Z |                                                                                |   0% of 173.9 MiB
2026-10-01T08:36:16.5217028Z |■■■■■■■■                                                                        |  10% of 173.9 MiB
2026-10-01T08:36:16.5946395Z |■■■■■■■■■■■■■■■■                                                                |  20% of 173.9 MiB
2026-10-01T08:36:16.6381457Z |■■■■■■■■■■■■■■■■■■■■■■■■                                                        |  30% of 173.9 MiB
2026-10-01T08:36:16.6657670Z |■■■■■■■■■■■■■■■■■■■■■■■■■■■■■■■■                                                |  40% of 173.9 MiB
2026-10-01T08:36:16.6910646Z |■■■■■■■■■■■■■■■■■■■■■■■■■■■■■■■■■■■■■■■■                                        |  50% of 173.9 MiB
2026-10-01T08:36:16.7209150Z |■■■■■■■■■■■■■■■■■■■■■■■■■■■■■■■■■■■■■■■■■■■■■■■■                                |  60% of 173.9 MiB
2026-10-01T08:36:16.7461509Z |■■■■■■■■■■■■■■■■■■■■■■■■■■■■■■■■■■■■■■■■■■■■■■■■■■■■■■■■                        |  70% of 173.9 MiB
2026-10-01T08:36:16.7756669Z |■■■■■■■■■■■■■■■■■■■■■■■■■■■■■■■■■■■■■■■■■■■■■■■■■■■■■■■■■■■■■■■■                |  80% of 173.9 MiB
2026-10-01T08:36:16.8039186Z |■■■■■■■■■■■■■■■■■■■■■■■■■■■■■■■■■■■■■■■■■■■■■■■■■■■■■■■■■■■■■■■■■■■■■■■■        |  90% of 173.9 MiB
2026-10-01T08:36:16.8365469Z |■■■■■■■■■■■■■■■■■■■■■■■■■■■■■■■■■■■■■■■■■■■■■■■■■■■■■■■■■■■■■■■■■■■■■■■■■■■■■■■■| 100% of 173.9 MiB
2026-10-01T08:36:18.9602491Z Chromium 141.0.7390.37 (playwright build v1194) downloaded to /home/runner/.cache/ms-playwright/chromium-1194
2026-10-01T08:36:18.9604489Z Downloading FFMPEG playwright build v1011 from https://cdn.playwright.dev/dbazure/download/playwright/builds/ffmpeg/1011/ffmpeg-linux.zip
2026-10-01T08:36:19.0723436Z |                                                                                |   0% of 2.3 MiB
2026-10-01T08:36:19.0822573Z |■■■■■■■■                                                                        |  10% of 2.3 MiB
2026-10-01T08:36:19.0883152Z |■■■■■■■■■■■■■■■■                                                                |  20% of 2.3 MiB
2026-10-01T08:36:19.0933506Z |■■■■■■■■■■■■■■■■■■■■■■■■                                                        |  30% of 2.3 MiB
2026-10-01T08:36:19.0974419Z |■■■■■■■■■■■■■■■■■■■■■■■■■■■■■■■■                                                |  40% of 2.3 MiB
2026-10-01T08:36:19.1000688Z |■■■■■■■■■■■■■■■■■■■■■■■■■■■■■■■■■■■■■■■■                                        |  50% of 2.3 MiB
2026-10-01T08:36:19.1024277Z |■■■■■■■■■■■■■■■■■■■■■■■■■■■■■■■■■■■■■■■■■■■■■■■■                                |  60% of 2.3 MiB
2026-10-01T08:36:19.1052993Z |■■■■■■■■■■■■■■■■■■■■■■■■■■■■■■■■■■■■■■■■■■■■■■■■■■■■■■■■                        |  70% of 2.3 MiB
2026-10-01T08:36:19.1066656Z |■■■■■■■■■■■■■■■■■■■■■■■■■■■■■■■■■■■■■■■■■■■■■■■■■■■■■■■■■■■■■■■■                |  80% of 2.3 MiB
2026-10-01T08:36:19.1080072Z |■■■■■■■■■■■■■■■■■■■■■■■■■■■■■■■■■■■■■■■■■■■■■■■■■■■■■■■■■■■■■■■■■■■■■■■■        |  90% of 2.3 MiB
2026-10-01T08:36:19.1085454Z |■■■■■■■■■■■■■■■■■■■■■■■■■■■■■■■■■■■■■■■■■■■■■■■■■■■■■■■■■■■■■■■■■■■■■■■■■■■■■■■■| 100% of 2.3 MiB
2026-10-01T08:36:19.1404836Z FFMPEG playwright build v1011 downloaded to /home/runner/.cache/ms-playwright/ffmpeg-1011
2026-10-01T08:36:19.1407603Z Downloading Chromium Headless Shell 141.0.7390.37 (playwright build v1194) from https://cdn.playwright.dev/dbazure/download/playwright/builds/chromium/1194/chromium-headless-shell-linux.zip
2026-10-01T08:36:19.2443602Z |                                                                                |   0% of 104.3 MiB
2026-10-01T08:36:19.3129243Z |■■■■■■■■                                                                        |  10% of 104.3 MiB
2026-10-01T08:36:19.3420379Z |■■■■■■■■■■■■■■■■                                                                |  20% of 104.3 MiB
2026-10-01T08:36:19.3659263Z |■■■■■■■■■■■■■■■■■■■■■■■■                                                        |  30% of 104.3 MiB
2026-10-01T08:36:19.3925582Z |■■■■■■■■■■■■■■■■■■■■■■■■■■■■■■■■                                                |  40% of 104.3 MiB
2026-10-01T08:36:19.4186039Z |■■■■■■■■■■■■■■■■■■■■■■■■■■■■■■■■■■■■■■■■                                        |  50% of 104.3 MiB
2026-10-01T08:36:19.4435085Z |■■■■■■■■■■■■■■■■■■■■■■■■■■■■■■■■■■■■■■■■■■■■■■■■                                |  60% of 104.3 MiB
2026-10-01T08:36:19.5235255Z |■■■■■■■■■■■■■■■■■■■■■■■■■■■■■■■■■■■■■■■■■■■■■■■■■■■■■■■■                        |  70% of 104.3 MiB
2026-10-01T08:36:19.5513984Z |■■■■■■■■■■■■■■■■■■■■■■■■■■■■■■■■■■■■■■■■■■■■■■■■■■■■■■■■■■■■■■■■                |  80% of 104.3 MiB
2026-10-01T08:36:19.5817117Z |■■■■■■■■■■■■■■■■■■■■■■■■■■■■■■■■■■■■■■■■■■■■■■■■■■■■■■■■■■■■■■■■■■■■■■■■        |  90% of 104.3 MiB
2026-10-01T08:36:19.6116441Z |■■■■■■■■■■■■■■■■■■■■■■■■■■■■■■■■■■■■■■■■■■■■■■■■■■■■■■■■■■■■■■■■■■■■■■■■■■■■■■■■| 100% of 104.3 MiB
2026-10-01T08:36:20.7513362Z Chromium Headless Shell 141.0.7390.37 (playwright build v1194) downloaded to /home/runner/.cache/ms-playwright/chromium_headless_shell-1194
2026-10-01T08:36:20.8049180Z ##[group]Run bash tools/publish.sh
2026-10-01T08:36:20.8049380Z [36;1mbash tools/publish.sh[0m
2026-10-01T08:36:20.8100165Z shell: /usr/bin/bash -e {0}
2026-10-01T08:36:20.8100312Z ##[endgroup]
2026-10-01T08:36:21.4610050Z Glessner v4 package verified; 3 missing GLB(s) materialized.
2026-10-01T08:36:21.8626461Z shipped derivatives: 504 pair(s) carry the master's triangles, node identity and contract attributes; worst bounding-box disagreement 2.68 of 4 rungs; 0 asset(s) lose their material identity to the publish path (banked, K36(b)); 4 master passthrough(s), all of them decided (K38); and every one of them records the master it was made from, which is still the master in the tree (K39)
2026-10-01T08:36:21.9007360Z Prairie Avenue browser published: /home/runner/work/chicago/chicago/site/4d/prairie-1904
2026-10-01T08:36:22.2001255Z published 15 map images + viewer + media to site/pre-fire
2026-10-01T08:36:22.2936009Z    changelog.js published to site/4d/js/changelog.js (T-0722)
2026-10-01T08:36:22.3914513Z    changelog.js published to site/4d/walk/js/changelog.js (T-0722)
2026-10-01T08:36:23.7980938Z tickets: cloned https://github.com/kevinrhaas/chicago-tickets.git → tickets/ (1661 tickets)
2026-10-01T08:36:24.7640967Z entry pages: index.html, 1812/index.html, 1835/index.html, 1880/index.html, 1904/index.html
2026-10-01T08:36:24.7694426Z    build 9446a07  Oct 1, 2026, 3:36 AM CT
2026-10-01T08:36:24.8121959Z published ../../site/4d  (57.37 MB)
2026-10-01T08:36:24.8158076Z ##[group]Run node tools/smoke_renderer.mjs --published
2026-10-01T08:36:24.8158318Z [36;1mnode tools/smoke_renderer.mjs --published[0m
2026-10-01T08:36:24.8208730Z shell: /usr/bin/bash -e {0}
2026-10-01T08:36:24.8208871Z env:
2026-10-01T08:36:24.8208981Z   SMOKE_VIEWPORT: mobile
2026-10-01T08:36:24.8209102Z   SMOKE_STAGE: 1-2
2026-10-01T08:36:24.8209211Z ##[endgroup]
2026-10-01T08:36:25.0756247Z serving /home/runner/work/chicago/chicago/site/4d on 4187 — PUBLISHED mirror (compressed assets, visitor layout)
2026-10-01T08:36:25.0756669Z 
2026-10-01T08:36:25.0756896Z NOT THE FULL GATE — viewports filtered to "mobile"
2026-10-01T08:36:25.0757048Z 
2026-10-01T08:36:25.0757300Z NOT THE FULL GATE — stages filtered to "1-2" of 13
2026-10-01T08:36:25.0757477Z 
2026-10-01T08:36:25.0757558Z mobile 390x780:
2026-10-01T08:36:25.4830447Z   pass  mobile 390x780: page serves
2026-10-01T08:36:36.7919557Z   pass  mobile 390x780: scene reaches ready
2026-10-01T08:36:38.6011718Z   pass  mobile 390x780: the scene declares its exact consultation blockers
2026-10-01T08:36:38.6012327Z   pass  mobile 390x780: no unexpected loader problems
2026-10-01T08:36:39.3866458Z   pass  mobile 390x780: scene has structures
2026-10-01T08:36:40.1756418Z   pass  mobile 390x780: every structure that should draw, drew
2026-10-01T08:36:42.5902549Z   pass  mobile 390x780: the frame is multisampled — the town's edges are resolved on a phone too
2026-10-01T08:36:43.3981257Z   pass  mobile 390x780: the declared scene-detail ceilings descend — it is a ladder, not three numbers
2026-10-01T08:36:43.3993869Z   pass  mobile 390x780: no scene-detail rung is running clamped — the table and the scene agree
2026-10-01T08:36:43.3994439Z   pass  mobile 390x780: every scene-detail rung says what it protects and what measurement set it
2026-10-01T08:36:44.1916788Z   pass  mobile 390x780: the loader carries no town census or coverage dashboard
2026-10-01T08:36:45.0251314Z   pass  mobile 390x780: the bridge declares a water anchor
2026-10-01T08:36:45.0252135Z   pass  mobile 390x780: the bridge sits on the water plane, not on the terrain
2026-10-01T08:36:45.8542406Z   pass  mobile 390x780: the enclosure layer draws its records
2026-10-01T08:36:45.8543435Z   pass  mobile 390x780: the enclosure layer is chunked so the frustum can cull it
2026-10-01T08:36:45.8544189Z   pass  mobile 390x780: every fence vertex carries a confidence grade
2026-10-01T08:36:45.8544817Z   pass  mobile 390x780: no fence member stands outside its own authored run
2026-10-01T08:36:52.5114345Z   pass  mobile 390x780: the yard fence reaches the screen from inside the yard
2026-10-01T08:36:53.2270806Z   pass  mobile 390x780: the estray pen is drawn as an enclosure and bakes no mesh
2026-10-01T08:36:53.2272834Z   pass  mobile 390x780: the retired box leaves no invisible wall on the public square
2026-10-01T08:37:01.6089520Z   pass  mobile 390x780: the pen reaches the screen from inside the pen
2026-10-01T08:37:02.7675812Z   pass  mobile 390x780: aiming at the pen's fence still opens the pen's card
2026-10-01T08:37:03.7411854Z   pass  mobile 390x780: the town's house lots carry generated picket gardens
2026-10-01T08:37:03.7412392Z   pass  mobile 390x780: the picket branch draws pales, not just posts and rails
2026-10-01T08:37:11.3669097Z   pass  mobile 390x780: the garden fence reaches the screen from the dooryard
2026-10-01T08:37:12.3223434Z   pass  mobile 390x780: the town's improved lots read as fenced, block after block
2026-10-01T08:37:12.3224384Z   pass  mobile 390x780: the lot fences are built in the period's three types
2026-10-01T08:37:12.3225322Z   pass  mobile 390x780: the enclosure is spread over the town, not stacked in one district
2026-10-01T08:37:12.3225945Z   pass  mobile 390x780: a lot's yard states no ground treatment, so its sward stands
2026-10-01T08:37:12.3226508Z   pass  mobile 390x780: every lot fence is graded reconstructed, record and vertex
2026-10-01T08:37:17.7656323Z   pass  mobile 390x780: the lot fences reach the screen from the alley they face
2026-10-01T08:37:18.4448902Z   pass  mobile 390x780: the Sauganash's rear yard is fenced with boards, not rails
2026-10-01T08:37:18.4453925Z   pass  mobile 390x780: the yard fence is drawn at the height its record states
2026-10-01T08:37:18.4454762Z   pass  mobile 390x780: every stem the yard's planting record places stands inside that yard
2026-10-01T08:37:30.7362518Z   pass  mobile 390x780: the yard fence reaches the screen from Market Street
2026-10-01T08:37:30.7363285Z   pass  mobile 390x780: the trees behind the fence reach the screen with it
2026-10-01T08:37:31.8532135Z   pass  mobile 390x780: every fenced interior in the town carries a ground treatment
2026-10-01T08:37:31.8532856Z   pass  mobile 390x780: the ground inside a 'worn_earth' fence reads as its own type
2026-10-01T08:37:31.8543083Z   pass  mobile 390x780: no prairie plant roots inside a 'worn_earth' fence
2026-10-01T08:37:31.8543643Z   pass  mobile 390x780: the ground inside a 'trodden_earth' fence reads as its own type
2026-10-01T08:37:31.8556134Z   pass  mobile 390x780: no prairie plant roots inside a 'trodden_earth' fence
2026-10-01T08:37:31.8556665Z   pass  mobile 390x780: the ground inside a 'dooryard_garden' fence reads as its own type
2026-10-01T08:37:31.8571286Z   pass  mobile 390x780: no prairie plant roots inside a 'dooryard_garden' fence
2026-10-01T08:37:31.8578270Z   pass  mobile 390x780: the fenced ground is graded reconstructed and casts no shadow
2026-10-01T08:37:31.8578875Z   pass  mobile 390x780: the sward is suppressed on the ground the records declare and nowhere else
2026-10-01T08:37:39.4879138Z   pass  mobile 390x780: the ground in the wagon yard reaches the screen from inside it
2026-10-01T08:37:48.2302848Z   pass  mobile 390x780: the ground in a picketed dooryard reaches the screen from inside it
2026-10-01T08:37:49.3790536Z   pass  mobile 390x780: the dooryard pass planted stems across the town
2026-10-01T08:37:49.3791000Z   pass  mobile 390x780: Cobweb Castle's dealt stems are among them
2026-10-01T08:37:54.1096022Z   pass  mobile 390x780: Cobweb Castle's dooryard trees reach the screen
2026-10-01T08:37:58.5546213Z   pass  mobile 390x780: the currant clump by its door reaches the screen
2026-10-01T08:37:59.2314556Z   pass  mobile 390x780: the stockade's pickets are baked at the record's twelve feet
2026-10-01T08:37:59.2315817Z   pass  mobile 390x780: the stockade tops a walker's eye where wall and anchor meet
2026-10-01T08:37:59.2317876Z   pass  mobile 390x780: a level gaze there stops at the stockade, and the card says so
2026-10-01T08:37:59.2354024Z   pass  mobile 390x780: the garden fence holds below the eye of the walker who meets it
2026-10-01T08:37:59.2354659Z   pass  mobile 390x780: a level gaze sails clean over the garden fence
2026-10-01T08:37:59.2355327Z   pass  mobile 390x780: a tap on the garden fence names the garden, not a fort wall
2026-10-01T08:37:59.2370463Z   pass  mobile 390x780: the stockade stands over a walker's eye from the parade side
2026-10-01T08:37:59.2373087Z   pass  mobile 390x780: a level gaze from the parade side stops at the stockade
2026-10-01T08:38:02.5769488Z   pass  mobile 390x780: the signage layer puts up the record's signs
2026-10-01T08:38:02.5796093Z   pass  mobile 390x780: the whole signage layer is one draw call
2026-10-01T08:38:02.5797258Z   pass  mobile 390x780: no board is fixed over a door or a window
2026-10-01T08:38:02.5797640Z   pass  mobile 390x780: the signs still cast into the shadow map
2026-10-01T08:38:02.5798049Z   pass  mobile 390x780: every signboard vertex is graded reconstructed
2026-10-01T08:38:02.5798481Z   pass  mobile 390x780: no sign strays past the reach its own mounting declares
2026-10-01T08:38:02.5798885Z   pass  mobile 390x780: every sign stands outside its own facade
2026-10-01T08:38:02.5799271Z   pass  mobile 390x780: every sign carries its business's name, painted
2026-10-01T08:38:02.5799675Z   pass  mobile 390x780: no two signs within sight of each other are alike
2026-10-01T08:38:02.5800097Z   pass  mobile 390x780: the town puts its signs up five different ways
2026-10-01T08:38:02.5800706Z   pass  mobile 390x780: one street's signs are visibly different from each other
2026-10-01T08:38:08.3806461Z   pass  mobile 390x780: the hotel's board reaches the screen from the street
2026-10-01T08:38:10.7979501Z   pass  mobile 390x780: aiming at a signboard opens the business behind it
2026-10-01T08:38:10.7996480Z   pass  mobile 390x780: the board and the card agree about whose business this is
2026-10-01T08:38:10.7997859Z   pass  mobile 390x780: every board names its proprietor and its trade, not our label
2026-10-01T08:38:10.7998599Z   pass  mobile 390x780: the golden mortar is on Carpenter's board and on no other
2026-10-01T08:38:11.8412942Z   pass  mobile 390x780: part 1 hands the page on with nothing standing over the chrome
2026-10-01T08:38:13.1134861Z   pass  mobile 390x780: the yard layer stands the record's goods
2026-10-01T08:38:13.1135530Z   pass  mobile 390x780: the yard layer chunks for culling on a single material
2026-10-01T08:38:13.1136056Z   pass  mobile 390x780: every cask and case carries the mark its record deals it
2026-10-01T08:38:13.1136558Z   pass  mobile 390x780: the marks ride on the layer's own material, on the sheet
2026-10-01T08:38:13.1137039Z   pass  mobile 390x780: every yard-goods vertex is graded reconstructed
2026-10-01T08:38:13.1137503Z   pass  mobile 390x780: no barrel or case strays from the frontage it stands at
2026-10-01T08:38:13.1137944Z   pass  mobile 390x780: every object stands outside its own facade
2026-10-01T08:38:13.1138396Z   pass  mobile 390x780: the attested wagon stands in the yard it is named for
2026-10-01T08:38:13.1138914Z   pass  mobile 390x780: the Green Tree's yard wagons stand clear, square to its rear wall
2026-10-01T08:38:13.1139399Z   pass  mobile 390x780: the bench stands against the Green Tree's front wall
2026-10-01T08:38:13.1139902Z   pass  mobile 390x780: the Green Tree's wagon shed is a lean-to that clears its tilt
2026-10-01T08:38:13.1140397Z   pass  mobile 390x780: nothing in the shed's bay reaches through its wall or its roof
2026-10-01T08:38:13.1140901Z   pass  mobile 390x780: the building material stands on the lot that was going up
2026-10-01T08:38:13.1141383Z   pass  mobile 390x780: both branch bridges carry four reconstructed repair piles
2026-10-01T08:38:13.1141887Z   pass  mobile 390x780: bridge piles have their stated dimensions and stand on dry ground
2026-10-01T08:38:13.1142409Z   pass  mobile 390x780: no pile of material stands inside the building it is for
2026-10-01T08:38:13.1142871Z   pass  mobile 390x780: the tilt is drawn in canvas on the layer's one material
2026-10-01T08:38:13.1143345Z   pass  mobile 390x780: the town's wagons are spread across its streets, not at two doors
2026-10-01T08:38:13.1143753Z   pass  mobile 390x780: the town's wagons vary in type
2026-10-01T08:38:13.1144161Z   pass  mobile 390x780: the town's wagons stand at the slew the rule dealt them
2026-10-01T08:38:13.1144613Z   pass  mobile 390x780: every wagon the town gained cards reconstructed
2026-10-01T08:38:14.1861563Z   pass  mobile 390x780: no wagon stands on a plank walk, in a garden or in a pen
2026-10-01T08:38:14.1862369Z   pass  mobile 390x780: no wagon stands in a street's travelled track
2026-10-01T08:38:14.1863518Z   pass  mobile 390x780: the wagon rule wrote down what it refused
2026-10-01T08:38:22.3323609Z   pass  mobile 390x780: the goods reach the screen from the footway
2026-10-01T08:38:24.7091738Z   pass  mobile 390x780: aiming at a barrel opens the business it stands at
2026-10-01T08:38:32.9396360Z   pass  mobile 390x780: the frontage layer lays all five records' walks and stands their posts
2026-10-01T08:38:32.9449501Z   pass  mobile 390x780: no frontage board stands under a wharf deck or its stair
2026-10-01T08:38:32.9541143Z   pass  mobile 390x780: every frontage vertex is graded reconstructed
2026-10-01T08:38:32.9567003Z   pass  mobile 390x780: the plank decks tie into the ground they cross
2026-10-01T08:38:32.9579351Z   pass  mobile 390x780: the street decal cannot paint over the timber laid on it
2026-10-01T08:38:32.9627397Z   pass  mobile 390x780: a plank walk's side is one made edge for its whole length
2026-10-01T08:38:32.9664004Z   pass  mobile 390x780: the named board hangs on a post that stands on the ground, or the record refuses it
2026-10-01T08:38:32.9667913Z   pass  mobile 390x780: the frontage layer draws the meshes it authored — 58 authored mesh(es) (frontage, frontage-chunk x57), 0 far-merge artefact(s) [none], 58 drawn in all
2026-10-01T08:38:32.9668950Z   pass  mobile 390x780: the board carries the record's own name, painted, or none is drawn and the name is kept
2026-10-01T08:38:39.5233027Z   pass  mobile 390x780: the walk and its board reach the screen from the street
2026-10-01T08:38:41.9525677Z   pass  mobile 390x780: aiming at the frontage opens the inn it belongs to
2026-10-01T08:38:41.9526468Z   pass  mobile 390x780: the eighteen hitching posts stand on their own ground, carrying nothing
2026-10-01T08:38:47.4344592Z   pass  mobile 390x780: the Sauganash's walks and posts reach the screen from Lake Street
2026-10-01T08:38:50.4203099Z   pass  mobile 390x780: aiming at the Sauganash's frontage opens the hotel it belongs to
2026-10-01T08:38:51.5098147Z   pass  mobile 390x780: the river walk publishes its floor and rides no deck at its east end
2026-10-01T08:38:51.5104725Z   pass  mobile 390x780: the old mouth west of State is filled and the walker stands on it
2026-10-01T08:38:51.5105513Z   pass  mobile 390x780: exactly one slough mouth at the foot of State, and it is the notch
2026-10-01T08:38:51.5106132Z   pass  mobile 390x780: the east end reads as planks underfoot, and walks on along the bank
2026-10-01T08:38:53.6903192Z   pass  mobile 390x780: aiming at the riverside walk answers its own reconstructed card
2026-10-01T08:38:54.7698707Z   pass  mobile 390x780: the street edge is generated from the plat, not placed on one block
2026-10-01T08:38:54.7699331Z   pass  mobile 390x780: Lake Street's walk is continuous and walkable end to end
2026-10-01T08:38:54.7699896Z   pass  mobile 390x780: South Water's reconciled block face is one walk, end to end
2026-10-01T08:38:54.7700434Z   pass  mobile 390x780: a board crossing carries the walker over the road at the corner
2026-10-01T08:38:54.7700942Z   pass  mobile 390x780: no plank sidewalk lies in the travelled track
2026-10-01T08:38:54.7701416Z   pass  mobile 390x780: no street-edge walk admits a rooted plant through its deck
2026-10-01T08:38:55.6656725Z   pass  mobile 390x780: every stated dock that has traced bank under it is drawn
2026-10-01T08:38:55.6657247Z   pass  mobile 390x780: the whole wharf layer is one draw call
2026-10-01T08:38:55.6657674Z   pass  mobile 390x780: every wharf vertex is graded reconstructed
2026-10-01T08:38:55.6662155Z   pass  mobile 390x780: no wharf vertex strays off its own deck outline
2026-10-01T08:38:55.6662842Z   pass  mobile 390x780: every deck ties into the bank and reaches over the water
2026-10-01T08:38:55.6663423Z   pass  mobile 390x780: no deck floats and every crib reaches the bed
2026-10-01T08:38:55.6664054Z   pass  mobile 390x780: every plank a wharf drew is published to the walker at the height it drew it
2026-10-01T08:38:55.6664871Z   pass  mobile 390x780: no boarding tread rises past the record's ceiling or the step-up rule
2026-10-01T08:38:56.6356687Z   pass  mobile 390x780: a visitor walks off the bank, up the stair and out over the water
2026-10-01T08:39:01.0371192Z   pass  mobile 390x780: the wharf reaches the screen from the bank
2026-10-01T08:39:02.4700098Z   pass  mobile 390x780: aiming at a wharf opens the warehouse it serves
2026-10-01T08:39:09.4158360Z   pass  mobile 390x780: the west bank's landing reaches the screen from Wolf Point
2026-10-01T08:39:09.4159363Z   pass  mobile 390x780: aiming at the west bank's landing opens Robert Kinzie's store
2026-10-01T08:39:10.2547496Z   pass  mobile 390x780: no plank walk admits a rooted plant through its deck
2026-10-01T08:39:10.2548076Z   pass  mobile 390x780: no wharf deck admits a rooted plant - wet species included
2026-10-01T08:39:11.0533055Z   pass  mobile 390x780: every authored boat is on the water
2026-10-01T08:39:11.0533843Z   pass  mobile 390x780: the whole boat layer is one draw call
2026-10-01T08:39:11.0534309Z   pass  mobile 390x780: every boat vertex is graded reconstructed
2026-10-01T08:39:11.0534780Z   pass  mobile 390x780: every afloat hull floats in its own water
2026-10-01T08:39:11.0535439Z   pass  mobile 390x780: every beached hull sits on the bank, at the water
2026-10-01T08:39:11.0535957Z   pass  mobile 390x780: the drawbridge's navigation span stays clear
2026-10-01T08:39:16.1222699Z   pass  mobile 390x780: the schooners reach the screen from the bank
2026-10-01T08:39:17.5980437Z   pass  mobile 390x780: aiming at a schooner opens the boat's own card
2026-10-01T08:39:21.2897303Z   pass  mobile 390x780: canvas renders non-black
2026-10-01T08:39:21.2897832Z   pass  mobile 390x780: drawing buffer matches the viewport
2026-10-01T08:39:24.9345486Z   pass  mobile 390x780: confidence toggle flips state
2026-10-01T08:39:24.9346032Z   pass  mobile 390x780: confidence view changes the render
2026-10-01T08:39:27.6057311Z   pass  mobile 390x780: turning it off restores the render
2026-10-01T08:39:27.6058191Z   pass  mobile 390x780: the traced river loaded, rather than the flat fallback plane
2026-10-01T08:39:27.6077475Z   pass  mobile 390x780: the suite body ran to completion
2026-10-01T08:39:27.6078007Z   pass  mobile 390x780: zero page errors
2026-10-01T08:39:27.7436162Z 
2026-10-01T08:39:27.9809741Z   pass  vendor: meshopt decoder loads and reports supported
2026-10-01T08:39:27.9823580Z   pass  vendor: meshopt import raises no page error
2026-10-01T08:39:28.0109702Z 
2026-10-01T08:39:28.0110213Z 160 passed, 0 failed
2026-10-01T08:39:28.0110650Z 150 staged-section check(s) (stage 1-2 of 13), 10 always-on check(s)
2026-10-01T08:39:28.0111306Z 3 m 03 s for stage 1-2 at mobile — the ceiling on a steward run's single foreground command is 10 m 00 s
2026-10-01T08:39:28.0111545Z SMOKE PASS
2026-10-01T08:39:28.0283544Z Post job cleanup.
2026-10-01T08:39:28.1039089Z (node:3425) [DEP0040] DeprecationWarning: The `punycode` module is deprecated. Please use a userland alternative instead.
2026-10-01T08:39:28.1039611Z (Use `node --trace-deprecation ...` to show where the warning was created)
2026-10-01T08:39:28.1156827Z Post job cleanup.
2026-10-01T08:39:28.1664070Z [command]/usr/bin/git version
2026-10-01T08:39:28.1690254Z git version 2.55.0
2026-10-01T08:39:28.1711363Z Temporarily overriding HOME='/home/runner/work/_temp/76028470-a56b-4b76-b831-2f51eedc3796' before making global git config changes
2026-10-01T08:39:28.1712278Z Adding repository directory to the temporary git global config as a safe directory
2026-10-01T08:39:28.1714402Z [command]/usr/bin/git config --global --add safe.directory /home/runner/work/chicago/chicago
2026-10-01T08:39:28.1741180Z [command]/usr/bin/git config --local --name-only --get-regexp core\.sshCommand
2026-10-01T08:39:28.1764254Z [command]/usr/bin/git submodule foreach --recursive sh -c "git config --local --name-only --get-regexp 'core\.sshCommand' && git config --local --unset-all 'core.sshCommand' || :"
2026-10-01T08:39:28.1935336Z [command]/usr/bin/git config --local --name-only --get-regexp http\.https\:\/\/github\.com\/\.extraheader
2026-10-01T08:39:28.1955657Z http.https://github.com/.extraheader
2026-10-01T08:39:28.1961889Z [command]/usr/bin/git config --local --unset-all http.https://github.com/.extraheader
2026-10-01T08:39:28.1991371Z [command]/usr/bin/git submodule foreach --recursive sh -c "git config --local --name-only --get-regexp 'http\.https\:\/\/github\.com\/\.extraheader' && git config --local --unset-all 'http.https://github.com/.extraheader' || :"
2026-10-01T08:39:28.2163063Z [command]/usr/bin/git config --local --name-only --get-regexp ^includeIf\.gitdir:
2026-10-01T08:39:28.2185805Z [command]/usr/bin/git submodule foreach --recursive git config --local --show-origin --name-only --get-regexp remote.origin.url
2026-10-01T08:39:28.2465260Z Cleaning up orphan processes
2026-10-01T08:39:28.2670375Z ##[warning]Node.js 20 is deprecated. The following actions target Node.js 20 but are being forced to run on Node.js 24: actions/checkout@v4, actions/setup-node@v4. For more information see: https://github.blog/changelog/2025-09-19-deprecation-of-node-20-on-github-actions-runners/

