2026-10-01T08:33:44.6905980Z Current runner version: '2.337.0'
2026-10-01T08:33:44.6922100Z ##[group]Runner Image Provisioner
2026-10-01T08:33:44.6922606Z Hosted Compute Agent
2026-10-01T08:33:44.6923035Z Version: 20260828.587
2026-10-01T08:33:44.6923428Z Commit: abac92662cab4cc7352de4f9f9d2e2419aad9c29
2026-10-01T08:33:44.6923884Z Build Date: 2026-08-28T16:44:25Z
2026-10-01T08:33:44.6924287Z Worker ID: {41468934-b73d-405f-9f18-1f5464fc2593}
2026-10-01T08:33:44.6924689Z Azure Region: centralus
2026-10-01T08:33:44.6925083Z ##[endgroup]
2026-10-01T08:33:44.6925988Z ##[group]Operating System
2026-10-01T08:33:44.6926325Z Ubuntu
2026-10-01T08:33:44.6926677Z 24.04.5
2026-10-01T08:33:44.6926978Z LTS
2026-10-01T08:33:44.6927331Z ##[endgroup]
2026-10-01T08:33:44.6927688Z ##[group]Runner Image
2026-10-01T08:33:44.6928045Z Image: ubuntu-24.04
2026-10-01T08:33:44.6928411Z Version: 20260920.314.1
2026-10-01T08:33:44.6929138Z Included Software: https://github.com/actions/runner-images/blob/ubuntu24/20260920.314/images/ubuntu/Ubuntu2404-Readme.md
2026-10-01T08:33:44.6930010Z Image Release: https://github.com/actions/runner-images/releases/tag/ubuntu24%2F20260920.314
2026-10-01T08:33:44.6930586Z ##[endgroup]
2026-10-01T08:33:44.6931280Z ##[group]GITHUB_TOKEN Permissions
2026-10-01T08:33:44.6932593Z Contents: read
2026-10-01T08:33:44.6933148Z Metadata: read
2026-10-01T08:33:44.6933542Z Packages: read
2026-10-01T08:33:44.6933861Z ##[endgroup]
2026-10-01T08:33:44.6935361Z Secret source: Actions
2026-10-01T08:33:44.6935904Z Cache mode: write
2026-10-01T08:33:44.6936364Z Prepare workflow directory
2026-10-01T08:33:44.7155374Z Prepare all required actions
2026-10-01T08:33:44.7184332Z Getting action download info
2026-10-01T08:33:44.9380961Z Download action repository 'actions/checkout@v4' (SHA:11d5960a326750d5838078e36cf38b85af677262)
2026-10-01T08:33:45.0199727Z Download action repository 'actions/setup-node@v4' (SHA:49933ea5288caeca8642d1e84afbd3f7d6820020)
2026-10-01T08:33:45.1691934Z Complete job name: smoke
2026-10-01T08:33:45.2160755Z ##[group]Run actions/checkout@v4
2026-10-01T08:33:45.2161168Z with:
2026-10-01T08:33:45.2161402Z   repository: kevinrhaas/chicago
2026-10-01T08:33:45.2163254Z   token: ***
2026-10-01T08:33:45.2163476Z   ssh-strict: true
2026-10-01T08:33:45.2163708Z   ssh-user: git
2026-10-01T08:33:45.2163946Z   persist-credentials: true
2026-10-01T08:33:45.2164202Z   clean: true
2026-10-01T08:33:45.2164442Z   sparse-checkout-cone-mode: true
2026-10-01T08:33:45.2164717Z   fetch-depth: 1
2026-10-01T08:33:45.2164945Z   fetch-tags: false
2026-10-01T08:33:45.2165391Z   show-progress: true
2026-10-01T08:33:45.2165628Z   lfs: false
2026-10-01T08:33:45.2165847Z   submodules: false
2026-10-01T08:33:45.2166086Z   set-safe-directory: true
2026-10-01T08:33:45.2166354Z   allow-unsafe-pr-checkout: false
2026-10-01T08:33:45.2166715Z ##[endgroup]
2026-10-01T08:33:45.2782752Z Syncing repository: kevinrhaas/chicago
2026-10-01T08:33:45.2783738Z ##[group]Getting Git version info
2026-10-01T08:33:45.2784147Z Working directory is '/home/runner/work/chicago/chicago'
2026-10-01T08:33:45.2784640Z [command]/usr/bin/git version
2026-10-01T08:33:45.2844547Z git version 2.55.0
2026-10-01T08:33:45.2887350Z ##[endgroup]
2026-10-01T08:33:45.2896525Z Temporarily overriding HOME='/home/runner/work/_temp/7305d83e-89a4-41e8-850d-4ef6d501296f' before making global git config changes
2026-10-01T08:33:45.2897742Z Adding repository directory to the temporary git global config as a safe directory
2026-10-01T08:33:45.2899898Z [command]/usr/bin/git config --global --add safe.directory /home/runner/work/chicago/chicago
2026-10-01T08:33:45.2934573Z Deleting the contents of '/home/runner/work/chicago/chicago'
2026-10-01T08:33:45.2938348Z ##[group]Initializing the repository
2026-10-01T08:33:45.2940436Z [command]/usr/bin/git init /home/runner/work/chicago/chicago
2026-10-01T08:33:45.3012268Z hint: Using 'master' as the name for the initial branch. This default branch name
2026-10-01T08:33:45.3012887Z hint: will change to "main" in Git 3.0. To configure the initial branch name
2026-10-01T08:33:45.3013555Z hint: to use in all of your new repositories, which will suppress this warning,
2026-10-01T08:33:45.3014059Z hint: call:
2026-10-01T08:33:45.3014478Z hint:
2026-10-01T08:33:45.3014755Z hint: 	git config --global init.defaultBranch <name>
2026-10-01T08:33:45.3015098Z hint:
2026-10-01T08:33:45.3015558Z hint: Names commonly chosen instead of 'master' are 'main', 'trunk' and
2026-10-01T08:33:45.3016280Z hint: 'development'. The just-created branch can be renamed via this command:
2026-10-01T08:33:45.3016888Z hint:
2026-10-01T08:33:45.3017228Z hint: 	git branch -m <name>
2026-10-01T08:33:45.3017620Z hint:
2026-10-01T08:33:45.3018134Z hint: Disable this message with "git config set advice.defaultBranchName false"
2026-10-01T08:33:45.3018957Z Initialized empty Git repository in /home/runner/work/chicago/chicago/.git/
2026-10-01T08:33:45.3022122Z [command]/usr/bin/git remote add origin https://github.com/kevinrhaas/chicago
2026-10-01T08:33:45.3058960Z ##[endgroup]
2026-10-01T08:33:45.3059600Z ##[group]Disabling automatic garbage collection
2026-10-01T08:33:45.3061582Z [command]/usr/bin/git config --local gc.auto 0
2026-10-01T08:33:45.3083217Z ##[endgroup]
2026-10-01T08:33:45.3083801Z ##[group]Setting up auth
2026-10-01T08:33:45.3087269Z [command]/usr/bin/git config --local --name-only --get-regexp core\.sshCommand
2026-10-01T08:33:45.3108604Z [command]/usr/bin/git submodule foreach --recursive sh -c "git config --local --name-only --get-regexp 'core\.sshCommand' && git config --local --unset-all 'core.sshCommand' || :"
2026-10-01T08:33:45.3377357Z [command]/usr/bin/git config --local --name-only --get-regexp http\.https\:\/\/github\.com\/\.extraheader
2026-10-01T08:33:45.3398340Z [command]/usr/bin/git submodule foreach --recursive sh -c "git config --local --name-only --get-regexp 'http\.https\:\/\/github\.com\/\.extraheader' && git config --local --unset-all 'http.https://github.com/.extraheader' || :"
2026-10-01T08:33:45.3552889Z [command]/usr/bin/git config --local --name-only --get-regexp ^includeIf\.gitdir:
2026-10-01T08:33:45.3573433Z [command]/usr/bin/git submodule foreach --recursive git config --local --show-origin --name-only --get-regexp remote.origin.url
2026-10-01T08:33:45.3727533Z [command]/usr/bin/git config --local http.https://github.com/.extraheader AUTHORIZATION: basic ***
2026-10-01T08:33:45.3753157Z ##[endgroup]
2026-10-01T08:33:45.3753667Z ##[group]Fetching the repository
2026-10-01T08:33:45.3758397Z [command]/usr/bin/git -c protocol.version=2 fetch --no-tags --prune --no-recurse-submodules --depth=1 origin +9446a07a87b92ae4920e69398e1d986ad91f0bb4:refs/remotes/origin/steward/t1766-canal-grocery-workshops
2026-10-01T08:35:40.5405274Z From https://github.com/kevinrhaas/chicago
2026-10-01T08:35:40.5406036Z  * [new ref]         9446a07a87b92ae4920e69398e1d986ad91f0bb4 -> origin/steward/t1766-canal-grocery-workshops
2026-10-01T08:35:40.5408051Z ##[endgroup]
2026-10-01T08:35:40.5408363Z ##[group]Determining the checkout info
2026-10-01T08:35:40.5409871Z ##[endgroup]
2026-10-01T08:35:40.5413938Z [command]/usr/bin/git sparse-checkout disable
2026-10-01T08:35:40.5453555Z [command]/usr/bin/git config --local --unset-all extensions.worktreeConfig
2026-10-01T08:35:40.5474359Z ##[group]Checking out the ref
2026-10-01T08:35:40.5476867Z [command]/usr/bin/git checkout --progress --force -B steward/t1766-canal-grocery-workshops refs/remotes/origin/steward/t1766-canal-grocery-workshops
2026-10-01T08:35:41.5569422Z Updating files:  68% (6246/9120)
2026-10-01T08:35:41.5603517Z Updating files:  69% (6293/9120)
2026-10-01T08:35:41.5639057Z Updating files:  70% (6384/9120)
2026-10-01T08:35:41.5780916Z Updating files:  71% (6476/9120)
2026-10-01T08:35:41.5931865Z Updating files:  72% (6567/9120)
2026-10-01T08:35:41.6205892Z Updating files:  73% (6658/9120)
2026-10-01T08:35:41.7537734Z Updating files:  74% (6749/9120)
2026-10-01T08:35:41.7745435Z Updating files:  75% (6840/9120)
2026-10-01T08:35:41.7990868Z Updating files:  76% (6932/9120)
2026-10-01T08:35:41.8495777Z Updating files:  77% (7023/9120)
2026-10-01T08:35:41.8752066Z Updating files:  78% (7114/9120)
2026-10-01T08:35:41.8847727Z Updating files:  79% (7205/9120)
2026-10-01T08:35:41.9074489Z Updating files:  80% (7296/9120)
2026-10-01T08:35:41.9188376Z Updating files:  81% (7388/9120)
2026-10-01T08:35:41.9292260Z Updating files:  82% (7479/9120)
2026-10-01T08:35:41.9379009Z Updating files:  83% (7570/9120)
2026-10-01T08:35:41.9476652Z Updating files:  84% (7661/9120)
2026-10-01T08:35:41.9591795Z Updating files:  85% (7752/9120)
2026-10-01T08:35:41.9698711Z Updating files:  86% (7844/9120)
2026-10-01T08:35:42.0158963Z Updating files:  87% (7935/9120)
2026-10-01T08:35:42.0686220Z Updating files:  88% (8026/9120)
2026-10-01T08:35:42.2286484Z Updating files:  89% (8117/9120)
2026-10-01T08:35:42.4671476Z Updating files:  90% (8208/9120)
2026-10-01T08:35:42.5582815Z Updating files:  91% (8300/9120)
2026-10-01T08:35:42.6534880Z Updating files:  91% (8323/9120)
2026-10-01T08:35:42.7434668Z Updating files:  92% (8391/9120)
2026-10-01T08:35:42.7831728Z Updating files:  93% (8482/9120)
2026-10-01T08:35:42.8117986Z Updating files:  94% (8573/9120)
2026-10-01T08:35:42.9046662Z Updating files:  95% (8664/9120)
2026-10-01T08:35:42.9962680Z Updating files:  96% (8756/9120)
2026-10-01T08:35:43.0498414Z Updating files:  97% (8847/9120)
2026-10-01T08:35:43.2704777Z Updating files:  98% (8938/9120)
2026-10-01T08:35:43.4711969Z Updating files:  99% (9029/9120)
2026-10-01T08:35:43.4712220Z Updating files: 100% (9120/9120)
2026-10-01T08:35:43.4712368Z Updating files: 100% (9120/9120), done.
2026-10-01T08:35:43.4933521Z Switched to a new branch 'steward/t1766-canal-grocery-workshops'
2026-10-01T08:35:43.4939330Z branch 'steward/t1766-canal-grocery-workshops' set up to track 'origin/steward/t1766-canal-grocery-workshops'.
2026-10-01T08:35:43.5172892Z ##[endgroup]
2026-10-01T08:35:43.5215847Z [command]/usr/bin/git log -1 --format=%H
2026-10-01T08:35:43.5226000Z 9446a07a87b92ae4920e69398e1d986ad91f0bb4
2026-10-01T08:35:43.5557468Z ##[group]Run actions/setup-node@v4
2026-10-01T08:35:43.5557619Z with:
2026-10-01T08:35:43.5557747Z   node-version: 22
2026-10-01T08:35:43.5557860Z   always-auth: false
2026-10-01T08:35:43.5557973Z   check-latest: false
2026-10-01T08:35:43.5559137Z   token: ***
2026-10-01T08:35:43.5559252Z ##[endgroup]
2026-10-01T08:35:43.6570879Z Found in cache @ /opt/hostedtoolcache/node/22.23.2/x64
2026-10-01T08:35:43.6574013Z (node:2081) [DEP0040] DeprecationWarning: The `punycode` module is deprecated. Please use a userland alternative instead.
2026-10-01T08:35:43.6574633Z (Use `node --trace-deprecation ...` to show where the warning was created)
2026-10-01T08:35:43.6575934Z ##[group]Environment details
2026-10-01T08:35:44.0935973Z node: v22.23.2
2026-10-01T08:35:44.0936123Z npm: 10.9.8
2026-10-01T08:35:44.0936230Z yarn: 1.22.22
2026-10-01T08:35:44.0936742Z ##[endgroup]
2026-10-01T08:35:44.1518126Z ##[group]Run set -e
2026-10-01T08:35:44.1518293Z [36;1mset -e[0m
2026-10-01T08:35:44.1518425Z [36;1mnpm install -g playwright@1.56.1[0m
2026-10-01T08:35:44.1518662Z [36;1mnode "$(npm root -g)/playwright/cli.js" install --with-deps chromium[0m
2026-10-01T08:35:44.2131817Z shell: /usr/bin/bash -e {0}
2026-10-01T08:35:44.2132007Z ##[endgroup]
2026-10-01T08:35:45.8473820Z 
2026-10-01T08:35:45.8479829Z added 2 packages in 2s
2026-10-01T08:35:46.2547518Z Installing dependencies...
2026-10-01T08:35:46.2588047Z Switching to root user to install dependencies...
2026-10-01T08:35:46.3099897Z Get:1 file:/etc/apt/apt-mirrors.txt Mirrorlist [144 B]
2026-10-01T08:35:46.3456216Z Get:6 https://packages.microsoft.com/ubuntu/24.04/prod noble InRelease [3600 B]
2026-10-01T08:35:46.3547359Z Hit:2 http://azure.archive.ubuntu.com/ubuntu noble InRelease
2026-10-01T08:35:46.3569056Z Get:3 http://azure.archive.ubuntu.com/ubuntu noble-updates InRelease [126 kB]
2026-10-01T08:35:46.3596809Z Get:4 http://azure.archive.ubuntu.com/ubuntu noble-backports InRelease [126 kB]
2026-10-01T08:35:46.3613378Z Get:5 http://azure.archive.ubuntu.com/ubuntu noble-security InRelease [126 kB]
2026-10-01T08:35:46.3995410Z Get:7 https://packages.microsoft.com/ubuntu/24.04/prod noble/main amd64 Packages [509 kB]
2026-10-01T08:35:46.4203982Z Get:8 https://packages.microsoft.com/ubuntu/24.04/prod noble/main arm64 Packages [456 kB]
2026-10-01T08:35:46.4625578Z Get:9 http://azure.archive.ubuntu.com/ubuntu noble-updates/main amd64 Packages [1342 kB]
2026-10-01T08:35:46.4677586Z Get:10 http://azure.archive.ubuntu.com/ubuntu noble-updates/main Translation-en [302 kB]
2026-10-01T08:35:46.4705861Z Get:11 http://azure.archive.ubuntu.com/ubuntu noble-updates/main amd64 Components [181 kB]
2026-10-01T08:35:46.4715942Z Get:12 http://azure.archive.ubuntu.com/ubuntu noble-updates/universe amd64 Packages [1699 kB]
2026-10-01T08:35:46.4776009Z Get:13 http://azure.archive.ubuntu.com/ubuntu noble-updates/universe Translation-en [341 kB]
2026-10-01T08:35:46.4806164Z Get:14 http://azure.archive.ubuntu.com/ubuntu noble-updates/universe amd64 Components [388 kB]
2026-10-01T08:35:46.4807301Z Get:15 http://azure.archive.ubuntu.com/ubuntu noble-updates/restricted amd64 Packages [1697 kB]
2026-10-01T08:35:46.4879702Z Get:16 http://azure.archive.ubuntu.com/ubuntu noble-updates/restricted Translation-en [388 kB]
2026-10-01T08:35:46.4886210Z Get:17 http://azure.archive.ubuntu.com/ubuntu noble-updates/multiverse amd64 Components [940 B]
2026-10-01T08:35:46.5004702Z Get:18 http://azure.archive.ubuntu.com/ubuntu noble-backports/main amd64 Packages [40.6 kB]
2026-10-01T08:35:46.5457979Z Get:19 http://azure.archive.ubuntu.com/ubuntu noble-backports/main amd64 Components [5760 B]
2026-10-01T08:35:46.5465400Z Get:20 http://azure.archive.ubuntu.com/ubuntu noble-backports/universe amd64 Packages [31.0 kB]
2026-10-01T08:35:46.5473614Z Get:21 http://azure.archive.ubuntu.com/ubuntu noble-backports/universe Translation-en [18.6 kB]
2026-10-01T08:35:46.5481571Z Get:22 http://azure.archive.ubuntu.com/ubuntu noble-backports/universe amd64 Components [12.6 kB]
2026-10-01T08:35:46.5490289Z Get:23 http://azure.archive.ubuntu.com/ubuntu noble-security/main amd64 Packages [1066 kB]
2026-10-01T08:35:46.5529193Z Get:24 http://azure.archive.ubuntu.com/ubuntu noble-security/main Translation-en [220 kB]
2026-10-01T08:35:46.5548262Z Get:25 http://azure.archive.ubuntu.com/ubuntu noble-security/main amd64 Components [46.4 kB]
2026-10-01T08:35:46.5551952Z Get:26 http://azure.archive.ubuntu.com/ubuntu noble-security/universe amd64 Packages [1216 kB]
2026-10-01T08:35:46.5596382Z Get:27 http://azure.archive.ubuntu.com/ubuntu noble-security/universe Translation-en [244 kB]
2026-10-01T08:35:46.5610480Z Get:28 http://azure.archive.ubuntu.com/ubuntu noble-security/universe amd64 Components [76.3 kB]
2026-10-01T08:35:46.5621735Z Get:29 http://azure.archive.ubuntu.com/ubuntu noble-security/restricted amd64 Packages [1566 kB]
2026-10-01T08:35:46.5677965Z Get:30 http://azure.archive.ubuntu.com/ubuntu noble-security/restricted Translation-en [361 kB]
2026-10-01T08:35:52.6462776Z Fetched 12.6 MB in 1s (12.8 MB/s)
2026-10-01T08:35:53.1006880Z Reading package lists...
2026-10-01T08:35:53.1181559Z Reading package lists...
2026-10-01T08:35:53.2400007Z Building dependency tree...
2026-10-01T08:35:53.2404878Z Reading state information...
2026-10-01T08:35:53.3403341Z libasound2t64 is already the newest version (1.2.11-1ubuntu0.3).
2026-10-01T08:35:53.3403833Z libasound2t64 set to manually installed.
2026-10-01T08:35:53.3404331Z libatk-bridge2.0-0t64 is already the newest version (2.52.0-1build1).
2026-10-01T08:35:53.3404828Z libatk-bridge2.0-0t64 set to manually installed.
2026-10-01T08:35:53.3405447Z libatk1.0-0t64 is already the newest version (2.52.0-1build1).
2026-10-01T08:35:53.3405888Z libatk1.0-0t64 set to manually installed.
2026-10-01T08:35:53.3406316Z libatspi2.0-0t64 is already the newest version (2.52.0-1build1).
2026-10-01T08:35:53.3406728Z libatspi2.0-0t64 set to manually installed.
2026-10-01T08:35:53.3407204Z libcairo2 is already the newest version (1.18.0-3build1).
2026-10-01T08:35:53.3407570Z libcairo2 set to manually installed.
2026-10-01T08:35:53.3407980Z libcups2t64 is already the newest version (2.4.7-1.2ubuntu7.14).
2026-10-01T08:35:53.3408795Z libcups2t64 set to manually installed.
2026-10-01T08:35:53.3409222Z libdbus-1-3 is already the newest version (1.14.10-4ubuntu4.1).
2026-10-01T08:35:53.3409633Z libdbus-1-3 set to manually installed.
2026-10-01T08:35:53.3409986Z libdrm2 is already the newest version (2.4.125-1ubuntu0.1~24.04.2).
2026-10-01T08:35:53.3410298Z libdrm2 set to manually installed.
2026-10-01T08:35:53.3410600Z libnspr4 is already the newest version (2:4.35-1.1build1).
2026-10-01T08:35:53.3410891Z libnspr4 set to manually installed.
2026-10-01T08:35:53.3411163Z libnss3 is already the newest version (2:3.98-1ubuntu0.2).
2026-10-01T08:35:53.3411355Z libnss3 set to manually installed.
2026-10-01T08:35:53.3411565Z libpango-1.0-0 is already the newest version (1.52.1+ds-1build1).
2026-10-01T08:35:53.3411782Z libpango-1.0-0 set to manually installed.
2026-10-01T08:35:53.3412033Z libx11-6 is already the newest version (2:1.8.7-1build1).
2026-10-01T08:35:53.3412228Z libx11-6 set to manually installed.
2026-10-01T08:35:53.3412422Z libxcb1 is already the newest version (1.15-1ubuntu2).
2026-10-01T08:35:53.3412646Z libxcb1 set to manually installed.
2026-10-01T08:35:53.3412953Z libxcomposite1 is already the newest version (1:0.4.5-1build3).
2026-10-01T08:35:53.3413161Z libxcomposite1 set to manually installed.
2026-10-01T08:35:53.3413372Z libxdamage1 is already the newest version (1:1.1.6-1build1).
2026-10-01T08:35:53.3413569Z libxdamage1 set to manually installed.
2026-10-01T08:35:53.3413770Z libxext6 is already the newest version (2:1.3.4-1build2).
2026-10-01T08:35:53.3413958Z libxext6 set to manually installed.
2026-10-01T08:35:53.3414155Z libxfixes3 is already the newest version (1:6.0.0-2build1).
2026-10-01T08:35:53.3414352Z libxfixes3 set to manually installed.
2026-10-01T08:35:53.3414562Z libxkbcommon0 is already the newest version (1.6.0-1build1).
2026-10-01T08:35:53.3414763Z libxkbcommon0 set to manually installed.
2026-10-01T08:35:53.3414970Z libxrandr2 is already the newest version (2:1.5.2-2build1).
2026-10-01T08:35:53.3415318Z libxrandr2 set to manually installed.
2026-10-01T08:35:53.3415704Z fonts-noto-color-emoji is already the newest version (2.047-0ubuntu0.24.04.1).
2026-10-01T08:35:53.3416141Z libfontconfig1 is already the newest version (2.15.0-1.1ubuntu2).
2026-10-01T08:35:53.3416457Z libfontconfig1 set to manually installed.
2026-10-01T08:35:53.3416684Z libfreetype6 is already the newest version (2.13.2+dfsg-1ubuntu0.1).
2026-10-01T08:35:53.3416899Z libfreetype6 set to manually installed.
2026-10-01T08:35:53.3417113Z fonts-liberation is already the newest version (1:2.1.5-3).
2026-10-01T08:35:53.3417322Z fonts-liberation set to manually installed.
2026-10-01T08:35:53.3417528Z The following additional packages will be installed:
2026-10-01T08:35:53.3417975Z   gir1.2-glib-2.0 libgl1-mesa-dri libglib2.0-bin libglib2.0-data libglx-mesa0
2026-10-01T08:35:53.3418256Z   libwayland-server0 mesa-libgallium xfonts-encodings xfonts-utils
2026-10-01T08:35:53.3418445Z   xserver-common
2026-10-01T08:35:53.3418605Z Suggested packages:
2026-10-01T08:35:53.3418783Z   low-memory-monitor
2026-10-01T08:35:53.3418967Z Recommended packages:
2026-10-01T08:35:53.3419196Z   fonts-ipafont-mincho fonts-tlwg-loma xfonts-base
2026-10-01T08:35:53.3584741Z The following NEW packages will be installed:
2026-10-01T08:35:53.3585398Z   fonts-freefont-ttf fonts-ipafont-gothic fonts-tlwg-loma-otf fonts-unifont
2026-10-01T08:35:53.3587617Z   fonts-wqy-zenhei libwayland-server0 xfonts-cyrillic xfonts-encodings
2026-10-01T08:35:53.3588046Z   xfonts-scalable xfonts-utils
2026-10-01T08:35:53.3589682Z The following packages will be upgraded:
2026-10-01T08:35:53.3590323Z   gir1.2-glib-2.0 libgbm1 libgl1-mesa-dri libglib2.0-0t64 libglib2.0-bin
2026-10-01T08:35:53.3592931Z   libglib2.0-data libglx-mesa0 mesa-libgallium xserver-common xvfb
2026-10-01T08:35:53.3712112Z 10 upgraded, 10 newly installed, 0 to remove and 36 not upgraded.
2026-10-01T08:35:53.3712475Z Need to get 34.9 MB of archives.
2026-10-01T08:35:53.3712821Z After this operation, 79.7 MB of additional disk space will be used.
2026-10-01T08:35:53.3713465Z Get:1 file:/etc/apt/apt-mirrors.txt Mirrorlist [144 B]
2026-10-01T08:35:53.4593264Z Get:2 http://azure.archive.ubuntu.com/ubuntu noble/universe amd64 fonts-ipafont-gothic all 00303-21ubuntu1 [3513 kB]
2026-10-01T08:35:53.8055290Z Get:3 http://azure.archive.ubuntu.com/ubuntu noble-updates/main amd64 libglib2.0-data all 2.80.0-6ubuntu3.9 [50.1 kB]
2026-10-01T08:35:53.9839344Z Get:4 http://azure.archive.ubuntu.com/ubuntu noble-updates/main amd64 libglib2.0-bin amd64 2.80.0-6ubuntu3.9 [97.9 kB]
2026-10-01T08:35:54.0829264Z Get:5 http://azure.archive.ubuntu.com/ubuntu noble-updates/main amd64 gir1.2-glib-2.0 amd64 2.80.0-6ubuntu3.9 [183 kB]
2026-10-01T08:35:54.1894574Z Get:6 http://azure.archive.ubuntu.com/ubuntu noble-updates/main amd64 libglib2.0-0t64 amd64 2.80.0-6ubuntu3.9 [1547 kB]
2026-10-01T08:35:54.3058213Z Get:7 http://azure.archive.ubuntu.com/ubuntu noble/main amd64 fonts-freefont-ttf all 20211204+svn4273-2 [5641 kB]
2026-10-01T08:35:54.4212435Z Get:8 http://azure.archive.ubuntu.com/ubuntu noble/universe amd64 fonts-tlwg-loma-otf all 1:0.7.3-1 [107 kB]
2026-10-01T08:35:54.5440453Z Get:9 http://azure.archive.ubuntu.com/ubuntu noble/universe amd64 fonts-unifont all 1:15.1.01-1build1 [2993 kB]
2026-10-01T08:35:54.6638977Z Get:10 http://azure.archive.ubuntu.com/ubuntu noble/universe amd64 fonts-wqy-zenhei all 0.9.45-8 [7472 kB]
2026-10-01T08:35:54.8730666Z Get:11 http://azure.archive.ubuntu.com/ubuntu noble-updates/main amd64 libgl1-mesa-dri amd64 25.2.8-0ubuntu0.24.04.3 [37.9 kB]
2026-10-01T08:35:54.9827636Z Get:12 http://azure.archive.ubuntu.com/ubuntu noble/main amd64 libwayland-server0 amd64 1.22.0-2.1build1 [33.9 kB]
2026-10-01T08:35:55.0870646Z Get:13 http://azure.archive.ubuntu.com/ubuntu noble-updates/main amd64 libglx-mesa0 amd64 25.2.8-0ubuntu0.24.04.3 [110 kB]
2026-10-01T08:35:55.1868301Z Get:14 http://azure.archive.ubuntu.com/ubuntu noble-updates/main amd64 libgbm1 amd64 25.2.8-0ubuntu0.24.04.3 [34.3 kB]
2026-10-01T08:35:55.3110238Z Get:15 http://azure.archive.ubuntu.com/ubuntu noble-updates/main amd64 mesa-libgallium amd64 25.2.8-0ubuntu0.24.04.3 [10.8 MB]
2026-10-01T08:35:55.6778798Z Get:16 http://azure.archive.ubuntu.com/ubuntu noble/main amd64 xfonts-encodings all 1:1.0.5-0ubuntu2 [578 kB]
2026-10-01T08:35:55.7930340Z Get:17 http://azure.archive.ubuntu.com/ubuntu noble/main amd64 xfonts-utils amd64 1:7.7+6build3 [94.4 kB]
2026-10-01T08:35:55.9132082Z Get:18 http://azure.archive.ubuntu.com/ubuntu noble/universe amd64 xfonts-cyrillic all 1:1.0.5+nmu1 [384 kB]
2026-10-01T08:35:56.0418444Z Get:19 http://azure.archive.ubuntu.com/ubuntu noble/main amd64 xfonts-scalable all 1:1.0.3-1.3 [304 kB]
2026-10-01T08:35:56.2027104Z Get:20 http://azure.archive.ubuntu.com/ubuntu noble-updates/main amd64 xserver-common all 2:21.1.12-1ubuntu1.8 [34.8 kB]
2026-10-01T08:35:56.3045961Z Get:21 http://azure.archive.ubuntu.com/ubuntu noble-updates/universe amd64 xvfb amd64 2:21.1.12-1ubuntu1.8 [877 kB]
2026-10-01T08:35:56.5449425Z Fetched 34.9 MB in 3s (11.6 MB/s)
2026-10-01T08:35:56.6378932Z Selecting previously unselected package fonts-ipafont-gothic.
2026-10-01T08:35:56.6601163Z (Reading database ... 
2026-10-01T08:35:56.6601390Z (Reading database ... 5%
2026-10-01T08:35:56.6601699Z (Reading database ... 10%
2026-10-01T08:35:56.6601845Z (Reading database ... 15%
2026-10-01T08:35:56.6602010Z (Reading database ... 20%
2026-10-01T08:35:56.6602478Z (Reading database ... 25%
2026-10-01T08:35:56.6602637Z (Reading database ... 30%
2026-10-01T08:35:56.6602765Z (Reading database ... 35%
2026-10-01T08:35:56.6602895Z (Reading database ... 40%
2026-10-01T08:35:56.6603021Z (Reading database ... 45%
2026-10-01T08:35:56.6603146Z (Reading database ... 50%
2026-10-01T08:35:56.6644929Z (Reading database ... 55%
2026-10-01T08:35:56.7374151Z (Reading database ... 60%
2026-10-01T08:35:56.9270202Z (Reading database ... 65%
2026-10-01T08:35:57.1329411Z (Reading database ... 70%
2026-10-01T08:35:57.3381368Z (Reading database ... 75%
2026-10-01T08:35:57.4793519Z (Reading database ... 80%
2026-10-01T08:35:57.7288733Z (Reading database ... 85%
2026-10-01T08:35:57.9284201Z (Reading database ... 90%
2026-10-01T08:35:58.0868677Z (Reading database ... 95%
2026-10-01T08:35:58.0868930Z (Reading database ... 100%
2026-10-01T08:35:58.0869294Z (Reading database ... 202190 files and directories currently installed.)
2026-10-01T08:35:58.0901760Z Preparing to unpack .../00-fonts-ipafont-gothic_00303-21ubuntu1_all.deb ...
2026-10-01T08:35:58.1055452Z Unpacking fonts-ipafont-gothic (00303-21ubuntu1) ...
2026-10-01T08:35:58.3210628Z Preparing to unpack .../01-libglib2.0-data_2.80.0-6ubuntu3.9_all.deb ...
2026-10-01T08:35:58.3227091Z Unpacking libglib2.0-data (2.80.0-6ubuntu3.9) over (2.80.0-6ubuntu3.8) ...
2026-10-01T08:35:58.3485001Z Preparing to unpack .../02-libglib2.0-bin_2.80.0-6ubuntu3.9_amd64.deb ...
2026-10-01T08:35:58.3502321Z Unpacking libglib2.0-bin (2.80.0-6ubuntu3.9) over (2.80.0-6ubuntu3.8) ...
2026-10-01T08:35:58.3882003Z Preparing to unpack .../03-gir1.2-glib-2.0_2.80.0-6ubuntu3.9_amd64.deb ...
2026-10-01T08:35:58.3900682Z Unpacking gir1.2-glib-2.0:amd64 (2.80.0-6ubuntu3.9) over (2.80.0-6ubuntu3.8) ...
2026-10-01T08:35:58.4202407Z Preparing to unpack .../04-libglib2.0-0t64_2.80.0-6ubuntu3.9_amd64.deb ...
2026-10-01T08:35:58.4255512Z Unpacking libglib2.0-0t64:amd64 (2.80.0-6ubuntu3.9) over (2.80.0-6ubuntu3.8) ...
2026-10-01T08:35:58.4662635Z Selecting previously unselected package fonts-freefont-ttf.
2026-10-01T08:35:58.4753387Z Preparing to unpack .../05-fonts-freefont-ttf_20211204+svn4273-2_all.deb ...
2026-10-01T08:35:58.4760361Z Unpacking fonts-freefont-ttf (20211204+svn4273-2) ...
2026-10-01T08:35:58.5596813Z Selecting previously unselected package fonts-tlwg-loma-otf.
2026-10-01T08:35:58.5687057Z Preparing to unpack .../06-fonts-tlwg-loma-otf_1%3a0.7.3-1_all.deb ...
2026-10-01T08:35:58.5693798Z Unpacking fonts-tlwg-loma-otf (1:0.7.3-1) ...
2026-10-01T08:35:58.5851073Z Selecting previously unselected package fonts-unifont.
2026-10-01T08:35:58.5939863Z Preparing to unpack .../07-fonts-unifont_1%3a15.1.01-1build1_all.deb ...
2026-10-01T08:35:58.5944881Z Unpacking fonts-unifont (1:15.1.01-1build1) ...
2026-10-01T08:35:58.7780862Z Selecting previously unselected package fonts-wqy-zenhei.
2026-10-01T08:35:58.7871549Z Preparing to unpack .../08-fonts-wqy-zenhei_0.9.45-8_all.deb ...
2026-10-01T08:35:58.7943980Z Unpacking fonts-wqy-zenhei (0.9.45-8) ...
2026-10-01T08:35:59.2082955Z Preparing to unpack .../09-libgl1-mesa-dri_25.2.8-0ubuntu0.24.04.3_amd64.deb ...
2026-10-01T08:35:59.2189008Z Unpacking libgl1-mesa-dri:amd64 (25.2.8-0ubuntu0.24.04.3) over (25.2.8-0ubuntu0.24.04.2) ...
2026-10-01T08:35:59.2471254Z Selecting previously unselected package libwayland-server0:amd64.
2026-10-01T08:35:59.2562749Z Preparing to unpack .../10-libwayland-server0_1.22.0-2.1build1_amd64.deb ...
2026-10-01T08:35:59.2568776Z Unpacking libwayland-server0:amd64 (1.22.0-2.1build1) ...
2026-10-01T08:35:59.2811197Z Preparing to unpack .../11-libglx-mesa0_25.2.8-0ubuntu0.24.04.3_amd64.deb ...
2026-10-01T08:35:59.2830709Z Unpacking libglx-mesa0:amd64 (25.2.8-0ubuntu0.24.04.3) over (25.2.8-0ubuntu0.24.04.2) ...
2026-10-01T08:35:59.3097817Z Preparing to unpack .../12-libgbm1_25.2.8-0ubuntu0.24.04.3_amd64.deb ...
2026-10-01T08:35:59.3115795Z Unpacking libgbm1:amd64 (25.2.8-0ubuntu0.24.04.3) over (25.2.8-0ubuntu0.24.04.2) ...
2026-10-01T08:35:59.3380523Z Preparing to unpack .../13-mesa-libgallium_25.2.8-0ubuntu0.24.04.3_amd64.deb ...
2026-10-01T08:35:59.3397257Z Unpacking mesa-libgallium:amd64 (25.2.8-0ubuntu0.24.04.3) over (25.2.8-0ubuntu0.24.04.2) ...
2026-10-01T08:35:59.6460726Z Selecting previously unselected package xfonts-encodings.
2026-10-01T08:35:59.6555435Z Preparing to unpack .../14-xfonts-encodings_1%3a1.0.5-0ubuntu2_all.deb ...
2026-10-01T08:35:59.6560361Z Unpacking xfonts-encodings (1:1.0.5-0ubuntu2) ...
2026-10-01T08:35:59.6763975Z Selecting previously unselected package xfonts-utils.
2026-10-01T08:35:59.6852631Z Preparing to unpack .../15-xfonts-utils_1%3a7.7+6build3_amd64.deb ...
2026-10-01T08:35:59.6857826Z Unpacking xfonts-utils (1:7.7+6build3) ...
2026-10-01T08:35:59.7096515Z Selecting previously unselected package xfonts-cyrillic.
2026-10-01T08:35:59.7183776Z Preparing to unpack .../16-xfonts-cyrillic_1%3a1.0.5+nmu1_all.deb ...
2026-10-01T08:35:59.7189478Z Unpacking xfonts-cyrillic (1:1.0.5+nmu1) ...
2026-10-01T08:35:59.7423809Z Selecting previously unselected package xfonts-scalable.
2026-10-01T08:35:59.7512800Z Preparing to unpack .../17-xfonts-scalable_1%3a1.0.3-1.3_all.deb ...
2026-10-01T08:35:59.7518704Z Unpacking xfonts-scalable (1:1.0.3-1.3) ...
2026-10-01T08:35:59.7776475Z Preparing to unpack .../18-xserver-common_2%3a21.1.12-1ubuntu1.8_all.deb ...
2026-10-01T08:35:59.7791823Z Unpacking xserver-common (2:21.1.12-1ubuntu1.8) over (2:21.1.12-1ubuntu1.6) ...
2026-10-01T08:35:59.8049415Z Preparing to unpack .../19-xvfb_2%3a21.1.12-1ubuntu1.8_amd64.deb ...
2026-10-01T08:35:59.8064167Z Unpacking xvfb (2:21.1.12-1ubuntu1.8) over (2:21.1.12-1ubuntu1.6) ...
2026-10-01T08:35:59.8547253Z Setting up libwayland-server0:amd64 (1.22.0-2.1build1) ...
2026-10-01T08:35:59.8564016Z Setting up mesa-libgallium:amd64 (25.2.8-0ubuntu0.24.04.3) ...
2026-10-01T08:35:59.8578455Z Setting up libgbm1:amd64 (25.2.8-0ubuntu0.24.04.3) ...
2026-10-01T08:35:59.8593038Z Setting up libgl1-mesa-dri:amd64 (25.2.8-0ubuntu0.24.04.3) ...
2026-10-01T08:35:59.8646489Z Setting up fonts-wqy-zenhei (0.9.45-8) ...
2026-10-01T08:35:59.8728387Z Setting up fonts-freefont-ttf (20211204+svn4273-2) ...
2026-10-01T08:35:59.8742219Z Setting up libglib2.0-0t64:amd64 (2.80.0-6ubuntu3.9) ...
2026-10-01T08:35:59.8822949Z Setting up libglib2.0-data (2.80.0-6ubuntu3.9) ...
2026-10-01T08:35:59.8836611Z Setting up fonts-tlwg-loma-otf (1:0.7.3-1) ...
2026-10-01T08:35:59.8850039Z Setting up xfonts-encodings (1:1.0.5-0ubuntu2) ...
2026-10-01T08:35:59.8864241Z Setting up gir1.2-glib-2.0:amd64 (2.80.0-6ubuntu3.9) ...
2026-10-01T08:35:59.8877543Z Setting up fonts-ipafont-gothic (00303-21ubuntu1) ...
2026-10-01T08:35:59.8923163Z update-alternatives: using /usr/share/fonts/opentype/ipafont-gothic/ipag.ttf to provide /usr/share/fonts/truetype/fonts-japanese-gothic.ttf (fonts-japanese-gothic.ttf) in auto mode
2026-10-01T08:35:59.8934279Z Setting up xserver-common (2:21.1.12-1ubuntu1.8) ...
2026-10-01T08:35:59.8948256Z Setting up fonts-unifont (1:15.1.01-1build1) ...
2026-10-01T08:35:59.8961831Z Setting up libglx-mesa0:amd64 (25.2.8-0ubuntu0.24.04.3) ...
2026-10-01T08:35:59.8975968Z Setting up xvfb (2:21.1.12-1ubuntu1.8) ...
2026-10-01T08:35:59.8990254Z Setting up libglib2.0-bin (2.80.0-6ubuntu3.9) ...
2026-10-01T08:35:59.9003735Z Setting up xfonts-utils (1:7.7+6build3) ...
2026-10-01T08:35:59.9032955Z Setting up xfonts-cyrillic (1:1.0.5+nmu1) ...
2026-10-01T08:35:59.9246700Z Setting up xfonts-scalable (1:1.0.3-1.3) ...
2026-10-01T08:35:59.9438818Z Processing triggers for libc-bin (2.39-0ubuntu8.9) ...
2026-10-01T08:36:00.1169222Z Processing triggers for man-db (2.12.0-4build2) ...
2026-10-01T08:36:00.1186450Z Not building database; man-db/auto-update is not 'true'.
2026-10-01T08:36:00.1195332Z Processing triggers for fontconfig (2.15.0-1.1ubuntu2) ...
2026-10-01T08:36:00.5577232Z 
2026-10-01T08:36:00.5577732Z Running kernel seems to be up-to-date.
2026-10-01T08:36:00.5577927Z 
2026-10-01T08:36:00.5577991Z Restarting services...
2026-10-01T08:36:00.5884210Z  systemctl restart packagekit.service php8.3-fpm.service polkit.service udisks2.service
2026-10-01T08:36:00.6901685Z 
2026-10-01T08:36:00.6902432Z Service restarts being deferred:
2026-10-01T08:36:00.6902937Z  systemctl restart ModemManager.service
2026-10-01T08:36:00.6903391Z  systemctl restart networkd-dispatcher.service
2026-10-01T08:36:00.6903686Z 
2026-10-01T08:36:00.6903932Z No containers need to be restarted.
2026-10-01T08:36:00.6904185Z 
2026-10-01T08:36:00.6904630Z No user sessions are running outdated binaries.
2026-10-01T08:36:00.6912947Z 
2026-10-01T08:36:00.6913435Z No VM guests are running outdated hypervisor (qemu) binaries on this host.
2026-10-01T08:36:01.2435989Z Downloading Chromium 141.0.7390.37 (playwright build v1194) from https://cdn.playwright.dev/dbazure/download/playwright/builds/chromium/1194/chromium-linux.zip
2026-10-01T08:36:01.3514139Z |                                                                                |   0% of 173.9 MiB
2026-10-01T08:36:01.4905480Z |■■■■■■■■                                                                        |  10% of 173.9 MiB
2026-10-01T08:36:01.5277950Z |■■■■■■■■■■■■■■■■                                                                |  20% of 173.9 MiB
2026-10-01T08:36:01.5652144Z |■■■■■■■■■■■■■■■■■■■■■■■■                                                        |  30% of 173.9 MiB
2026-10-01T08:36:01.5932029Z |■■■■■■■■■■■■■■■■■■■■■■■■■■■■■■■■                                                |  40% of 173.9 MiB
2026-10-01T08:36:01.6198813Z |■■■■■■■■■■■■■■■■■■■■■■■■■■■■■■■■■■■■■■■■                                        |  50% of 173.9 MiB
2026-10-01T08:36:01.6477401Z |■■■■■■■■■■■■■■■■■■■■■■■■■■■■■■■■■■■■■■■■■■■■■■■■                                |  60% of 173.9 MiB
2026-10-01T08:36:01.6822866Z |■■■■■■■■■■■■■■■■■■■■■■■■■■■■■■■■■■■■■■■■■■■■■■■■■■■■■■■■                        |  70% of 173.9 MiB
2026-10-01T08:36:01.7162277Z |■■■■■■■■■■■■■■■■■■■■■■■■■■■■■■■■■■■■■■■■■■■■■■■■■■■■■■■■■■■■■■■■                |  80% of 173.9 MiB
2026-10-01T08:36:01.7462034Z |■■■■■■■■■■■■■■■■■■■■■■■■■■■■■■■■■■■■■■■■■■■■■■■■■■■■■■■■■■■■■■■■■■■■■■■■        |  90% of 173.9 MiB
2026-10-01T08:36:01.7712060Z |■■■■■■■■■■■■■■■■■■■■■■■■■■■■■■■■■■■■■■■■■■■■■■■■■■■■■■■■■■■■■■■■■■■■■■■■■■■■■■■■| 100% of 173.9 MiB
2026-10-01T08:36:03.8867774Z Chromium 141.0.7390.37 (playwright build v1194) downloaded to /home/runner/.cache/ms-playwright/chromium-1194
2026-10-01T08:36:03.8869591Z Downloading FFMPEG playwright build v1011 from https://cdn.playwright.dev/dbazure/download/playwright/builds/ffmpeg/1011/ffmpeg-linux.zip
2026-10-01T08:36:03.9938297Z |                                                                                |   0% of 2.3 MiB
2026-10-01T08:36:04.0170181Z |■■■■■■■■                                                                        |  10% of 2.3 MiB
2026-10-01T08:36:04.0287318Z |■■■■■■■■■■■■■■■■                                                                |  20% of 2.3 MiB
2026-10-01T08:36:04.0367993Z |■■■■■■■■■■■■■■■■■■■■■■■■                                                        |  30% of 2.3 MiB
2026-10-01T08:36:04.0448856Z |■■■■■■■■■■■■■■■■■■■■■■■■■■■■■■■■                                                |  40% of 2.3 MiB
2026-10-01T08:36:04.0499847Z |■■■■■■■■■■■■■■■■■■■■■■■■■■■■■■■■■■■■■■■■                                        |  50% of 2.3 MiB
2026-10-01T08:36:04.0531195Z |■■■■■■■■■■■■■■■■■■■■■■■■■■■■■■■■■■■■■■■■■■■■■■■■                                |  60% of 2.3 MiB
2026-10-01T08:36:04.0578501Z |■■■■■■■■■■■■■■■■■■■■■■■■■■■■■■■■■■■■■■■■■■■■■■■■■■■■■■■■                        |  70% of 2.3 MiB
2026-10-01T08:36:04.0608650Z |■■■■■■■■■■■■■■■■■■■■■■■■■■■■■■■■■■■■■■■■■■■■■■■■■■■■■■■■■■■■■■■■                |  80% of 2.3 MiB
2026-10-01T08:36:04.0656665Z |■■■■■■■■■■■■■■■■■■■■■■■■■■■■■■■■■■■■■■■■■■■■■■■■■■■■■■■■■■■■■■■■■■■■■■■■        |  90% of 2.3 MiB
2026-10-01T08:36:04.0665075Z |■■■■■■■■■■■■■■■■■■■■■■■■■■■■■■■■■■■■■■■■■■■■■■■■■■■■■■■■■■■■■■■■■■■■■■■■■■■■■■■■| 100% of 2.3 MiB
2026-10-01T08:36:04.0994179Z FFMPEG playwright build v1011 downloaded to /home/runner/.cache/ms-playwright/ffmpeg-1011
2026-10-01T08:36:04.0996529Z Downloading Chromium Headless Shell 141.0.7390.37 (playwright build v1194) from https://cdn.playwright.dev/dbazure/download/playwright/builds/chromium/1194/chromium-headless-shell-linux.zip
2026-10-01T08:36:04.2099896Z |                                                                                |   0% of 104.3 MiB
2026-10-01T08:36:04.3613649Z |■■■■■■■■                                                                        |  10% of 104.3 MiB
2026-10-01T08:36:04.3882905Z |■■■■■■■■■■■■■■■■                                                                |  20% of 104.3 MiB
2026-10-01T08:36:04.4097197Z |■■■■■■■■■■■■■■■■■■■■■■■■                                                        |  30% of 104.3 MiB
2026-10-01T08:36:04.4282644Z |■■■■■■■■■■■■■■■■■■■■■■■■■■■■■■■■                                                |  40% of 104.3 MiB
2026-10-01T08:36:04.4515424Z |■■■■■■■■■■■■■■■■■■■■■■■■■■■■■■■■■■■■■■■■                                        |  50% of 104.3 MiB
2026-10-01T08:36:04.4712003Z |■■■■■■■■■■■■■■■■■■■■■■■■■■■■■■■■■■■■■■■■■■■■■■■■                                |  60% of 104.3 MiB
2026-10-01T08:36:04.4890700Z |■■■■■■■■■■■■■■■■■■■■■■■■■■■■■■■■■■■■■■■■■■■■■■■■■■■■■■■■                        |  70% of 104.3 MiB
2026-10-01T08:36:04.5093583Z |■■■■■■■■■■■■■■■■■■■■■■■■■■■■■■■■■■■■■■■■■■■■■■■■■■■■■■■■■■■■■■■■                |  80% of 104.3 MiB
2026-10-01T08:36:04.5363897Z |■■■■■■■■■■■■■■■■■■■■■■■■■■■■■■■■■■■■■■■■■■■■■■■■■■■■■■■■■■■■■■■■■■■■■■■■        |  90% of 104.3 MiB
2026-10-01T08:36:04.5560197Z |■■■■■■■■■■■■■■■■■■■■■■■■■■■■■■■■■■■■■■■■■■■■■■■■■■■■■■■■■■■■■■■■■■■■■■■■■■■■■■■■| 100% of 104.3 MiB
2026-10-01T08:36:05.6516516Z Chromium Headless Shell 141.0.7390.37 (playwright build v1194) downloaded to /home/runner/.cache/ms-playwright/chromium_headless_shell-1194
2026-10-01T08:36:05.7030321Z ##[group]Run bash tools/publish.sh
2026-10-01T08:36:05.7030514Z [36;1mbash tools/publish.sh[0m
2026-10-01T08:36:05.7083153Z shell: /usr/bin/bash -e {0}
2026-10-01T08:36:05.7083293Z ##[endgroup]
2026-10-01T08:36:06.3570736Z Glessner v4 package verified; 3 missing GLB(s) materialized.
2026-10-01T08:36:06.7526316Z shipped derivatives: 504 pair(s) carry the master's triangles, node identity and contract attributes; worst bounding-box disagreement 2.68 of 4 rungs; 0 asset(s) lose their material identity to the publish path (banked, K36(b)); 4 master passthrough(s), all of them decided (K38); and every one of them records the master it was made from, which is still the master in the tree (K39)
2026-10-01T08:36:06.7896748Z Prairie Avenue browser published: /home/runner/work/chicago/chicago/site/4d/prairie-1904
2026-10-01T08:36:07.1794486Z published 15 map images + viewer + media to site/pre-fire
2026-10-01T08:36:07.2669478Z    changelog.js published to site/4d/js/changelog.js (T-0722)
2026-10-01T08:36:07.2674348Z    changelog.js published to site/4d/walk/js/changelog.js (T-0722)
2026-10-01T08:36:08.5484573Z tickets: cloned https://github.com/kevinrhaas/chicago-tickets.git → tickets/ (1661 tickets)
2026-10-01T08:36:11.4574759Z entry pages: index.html, 1812/index.html, 1835/index.html, 1880/index.html, 1904/index.html
2026-10-01T08:36:11.4620353Z    build 9446a07  Oct 1, 2026, 3:36 AM CT
2026-10-01T08:36:11.5030059Z published ../../site/4d  (57.37 MB)
2026-10-01T08:36:11.5065812Z ##[group]Run node tools/smoke_renderer.mjs --published
2026-10-01T08:36:11.5066042Z [36;1mnode tools/smoke_renderer.mjs --published[0m
2026-10-01T08:36:11.5114747Z shell: /usr/bin/bash -e {0}
2026-10-01T08:36:11.5114874Z env:
2026-10-01T08:36:11.5114982Z   SMOKE_VIEWPORT: desktop
2026-10-01T08:36:11.5115102Z   SMOKE_STAGE: 7-9
2026-10-01T08:36:11.5115365Z ##[endgroup]
2026-10-01T08:36:11.7399090Z serving /home/runner/work/chicago/chicago/site/4d on 4187 — PUBLISHED mirror (compressed assets, visitor layout)
2026-10-01T08:36:11.7399712Z 
2026-10-01T08:36:11.7400313Z NOT THE FULL GATE — viewports filtered to "desktop"
2026-10-01T08:36:11.7400696Z 
2026-10-01T08:36:11.7401055Z NOT THE FULL GATE — stages filtered to "7-9" of 13
2026-10-01T08:36:11.7401384Z 
2026-10-01T08:36:11.7401635Z desktop 1280x800:
2026-10-01T08:36:12.0524164Z   pass  desktop 1280x800: page serves
2026-10-01T08:36:27.4426987Z   pass  desktop 1280x800: scene reaches ready
2026-10-01T08:36:30.4347217Z   pass  desktop 1280x800: the scene declares its exact consultation blockers
2026-10-01T08:36:30.4354764Z   pass  desktop 1280x800: no unexpected loader problems
2026-10-01T08:36:30.4369105Z   pass  desktop 1280x800: scene has structures
2026-10-01T08:36:30.4380703Z   pass  desktop 1280x800: every structure that should draw, drew
2026-10-01T08:36:44.0864751Z   pass  desktop 1280x800: compass shows the live heading
2026-10-01T08:36:44.0866646Z   pass  desktop 1280x800: the overview map is shown, captioned and read in imperial
2026-10-01T08:36:44.0867455Z   pass  desktop 1280x800: the overview inset is a fixed 248x98 frame, not the field's shape
2026-10-01T08:36:44.0868576Z   pass  desktop 1280x800: walking speed is presented as a named gait in miles per hour
2026-10-01T08:36:44.0870484Z   pass  desktop 1280x800: every pace slider names its gait beside an imperial speed
2026-10-01T08:36:44.0871073Z   pass  desktop 1280x800: overview marker follows position and bearing
2026-10-01T08:36:48.5461871Z   pass  desktop 1280x800: the overview window travels with the visitor at the scale it had before
2026-10-01T08:36:48.5493969Z   pass  desktop 1280x800: the overview window clamps to the field instead of running past it
2026-10-01T08:36:57.1309516Z   pass  desktop 1280x800: every southern viewpoint is reachable and stands on dry modelled ground
2026-10-01T08:36:57.1335713Z   pass  desktop 1280x800: the run carries the visitor south to the model's own wall, and the map follows
2026-10-01T08:37:07.1841597Z   pass  desktop 1280x800: the pop-out renders the whole heightfield
2026-10-01T08:37:11.1010698Z   pass  desktop 1280x800: Escape puts the pop-out away and hands focus back to the map
2026-10-01T08:37:12.4008097Z   pass  desktop 1280x800: the pop-out cannot be opened while the map is switched off
2026-10-01T08:37:12.4010016Z   pass  desktop 1280x800: earth streets are populated and draped on the rendered ground
2026-10-01T08:37:12.4010592Z   pass  desktop 1280x800: no panel of road is deleted because its EDGE reached the water
2026-10-01T08:37:12.4011197Z   pass  desktop 1280x800: the platted streets reach the picture as attested, not as invention
2026-10-01T08:37:12.4011761Z   pass  desktop 1280x800: surface and wear ride their own channel and every street carries it
2026-10-01T08:37:12.4012922Z   pass  desktop 1280x800: the ground never rises through a road panel between its vertices
2026-10-01T08:37:12.4013725Z   pass  desktop 1280x800: the worn track runs onto each bridge approach and meets the deck
2026-10-01T08:37:12.4014943Z   pass  desktop 1280x800: no bend in the ribbon opens a wedge on the outside of its turn
2026-10-01T08:37:12.4015536Z   pass  desktop 1280x800: no elevated flora sheet can masquerade as a second terrain layer
2026-10-01T08:38:21.2099423Z   pass  desktop 1280x800: the roads reach the screen from the walker’s eye, down an open street
2026-10-01T08:38:21.2140732Z         south_water: 2-40 m: ΔL* 4.4 of 5.6 opaque, 90 % perceptible of 10 bare, weber 0.1825 (n 10) over ground L* 50.5, seen 10 of 10 projected (10 clear of flora) · 40-100 m: ΔL* 4.6 of 5.3 opaque, 100 % perceptible of 15 bare, weber 0.1942 (n 15) over ground L* 50.2, seen 15 of 15 projected (15 clear of flora) · 100-250 m: ΔL* 2.8 of 3.4 opaque, 80 % perceptible of 50 bare, weber 0.1224 (n 48) over ground L* 48.6, seen 48 of 125 projected (50 clear of flora) · 250-600 m: ΔL* 2.8 of 3.8 opaque, 81 % perceptible of 79 bare, weber 0.1232 (n 79) over ground L* 49.4, seen 79 of 727 projected (79 clear of flora) · 600-4000 m: ΔL* 10.7 of 18.6 opaque, 80 % perceptible of 5 bare, weber 0.4050 (n 4) over ground L* 51.6, seen 4 of 346 projected (5 clear of flora) (reported only)
2026-10-01T08:39:38.6026354Z   pass  desktop 1280x800: the roads reach the screen from the air, at the aerial anchor
2026-10-01T08:39:38.6029788Z         from_above: 2-40 m: projects 0× (not gated) · 40-100 m: projects 0× (not gated) · 100-250 m: ΔL* 4.0 of 8.7 opaque, 94 % perceptible of 31 bare, weber 0.1777 (n 29) over ground L* 47.0, seen 29 of 31 projected (31 clear of flora) · 250-600 m: ΔL* 3.3 of 7.4 opaque, 85 % perceptible of 677 bare, weber 0.1475 (n 673) over ground L* 48.7, seen 673 of 692 projected (677 clear of flora) · 600-4000 m: ΔL* 3.9 of 8.1 opaque, 75 % perceptible of 420 bare, weber 0.1690 (n 326) over ground L* 49.8, seen 326 of 496 projected (420 clear of flora) (reported only)
2026-10-01T08:39:38.6032069Z         road bands: 6 moved against the bank —
2026-10-01T08:39:38.6046996Z           rose      desktop/south_water/40-100  perceptible 80 % → 100 % (+20 points), ΔL* 3.0 → 4.6 (+1.6), weber 0.1289 → 0.1942
2026-10-01T08:39:38.6048169Z           rose      desktop/south_water/250-600  perceptible 68 % → 81 % (+13 points), ΔL* 4.2 → 2.8 (-1.4), weber 0.1780 → 0.1232, ground L* 53.6 → 49.4 (-4.2, exposure)
2026-10-01T08:39:38.6048961Z           rose      desktop/from_above/100-250  ΔL* 2.6 → 4.0 (+1.4), weber 0.1160 → 0.1777
2026-10-01T08:39:38.6049965Z           rose      desktop/from_above/250-600  perceptible 66 % → 85 % (+19 points), ΔL* 2.2 → 3.3 (+1.1), weber 0.0964 → 0.1475
2026-10-01T08:39:38.6076832Z           rose      desktop/south_water/2-40  perceptible 70 % → 90 % (+20 points), ΔL* 3.4 → 4.5 (+1.0), weber 0.1402 → 0.1825
2026-10-01T08:39:38.6077712Z           rose      desktop/south_water/100-250  perceptible 51 % → 80 % (+29 points), ΔL* 2.4 → 2.8 (+0.4)
2026-10-01T08:41:03.7816189Z   pass  desktop 1280x800: the roads reach the screen standing on the crossing itself
2026-10-01T08:41:03.7958663Z         lake_market: 2-40 m: ΔL* 2.5 of 3.1 opaque, 60 % perceptible of 10 bare, weber 0.1250 (n 10) over ground L* 49.4, seen 10 of 10 projected (10 clear of flora) · 40-100 m: ΔL* 4.5 of 5.2 opaque, 93 % perceptible of 15 bare, weber 0.1894 (n 15) over ground L* 50.9, seen 15 of 15 projected (15 clear of flora) · 100-250 m: ΔL* 4.0 of 4.7 opaque, 98 % perceptible of 44 bare, weber 0.1708 (n 44) over ground L* 50.2, seen 44 of 148 projected (44 clear of flora) · 250-600 m: ΔL* 3.2 of 5.0 opaque, 99 % perceptible of 98 bare, weber 0.1354 (n 98) over ground L* 51.5, seen 98 of 735 projected (98 clear of flora) · 600-4000 m: ΔL* 3.2 of 5.0 opaque, 100 % perceptible of 60 bare, weber 0.1354 (n 60) over ground L* 51.5, seen 60 of 1127 projected (60 clear of flora) (reported only)
2026-10-01T08:41:03.8065726Z         road bands: 3 moved against the bank —
2026-10-01T08:41:03.8125907Z           fell      desktop/lake_market/250-600  ΔL* 6.5 → 3.2 (-3.3), weber 0.2497 → 0.1354, ground L* 55.0 → 51.5 (-3.5, exposure)
2026-10-01T08:41:03.8155608Z           rose      desktop/lake_market/40-100  ΔL* 2.4 → 4.5 (+2.1), weber 0.1047 → 0.1894
2026-10-01T08:41:03.8196852Z           rose      desktop/lake_market/100-250  ΔL* 2.5 → 4.0 (+1.5), weber 0.1057 → 0.1708
2026-10-01T08:41:07.5413986Z   pass  desktop 1280x800: the road-legibility aid is off unless a visitor moves it
2026-10-01T08:41:36.7902819Z   pass  desktop 1280x800: raising the road-legibility aid reaches the render
2026-10-01T08:41:36.7904300Z   pass  desktop 1280x800: dropping the road-legibility aid restores the default frame
2026-10-01T08:41:36.7905605Z         road aid: full-on delta mean 0.29 / worst 11 at 96², 0.22 / 1 at 12²; restored residual mean 0.00 / worst 0
2026-10-01T08:41:38.7721047Z   pass  desktop 1280x800: the town is its one untextured batch and its two roof coverings
2026-10-01T08:41:38.7721583Z   pass  desktop 1280x800: the batch still carries the town's finishes
2026-10-01T08:41:58.1486539Z   pass  desktop 1280x800: the per-vertex roughness channel reaches the render
2026-10-01T08:41:58.1486938Z   pass  desktop 1280x800: restoring the roughness channel restores the frame
2026-10-01T08:41:58.1487658Z         batches: 3 · roughness 15 values 0.25–0.9800000190734863 · flattening moves worst cell 12, mean 0.21; restored worst 0
2026-10-01T08:42:22.5042473Z   pass  desktop 1280x800: the town wears more than one face
2026-10-01T08:42:22.5043048Z   pass  desktop 1280x800: no two neighbouring buildings are drawn the same colour
2026-10-01T08:42:22.5043532Z   pass  desktop 1280x800: a documented paint is never modulated
2026-10-01T08:42:22.5043919Z   pass  desktop 1280x800: the facade tones reach the render
2026-10-01T08:42:22.5044317Z   pass  desktop 1280x800: restoring the facade tones restores the frame
2026-10-01T08:42:22.5045377Z         facades: 499 tones · 0/486 neighbour pairs identical · winding off moves worst cell 10, mean 0.27; restored worst 0
2026-10-01T08:42:25.3168479Z   pass  desktop 1280x800: the sun's shadow reaches 240 m at the documented texel (scene detail 'full')
2026-10-01T08:42:42.2910760Z   pass  desktop 1280x800: the shadow reach reaches the render
2026-10-01T08:42:42.2920273Z   pass  desktop 1280x800: restoring the shadow reach restores the frame
2026-10-01T08:42:42.2921235Z         shadow reach: ±240 m at 11.7 cm/texel · winding back to ±60 m moves worst cell 7; restored residual worst 0
2026-10-01T08:42:43.6971540Z   pass  desktop 1280x800: the shadow box holds still under a sub-texel step
2026-10-01T08:42:43.6972224Z   pass  desktop 1280x800: the snap reaches the box — without it the same step moves it
2026-10-01T08:42:43.6972723Z   pass  desktop 1280x800: the box moves in texels of its own map, and only in those
2026-10-01T08:42:43.6973370Z         shadow snap: 1 mm moves the box 0.00 µm snapped, 0.994 mm loose; a 1 m walk moves it 11 time(s), worst 1.000 texels
2026-10-01T08:42:46.5386411Z   pass  desktop 1280x800: the brightness aid is off unless a visitor moves it
2026-10-01T08:43:02.3362909Z   pass  desktop 1280x800: raising the brightness aid reaches the render
2026-10-01T08:43:02.3363622Z   pass  desktop 1280x800: dropping the brightness aid restores the calibrated frame
2026-10-01T08:43:02.3364406Z         brightness aid: +1 stop delta mean 44.54 / worst 51 at 12²; restored residual mean 0.00 / worst 0
2026-10-01T08:43:02.3364810Z   pass  desktop 1280x800: the suite body ran to completion
2026-10-01T08:43:02.3365264Z   pass  desktop 1280x800: zero page errors
2026-10-01T08:43:02.4039057Z 
2026-10-01T08:43:02.6980246Z   pass  vendor: meshopt decoder loads and reports supported
2026-10-01T08:43:02.6980721Z   pass  vendor: meshopt import raises no page error
2026-10-01T08:43:02.7540578Z 
2026-10-01T08:43:02.7541072Z 55 passed, 0 failed
2026-10-01T08:43:02.7542598Z 45 staged-section check(s) (stage 7-9 of 13), 10 always-on check(s)
2026-10-01T08:43:02.7543502Z 6 m 51 s for stage 7-9 at desktop — the ceiling on a steward run's single foreground command is 10 m 00 s
2026-10-01T08:43:02.7543853Z SMOKE PASS
2026-10-01T08:43:02.7714743Z Post job cleanup.
2026-10-01T08:43:02.8459778Z (node:3579) [DEP0040] DeprecationWarning: The `punycode` module is deprecated. Please use a userland alternative instead.
2026-10-01T08:43:02.8460264Z (Use `node --trace-deprecation ...` to show where the warning was created)
2026-10-01T08:43:02.8574339Z Post job cleanup.
2026-10-01T08:43:02.9062361Z [command]/usr/bin/git version
2026-10-01T08:43:02.9087658Z git version 2.55.0
2026-10-01T08:43:02.9107771Z Temporarily overriding HOME='/home/runner/work/_temp/698ca5f0-4472-48e9-8c43-45ae9fe83294' before making global git config changes
2026-10-01T08:43:02.9108748Z Adding repository directory to the temporary git global config as a safe directory
2026-10-01T08:43:02.9111076Z [command]/usr/bin/git config --global --add safe.directory /home/runner/work/chicago/chicago
2026-10-01T08:43:02.9136762Z [command]/usr/bin/git config --local --name-only --get-regexp core\.sshCommand
2026-10-01T08:43:02.9159552Z [command]/usr/bin/git submodule foreach --recursive sh -c "git config --local --name-only --get-regexp 'core\.sshCommand' && git config --local --unset-all 'core.sshCommand' || :"
2026-10-01T08:43:02.9328258Z [command]/usr/bin/git config --local --name-only --get-regexp http\.https\:\/\/github\.com\/\.extraheader
2026-10-01T08:43:02.9346615Z http.https://github.com/.extraheader
2026-10-01T08:43:02.9352526Z [command]/usr/bin/git config --local --unset-all http.https://github.com/.extraheader
2026-10-01T08:43:02.9376114Z [command]/usr/bin/git submodule foreach --recursive sh -c "git config --local --name-only --get-regexp 'http\.https\:\/\/github\.com\/\.extraheader' && git config --local --unset-all 'http.https://github.com/.extraheader' || :"
2026-10-01T08:43:02.9541613Z [command]/usr/bin/git config --local --name-only --get-regexp ^includeIf\.gitdir:
2026-10-01T08:43:02.9562795Z [command]/usr/bin/git submodule foreach --recursive git config --local --show-origin --name-only --get-regexp remote.origin.url
2026-10-01T08:43:02.9840524Z Cleaning up orphan processes
2026-10-01T08:43:03.0116108Z ##[warning]Node.js 20 is deprecated. The following actions target Node.js 20 but are being forced to run on Node.js 24: actions/checkout@v4, actions/setup-node@v4. For more information see: https://github.blog/changelog/2025-09-19-deprecation-of-node-20-on-github-actions-runners/

