2026-10-01T06:52:30.2469012Z Current runner version: '2.337.0'
2026-10-01T06:52:30.2494770Z ##[group]Runner Image Provisioner
2026-10-01T06:52:30.2495616Z Hosted Compute Agent
2026-10-01T06:52:30.2496380Z Version: 20260828.587
2026-10-01T06:52:30.2497060Z Commit: abac92662cab4cc7352de4f9f9d2e2419aad9c29
2026-10-01T06:52:30.2497922Z Build Date: 2026-08-28T16:44:25Z
2026-10-01T06:52:30.2498629Z Worker ID: {0aba02cc-7a6b-4626-a159-3a9de7672b71}
2026-10-01T06:52:30.2499393Z Azure Region: northcentralus
2026-10-01T06:52:30.2500097Z ##[endgroup]
2026-10-01T06:52:30.2501793Z ##[group]Operating System
2026-10-01T06:52:30.2502572Z Ubuntu
2026-10-01T06:52:30.2503145Z 24.04.5
2026-10-01T06:52:30.2503722Z LTS
2026-10-01T06:52:30.2504313Z ##[endgroup]
2026-10-01T06:52:30.2504899Z ##[group]Runner Image
2026-10-01T06:52:30.2505596Z Image: ubuntu-24.04
2026-10-01T06:52:30.2506209Z Version: 20260920.314.1
2026-10-01T06:52:30.2507577Z Included Software: https://github.com/actions/runner-images/blob/ubuntu24/20260920.314/images/ubuntu/Ubuntu2404-Readme.md
2026-10-01T06:52:30.2509200Z Image Release: https://github.com/actions/runner-images/releases/tag/ubuntu24%2F20260920.314
2026-10-01T06:52:30.2510254Z ##[endgroup]
2026-10-01T06:52:30.2511629Z ##[group]GITHUB_TOKEN Permissions
2026-10-01T06:52:30.2514076Z Contents: read
2026-10-01T06:52:30.2514727Z Metadata: read
2026-10-01T06:52:30.2515314Z Packages: read
2026-10-01T06:52:30.2515949Z ##[endgroup]
2026-10-01T06:52:30.2518288Z Secret source: Actions
2026-10-01T06:52:30.2519348Z Cache mode: write
2026-10-01T06:52:30.2520064Z Prepare workflow directory
2026-10-01T06:52:30.2881677Z Prepare all required actions
2026-10-01T06:52:30.2928868Z Getting action download info
2026-10-01T06:52:30.5525705Z Download action repository 'actions/checkout@v4' (SHA:11d5960a326750d5838078e36cf38b85af677262)
2026-10-01T06:52:30.6405224Z Download action repository 'actions/setup-node@v4' (SHA:49933ea5288caeca8642d1e84afbd3f7d6820020)
2026-10-01T06:52:30.8343607Z Complete job name: smoke
2026-10-01T06:52:30.9065826Z ##[group]Run actions/checkout@v4
2026-10-01T06:52:30.9066678Z with:
2026-10-01T06:52:30.9067131Z   repository: kevinrhaas/chicago
2026-10-01T06:52:30.9070873Z   token: ***
2026-10-01T06:52:30.9071319Z   ssh-strict: true
2026-10-01T06:52:30.9071953Z   ssh-user: git
2026-10-01T06:52:30.9072414Z   persist-credentials: true
2026-10-01T06:52:30.9072912Z   clean: true
2026-10-01T06:52:30.9073361Z   sparse-checkout-cone-mode: true
2026-10-01T06:52:30.9073887Z   fetch-depth: 1
2026-10-01T06:52:30.9074326Z   fetch-tags: false
2026-10-01T06:52:30.9074774Z   show-progress: true
2026-10-01T06:52:30.9075221Z   lfs: false
2026-10-01T06:52:30.9075659Z   submodules: false
2026-10-01T06:52:30.9076113Z   set-safe-directory: true
2026-10-01T06:52:30.9076619Z   allow-unsafe-pr-checkout: false
2026-10-01T06:52:30.9077326Z ##[endgroup]
2026-10-01T06:52:31.0090312Z Syncing repository: kevinrhaas/chicago
2026-10-01T06:52:31.0093216Z ##[group]Getting Git version info
2026-10-01T06:52:31.0094402Z Working directory is '/home/runner/work/chicago/chicago'
2026-10-01T06:52:31.0096031Z [command]/usr/bin/git version
2026-10-01T06:52:31.0155221Z git version 2.55.0
2026-10-01T06:52:31.0174654Z ##[endgroup]
2026-10-01T06:52:31.0190006Z Temporarily overriding HOME='/home/runner/work/_temp/6f1b7a17-d66d-47c1-9a39-8d7f919f81b0' before making global git config changes
2026-10-01T06:52:31.0192470Z Adding repository directory to the temporary git global config as a safe directory
2026-10-01T06:52:31.0195809Z [command]/usr/bin/git config --global --add safe.directory /home/runner/work/chicago/chicago
2026-10-01T06:52:31.0239063Z Deleting the contents of '/home/runner/work/chicago/chicago'
2026-10-01T06:52:31.0243732Z ##[group]Initializing the repository
2026-10-01T06:52:31.0247156Z [command]/usr/bin/git init /home/runner/work/chicago/chicago
2026-10-01T06:52:31.0316166Z hint: Using 'master' as the name for the initial branch. This default branch name
2026-10-01T06:52:31.0317352Z hint: will change to "main" in Git 3.0. To configure the initial branch name
2026-10-01T06:52:31.0319232Z hint: to use in all of your new repositories, which will suppress this warning,
2026-10-01T06:52:31.0320248Z hint: call:
2026-10-01T06:52:31.0320883Z hint:
2026-10-01T06:52:31.0321874Z hint: 	git config --global init.defaultBranch <name>
2026-10-01T06:52:31.0322873Z hint:
2026-10-01T06:52:31.0323800Z hint: Names commonly chosen instead of 'master' are 'main', 'trunk' and
2026-10-01T06:52:31.0325293Z hint: 'development'. The just-created branch can be renamed via this command:
2026-10-01T06:52:31.0326497Z hint:
2026-10-01T06:52:31.0327158Z hint: 	git branch -m <name>
2026-10-01T06:52:31.0327904Z hint:
2026-10-01T06:52:31.0328885Z hint: Disable this message with "git config set advice.defaultBranchName false"
2026-10-01T06:52:31.0330552Z Initialized empty Git repository in /home/runner/work/chicago/chicago/.git/
2026-10-01T06:52:31.0333302Z [command]/usr/bin/git remote add origin https://github.com/kevinrhaas/chicago
2026-10-01T06:52:31.0372769Z ##[endgroup]
2026-10-01T06:52:31.0373953Z ##[group]Disabling automatic garbage collection
2026-10-01T06:52:31.0377880Z [command]/usr/bin/git config --local gc.auto 0
2026-10-01T06:52:31.0407666Z ##[endgroup]
2026-10-01T06:52:31.0408433Z ##[group]Setting up auth
2026-10-01T06:52:31.0413676Z [command]/usr/bin/git config --local --name-only --get-regexp core\.sshCommand
2026-10-01T06:52:31.0444065Z [command]/usr/bin/git submodule foreach --recursive sh -c "git config --local --name-only --get-regexp 'core\.sshCommand' && git config --local --unset-all 'core.sshCommand' || :"
2026-10-01T06:52:31.0759931Z [command]/usr/bin/git config --local --name-only --get-regexp http\.https\:\/\/github\.com\/\.extraheader
2026-10-01T06:52:31.0791138Z [command]/usr/bin/git submodule foreach --recursive sh -c "git config --local --name-only --get-regexp 'http\.https\:\/\/github\.com\/\.extraheader' && git config --local --unset-all 'http.https://github.com/.extraheader' || :"
2026-10-01T06:52:31.1018843Z [command]/usr/bin/git config --local --name-only --get-regexp ^includeIf\.gitdir:
2026-10-01T06:52:31.1050000Z [command]/usr/bin/git submodule foreach --recursive git config --local --show-origin --name-only --get-regexp remote.origin.url
2026-10-01T06:52:31.1280712Z [command]/usr/bin/git config --local http.https://github.com/.extraheader AUTHORIZATION: basic ***
2026-10-01T06:52:31.1319357Z ##[endgroup]
2026-10-01T06:52:31.1320160Z ##[group]Fetching the repository
2026-10-01T06:52:31.1328671Z [command]/usr/bin/git -c protocol.version=2 fetch --no-tags --prune --no-recurse-submodules --depth=1 origin +15fb79d6f52a3b029d116116340e1fbbb93ec7d7:refs/remotes/origin/steward/t1766-canal-grocery-workshops
2026-10-01T06:53:03.3564189Z From https://github.com/kevinrhaas/chicago
2026-10-01T06:53:03.3565021Z  * [new ref]         15fb79d6f52a3b029d116116340e1fbbb93ec7d7 -> origin/steward/t1766-canal-grocery-workshops
2026-10-01T06:53:03.3568621Z ##[endgroup]
2026-10-01T06:53:03.3569226Z ##[group]Determining the checkout info
2026-10-01T06:53:03.3571648Z ##[endgroup]
2026-10-01T06:53:03.3577640Z [command]/usr/bin/git sparse-checkout disable
2026-10-01T06:53:03.3622996Z [command]/usr/bin/git config --local --unset-all extensions.worktreeConfig
2026-10-01T06:53:03.3652127Z ##[group]Checking out the ref
2026-10-01T06:53:03.3656913Z [command]/usr/bin/git checkout --progress --force -B steward/t1766-canal-grocery-workshops refs/remotes/origin/steward/t1766-canal-grocery-workshops
2026-10-01T06:53:04.3913207Z Updating files:  58% (5304/9084)
2026-10-01T06:53:04.3971832Z Updating files:  59% (5360/9084)
2026-10-01T06:53:04.4038227Z Updating files:  60% (5451/9084)
2026-10-01T06:53:04.4183636Z Updating files:  61% (5542/9084)
2026-10-01T06:53:04.5083078Z Updating files:  62% (5633/9084)
2026-10-01T06:53:04.5119721Z Updating files:  63% (5723/9084)
2026-10-01T06:53:04.5159198Z Updating files:  64% (5814/9084)
2026-10-01T06:53:04.5222924Z Updating files:  65% (5905/9084)
2026-10-01T06:53:04.5318310Z Updating files:  66% (5996/9084)
2026-10-01T06:53:04.5385576Z Updating files:  67% (6087/9084)
2026-10-01T06:53:04.5436552Z Updating files:  68% (6178/9084)
2026-10-01T06:53:04.5486049Z Updating files:  69% (6268/9084)
2026-10-01T06:53:04.5534237Z Updating files:  70% (6359/9084)
2026-10-01T06:53:04.5724245Z Updating files:  71% (6450/9084)
2026-10-01T06:53:04.5944687Z Updating files:  72% (6541/9084)
2026-10-01T06:53:04.6353912Z Updating files:  73% (6632/9084)
2026-10-01T06:53:04.8400827Z Updating files:  74% (6723/9084)
2026-10-01T06:53:04.8622065Z Updating files:  75% (6813/9084)
2026-10-01T06:53:04.9024934Z Updating files:  76% (6904/9084)
2026-10-01T06:53:04.9784249Z Updating files:  77% (6995/9084)
2026-10-01T06:53:05.0134882Z Updating files:  78% (7086/9084)
2026-10-01T06:53:05.0407089Z Updating files:  79% (7177/9084)
2026-10-01T06:53:05.0616881Z Updating files:  80% (7268/9084)
2026-10-01T06:53:05.0782736Z Updating files:  81% (7359/9084)
2026-10-01T06:53:05.0935842Z Updating files:  82% (7449/9084)
2026-10-01T06:53:05.1063489Z Updating files:  83% (7540/9084)
2026-10-01T06:53:05.1217606Z Updating files:  84% (7631/9084)
2026-10-01T06:53:05.1375586Z Updating files:  85% (7722/9084)
2026-10-01T06:53:05.1529544Z Updating files:  86% (7813/9084)
2026-10-01T06:53:05.2508807Z Updating files:  87% (7904/9084)
2026-10-01T06:53:05.3043501Z Updating files:  88% (7994/9084)
2026-10-01T06:53:05.3926288Z Updating files:  89% (8085/9084)
2026-10-01T06:53:05.5474396Z Updating files:  89% (8107/9084)
2026-10-01T06:53:05.9286160Z Updating files:  90% (8176/9084)
2026-10-01T06:53:06.2008596Z Updating files:  91% (8267/9084)
2026-10-01T06:53:06.3329210Z Updating files:  92% (8358/9084)
2026-10-01T06:53:06.3886615Z Updating files:  93% (8449/9084)
2026-10-01T06:53:06.3905931Z Updating files:  93% (8535/9084)
2026-10-01T06:53:06.4334429Z Updating files:  94% (8539/9084)
2026-10-01T06:53:06.5773363Z Updating files:  95% (8630/9084)
2026-10-01T06:53:06.7174567Z Updating files:  96% (8721/9084)
2026-10-01T06:53:06.7985268Z Updating files:  97% (8812/9084)
2026-10-01T06:53:07.1238120Z Updating files:  98% (8903/9084)
2026-10-01T06:53:07.3953011Z Updating files:  99% (8994/9084)
2026-10-01T06:53:07.4298623Z Updating files:  99% (9074/9084)
2026-10-01T06:53:07.4299432Z Updating files: 100% (9084/9084)
2026-10-01T06:53:07.4300228Z Updating files: 100% (9084/9084), done.
2026-10-01T06:53:07.4396948Z Switched to a new branch 'steward/t1766-canal-grocery-workshops'
2026-10-01T06:53:07.4403507Z branch 'steward/t1766-canal-grocery-workshops' set up to track 'origin/steward/t1766-canal-grocery-workshops'.
2026-10-01T06:53:07.4612913Z ##[endgroup]
2026-10-01T06:53:07.4658001Z [command]/usr/bin/git log -1 --format=%H
2026-10-01T06:53:07.4684811Z 15fb79d6f52a3b029d116116340e1fbbb93ec7d7
2026-10-01T06:53:07.4948469Z ##[group]Run actions/setup-node@v4
2026-10-01T06:53:07.4948769Z with:
2026-10-01T06:53:07.4948982Z   node-version: 22
2026-10-01T06:53:07.4949217Z   always-auth: false
2026-10-01T06:53:07.4949444Z   check-latest: false
2026-10-01T06:53:07.4951938Z   token: ***
2026-10-01T06:53:07.4952161Z ##[endgroup]
2026-10-01T06:53:07.6422217Z Found in cache @ /opt/hostedtoolcache/node/22.23.2/x64
2026-10-01T06:53:07.6425659Z (node:2269) [DEP0040] DeprecationWarning: The `punycode` module is deprecated. Please use a userland alternative instead.
2026-10-01T06:53:07.6426347Z (Use `node --trace-deprecation ...` to show where the warning was created)
2026-10-01T06:53:07.6428866Z ##[group]Environment details
2026-10-01T06:53:07.9747881Z node: v22.23.2
2026-10-01T06:53:07.9748287Z npm: 10.9.8
2026-10-01T06:53:07.9748578Z yarn: 1.22.22
2026-10-01T06:53:07.9749740Z ##[endgroup]
2026-10-01T06:53:07.9885720Z ##[group]Run set -e
2026-10-01T06:53:07.9886036Z [36;1mset -e[0m
2026-10-01T06:53:07.9886303Z [36;1mnpm install -g playwright@1.56.1[0m
2026-10-01T06:53:07.9886747Z [36;1mnode "$(npm root -g)/playwright/cli.js" install --with-deps chromium[0m
2026-10-01T06:53:08.0122607Z shell: /usr/bin/bash -e {0}
2026-10-01T06:53:08.0122906Z ##[endgroup]
2026-10-01T06:53:10.9798915Z 
2026-10-01T06:53:11.6933021Z added 2 packages in 3s
2026-10-01T06:53:11.6933444Z Installing dependencies...
2026-10-01T06:53:11.6988082Z Switching to root user to install dependencies...
2026-10-01T06:53:11.7701850Z Get:1 file:/etc/apt/apt-mirrors.txt Mirrorlist [144 B]
2026-10-01T06:53:11.8088807Z Hit:2 http://azure.archive.ubuntu.com/ubuntu noble InRelease
2026-10-01T06:53:11.8090217Z Get:6 https://packages.microsoft.com/ubuntu/24.04/prod noble InRelease [3600 B]
2026-10-01T06:53:11.8095959Z Get:3 http://azure.archive.ubuntu.com/ubuntu noble-updates InRelease [126 kB]
2026-10-01T06:53:11.8128560Z Get:4 http://azure.archive.ubuntu.com/ubuntu noble-backports InRelease [126 kB]
2026-10-01T06:53:11.8196030Z Get:5 http://azure.archive.ubuntu.com/ubuntu noble-security InRelease [126 kB]
2026-10-01T06:53:11.9364240Z Get:7 https://packages.microsoft.com/ubuntu/24.04/prod noble/main amd64 Packages [509 kB]
2026-10-01T06:53:11.9530037Z Get:8 https://packages.microsoft.com/ubuntu/24.04/prod noble/main arm64 Packages [456 kB]
2026-10-01T06:53:11.9903575Z Get:9 http://azure.archive.ubuntu.com/ubuntu noble-updates/main amd64 Packages [1342 kB]
2026-10-01T06:53:12.0013038Z Get:10 http://azure.archive.ubuntu.com/ubuntu noble-updates/main Translation-en [302 kB]
2026-10-01T06:53:12.0023475Z Get:11 http://azure.archive.ubuntu.com/ubuntu noble-updates/main amd64 Components [181 kB]
2026-10-01T06:53:12.0048916Z Get:12 http://azure.archive.ubuntu.com/ubuntu noble-updates/universe amd64 Packages [1699 kB]
2026-10-01T06:53:12.0121157Z Get:13 http://azure.archive.ubuntu.com/ubuntu noble-updates/universe Translation-en [341 kB]
2026-10-01T06:53:12.0147182Z Get:14 http://azure.archive.ubuntu.com/ubuntu noble-updates/universe amd64 Components [388 kB]
2026-10-01T06:53:12.0182741Z Get:15 http://azure.archive.ubuntu.com/ubuntu noble-updates/restricted amd64 Packages [1697 kB]
2026-10-01T06:53:12.0270885Z Get:16 http://azure.archive.ubuntu.com/ubuntu noble-updates/restricted Translation-en [388 kB]
2026-10-01T06:53:12.0298526Z Get:17 http://azure.archive.ubuntu.com/ubuntu noble-updates/multiverse amd64 Components [940 B]
2026-10-01T06:53:12.0553007Z Get:18 http://azure.archive.ubuntu.com/ubuntu noble-backports/main amd64 Packages [40.6 kB]
2026-10-01T06:53:12.0986183Z Get:19 http://azure.archive.ubuntu.com/ubuntu noble-backports/main amd64 Components [5760 B]
2026-10-01T06:53:12.0998179Z Get:20 http://azure.archive.ubuntu.com/ubuntu noble-backports/universe amd64 Packages [31.0 kB]
2026-10-01T06:53:12.1009272Z Get:21 http://azure.archive.ubuntu.com/ubuntu noble-backports/universe Translation-en [18.6 kB]
2026-10-01T06:53:12.1022966Z Get:22 http://azure.archive.ubuntu.com/ubuntu noble-backports/universe amd64 Components [12.6 kB]
2026-10-01T06:53:12.1094904Z Get:23 http://azure.archive.ubuntu.com/ubuntu noble-security/main amd64 Packages [1066 kB]
2026-10-01T06:53:12.1156324Z Get:24 http://azure.archive.ubuntu.com/ubuntu noble-security/main Translation-en [220 kB]
2026-10-01T06:53:12.1177033Z Get:25 http://azure.archive.ubuntu.com/ubuntu noble-security/main amd64 Components [46.4 kB]
2026-10-01T06:53:12.1187826Z Get:26 http://azure.archive.ubuntu.com/ubuntu noble-security/universe amd64 Packages [1216 kB]
2026-10-01T06:53:12.1259819Z Get:27 http://azure.archive.ubuntu.com/ubuntu noble-security/universe Translation-en [244 kB]
2026-10-01T06:53:12.1280616Z Get:28 http://azure.archive.ubuntu.com/ubuntu noble-security/universe amd64 Components [76.3 kB]
2026-10-01T06:53:12.1294759Z Get:29 http://azure.archive.ubuntu.com/ubuntu noble-security/restricted amd64 Packages [1566 kB]
2026-10-01T06:53:12.1377700Z Get:30 http://azure.archive.ubuntu.com/ubuntu noble-security/restricted Translation-en [361 kB]
2026-10-01T06:53:18.6803815Z Fetched 12.6 MB in 1s (8660 kB/s)
2026-10-01T06:53:19.5165668Z Reading package lists...
2026-10-01T06:53:19.5418948Z Reading package lists...
2026-10-01T06:53:19.7587412Z Building dependency tree...
2026-10-01T06:53:19.7595585Z Reading state information...
2026-10-01T06:53:19.9408622Z libasound2t64 is already the newest version (1.2.11-1ubuntu0.3).
2026-10-01T06:53:19.9409395Z libasound2t64 set to manually installed.
2026-10-01T06:53:19.9410627Z libatk-bridge2.0-0t64 is already the newest version (2.52.0-1build1).
2026-10-01T06:53:19.9411686Z libatk-bridge2.0-0t64 set to manually installed.
2026-10-01T06:53:19.9412383Z libatk1.0-0t64 is already the newest version (2.52.0-1build1).
2026-10-01T06:53:19.9413021Z libatk1.0-0t64 set to manually installed.
2026-10-01T06:53:19.9413687Z libatspi2.0-0t64 is already the newest version (2.52.0-1build1).
2026-10-01T06:53:19.9414338Z libatspi2.0-0t64 set to manually installed.
2026-10-01T06:53:19.9414981Z libcairo2 is already the newest version (1.18.0-3build1).
2026-10-01T06:53:19.9415579Z libcairo2 set to manually installed.
2026-10-01T06:53:19.9416236Z libcups2t64 is already the newest version (2.4.7-1.2ubuntu7.14).
2026-10-01T06:53:19.9416875Z libcups2t64 set to manually installed.
2026-10-01T06:53:19.9417516Z libdbus-1-3 is already the newest version (1.14.10-4ubuntu4.1).
2026-10-01T06:53:19.9418128Z libdbus-1-3 set to manually installed.
2026-10-01T06:53:19.9418689Z libdrm2 is already the newest version (2.4.125-1ubuntu0.1~24.04.2).
2026-10-01T06:53:19.9419120Z libdrm2 set to manually installed.
2026-10-01T06:53:19.9419527Z libnspr4 is already the newest version (2:4.35-1.1build1).
2026-10-01T06:53:19.9419914Z libnspr4 set to manually installed.
2026-10-01T06:53:19.9420310Z libnss3 is already the newest version (2:3.98-1ubuntu0.2).
2026-10-01T06:53:19.9420671Z libnss3 set to manually installed.
2026-10-01T06:53:19.9421113Z libpango-1.0-0 is already the newest version (1.52.1+ds-1build1).
2026-10-01T06:53:19.9421878Z libpango-1.0-0 set to manually installed.
2026-10-01T06:53:19.9422502Z libx11-6 is already the newest version (2:1.8.7-1build1).
2026-10-01T06:53:19.9423088Z libx11-6 set to manually installed.
2026-10-01T06:53:19.9423664Z libxcb1 is already the newest version (1.15-1ubuntu2).
2026-10-01T06:53:19.9424232Z libxcb1 set to manually installed.
2026-10-01T06:53:19.9425101Z libxcomposite1 is already the newest version (1:0.4.5-1build3).
2026-10-01T06:53:19.9425764Z libxcomposite1 set to manually installed.
2026-10-01T06:53:19.9426345Z libxdamage1 is already the newest version (1:1.1.6-1build1).
2026-10-01T06:53:19.9426735Z libxdamage1 set to manually installed.
2026-10-01T06:53:19.9427118Z libxext6 is already the newest version (2:1.3.4-1build2).
2026-10-01T06:53:19.9427582Z libxext6 set to manually installed.
2026-10-01T06:53:19.9427981Z libxfixes3 is already the newest version (1:6.0.0-2build1).
2026-10-01T06:53:19.9428362Z libxfixes3 set to manually installed.
2026-10-01T06:53:19.9428764Z libxkbcommon0 is already the newest version (1.6.0-1build1).
2026-10-01T06:53:19.9429233Z libxkbcommon0 set to manually installed.
2026-10-01T06:53:19.9429625Z libxrandr2 is already the newest version (2:1.5.2-2build1).
2026-10-01T06:53:19.9429987Z libxrandr2 set to manually installed.
2026-10-01T06:53:19.9430464Z fonts-noto-color-emoji is already the newest version (2.047-0ubuntu0.24.04.1).
2026-10-01T06:53:19.9431008Z libfontconfig1 is already the newest version (2.15.0-1.1ubuntu2).
2026-10-01T06:53:19.9431538Z libfontconfig1 set to manually installed.
2026-10-01T06:53:19.9431979Z libfreetype6 is already the newest version (2.13.2+dfsg-1ubuntu0.1).
2026-10-01T06:53:19.9432399Z libfreetype6 set to manually installed.
2026-10-01T06:53:19.9432804Z fonts-liberation is already the newest version (1:2.1.5-3).
2026-10-01T06:53:19.9433215Z fonts-liberation set to manually installed.
2026-10-01T06:53:19.9433691Z The following additional packages will be installed:
2026-10-01T06:53:19.9434436Z   gir1.2-glib-2.0 libgl1-mesa-dri libglib2.0-bin libglib2.0-data libglx-mesa0
2026-10-01T06:53:19.9434975Z   libwayland-server0 mesa-libgallium xfonts-encodings xfonts-utils
2026-10-01T06:53:19.9435339Z   xserver-common
2026-10-01T06:53:19.9435620Z Suggested packages:
2026-10-01T06:53:19.9435863Z   low-memory-monitor
2026-10-01T06:53:19.9436109Z Recommended packages:
2026-10-01T06:53:19.9436510Z   fonts-ipafont-mincho fonts-tlwg-loma xfonts-base
2026-10-01T06:53:19.9684398Z The following NEW packages will be installed:
2026-10-01T06:53:19.9685447Z   fonts-freefont-ttf fonts-ipafont-gothic fonts-tlwg-loma-otf fonts-unifont
2026-10-01T06:53:19.9690791Z   fonts-wqy-zenhei libwayland-server0 xfonts-cyrillic xfonts-encodings
2026-10-01T06:53:19.9691243Z   xfonts-scalable xfonts-utils
2026-10-01T06:53:19.9694557Z The following packages will be upgraded:
2026-10-01T06:53:19.9695763Z   gir1.2-glib-2.0 libgbm1 libgl1-mesa-dri libglib2.0-0t64 libglib2.0-bin
2026-10-01T06:53:19.9700125Z   libglib2.0-data libglx-mesa0 mesa-libgallium xserver-common xvfb
2026-10-01T06:53:19.9880165Z 10 upgraded, 10 newly installed, 0 to remove and 36 not upgraded.
2026-10-01T06:53:19.9880868Z Need to get 34.9 MB of archives.
2026-10-01T06:53:19.9881766Z After this operation, 79.7 MB of additional disk space will be used.
2026-10-01T06:53:19.9882555Z Get:1 file:/etc/apt/apt-mirrors.txt Mirrorlist [144 B]
2026-10-01T06:53:20.0440930Z Get:2 http://azure.archive.ubuntu.com/ubuntu noble/universe amd64 fonts-ipafont-gothic all 00303-21ubuntu1 [3513 kB]
2026-10-01T06:53:21.0593180Z Get:3 http://azure.archive.ubuntu.com/ubuntu noble-updates/main amd64 libglib2.0-data all 2.80.0-6ubuntu3.9 [50.1 kB]
2026-10-01T06:53:21.0998251Z Get:4 http://azure.archive.ubuntu.com/ubuntu noble-updates/main amd64 libglib2.0-bin amd64 2.80.0-6ubuntu3.9 [97.9 kB]
2026-10-01T06:53:21.1568553Z Get:5 http://azure.archive.ubuntu.com/ubuntu noble-updates/main amd64 gir1.2-glib-2.0 amd64 2.80.0-6ubuntu3.9 [183 kB]
2026-10-01T06:53:21.2351213Z Get:6 http://azure.archive.ubuntu.com/ubuntu noble-updates/main amd64 libglib2.0-0t64 amd64 2.80.0-6ubuntu3.9 [1547 kB]
2026-10-01T06:53:21.7102652Z Get:7 http://azure.archive.ubuntu.com/ubuntu noble/main amd64 fonts-freefont-ttf all 20211204+svn4273-2 [5641 kB]
2026-10-01T06:53:23.3152244Z Get:8 http://azure.archive.ubuntu.com/ubuntu noble/universe amd64 fonts-tlwg-loma-otf all 1:0.7.3-1 [107 kB]
2026-10-01T06:53:23.3682392Z Get:9 http://azure.archive.ubuntu.com/ubuntu noble/universe amd64 fonts-unifont all 1:15.1.01-1build1 [2993 kB]
2026-10-01T06:53:24.0798978Z Get:10 http://azure.archive.ubuntu.com/ubuntu noble/universe amd64 fonts-wqy-zenhei all 0.9.45-8 [7472 kB]
2026-10-01T06:53:25.8323042Z Get:11 http://azure.archive.ubuntu.com/ubuntu noble-updates/main amd64 libgl1-mesa-dri amd64 25.2.8-0ubuntu0.24.04.3 [37.9 kB]
2026-10-01T06:53:25.8645309Z Get:12 http://azure.archive.ubuntu.com/ubuntu noble/main amd64 libwayland-server0 amd64 1.22.0-2.1build1 [33.9 kB]
2026-10-01T06:53:25.8964698Z Get:13 http://azure.archive.ubuntu.com/ubuntu noble-updates/main amd64 libglx-mesa0 amd64 25.2.8-0ubuntu0.24.04.3 [110 kB]
2026-10-01T06:53:25.9439107Z Get:14 http://azure.archive.ubuntu.com/ubuntu noble-updates/main amd64 libgbm1 amd64 25.2.8-0ubuntu0.24.04.3 [34.3 kB]
2026-10-01T06:53:25.9766837Z Get:15 http://azure.archive.ubuntu.com/ubuntu noble-updates/main amd64 mesa-libgallium amd64 25.2.8-0ubuntu0.24.04.3 [10.8 MB]
2026-10-01T06:53:27.9712570Z Get:16 http://azure.archive.ubuntu.com/ubuntu noble/main amd64 xfonts-encodings all 1:1.0.5-0ubuntu2 [578 kB]
2026-10-01T06:53:28.0916981Z Get:17 http://azure.archive.ubuntu.com/ubuntu noble/main amd64 xfonts-utils amd64 1:7.7+6build3 [94.4 kB]
2026-10-01T06:53:28.1319894Z Get:18 http://azure.archive.ubuntu.com/ubuntu noble/universe amd64 xfonts-cyrillic all 1:1.0.5+nmu1 [384 kB]
2026-10-01T06:53:28.2157133Z Get:19 http://azure.archive.ubuntu.com/ubuntu noble/main amd64 xfonts-scalable all 1:1.0.3-1.3 [304 kB]
2026-10-01T06:53:28.3331103Z Get:20 http://azure.archive.ubuntu.com/ubuntu noble-updates/main amd64 xserver-common all 2:21.1.12-1ubuntu1.8 [34.8 kB]
2026-10-01T06:53:28.3685732Z Get:21 http://azure.archive.ubuntu.com/ubuntu noble-updates/universe amd64 xvfb amd64 2:21.1.12-1ubuntu1.8 [877 kB]
2026-10-01T06:53:28.7903296Z Fetched 34.9 MB in 9s (4082 kB/s)
2026-10-01T06:53:28.8128094Z Selecting previously unselected package fonts-ipafont-gothic.
2026-10-01T06:53:28.8340054Z (Reading database ... 
2026-10-01T06:53:28.8340610Z (Reading database ... 5%
2026-10-01T06:53:28.8341157Z (Reading database ... 10%
2026-10-01T06:53:28.8342070Z (Reading database ... 15%
2026-10-01T06:53:28.8342651Z (Reading database ... 20%
2026-10-01T06:53:28.8343195Z (Reading database ... 25%
2026-10-01T06:53:28.8343659Z (Reading database ... 30%
2026-10-01T06:53:28.8344119Z (Reading database ... 35%
2026-10-01T06:53:28.8344588Z (Reading database ... 40%
2026-10-01T06:53:28.8345044Z (Reading database ... 45%
2026-10-01T06:53:28.8345512Z (Reading database ... 50%
2026-10-01T06:53:28.8383476Z (Reading database ... 55%
2026-10-01T06:53:28.9285324Z (Reading database ... 60%
2026-10-01T06:53:29.1342287Z (Reading database ... 65%
2026-10-01T06:53:29.3382133Z (Reading database ... 70%
2026-10-01T06:53:29.4843377Z (Reading database ... 75%
2026-10-01T06:53:29.6369372Z (Reading database ... 80%
2026-10-01T06:53:29.7833015Z (Reading database ... 85%
2026-10-01T06:53:29.9446850Z (Reading database ... 90%
2026-10-01T06:53:30.0888687Z (Reading database ... 95%
2026-10-01T06:53:30.0889182Z (Reading database ... 100%
2026-10-01T06:53:30.0889835Z (Reading database ... 202190 files and directories currently installed.)
2026-10-01T06:53:30.0937788Z Preparing to unpack .../00-fonts-ipafont-gothic_00303-21ubuntu1_all.deb ...
2026-10-01T06:53:30.1031211Z Unpacking fonts-ipafont-gothic (00303-21ubuntu1) ...
2026-10-01T06:53:30.3516764Z Preparing to unpack .../01-libglib2.0-data_2.80.0-6ubuntu3.9_all.deb ...
2026-10-01T06:53:30.3533732Z Unpacking libglib2.0-data (2.80.0-6ubuntu3.9) over (2.80.0-6ubuntu3.8) ...
2026-10-01T06:53:30.3871100Z Preparing to unpack .../02-libglib2.0-bin_2.80.0-6ubuntu3.9_amd64.deb ...
2026-10-01T06:53:30.3888584Z Unpacking libglib2.0-bin (2.80.0-6ubuntu3.9) over (2.80.0-6ubuntu3.8) ...
2026-10-01T06:53:30.4330254Z Preparing to unpack .../03-gir1.2-glib-2.0_2.80.0-6ubuntu3.9_amd64.deb ...
2026-10-01T06:53:30.4347100Z Unpacking gir1.2-glib-2.0:amd64 (2.80.0-6ubuntu3.9) over (2.80.0-6ubuntu3.8) ...
2026-10-01T06:53:30.4744994Z Preparing to unpack .../04-libglib2.0-0t64_2.80.0-6ubuntu3.9_amd64.deb ...
2026-10-01T06:53:30.4810548Z Unpacking libglib2.0-0t64:amd64 (2.80.0-6ubuntu3.9) over (2.80.0-6ubuntu3.8) ...
2026-10-01T06:53:30.5229338Z Selecting previously unselected package fonts-freefont-ttf.
2026-10-01T06:53:30.5363822Z Preparing to unpack .../05-fonts-freefont-ttf_20211204+svn4273-2_all.deb ...
2026-10-01T06:53:30.5370623Z Unpacking fonts-freefont-ttf (20211204+svn4273-2) ...
2026-10-01T06:53:30.6188855Z Selecting previously unselected package fonts-tlwg-loma-otf.
2026-10-01T06:53:30.6319475Z Preparing to unpack .../06-fonts-tlwg-loma-otf_1%3a0.7.3-1_all.deb ...
2026-10-01T06:53:30.6326765Z Unpacking fonts-tlwg-loma-otf (1:0.7.3-1) ...
2026-10-01T06:53:30.6535147Z Selecting previously unselected package fonts-unifont.
2026-10-01T06:53:30.6665859Z Preparing to unpack .../07-fonts-unifont_1%3a15.1.01-1build1_all.deb ...
2026-10-01T06:53:30.6672203Z Unpacking fonts-unifont (1:15.1.01-1build1) ...
2026-10-01T06:53:30.7787461Z Selecting previously unselected package fonts-wqy-zenhei.
2026-10-01T06:53:30.7918422Z Preparing to unpack .../08-fonts-wqy-zenhei_0.9.45-8_all.deb ...
2026-10-01T06:53:30.8021726Z Unpacking fonts-wqy-zenhei (0.9.45-8) ...
2026-10-01T06:53:31.2976305Z Preparing to unpack .../09-libgl1-mesa-dri_25.2.8-0ubuntu0.24.04.3_amd64.deb ...
2026-10-01T06:53:31.3122497Z Unpacking libgl1-mesa-dri:amd64 (25.2.8-0ubuntu0.24.04.3) over (25.2.8-0ubuntu0.24.04.2) ...
2026-10-01T06:53:31.3482173Z Selecting previously unselected package libwayland-server0:amd64.
2026-10-01T06:53:31.3618182Z Preparing to unpack .../10-libwayland-server0_1.22.0-2.1build1_amd64.deb ...
2026-10-01T06:53:31.3626072Z Unpacking libwayland-server0:amd64 (1.22.0-2.1build1) ...
2026-10-01T06:53:31.3963190Z Preparing to unpack .../11-libglx-mesa0_25.2.8-0ubuntu0.24.04.3_amd64.deb ...
2026-10-01T06:53:31.3983436Z Unpacking libglx-mesa0:amd64 (25.2.8-0ubuntu0.24.04.3) over (25.2.8-0ubuntu0.24.04.2) ...
2026-10-01T06:53:31.4354947Z Preparing to unpack .../12-libgbm1_25.2.8-0ubuntu0.24.04.3_amd64.deb ...
2026-10-01T06:53:31.4374829Z Unpacking libgbm1:amd64 (25.2.8-0ubuntu0.24.04.3) over (25.2.8-0ubuntu0.24.04.2) ...
2026-10-01T06:53:31.4745779Z Preparing to unpack .../13-mesa-libgallium_25.2.8-0ubuntu0.24.04.3_amd64.deb ...
2026-10-01T06:53:31.4767009Z Unpacking mesa-libgallium:amd64 (25.2.8-0ubuntu0.24.04.3) over (25.2.8-0ubuntu0.24.04.2) ...
2026-10-01T06:53:31.6508299Z Selecting previously unselected package xfonts-encodings.
2026-10-01T06:53:31.6644358Z Preparing to unpack .../14-xfonts-encodings_1%3a1.0.5-0ubuntu2_all.deb ...
2026-10-01T06:53:31.6650112Z Unpacking xfonts-encodings (1:1.0.5-0ubuntu2) ...
2026-10-01T06:53:31.6933079Z Selecting previously unselected package xfonts-utils.
2026-10-01T06:53:31.7064720Z Preparing to unpack .../15-xfonts-utils_1%3a7.7+6build3_amd64.deb ...
2026-10-01T06:53:31.7072650Z Unpacking xfonts-utils (1:7.7+6build3) ...
2026-10-01T06:53:31.7370000Z Selecting previously unselected package xfonts-cyrillic.
2026-10-01T06:53:31.7501213Z Preparing to unpack .../16-xfonts-cyrillic_1%3a1.0.5+nmu1_all.deb ...
2026-10-01T06:53:31.7507586Z Unpacking xfonts-cyrillic (1:1.0.5+nmu1) ...
2026-10-01T06:53:31.7834510Z Selecting previously unselected package xfonts-scalable.
2026-10-01T06:53:31.7966251Z Preparing to unpack .../17-xfonts-scalable_1%3a1.0.3-1.3_all.deb ...
2026-10-01T06:53:31.7973510Z Unpacking xfonts-scalable (1:1.0.3-1.3) ...
2026-10-01T06:53:31.8365832Z Preparing to unpack .../18-xserver-common_2%3a21.1.12-1ubuntu1.8_all.deb ...
2026-10-01T06:53:31.8379350Z Unpacking xserver-common (2:21.1.12-1ubuntu1.8) over (2:21.1.12-1ubuntu1.6) ...
2026-10-01T06:53:31.8732039Z Preparing to unpack .../19-xvfb_2%3a21.1.12-1ubuntu1.8_amd64.deb ...
2026-10-01T06:53:31.8747458Z Unpacking xvfb (2:21.1.12-1ubuntu1.8) over (2:21.1.12-1ubuntu1.6) ...
2026-10-01T06:53:31.9292034Z Setting up libwayland-server0:amd64 (1.22.0-2.1build1) ...
2026-10-01T06:53:31.9309215Z Setting up mesa-libgallium:amd64 (25.2.8-0ubuntu0.24.04.3) ...
2026-10-01T06:53:31.9323209Z Setting up libgbm1:amd64 (25.2.8-0ubuntu0.24.04.3) ...
2026-10-01T06:53:31.9335767Z Setting up libgl1-mesa-dri:amd64 (25.2.8-0ubuntu0.24.04.3) ...
2026-10-01T06:53:31.9406461Z Setting up fonts-wqy-zenhei (0.9.45-8) ...
2026-10-01T06:53:31.9512263Z Setting up fonts-freefont-ttf (20211204+svn4273-2) ...
2026-10-01T06:53:31.9525661Z Setting up libglib2.0-0t64:amd64 (2.80.0-6ubuntu3.9) ...
2026-10-01T06:53:31.9621675Z Setting up libglib2.0-data (2.80.0-6ubuntu3.9) ...
2026-10-01T06:53:31.9636132Z Setting up fonts-tlwg-loma-otf (1:0.7.3-1) ...
2026-10-01T06:53:31.9649965Z Setting up xfonts-encodings (1:1.0.5-0ubuntu2) ...
2026-10-01T06:53:31.9664774Z Setting up gir1.2-glib-2.0:amd64 (2.80.0-6ubuntu3.9) ...
2026-10-01T06:53:31.9678784Z Setting up fonts-ipafont-gothic (00303-21ubuntu1) ...
2026-10-01T06:53:31.9744019Z update-alternatives: using /usr/share/fonts/opentype/ipafont-gothic/ipag.ttf to provide /usr/share/fonts/truetype/fonts-japanese-gothic.ttf (fonts-japanese-gothic.ttf) in auto mode
2026-10-01T06:53:31.9760244Z Setting up xserver-common (2:21.1.12-1ubuntu1.8) ...
2026-10-01T06:53:31.9774659Z Setting up fonts-unifont (1:15.1.01-1build1) ...
2026-10-01T06:53:31.9788664Z Setting up libglx-mesa0:amd64 (25.2.8-0ubuntu0.24.04.3) ...
2026-10-01T06:53:31.9803373Z Setting up xvfb (2:21.1.12-1ubuntu1.8) ...
2026-10-01T06:53:31.9816411Z Setting up libglib2.0-bin (2.80.0-6ubuntu3.9) ...
2026-10-01T06:53:31.9830289Z Setting up xfonts-utils (1:7.7+6build3) ...
2026-10-01T06:53:31.9868866Z Setting up xfonts-cyrillic (1:1.0.5+nmu1) ...
2026-10-01T06:53:32.0168012Z Setting up xfonts-scalable (1:1.0.3-1.3) ...
2026-10-01T06:53:32.0451759Z Processing triggers for libc-bin (2.39-0ubuntu8.9) ...
2026-10-01T06:53:32.0725301Z Processing triggers for man-db (2.12.0-4build2) ...
2026-10-01T06:53:32.0744451Z Not building database; man-db/auto-update is not 'true'.
2026-10-01T06:53:32.0755111Z Processing triggers for fontconfig (2.15.0-1.1ubuntu2) ...
2026-10-01T06:53:32.6621668Z 
2026-10-01T06:53:32.6622262Z Running kernel seems to be up-to-date.
2026-10-01T06:53:32.6622618Z 
2026-10-01T06:53:32.6622804Z Restarting services...
2026-10-01T06:53:32.7079105Z  systemctl restart packagekit.service php8.3-fpm.service polkit.service udisks2.service
2026-10-01T06:53:32.8570982Z 
2026-10-01T06:53:32.8571912Z Service restarts being deferred:
2026-10-01T06:53:32.8572665Z  systemctl restart ModemManager.service
2026-10-01T06:53:32.8573415Z  systemctl restart networkd-dispatcher.service
2026-10-01T06:53:32.8573898Z 
2026-10-01T06:53:32.8574273Z No containers need to be restarted.
2026-10-01T06:53:32.8574692Z 
2026-10-01T06:53:32.8575151Z No user sessions are running outdated binaries.
2026-10-01T06:53:32.8575615Z 
2026-10-01T06:53:32.8576192Z No VM guests are running outdated hypervisor (qemu) binaries on this host.
2026-10-01T06:53:33.8826065Z Downloading Chromium 141.0.7390.37 (playwright build v1194) from https://cdn.playwright.dev/dbazure/download/playwright/builds/chromium/1194/chromium-linux.zip
2026-10-01T06:53:34.0215756Z |                                                                                |   0% of 173.9 MiB
2026-10-01T06:53:34.1371571Z |■■■■■■■■                                                                        |  10% of 173.9 MiB
2026-10-01T06:53:34.2178193Z |■■■■■■■■■■■■■■■■                                                                |  20% of 173.9 MiB
2026-10-01T06:53:34.2879974Z |■■■■■■■■■■■■■■■■■■■■■■■■                                                        |  30% of 173.9 MiB
2026-10-01T06:53:34.3472005Z |■■■■■■■■■■■■■■■■■■■■■■■■■■■■■■■■                                                |  40% of 173.9 MiB
2026-10-01T06:53:34.3990679Z |■■■■■■■■■■■■■■■■■■■■■■■■■■■■■■■■■■■■■■■■                                        |  50% of 173.9 MiB
2026-10-01T06:53:34.4542399Z |■■■■■■■■■■■■■■■■■■■■■■■■■■■■■■■■■■■■■■■■■■■■■■■■                                |  60% of 173.9 MiB
2026-10-01T06:53:34.5092792Z |■■■■■■■■■■■■■■■■■■■■■■■■■■■■■■■■■■■■■■■■■■■■■■■■■■■■■■■■                        |  70% of 173.9 MiB
2026-10-01T06:53:34.5603800Z |■■■■■■■■■■■■■■■■■■■■■■■■■■■■■■■■■■■■■■■■■■■■■■■■■■■■■■■■■■■■■■■■                |  80% of 173.9 MiB
2026-10-01T06:53:34.6126259Z |■■■■■■■■■■■■■■■■■■■■■■■■■■■■■■■■■■■■■■■■■■■■■■■■■■■■■■■■■■■■■■■■■■■■■■■■        |  90% of 173.9 MiB
2026-10-01T06:53:34.6687275Z |■■■■■■■■■■■■■■■■■■■■■■■■■■■■■■■■■■■■■■■■■■■■■■■■■■■■■■■■■■■■■■■■■■■■■■■■■■■■■■■■| 100% of 173.9 MiB
2026-10-01T06:53:37.8869795Z Chromium 141.0.7390.37 (playwright build v1194) downloaded to /home/runner/.cache/ms-playwright/chromium-1194
2026-10-01T06:53:37.8872985Z Downloading FFMPEG playwright build v1011 from https://cdn.playwright.dev/dbazure/download/playwright/builds/ffmpeg/1011/ffmpeg-linux.zip
2026-10-01T06:53:38.0214256Z |                                                                                |   0% of 2.3 MiB
2026-10-01T06:53:38.0266198Z |■■■■■■■■                                                                        |  10% of 2.3 MiB
2026-10-01T06:53:38.0309987Z |■■■■■■■■■■■■■■■■                                                                |  20% of 2.3 MiB
2026-10-01T06:53:38.0331533Z |■■■■■■■■■■■■■■■■■■■■■■■■                                                        |  30% of 2.3 MiB
2026-10-01T06:53:38.0350893Z |■■■■■■■■■■■■■■■■■■■■■■■■■■■■■■■■                                                |  40% of 2.3 MiB
2026-10-01T06:53:38.0377847Z |■■■■■■■■■■■■■■■■■■■■■■■■■■■■■■■■■■■■■■■■                                        |  50% of 2.3 MiB
2026-10-01T06:53:38.0393215Z |■■■■■■■■■■■■■■■■■■■■■■■■■■■■■■■■■■■■■■■■■■■■■■■■                                |  60% of 2.3 MiB
2026-10-01T06:53:38.0410730Z |■■■■■■■■■■■■■■■■■■■■■■■■■■■■■■■■■■■■■■■■■■■■■■■■■■■■■■■■                        |  70% of 2.3 MiB
2026-10-01T06:53:38.0426399Z |■■■■■■■■■■■■■■■■■■■■■■■■■■■■■■■■■■■■■■■■■■■■■■■■■■■■■■■■■■■■■■■■                |  80% of 2.3 MiB
2026-10-01T06:53:38.0442168Z |■■■■■■■■■■■■■■■■■■■■■■■■■■■■■■■■■■■■■■■■■■■■■■■■■■■■■■■■■■■■■■■■■■■■■■■■        |  90% of 2.3 MiB
2026-10-01T06:53:38.0452758Z |■■■■■■■■■■■■■■■■■■■■■■■■■■■■■■■■■■■■■■■■■■■■■■■■■■■■■■■■■■■■■■■■■■■■■■■■■■■■■■■■| 100% of 2.3 MiB
2026-10-01T06:53:38.0976756Z FFMPEG playwright build v1011 downloaded to /home/runner/.cache/ms-playwright/ffmpeg-1011
2026-10-01T06:53:38.0979908Z Downloading Chromium Headless Shell 141.0.7390.37 (playwright build v1194) from https://cdn.playwright.dev/dbazure/download/playwright/builds/chromium/1194/chromium-headless-shell-linux.zip
2026-10-01T06:53:38.2316825Z |                                                                                |   0% of 104.3 MiB
2026-10-01T06:53:38.3071699Z |■■■■■■■■                                                                        |  10% of 104.3 MiB
2026-10-01T06:53:38.3673533Z |■■■■■■■■■■■■■■■■                                                                |  20% of 104.3 MiB
2026-10-01T06:53:38.4084639Z |■■■■■■■■■■■■■■■■■■■■■■■■                                                        |  30% of 104.3 MiB
2026-10-01T06:53:38.4580605Z |■■■■■■■■■■■■■■■■■■■■■■■■■■■■■■■■                                                |  40% of 104.3 MiB
2026-10-01T06:53:38.4950492Z |■■■■■■■■■■■■■■■■■■■■■■■■■■■■■■■■■■■■■■■■                                        |  50% of 104.3 MiB
2026-10-01T06:53:38.5362082Z |■■■■■■■■■■■■■■■■■■■■■■■■■■■■■■■■■■■■■■■■■■■■■■■■                                |  60% of 104.3 MiB
2026-10-01T06:53:38.5709609Z |■■■■■■■■■■■■■■■■■■■■■■■■■■■■■■■■■■■■■■■■■■■■■■■■■■■■■■■■                        |  70% of 104.3 MiB
2026-10-01T06:53:38.6042229Z |■■■■■■■■■■■■■■■■■■■■■■■■■■■■■■■■■■■■■■■■■■■■■■■■■■■■■■■■■■■■■■■■                |  80% of 104.3 MiB
2026-10-01T06:53:38.6385738Z |■■■■■■■■■■■■■■■■■■■■■■■■■■■■■■■■■■■■■■■■■■■■■■■■■■■■■■■■■■■■■■■■■■■■■■■■        |  90% of 104.3 MiB
2026-10-01T06:53:38.6699063Z |■■■■■■■■■■■■■■■■■■■■■■■■■■■■■■■■■■■■■■■■■■■■■■■■■■■■■■■■■■■■■■■■■■■■■■■■■■■■■■■■| 100% of 104.3 MiB
2026-10-01T06:53:40.3940257Z Chromium Headless Shell 141.0.7390.37 (playwright build v1194) downloaded to /home/runner/.cache/ms-playwright/chromium_headless_shell-1194
2026-10-01T06:53:40.4704310Z ##[group]Run bash tools/publish.sh
2026-10-01T06:53:40.4704662Z [36;1mbash tools/publish.sh[0m
2026-10-01T06:53:40.4774091Z shell: /usr/bin/bash -e {0}
2026-10-01T06:53:40.4774574Z ##[endgroup]
2026-10-01T06:53:41.4738762Z Glessner v4 package verified; 3 missing GLB(s) materialized.
2026-10-01T06:53:42.1301284Z shipped derivatives: 501 pair(s) carry the master's triangles, node identity and contract attributes; worst bounding-box disagreement 2.68 of 4 rungs; 0 asset(s) lose their material identity to the publish path (banked, K36(b)); 4 master passthrough(s), all of them decided (K38); and every one of them records the master it was made from, which is still the master in the tree (K39)
2026-10-01T06:53:42.1848979Z Prairie Avenue browser published: /home/runner/work/chicago/chicago/site/4d/prairie-1904
2026-10-01T06:53:42.2684687Z published 15 map images + viewer + media to site/pre-fire
2026-10-01T06:53:42.3369943Z    changelog.js published to site/4d/js/changelog.js (T-0722)
2026-10-01T06:53:42.3376413Z    changelog.js published to site/4d/walk/js/changelog.js (T-0722)
2026-10-01T06:53:43.1581763Z tickets: cloned https://github.com/kevinrhaas/chicago-tickets.git → tickets/ (1661 tickets)
2026-10-01T06:53:44.6345234Z entry pages: index.html, 1812/index.html, 1835/index.html, 1880/index.html, 1904/index.html
2026-10-01T06:53:44.6413505Z    build 15fb79d  Oct 1, 2026, 1:53 AM CT
2026-10-01T06:53:44.7008737Z published ../../site/4d  (57.03 MB)
2026-10-01T06:53:44.7057204Z ##[group]Run node tools/smoke_renderer.mjs --published
2026-10-01T06:53:44.7057620Z [36;1mnode tools/smoke_renderer.mjs --published[0m
2026-10-01T06:53:44.7125908Z shell: /usr/bin/bash -e {0}
2026-10-01T06:53:44.7126170Z env:
2026-10-01T06:53:44.7126385Z   SMOKE_VIEWPORT: desktop
2026-10-01T06:53:44.7126631Z   SMOKE_STAGE: 7-9
2026-10-01T06:53:44.7126845Z ##[endgroup]
2026-10-01T06:53:45.1243793Z serving /home/runner/work/chicago/chicago/site/4d on 4187 — PUBLISHED mirror (compressed assets, visitor layout)
2026-10-01T06:53:45.1244536Z 
2026-10-01T06:53:45.1244935Z NOT THE FULL GATE — viewports filtered to "desktop"
2026-10-01T06:53:45.1245262Z 
2026-10-01T06:53:45.1245598Z NOT THE FULL GATE — stages filtered to "7-9" of 13
2026-10-01T06:53:45.1245949Z 
2026-10-01T06:53:45.1246261Z desktop 1280x800:
2026-10-01T06:53:45.7513662Z   pass  desktop 1280x800: page serves
2026-10-01T06:54:11.9543835Z   pass  desktop 1280x800: scene reaches ready
2026-10-01T06:54:18.0668638Z   pass  desktop 1280x800: the scene declares its exact consultation blockers
2026-10-01T06:54:18.0670578Z   pass  desktop 1280x800: no unexpected loader problems
2026-10-01T06:54:18.0712241Z   pass  desktop 1280x800: scene has structures
2026-10-01T06:54:18.0762226Z   pass  desktop 1280x800: every structure that should draw, drew
2026-10-01T06:54:45.8585391Z   pass  desktop 1280x800: compass shows the live heading
2026-10-01T06:54:45.8598968Z   pass  desktop 1280x800: the overview map is shown, captioned and read in imperial
2026-10-01T06:54:45.8618185Z   pass  desktop 1280x800: the overview inset is a fixed 248x98 frame, not the field's shape
2026-10-01T06:54:45.8619209Z   pass  desktop 1280x800: walking speed is presented as a named gait in miles per hour
2026-10-01T06:54:45.8620205Z   pass  desktop 1280x800: every pace slider names its gait beside an imperial speed
2026-10-01T06:54:45.8621063Z   pass  desktop 1280x800: overview marker follows position and bearing
2026-10-01T06:54:54.9543087Z   pass  desktop 1280x800: the overview window travels with the visitor at the scale it had before
2026-10-01T06:54:54.9560276Z   pass  desktop 1280x800: the overview window clamps to the field instead of running past it
2026-10-01T06:55:12.5165006Z   pass  desktop 1280x800: every southern viewpoint is reachable and stands on dry modelled ground
2026-10-01T06:55:12.5237303Z   pass  desktop 1280x800: the run carries the visitor south to the model's own wall, and the map follows
2026-10-01T06:55:33.1748907Z   pass  desktop 1280x800: the pop-out renders the whole heightfield
2026-10-01T06:55:41.0850582Z   pass  desktop 1280x800: Escape puts the pop-out away and hands focus back to the map
2026-10-01T06:55:43.7538327Z   pass  desktop 1280x800: the pop-out cannot be opened while the map is switched off
2026-10-01T06:55:43.7539835Z   pass  desktop 1280x800: earth streets are populated and draped on the rendered ground
2026-10-01T06:55:43.7541767Z   pass  desktop 1280x800: no panel of road is deleted because its EDGE reached the water
2026-10-01T06:55:43.7543048Z   pass  desktop 1280x800: the platted streets reach the picture as attested, not as invention
2026-10-01T06:55:43.7544214Z   pass  desktop 1280x800: surface and wear ride their own channel and every street carries it
2026-10-01T06:55:43.7545384Z   pass  desktop 1280x800: the ground never rises through a road panel between its vertices
2026-10-01T06:55:43.7546453Z   pass  desktop 1280x800: the worn track runs onto each bridge approach and meets the deck
2026-10-01T06:55:43.7547571Z   pass  desktop 1280x800: no bend in the ribbon opens a wedge on the outside of its turn
2026-10-01T06:55:43.7548771Z   pass  desktop 1280x800: no elevated flora sheet can masquerade as a second terrain layer
2026-10-01T06:58:02.8592979Z   pass  desktop 1280x800: the roads reach the screen from the walker’s eye, down an open street
2026-10-01T06:58:02.8599571Z         south_water: 2-40 m: ΔL* 4.4 of 5.6 opaque, 90 % perceptible of 10 bare, weber 0.1825 (n 10) over ground L* 50.5, seen 10 of 10 projected (10 clear of flora) · 40-100 m: ΔL* 4.6 of 5.3 opaque, 100 % perceptible of 15 bare, weber 0.1942 (n 15) over ground L* 50.2, seen 15 of 15 projected (15 clear of flora) · 100-250 m: ΔL* 2.8 of 3.4 opaque, 80 % perceptible of 50 bare, weber 0.1224 (n 48) over ground L* 48.6, seen 48 of 125 projected (50 clear of flora) · 250-600 m: ΔL* 2.8 of 3.8 opaque, 81 % perceptible of 79 bare, weber 0.1232 (n 79) over ground L* 49.4, seen 79 of 727 projected (79 clear of flora) · 600-4000 m: ΔL* 10.7 of 18.6 opaque, 80 % perceptible of 5 bare, weber 0.4050 (n 4) over ground L* 51.6, seen 4 of 346 projected (5 clear of flora) (reported only)
2026-10-01T07:00:44.1812963Z   pass  desktop 1280x800: the roads reach the screen from the air, at the aerial anchor
2026-10-01T07:00:44.1865966Z         from_above: 2-40 m: projects 0× (not gated) · 40-100 m: projects 0× (not gated) · 100-250 m: ΔL* 4.0 of 8.7 opaque, 94 % perceptible of 31 bare, weber 0.1777 (n 29) over ground L* 47.0, seen 29 of 31 projected (31 clear of flora) · 250-600 m: ΔL* 3.3 of 7.4 opaque, 85 % perceptible of 677 bare, weber 0.1475 (n 673) over ground L* 48.7, seen 673 of 692 projected (677 clear of flora) · 600-4000 m: ΔL* 3.9 of 8.1 opaque, 76 % perceptible of 420 bare, weber 0.1692 (n 328) over ground L* 49.8, seen 328 of 496 projected (420 clear of flora) (reported only)
2026-10-01T07:00:44.1936210Z         road bands: 6 moved against the bank —
2026-10-01T07:00:44.1939189Z           rose      desktop/south_water/40-100  perceptible 80 % → 100 % (+20 points), ΔL* 3.0 → 4.6 (+1.6), weber 0.1289 → 0.1942
2026-10-01T07:00:44.1975436Z           rose      desktop/south_water/250-600  perceptible 68 % → 81 % (+13 points), ΔL* 4.2 → 2.8 (-1.4), weber 0.1780 → 0.1232, ground L* 53.6 → 49.4 (-4.2, exposure)
2026-10-01T07:00:44.2002405Z           rose      desktop/from_above/100-250  ΔL* 2.6 → 4.0 (+1.4), weber 0.1160 → 0.1777
2026-10-01T07:00:44.2003844Z           rose      desktop/from_above/250-600  perceptible 66 % → 85 % (+19 points), ΔL* 2.2 → 3.3 (+1.1), weber 0.0964 → 0.1475
2026-10-01T07:00:44.2032687Z           rose      desktop/south_water/2-40  perceptible 70 % → 90 % (+20 points), ΔL* 3.4 → 4.5 (+1.0), weber 0.1402 → 0.1825
2026-10-01T07:00:44.2034255Z           rose      desktop/south_water/100-250  perceptible 51 % → 80 % (+29 points), ΔL* 2.4 → 2.8 (+0.4)
2026-10-01T07:03:35.4162741Z   pass  desktop 1280x800: the roads reach the screen standing on the crossing itself
2026-10-01T07:03:35.4227220Z         lake_market: 2-40 m: ΔL* 2.5 of 3.1 opaque, 60 % perceptible of 10 bare, weber 0.1250 (n 10) over ground L* 49.4, seen 10 of 10 projected (10 clear of flora) · 40-100 m: ΔL* 4.5 of 5.2 opaque, 93 % perceptible of 15 bare, weber 0.1894 (n 15) over ground L* 50.9, seen 15 of 15 projected (15 clear of flora) · 100-250 m: ΔL* 4.0 of 4.7 opaque, 98 % perceptible of 44 bare, weber 0.1708 (n 44) over ground L* 50.2, seen 44 of 148 projected (44 clear of flora) · 250-600 m: ΔL* 3.2 of 5.0 opaque, 99 % perceptible of 98 bare, weber 0.1354 (n 98) over ground L* 51.5, seen 98 of 735 projected (98 clear of flora) · 600-4000 m: ΔL* 3.2 of 5.0 opaque, 100 % perceptible of 60 bare, weber 0.1354 (n 60) over ground L* 51.5, seen 60 of 1127 projected (60 clear of flora) (reported only)
2026-10-01T07:03:35.4372109Z         road bands: 3 moved against the bank —
2026-10-01T07:03:35.4373417Z           fell      desktop/lake_market/250-600  ΔL* 6.5 → 3.2 (-3.3), weber 0.2497 → 0.1354, ground L* 55.0 → 51.5 (-3.5, exposure)
2026-10-01T07:03:35.4432544Z           rose      desktop/lake_market/40-100  ΔL* 2.4 → 4.5 (+2.1), weber 0.1047 → 0.1894
2026-10-01T07:03:35.4602673Z           rose      desktop/lake_market/100-250  ΔL* 2.5 → 4.0 (+1.5), weber 0.1057 → 0.1708
2026-10-01T07:03:43.0256683Z   pass  desktop 1280x800: the road-legibility aid is off unless a visitor moves it
2026-10-01T07:04:38.0534672Z   pass  desktop 1280x800: raising the road-legibility aid reaches the render
2026-10-01T07:04:38.0546765Z   pass  desktop 1280x800: dropping the road-legibility aid restores the default frame
2026-10-01T07:04:38.0575656Z         road aid: full-on delta mean 0.29 / worst 11 at 96², 0.22 / 1 at 12²; restored residual mean 0.00 / worst 0
2026-10-01T07:04:42.0491704Z   pass  desktop 1280x800: the town is its one untextured batch and its two roof coverings
2026-10-01T07:04:42.0492680Z   pass  desktop 1280x800: the batch still carries the town's finishes
2026-10-01T07:05:21.1002425Z   pass  desktop 1280x800: the per-vertex roughness channel reaches the render
2026-10-01T07:05:21.1003528Z   pass  desktop 1280x800: restoring the roughness channel restores the frame
2026-10-01T07:05:21.1004936Z         batches: 3 · roughness 15 values 0.25–0.9800000190734863 · flattening moves worst cell 12, mean 0.21; restored worst 0
2026-10-01T07:06:10.6759364Z   pass  desktop 1280x800: the town wears more than one face
2026-10-01T07:06:10.6760443Z   pass  desktop 1280x800: no two neighbouring buildings are drawn the same colour
2026-10-01T07:06:10.6761643Z   pass  desktop 1280x800: a documented paint is never modulated
2026-10-01T07:06:10.6762449Z   pass  desktop 1280x800: the facade tones reach the render
2026-10-01T07:06:10.6763562Z   pass  desktop 1280x800: restoring the facade tones restores the frame
2026-10-01T07:06:10.6765190Z         facades: 496 tones · 0/483 neighbour pairs identical · winding off moves worst cell 10, mean 0.27; restored worst 0
2026-10-01T07:06:16.4748453Z   pass  desktop 1280x800: the sun's shadow reaches 240 m at the documented texel (scene detail 'full')
2026-10-01T07:06:50.9219272Z   pass  desktop 1280x800: the shadow reach reaches the render
2026-10-01T07:06:50.9228116Z   pass  desktop 1280x800: restoring the shadow reach restores the frame
2026-10-01T07:06:50.9248398Z         shadow reach: ±240 m at 11.7 cm/texel · winding back to ±60 m moves worst cell 7; restored residual worst 0
2026-10-01T07:06:53.8097128Z   pass  desktop 1280x800: the shadow box holds still under a sub-texel step
2026-10-01T07:06:53.8111018Z   pass  desktop 1280x800: the snap reaches the box — without it the same step moves it
2026-10-01T07:06:53.8112161Z   pass  desktop 1280x800: the box moves in texels of its own map, and only in those
2026-10-01T07:06:53.8113214Z         shadow snap: 1 mm moves the box 0.00 µm snapped, 0.994 mm loose; a 1 m walk moves it 11 time(s), worst 1.000 texels
2026-10-01T07:06:59.5882916Z   pass  desktop 1280x800: the brightness aid is off unless a visitor moves it
2026-10-01T07:07:31.4671064Z   pass  desktop 1280x800: raising the brightness aid reaches the render
2026-10-01T07:07:31.4692852Z   pass  desktop 1280x800: dropping the brightness aid restores the calibrated frame
2026-10-01T07:07:31.4706623Z         brightness aid: +1 stop delta mean 44.53 / worst 51 at 12²; restored residual mean 0.00 / worst 0
2026-10-01T07:07:31.4708046Z   pass  desktop 1280x800: the suite body ran to completion
2026-10-01T07:07:31.4708670Z   pass  desktop 1280x800: zero page errors
2026-10-01T07:07:31.5437676Z 
2026-10-01T07:07:31.9283302Z   pass  vendor: meshopt decoder loads and reports supported
2026-10-01T07:07:31.9310536Z   pass  vendor: meshopt import raises no page error
2026-10-01T07:07:31.9616863Z 
2026-10-01T07:07:31.9617451Z 55 passed, 0 failed
2026-10-01T07:07:31.9618097Z 45 staged-section check(s) (stage 7-9 of 13), 10 always-on check(s)
2026-10-01T07:07:31.9619127Z 13 m 47 s for stage 7-9 at desktop — the ceiling on a steward run's single foreground command is 10 m 00 s
2026-10-01T07:07:31.9619606Z SMOKE PASS
2026-10-01T07:07:31.9864637Z Post job cleanup.
2026-10-01T07:07:32.1125583Z (node:3769) [DEP0040] DeprecationWarning: The `punycode` module is deprecated. Please use a userland alternative instead.
2026-10-01T07:07:32.1126798Z (Use `node --trace-deprecation ...` to show where the warning was created)
2026-10-01T07:07:32.1344987Z Post job cleanup.
2026-10-01T07:07:32.2250614Z [command]/usr/bin/git version
2026-10-01T07:07:32.2288553Z git version 2.55.0
2026-10-01T07:07:32.2326424Z Temporarily overriding HOME='/home/runner/work/_temp/b7d19cde-3152-464b-8be1-6840f25754ff' before making global git config changes
2026-10-01T07:07:32.2328264Z Adding repository directory to the temporary git global config as a safe directory
2026-10-01T07:07:32.2332389Z [command]/usr/bin/git config --global --add safe.directory /home/runner/work/chicago/chicago
2026-10-01T07:07:32.2372095Z [command]/usr/bin/git config --local --name-only --get-regexp core\.sshCommand
2026-10-01T07:07:32.2409066Z [command]/usr/bin/git submodule foreach --recursive sh -c "git config --local --name-only --get-regexp 'core\.sshCommand' && git config --local --unset-all 'core.sshCommand' || :"
2026-10-01T07:07:32.2668877Z [command]/usr/bin/git config --local --name-only --get-regexp http\.https\:\/\/github\.com\/\.extraheader
2026-10-01T07:07:32.2696852Z http.https://github.com/.extraheader
2026-10-01T07:07:32.2707650Z [command]/usr/bin/git config --local --unset-all http.https://github.com/.extraheader
2026-10-01T07:07:32.2743227Z [command]/usr/bin/git submodule foreach --recursive sh -c "git config --local --name-only --get-regexp 'http\.https\:\/\/github\.com\/\.extraheader' && git config --local --unset-all 'http.https://github.com/.extraheader' || :"
2026-10-01T07:07:32.2995170Z [command]/usr/bin/git config --local --name-only --get-regexp ^includeIf\.gitdir:
2026-10-01T07:07:32.3031111Z [command]/usr/bin/git submodule foreach --recursive git config --local --show-origin --name-only --get-regexp remote.origin.url
2026-10-01T07:07:32.3445445Z Cleaning up orphan processes
2026-10-01T07:07:32.3802867Z ##[warning]Node.js 20 is deprecated. The following actions target Node.js 20 but are being forced to run on Node.js 24: actions/checkout@v4, actions/setup-node@v4. For more information see: https://github.blog/changelog/2025-09-19-deprecation-of-node-20-on-github-actions-runners/

