2026-10-01T07:03:22.7137173Z Current runner version: '2.337.0'
2026-10-01T07:03:22.7158410Z ##[group]Runner Image Provisioner
2026-10-01T07:03:22.7159104Z Hosted Compute Agent
2026-10-01T07:03:22.7159675Z Version: 20260828.587
2026-10-01T07:03:22.7160192Z Commit: abac92662cab4cc7352de4f9f9d2e2419aad9c29
2026-10-01T07:03:22.7160815Z Build Date: 2026-08-28T16:44:25Z
2026-10-01T07:03:22.7161424Z Worker ID: {289c3e4b-0c38-481b-9f19-0e1a032b15e2}
2026-10-01T07:03:22.7162007Z Azure Region: westus3
2026-10-01T07:03:22.7162528Z ##[endgroup]
2026-10-01T07:03:22.7163688Z ##[group]Operating System
2026-10-01T07:03:22.7164217Z Ubuntu
2026-10-01T07:03:22.7164739Z 24.04.5
2026-10-01T07:03:22.7165159Z LTS
2026-10-01T07:03:22.7165644Z ##[endgroup]
2026-10-01T07:03:22.7166112Z ##[group]Runner Image
2026-10-01T07:03:22.7166931Z Image: ubuntu-24.04
2026-10-01T07:03:22.7167448Z Version: 20260920.314.1
2026-10-01T07:03:22.7168502Z Included Software: https://github.com/actions/runner-images/blob/ubuntu24/20260920.314/images/ubuntu/Ubuntu2404-Readme.md
2026-10-01T07:03:22.7169751Z Image Release: https://github.com/actions/runner-images/releases/tag/ubuntu24%2F20260920.314
2026-10-01T07:03:22.7170528Z ##[endgroup]
2026-10-01T07:03:22.7171545Z ##[group]GITHUB_TOKEN Permissions
2026-10-01T07:03:22.7173349Z Contents: read
2026-10-01T07:03:22.7173914Z Metadata: read
2026-10-01T07:03:22.7174661Z Packages: read
2026-10-01T07:03:22.7175171Z ##[endgroup]
2026-10-01T07:03:22.7177094Z Secret source: Actions
2026-10-01T07:03:22.7177963Z Cache mode: write
2026-10-01T07:03:22.7178571Z Prepare workflow directory
2026-10-01T07:03:22.7452194Z Prepare all required actions
2026-10-01T07:03:22.7493251Z Getting action download info
2026-10-01T07:03:23.0672264Z Download action repository 'actions/checkout@v4' (SHA:11d5960a326750d5838078e36cf38b85af677262)
2026-10-01T07:03:23.3862305Z Download action repository 'actions/setup-node@v4' (SHA:49933ea5288caeca8642d1e84afbd3f7d6820020)
2026-10-01T07:03:23.6714896Z Complete job name: smoke
2026-10-01T07:03:23.7354834Z ##[group]Run actions/checkout@v4
2026-10-01T07:03:23.7355647Z with:
2026-10-01T07:03:23.7356028Z   repository: kevinrhaas/chicago
2026-10-01T07:03:23.7360659Z   token: ***
2026-10-01T07:03:23.7361040Z   ssh-strict: true
2026-10-01T07:03:23.7361430Z   ssh-user: git
2026-10-01T07:03:23.7361816Z   persist-credentials: true
2026-10-01T07:03:23.7362252Z   clean: true
2026-10-01T07:03:23.7362635Z   sparse-checkout-cone-mode: true
2026-10-01T07:03:23.7363120Z   fetch-depth: 1
2026-10-01T07:03:23.7363495Z   fetch-tags: false
2026-10-01T07:03:23.7363888Z   show-progress: true
2026-10-01T07:03:23.7364275Z   lfs: false
2026-10-01T07:03:23.7364653Z   submodules: false
2026-10-01T07:03:23.7365057Z   set-safe-directory: true
2026-10-01T07:03:23.7365517Z   allow-unsafe-pr-checkout: false
2026-10-01T07:03:23.7366189Z ##[endgroup]
2026-10-01T07:03:23.8196018Z Syncing repository: kevinrhaas/chicago
2026-10-01T07:03:23.8197816Z ##[group]Getting Git version info
2026-10-01T07:03:23.8198673Z Working directory is '/home/runner/work/chicago/chicago'
2026-10-01T07:03:23.8199608Z [command]/usr/bin/git version
2026-10-01T07:03:23.9126803Z git version 2.55.0
2026-10-01T07:03:23.9142028Z ##[endgroup]
2026-10-01T07:03:23.9154082Z Temporarily overriding HOME='/home/runner/work/_temp/d188ec1f-922f-4886-9baa-5a0da7f2cd2b' before making global git config changes
2026-10-01T07:03:23.9155869Z Adding repository directory to the temporary git global config as a safe directory
2026-10-01T07:03:23.9157981Z [command]/usr/bin/git config --global --add safe.directory /home/runner/work/chicago/chicago
2026-10-01T07:03:23.9198127Z Deleting the contents of '/home/runner/work/chicago/chicago'
2026-10-01T07:03:23.9201639Z ##[group]Initializing the repository
2026-10-01T07:03:23.9204764Z [command]/usr/bin/git init /home/runner/work/chicago/chicago
2026-10-01T07:03:23.9287231Z hint: Using 'master' as the name for the initial branch. This default branch name
2026-10-01T07:03:23.9288505Z hint: will change to "main" in Git 3.0. To configure the initial branch name
2026-10-01T07:03:23.9289836Z hint: to use in all of your new repositories, which will suppress this warning,
2026-10-01T07:03:23.9290812Z hint: call:
2026-10-01T07:03:23.9291153Z hint:
2026-10-01T07:03:23.9291596Z hint: 	git config --global init.defaultBranch <name>
2026-10-01T07:03:23.9292182Z hint:
2026-10-01T07:03:23.9292715Z hint: Names commonly chosen instead of 'master' are 'main', 'trunk' and
2026-10-01T07:03:23.9293800Z hint: 'development'. The just-created branch can be renamed via this command:
2026-10-01T07:03:23.9294521Z hint:
2026-10-01T07:03:23.9294873Z hint: 	git branch -m <name>
2026-10-01T07:03:23.9295289Z hint:
2026-10-01T07:03:23.9295853Z hint: Disable this message with "git config set advice.defaultBranchName false"
2026-10-01T07:03:23.9296952Z Initialized empty Git repository in /home/runner/work/chicago/chicago/.git/
2026-10-01T07:03:23.9299496Z [command]/usr/bin/git remote add origin https://github.com/kevinrhaas/chicago
2026-10-01T07:03:23.9336311Z ##[endgroup]
2026-10-01T07:03:23.9337121Z ##[group]Disabling automatic garbage collection
2026-10-01T07:03:23.9339249Z [command]/usr/bin/git config --local gc.auto 0
2026-10-01T07:03:23.9363102Z ##[endgroup]
2026-10-01T07:03:23.9368966Z ##[group]Setting up auth
2026-10-01T07:03:23.9369710Z [command]/usr/bin/git config --local --name-only --get-regexp core\.sshCommand
2026-10-01T07:03:23.9396703Z [command]/usr/bin/git submodule foreach --recursive sh -c "git config --local --name-only --get-regexp 'core\.sshCommand' && git config --local --unset-all 'core.sshCommand' || :"
2026-10-01T07:03:24.1667854Z [command]/usr/bin/git config --local --name-only --get-regexp http\.https\:\/\/github\.com\/\.extraheader
2026-10-01T07:03:24.1693588Z [command]/usr/bin/git submodule foreach --recursive sh -c "git config --local --name-only --get-regexp 'http\.https\:\/\/github\.com\/\.extraheader' && git config --local --unset-all 'http.https://github.com/.extraheader' || :"
2026-10-01T07:03:24.1885104Z [command]/usr/bin/git config --local --name-only --get-regexp ^includeIf\.gitdir:
2026-10-01T07:03:24.1913071Z [command]/usr/bin/git submodule foreach --recursive git config --local --show-origin --name-only --get-regexp remote.origin.url
2026-10-01T07:03:24.2120379Z [command]/usr/bin/git config --local http.https://github.com/.extraheader AUTHORIZATION: basic ***
2026-10-01T07:03:24.2153663Z ##[endgroup]
2026-10-01T07:03:24.2154587Z ##[group]Fetching the repository
2026-10-01T07:03:24.2161157Z [command]/usr/bin/git -c protocol.version=2 fetch --no-tags --prune --no-recurse-submodules --depth=1 origin +ef515fab75dd9d989faa7ce6ee0fc09546aff7f5:refs/remotes/origin/steward/t1766-canal-grocery-workshops
2026-10-01T07:04:00.3068519Z From https://github.com/kevinrhaas/chicago
2026-10-01T07:04:00.3069405Z  * [new ref]         ef515fab75dd9d989faa7ce6ee0fc09546aff7f5 -> origin/steward/t1766-canal-grocery-workshops
2026-10-01T07:04:00.3071751Z ##[endgroup]
2026-10-01T07:04:00.3072325Z ##[group]Determining the checkout info
2026-10-01T07:04:00.3073622Z ##[endgroup]
2026-10-01T07:04:00.3078418Z [command]/usr/bin/git sparse-checkout disable
2026-10-01T07:04:00.3121500Z [command]/usr/bin/git config --local --unset-all extensions.worktreeConfig
2026-10-01T07:04:00.3146449Z ##[group]Checking out the ref
2026-10-01T07:04:00.3150222Z [command]/usr/bin/git checkout --progress --force -B steward/t1766-canal-grocery-workshops refs/remotes/origin/steward/t1766-canal-grocery-workshops
2026-10-01T07:04:01.4642227Z Updating files:  74% (6732/9085)
2026-10-01T07:04:01.4817678Z Updating files:  75% (6814/9085)
2026-10-01T07:04:01.5134027Z Updating files:  76% (6905/9085)
2026-10-01T07:04:01.5729960Z Updating files:  77% (6996/9085)
2026-10-01T07:04:01.6004692Z Updating files:  78% (7087/9085)
2026-10-01T07:04:01.6210226Z Updating files:  79% (7178/9085)
2026-10-01T07:04:01.6374850Z Updating files:  80% (7268/9085)
2026-10-01T07:04:01.6507952Z Updating files:  81% (7359/9085)
2026-10-01T07:04:01.6656233Z Updating files:  82% (7450/9085)
2026-10-01T07:04:01.6753882Z Updating files:  83% (7541/9085)
2026-10-01T07:04:01.6876888Z Updating files:  84% (7632/9085)
2026-10-01T07:04:01.6998814Z Updating files:  85% (7723/9085)
2026-10-01T07:04:01.7119568Z Updating files:  86% (7814/9085)
2026-10-01T07:04:01.7894183Z Updating files:  87% (7904/9085)
2026-10-01T07:04:01.8301559Z Updating files:  88% (7995/9085)
2026-10-01T07:04:02.0204935Z Updating files:  89% (8086/9085)
2026-10-01T07:04:02.3184839Z Updating files:  90% (8177/9085)
2026-10-01T07:04:02.3248068Z Updating files:  91% (8268/9085)
2026-10-01T07:04:02.5289175Z Updating files:  91% (8270/9085)
2026-10-01T07:04:02.6324304Z Updating files:  92% (8359/9085)
2026-10-01T07:04:02.6778626Z Updating files:  93% (8450/9085)
2026-10-01T07:04:02.7111606Z Updating files:  94% (8540/9085)
2026-10-01T07:04:02.8241754Z Updating files:  95% (8631/9085)
2026-10-01T07:04:02.9336395Z Updating files:  96% (8722/9085)
2026-10-01T07:04:02.9972545Z Updating files:  97% (8813/9085)
2026-10-01T07:04:03.2557791Z Updating files:  98% (8904/9085)
2026-10-01T07:04:03.3269580Z Updating files:  99% (8995/9085)
2026-10-01T07:04:03.4947517Z Updating files:  99% (9015/9085)
2026-10-01T07:04:03.4947939Z Updating files: 100% (9085/9085)
2026-10-01T07:04:03.4948226Z Updating files: 100% (9085/9085), done.
2026-10-01T07:04:03.5877872Z Switched to a new branch 'steward/t1766-canal-grocery-workshops'
2026-10-01T07:04:03.5881062Z branch 'steward/t1766-canal-grocery-workshops' set up to track 'origin/steward/t1766-canal-grocery-workshops'.
2026-10-01T07:04:03.6038968Z ##[endgroup]
2026-10-01T07:04:03.6079161Z [command]/usr/bin/git log -1 --format=%H
2026-10-01T07:04:03.6099044Z ef515fab75dd9d989faa7ce6ee0fc09546aff7f5
2026-10-01T07:04:03.6337828Z ##[group]Run actions/setup-node@v4
2026-10-01T07:04:03.6338052Z with:
2026-10-01T07:04:03.6338225Z   node-version: 22
2026-10-01T07:04:03.6338396Z   always-auth: false
2026-10-01T07:04:03.6338570Z   check-latest: false
2026-10-01T07:04:03.6340689Z   token: ***
2026-10-01T07:04:03.6340858Z ##[endgroup]
2026-10-01T07:04:03.7724424Z Found in cache @ /opt/hostedtoolcache/node/22.23.2/x64
2026-10-01T07:04:03.7728112Z (node:2036) [DEP0040] DeprecationWarning: The `punycode` module is deprecated. Please use a userland alternative instead.
2026-10-01T07:04:03.7728781Z (Use `node --trace-deprecation ...` to show where the warning was created)
2026-10-01T07:04:03.7730705Z ##[group]Environment details
2026-10-01T07:04:04.1083189Z node: v22.23.2
2026-10-01T07:04:04.1083508Z npm: 10.9.8
2026-10-01T07:04:04.1083735Z yarn: 1.22.22
2026-10-01T07:04:04.1084917Z ##[endgroup]
2026-10-01T07:04:04.1735020Z ##[group]Run set -e
2026-10-01T07:04:04.1735291Z [36;1mset -e[0m
2026-10-01T07:04:04.1735507Z [36;1mnpm install -g playwright@1.56.1[0m
2026-10-01T07:04:04.1735852Z [36;1mnode "$(npm root -g)/playwright/cli.js" install --with-deps chromium[0m
2026-10-01T07:04:04.1932650Z shell: /usr/bin/bash -e {0}
2026-10-01T07:04:04.1932910Z ##[endgroup]
2026-10-01T07:04:06.2499414Z 
2026-10-01T07:04:06.2505031Z added 2 packages in 2s
2026-10-01T07:04:06.7964479Z Installing dependencies...
2026-10-01T07:04:06.8016799Z Switching to root user to install dependencies...
2026-10-01T07:04:06.9147097Z Get:1 file:/etc/apt/apt-mirrors.txt Mirrorlist [144 B]
2026-10-01T07:04:06.9258922Z Get:3 https://packages.microsoft.com/ubuntu/24.04/prod noble InRelease [3600 B]
2026-10-01T07:04:06.9453657Z Hit:2 http://azure.archive.ubuntu.com/ubuntu noble InRelease
2026-10-01T07:04:06.9460832Z Get:4 http://azure.archive.ubuntu.com/ubuntu noble-updates InRelease [126 kB]
2026-10-01T07:04:06.9498577Z Get:5 http://azure.archive.ubuntu.com/ubuntu noble-backports InRelease [126 kB]
2026-10-01T07:04:06.9577834Z Get:6 http://azure.archive.ubuntu.com/ubuntu noble-security InRelease [126 kB]
2026-10-01T07:04:07.0480562Z Get:7 https://packages.microsoft.com/ubuntu/24.04/prod noble/main amd64 Packages [509 kB]
2026-10-01T07:04:07.0787376Z Get:8 https://packages.microsoft.com/ubuntu/24.04/prod noble/main arm64 Packages [456 kB]
2026-10-01T07:04:07.1544293Z Get:9 http://azure.archive.ubuntu.com/ubuntu noble-updates/main amd64 Packages [1342 kB]
2026-10-01T07:04:07.1605858Z Get:10 http://azure.archive.ubuntu.com/ubuntu noble-updates/main Translation-en [302 kB]
2026-10-01T07:04:07.1625442Z Get:11 http://azure.archive.ubuntu.com/ubuntu noble-updates/main amd64 Components [181 kB]
2026-10-01T07:04:07.1641367Z Get:12 http://azure.archive.ubuntu.com/ubuntu noble-updates/universe amd64 Packages [1699 kB]
2026-10-01T07:04:07.1723262Z Get:13 http://azure.archive.ubuntu.com/ubuntu noble-updates/universe Translation-en [341 kB]
2026-10-01T07:04:07.1749724Z Get:14 http://azure.archive.ubuntu.com/ubuntu noble-updates/universe amd64 Components [388 kB]
2026-10-01T07:04:07.1768910Z Get:15 http://azure.archive.ubuntu.com/ubuntu noble-updates/restricted amd64 Packages [1697 kB]
2026-10-01T07:04:07.1846275Z Get:16 http://azure.archive.ubuntu.com/ubuntu noble-updates/restricted Translation-en [388 kB]
2026-10-01T07:04:07.1868162Z Get:17 http://azure.archive.ubuntu.com/ubuntu noble-updates/multiverse amd64 Components [940 B]
2026-10-01T07:04:07.1984833Z Get:18 http://azure.archive.ubuntu.com/ubuntu noble-backports/main amd64 Packages [40.6 kB]
2026-10-01T07:04:07.2480479Z Get:19 http://azure.archive.ubuntu.com/ubuntu noble-backports/main amd64 Components [5760 B]
2026-10-01T07:04:07.2481399Z Get:20 http://azure.archive.ubuntu.com/ubuntu noble-backports/universe amd64 Packages [31.0 kB]
2026-10-01T07:04:07.2482959Z Get:21 http://azure.archive.ubuntu.com/ubuntu noble-backports/universe Translation-en [18.6 kB]
2026-10-01T07:04:07.2492081Z Get:22 http://azure.archive.ubuntu.com/ubuntu noble-backports/universe amd64 Components [12.6 kB]
2026-10-01T07:04:07.2500992Z Get:23 http://azure.archive.ubuntu.com/ubuntu noble-security/main amd64 Packages [1066 kB]
2026-10-01T07:04:07.2547504Z Get:24 http://azure.archive.ubuntu.com/ubuntu noble-security/main Translation-en [220 kB]
2026-10-01T07:04:07.2572988Z Get:25 http://azure.archive.ubuntu.com/ubuntu noble-security/main amd64 Components [46.4 kB]
2026-10-01T07:04:07.2574061Z Get:26 http://azure.archive.ubuntu.com/ubuntu noble-security/universe amd64 Packages [1216 kB]
2026-10-01T07:04:07.2623212Z Get:27 http://azure.archive.ubuntu.com/ubuntu noble-security/universe Translation-en [244 kB]
2026-10-01T07:04:07.2639198Z Get:28 http://azure.archive.ubuntu.com/ubuntu noble-security/universe amd64 Components [76.3 kB]
2026-10-01T07:04:07.2650203Z Get:29 http://azure.archive.ubuntu.com/ubuntu noble-security/restricted amd64 Packages [1566 kB]
2026-10-01T07:04:07.2715846Z Get:30 http://azure.archive.ubuntu.com/ubuntu noble-security/restricted Translation-en [361 kB]
2026-10-01T07:04:19.5954488Z Fetched 12.6 MB in 1s (10.5 MB/s)
2026-10-01T07:04:20.3260159Z Reading package lists...
2026-10-01T07:04:20.3472183Z Reading package lists...
2026-10-01T07:04:20.5687617Z Building dependency tree...
2026-10-01T07:04:20.5693953Z Reading state information...
2026-10-01T07:04:20.7338069Z libasound2t64 is already the newest version (1.2.11-1ubuntu0.3).
2026-10-01T07:04:20.7338514Z libasound2t64 set to manually installed.
2026-10-01T07:04:20.7338906Z libatk-bridge2.0-0t64 is already the newest version (2.52.0-1build1).
2026-10-01T07:04:20.7339338Z libatk-bridge2.0-0t64 set to manually installed.
2026-10-01T07:04:20.7339687Z libatk1.0-0t64 is already the newest version (2.52.0-1build1).
2026-10-01T07:04:20.7339996Z libatk1.0-0t64 set to manually installed.
2026-10-01T07:04:20.7340329Z libatspi2.0-0t64 is already the newest version (2.52.0-1build1).
2026-10-01T07:04:20.7340654Z libatspi2.0-0t64 set to manually installed.
2026-10-01T07:04:20.7341109Z libcairo2 is already the newest version (1.18.0-3build1).
2026-10-01T07:04:20.7341416Z libcairo2 set to manually installed.
2026-10-01T07:04:20.7341745Z libcups2t64 is already the newest version (2.4.7-1.2ubuntu7.14).
2026-10-01T07:04:20.7342067Z libcups2t64 set to manually installed.
2026-10-01T07:04:20.7342398Z libdbus-1-3 is already the newest version (1.14.10-4ubuntu4.1).
2026-10-01T07:04:20.7342723Z libdbus-1-3 set to manually installed.
2026-10-01T07:04:20.7343058Z libdrm2 is already the newest version (2.4.125-1ubuntu0.1~24.04.2).
2026-10-01T07:04:20.7343831Z libdrm2 set to manually installed.
2026-10-01T07:04:20.7344153Z libnspr4 is already the newest version (2:4.35-1.1build1).
2026-10-01T07:04:20.7344453Z libnspr4 set to manually installed.
2026-10-01T07:04:20.7345094Z libnss3 is already the newest version (2:3.98-1ubuntu0.2).
2026-10-01T07:04:20.7345518Z libnss3 set to manually installed.
2026-10-01T07:04:20.7346007Z libpango-1.0-0 is already the newest version (1.52.1+ds-1build1).
2026-10-01T07:04:20.7346503Z libpango-1.0-0 set to manually installed.
2026-10-01T07:04:20.7347245Z libx11-6 is already the newest version (2:1.8.7-1build1).
2026-10-01T07:04:20.7347696Z libx11-6 set to manually installed.
2026-10-01T07:04:20.7348159Z libxcb1 is already the newest version (1.15-1ubuntu2).
2026-10-01T07:04:20.7348631Z libxcb1 set to manually installed.
2026-10-01T07:04:20.7349136Z libxcomposite1 is already the newest version (1:0.4.5-1build3).
2026-10-01T07:04:20.7349633Z libxcomposite1 set to manually installed.
2026-10-01T07:04:20.7350141Z libxdamage1 is already the newest version (1:1.1.6-1build1).
2026-10-01T07:04:20.7350637Z libxdamage1 set to manually installed.
2026-10-01T07:04:20.7351122Z libxext6 is already the newest version (2:1.3.4-1build2).
2026-10-01T07:04:20.7351580Z libxext6 set to manually installed.
2026-10-01T07:04:20.7352065Z libxfixes3 is already the newest version (1:6.0.0-2build1).
2026-10-01T07:04:20.7352551Z libxfixes3 set to manually installed.
2026-10-01T07:04:20.7353076Z libxkbcommon0 is already the newest version (1.6.0-1build1).
2026-10-01T07:04:20.7353593Z libxkbcommon0 set to manually installed.
2026-10-01T07:04:20.7354093Z libxrandr2 is already the newest version (2:1.5.2-2build1).
2026-10-01T07:04:20.7354569Z libxrandr2 set to manually installed.
2026-10-01T07:04:20.7355174Z fonts-noto-color-emoji is already the newest version (2.047-0ubuntu0.24.04.1).
2026-10-01T07:04:20.7355872Z libfontconfig1 is already the newest version (2.15.0-1.1ubuntu2).
2026-10-01T07:04:20.7356389Z libfontconfig1 set to manually installed.
2026-10-01T07:04:20.7357139Z libfreetype6 is already the newest version (2.13.2+dfsg-1ubuntu0.1).
2026-10-01T07:04:20.7357651Z libfreetype6 set to manually installed.
2026-10-01T07:04:20.7358162Z fonts-liberation is already the newest version (1:2.1.5-3).
2026-10-01T07:04:20.7358659Z fonts-liberation set to manually installed.
2026-10-01T07:04:20.7359162Z The following additional packages will be installed:
2026-10-01T07:04:20.7360015Z   gir1.2-glib-2.0 libgl1-mesa-dri libglib2.0-bin libglib2.0-data libglx-mesa0
2026-10-01T07:04:20.7360722Z   libwayland-server0 mesa-libgallium xfonts-encodings xfonts-utils
2026-10-01T07:04:20.7361190Z   xserver-common
2026-10-01T07:04:20.7361474Z Suggested packages:
2026-10-01T07:04:20.7361763Z   low-memory-monitor
2026-10-01T07:04:20.7362050Z Recommended packages:
2026-10-01T07:04:20.7362431Z   fonts-ipafont-mincho fonts-tlwg-loma xfonts-base
2026-10-01T07:04:20.7771205Z The following NEW packages will be installed:
2026-10-01T07:04:20.7771810Z   fonts-freefont-ttf fonts-ipafont-gothic fonts-tlwg-loma-otf fonts-unifont
2026-10-01T07:04:20.7777877Z   fonts-wqy-zenhei libwayland-server0 xfonts-cyrillic xfonts-encodings
2026-10-01T07:04:20.7778400Z   xfonts-scalable xfonts-utils
2026-10-01T07:04:20.7780766Z The following packages will be upgraded:
2026-10-01T07:04:20.7781634Z   gir1.2-glib-2.0 libgbm1 libgl1-mesa-dri libglib2.0-0t64 libglib2.0-bin
2026-10-01T07:04:20.7785614Z   libglib2.0-data libglx-mesa0 mesa-libgallium xserver-common xvfb
2026-10-01T07:04:20.7987997Z 10 upgraded, 10 newly installed, 0 to remove and 36 not upgraded.
2026-10-01T07:04:20.7988388Z Need to get 34.9 MB of archives.
2026-10-01T07:04:20.7988740Z After this operation, 79.7 MB of additional disk space will be used.
2026-10-01T07:04:20.7989140Z Get:1 file:/etc/apt/apt-mirrors.txt Mirrorlist [144 B]
2026-10-01T07:04:20.8793924Z Get:2 http://azure.archive.ubuntu.com/ubuntu noble/universe amd64 fonts-ipafont-gothic all 00303-21ubuntu1 [3513 kB]
2026-10-01T07:04:21.0159623Z Get:3 http://azure.archive.ubuntu.com/ubuntu noble-updates/main amd64 libglib2.0-data all 2.80.0-6ubuntu3.9 [50.1 kB]
2026-10-01T07:04:21.0798350Z Get:4 http://azure.archive.ubuntu.com/ubuntu noble-updates/main amd64 libglib2.0-bin amd64 2.80.0-6ubuntu3.9 [97.9 kB]
2026-10-01T07:04:21.1444895Z Get:5 http://azure.archive.ubuntu.com/ubuntu noble-updates/main amd64 gir1.2-glib-2.0 amd64 2.80.0-6ubuntu3.9 [183 kB]
2026-10-01T07:04:21.2095448Z Get:6 http://azure.archive.ubuntu.com/ubuntu noble-updates/main amd64 libglib2.0-0t64 amd64 2.80.0-6ubuntu3.9 [1547 kB]
2026-10-01T07:04:21.2994883Z Get:7 http://azure.archive.ubuntu.com/ubuntu noble/main amd64 fonts-freefont-ttf all 20211204+svn4273-2 [5641 kB]
2026-10-01T07:04:21.6159476Z Get:8 http://azure.archive.ubuntu.com/ubuntu noble/universe amd64 fonts-tlwg-loma-otf all 1:0.7.3-1 [107 kB]
2026-10-01T07:04:21.6804357Z Get:9 http://azure.archive.ubuntu.com/ubuntu noble/universe amd64 fonts-unifont all 1:15.1.01-1build1 [2993 kB]
2026-10-01T07:04:21.7650284Z Get:10 http://azure.archive.ubuntu.com/ubuntu noble/universe amd64 fonts-wqy-zenhei all 0.9.45-8 [7472 kB]
2026-10-01T07:04:21.9625547Z Get:11 http://azure.archive.ubuntu.com/ubuntu noble-updates/main amd64 libgl1-mesa-dri amd64 25.2.8-0ubuntu0.24.04.3 [37.9 kB]
2026-10-01T07:04:22.0289596Z Get:12 http://azure.archive.ubuntu.com/ubuntu noble/main amd64 libwayland-server0 amd64 1.22.0-2.1build1 [33.9 kB]
2026-10-01T07:04:22.0955783Z Get:13 http://azure.archive.ubuntu.com/ubuntu noble-updates/main amd64 libglx-mesa0 amd64 25.2.8-0ubuntu0.24.04.3 [110 kB]
2026-10-01T07:04:22.1601259Z Get:14 http://azure.archive.ubuntu.com/ubuntu noble-updates/main amd64 libgbm1 amd64 25.2.8-0ubuntu0.24.04.3 [34.3 kB]
2026-10-01T07:04:22.2315912Z Get:15 http://azure.archive.ubuntu.com/ubuntu noble-updates/main amd64 mesa-libgallium amd64 25.2.8-0ubuntu0.24.04.3 [10.8 MB]
2026-10-01T07:04:22.5029836Z Get:16 http://azure.archive.ubuntu.com/ubuntu noble/main amd64 xfonts-encodings all 1:1.0.5-0ubuntu2 [578 kB]
2026-10-01T07:04:22.5723488Z Get:17 http://azure.archive.ubuntu.com/ubuntu noble/main amd64 xfonts-utils amd64 1:7.7+6build3 [94.4 kB]
2026-10-01T07:04:22.6372176Z Get:18 http://azure.archive.ubuntu.com/ubuntu noble/universe amd64 xfonts-cyrillic all 1:1.0.5+nmu1 [384 kB]
2026-10-01T07:04:22.7082249Z Get:19 http://azure.archive.ubuntu.com/ubuntu noble/main amd64 xfonts-scalable all 1:1.0.3-1.3 [304 kB]
2026-10-01T07:04:22.7784579Z Get:20 http://azure.archive.ubuntu.com/ubuntu noble-updates/main amd64 xserver-common all 2:21.1.12-1ubuntu1.8 [34.8 kB]
2026-10-01T07:04:22.8434865Z Get:21 http://azure.archive.ubuntu.com/ubuntu noble-updates/universe amd64 xvfb amd64 2:21.1.12-1ubuntu1.8 [877 kB]
2026-10-01T07:04:23.5046480Z Fetched 34.9 MB in 2s (16.8 MB/s)
2026-10-01T07:04:24.1457697Z Selecting previously unselected package fonts-ipafont-gothic.
2026-10-01T07:04:24.2076966Z (Reading database ... 
2026-10-01T07:04:24.2077243Z (Reading database ... 5%
2026-10-01T07:04:24.2077479Z (Reading database ... 10%
2026-10-01T07:04:24.2077687Z (Reading database ... 15%
2026-10-01T07:04:24.2077916Z (Reading database ... 20%
2026-10-01T07:04:24.2078109Z (Reading database ... 25%
2026-10-01T07:04:24.2078296Z (Reading database ... 30%
2026-10-01T07:04:24.2078485Z (Reading database ... 35%
2026-10-01T07:04:24.2078672Z (Reading database ... 40%
2026-10-01T07:04:24.2078871Z (Reading database ... 45%
2026-10-01T07:04:24.2079079Z (Reading database ... 50%
2026-10-01T07:04:24.3461372Z (Reading database ... 55%
2026-10-01T07:04:25.1982514Z (Reading database ... 60%
2026-10-01T07:04:25.5428941Z (Reading database ... 65%
2026-10-01T07:04:25.7954483Z (Reading database ... 70%
2026-10-01T07:04:26.1033271Z (Reading database ... 75%
2026-10-01T07:04:26.4522227Z (Reading database ... 80%
2026-10-01T07:04:27.1462210Z (Reading database ... 85%
2026-10-01T07:04:28.0737558Z (Reading database ... 90%
2026-10-01T07:04:29.0334957Z (Reading database ... 95%
2026-10-01T07:04:29.0335367Z (Reading database ... 100%
2026-10-01T07:04:29.0335907Z (Reading database ... 202190 files and directories currently installed.)
2026-10-01T07:04:29.0378610Z Preparing to unpack .../00-fonts-ipafont-gothic_00303-21ubuntu1_all.deb ...
2026-10-01T07:04:29.2077205Z Unpacking fonts-ipafont-gothic (00303-21ubuntu1) ...
2026-10-01T07:04:29.4737998Z Preparing to unpack .../01-libglib2.0-data_2.80.0-6ubuntu3.9_all.deb ...
2026-10-01T07:04:29.4765125Z Unpacking libglib2.0-data (2.80.0-6ubuntu3.9) over (2.80.0-6ubuntu3.8) ...
2026-10-01T07:04:29.5140555Z Preparing to unpack .../02-libglib2.0-bin_2.80.0-6ubuntu3.9_amd64.deb ...
2026-10-01T07:04:29.5158715Z Unpacking libglib2.0-bin (2.80.0-6ubuntu3.9) over (2.80.0-6ubuntu3.8) ...
2026-10-01T07:04:29.5821770Z Preparing to unpack .../03-gir1.2-glib-2.0_2.80.0-6ubuntu3.9_amd64.deb ...
2026-10-01T07:04:29.5849393Z Unpacking gir1.2-glib-2.0:amd64 (2.80.0-6ubuntu3.9) over (2.80.0-6ubuntu3.8) ...
2026-10-01T07:04:29.6275958Z Preparing to unpack .../04-libglib2.0-0t64_2.80.0-6ubuntu3.9_amd64.deb ...
2026-10-01T07:04:29.6372756Z Unpacking libglib2.0-0t64:amd64 (2.80.0-6ubuntu3.9) over (2.80.0-6ubuntu3.8) ...
2026-10-01T07:04:29.7144746Z Selecting previously unselected package fonts-freefont-ttf.
2026-10-01T07:04:29.7263034Z Preparing to unpack .../05-fonts-freefont-ttf_20211204+svn4273-2_all.deb ...
2026-10-01T07:04:29.7270491Z Unpacking fonts-freefont-ttf (20211204+svn4273-2) ...
2026-10-01T07:04:29.8289348Z Selecting previously unselected package fonts-tlwg-loma-otf.
2026-10-01T07:04:29.8400372Z Preparing to unpack .../06-fonts-tlwg-loma-otf_1%3a0.7.3-1_all.deb ...
2026-10-01T07:04:29.8408557Z Unpacking fonts-tlwg-loma-otf (1:0.7.3-1) ...
2026-10-01T07:04:29.8583981Z Selecting previously unselected package fonts-unifont.
2026-10-01T07:04:29.8695427Z Preparing to unpack .../07-fonts-unifont_1%3a15.1.01-1build1_all.deb ...
2026-10-01T07:04:29.8702884Z Unpacking fonts-unifont (1:15.1.01-1build1) ...
2026-10-01T07:04:30.0924825Z Selecting previously unselected package fonts-wqy-zenhei.
2026-10-01T07:04:30.1037793Z Preparing to unpack .../08-fonts-wqy-zenhei_0.9.45-8_all.deb ...
2026-10-01T07:04:30.1124614Z Unpacking fonts-wqy-zenhei (0.9.45-8) ...
2026-10-01T07:04:30.6713045Z Preparing to unpack .../09-libgl1-mesa-dri_25.2.8-0ubuntu0.24.04.3_amd64.deb ...
2026-10-01T07:04:30.7924986Z Unpacking libgl1-mesa-dri:amd64 (25.2.8-0ubuntu0.24.04.3) over (25.2.8-0ubuntu0.24.04.2) ...
2026-10-01T07:04:30.8358598Z Selecting previously unselected package libwayland-server0:amd64.
2026-10-01T07:04:30.8476862Z Preparing to unpack .../10-libwayland-server0_1.22.0-2.1build1_amd64.deb ...
2026-10-01T07:04:30.8483869Z Unpacking libwayland-server0:amd64 (1.22.0-2.1build1) ...
2026-10-01T07:04:31.0850149Z Preparing to unpack .../11-libglx-mesa0_25.2.8-0ubuntu0.24.04.3_amd64.deb ...
2026-10-01T07:04:31.0871353Z Unpacking libglx-mesa0:amd64 (25.2.8-0ubuntu0.24.04.3) over (25.2.8-0ubuntu0.24.04.2) ...
2026-10-01T07:04:31.1209621Z Preparing to unpack .../12-libgbm1_25.2.8-0ubuntu0.24.04.3_amd64.deb ...
2026-10-01T07:04:31.1286877Z Unpacking libgbm1:amd64 (25.2.8-0ubuntu0.24.04.3) over (25.2.8-0ubuntu0.24.04.2) ...
2026-10-01T07:04:31.1674736Z Preparing to unpack .../13-mesa-libgallium_25.2.8-0ubuntu0.24.04.3_amd64.deb ...
2026-10-01T07:04:31.1691576Z Unpacking mesa-libgallium:amd64 (25.2.8-0ubuntu0.24.04.3) over (25.2.8-0ubuntu0.24.04.2) ...
2026-10-01T07:04:31.5694227Z Selecting previously unselected package xfonts-encodings.
2026-10-01T07:04:31.5811213Z Preparing to unpack .../14-xfonts-encodings_1%3a1.0.5-0ubuntu2_all.deb ...
2026-10-01T07:04:31.5816989Z Unpacking xfonts-encodings (1:1.0.5-0ubuntu2) ...
2026-10-01T07:04:31.6058671Z Selecting previously unselected package xfonts-utils.
2026-10-01T07:04:31.6171366Z Preparing to unpack .../15-xfonts-utils_1%3a7.7+6build3_amd64.deb ...
2026-10-01T07:04:31.6177858Z Unpacking xfonts-utils (1:7.7+6build3) ...
2026-10-01T07:04:31.6775081Z Selecting previously unselected package xfonts-cyrillic.
2026-10-01T07:04:31.6887376Z Preparing to unpack .../16-xfonts-cyrillic_1%3a1.0.5+nmu1_all.deb ...
2026-10-01T07:04:31.6893186Z Unpacking xfonts-cyrillic (1:1.0.5+nmu1) ...
2026-10-01T07:04:31.7168210Z Selecting previously unselected package xfonts-scalable.
2026-10-01T07:04:31.7281340Z Preparing to unpack .../17-xfonts-scalable_1%3a1.0.3-1.3_all.deb ...
2026-10-01T07:04:31.7287566Z Unpacking xfonts-scalable (1:1.0.3-1.3) ...
2026-10-01T07:04:31.7609404Z Preparing to unpack .../18-xserver-common_2%3a21.1.12-1ubuntu1.8_all.deb ...
2026-10-01T07:04:31.7942443Z Unpacking xserver-common (2:21.1.12-1ubuntu1.8) over (2:21.1.12-1ubuntu1.6) ...
2026-10-01T07:04:31.8264577Z Preparing to unpack .../19-xvfb_2%3a21.1.12-1ubuntu1.8_amd64.deb ...
2026-10-01T07:04:31.8279632Z Unpacking xvfb (2:21.1.12-1ubuntu1.8) over (2:21.1.12-1ubuntu1.6) ...
2026-10-01T07:04:31.8922014Z Setting up libwayland-server0:amd64 (1.22.0-2.1build1) ...
2026-10-01T07:04:31.9109781Z Setting up mesa-libgallium:amd64 (25.2.8-0ubuntu0.24.04.3) ...
2026-10-01T07:04:31.9125004Z Setting up libgbm1:amd64 (25.2.8-0ubuntu0.24.04.3) ...
2026-10-01T07:04:31.9139357Z Setting up libgl1-mesa-dri:amd64 (25.2.8-0ubuntu0.24.04.3) ...
2026-10-01T07:04:31.9204533Z Setting up fonts-wqy-zenhei (0.9.45-8) ...
2026-10-01T07:04:31.9328244Z Setting up fonts-freefont-ttf (20211204+svn4273-2) ...
2026-10-01T07:04:31.9344249Z Setting up libglib2.0-0t64:amd64 (2.80.0-6ubuntu3.9) ...
2026-10-01T07:04:31.9508045Z Setting up libglib2.0-data (2.80.0-6ubuntu3.9) ...
2026-10-01T07:04:31.9522713Z Setting up fonts-tlwg-loma-otf (1:0.7.3-1) ...
2026-10-01T07:04:31.9538404Z Setting up xfonts-encodings (1:1.0.5-0ubuntu2) ...
2026-10-01T07:04:31.9555307Z Setting up gir1.2-glib-2.0:amd64 (2.80.0-6ubuntu3.9) ...
2026-10-01T07:04:31.9570526Z Setting up fonts-ipafont-gothic (00303-21ubuntu1) ...
2026-10-01T07:04:31.9628169Z update-alternatives: using /usr/share/fonts/opentype/ipafont-gothic/ipag.ttf to provide /usr/share/fonts/truetype/fonts-japanese-gothic.ttf (fonts-japanese-gothic.ttf) in auto mode
2026-10-01T07:04:31.9648656Z Setting up xserver-common (2:21.1.12-1ubuntu1.8) ...
2026-10-01T07:04:31.9663057Z Setting up fonts-unifont (1:15.1.01-1build1) ...
2026-10-01T07:04:31.9677517Z Setting up libglx-mesa0:amd64 (25.2.8-0ubuntu0.24.04.3) ...
2026-10-01T07:04:31.9692357Z Setting up xvfb (2:21.1.12-1ubuntu1.8) ...
2026-10-01T07:04:31.9706244Z Setting up libglib2.0-bin (2.80.0-6ubuntu3.9) ...
2026-10-01T07:04:31.9720354Z Setting up xfonts-utils (1:7.7+6build3) ...
2026-10-01T07:04:31.9755194Z Setting up xfonts-cyrillic (1:1.0.5+nmu1) ...
2026-10-01T07:04:32.0095255Z Setting up xfonts-scalable (1:1.0.3-1.3) ...
2026-10-01T07:04:32.0323540Z Processing triggers for libc-bin (2.39-0ubuntu8.9) ...
2026-10-01T07:04:34.7581993Z Processing triggers for man-db (2.12.0-4build2) ...
2026-10-01T07:04:34.7599947Z Not building database; man-db/auto-update is not 'true'.
2026-10-01T07:04:34.7609372Z Processing triggers for fontconfig (2.15.0-1.1ubuntu2) ...
2026-10-01T07:04:36.1550707Z 
2026-10-01T07:04:36.1551502Z Running kernel seems to be up-to-date.
2026-10-01T07:04:36.1551840Z 
2026-10-01T07:04:36.1551986Z Restarting services...
2026-10-01T07:04:36.1934101Z  systemctl restart packagekit.service php8.3-fpm.service polkit.service udisks2.service
2026-10-01T07:04:36.3057668Z 
2026-10-01T07:04:36.3058625Z Service restarts being deferred:
2026-10-01T07:04:36.3059383Z  systemctl restart ModemManager.service
2026-10-01T07:04:36.3060080Z  systemctl restart networkd-dispatcher.service
2026-10-01T07:04:36.3060496Z 
2026-10-01T07:04:36.3060835Z No containers need to be restarted.
2026-10-01T07:04:36.3061198Z 
2026-10-01T07:04:36.3061717Z No user sessions are running outdated binaries.
2026-10-01T07:04:36.3062124Z 
2026-10-01T07:04:36.3062651Z No VM guests are running outdated hypervisor (qemu) binaries on this host.
2026-10-01T07:04:37.4787290Z Downloading Chromium 141.0.7390.37 (playwright build v1194) from https://cdn.playwright.dev/dbazure/download/playwright/builds/chromium/1194/chromium-linux.zip
2026-10-01T07:04:37.6326475Z |                                                                                |   0% of 173.9 MiB
2026-10-01T07:04:37.7838538Z |■■■■■■■■                                                                        |  10% of 173.9 MiB
2026-10-01T07:04:37.8453613Z |■■■■■■■■■■■■■■■■                                                                |  20% of 173.9 MiB
2026-10-01T07:04:37.9057562Z |■■■■■■■■■■■■■■■■■■■■■■■■                                                        |  30% of 173.9 MiB
2026-10-01T07:04:37.9561471Z |■■■■■■■■■■■■■■■■■■■■■■■■■■■■■■■■                                                |  40% of 173.9 MiB
2026-10-01T07:04:38.0040143Z |■■■■■■■■■■■■■■■■■■■■■■■■■■■■■■■■■■■■■■■■                                        |  50% of 173.9 MiB
2026-10-01T07:04:38.0488692Z |■■■■■■■■■■■■■■■■■■■■■■■■■■■■■■■■■■■■■■■■■■■■■■■■                                |  60% of 173.9 MiB
2026-10-01T07:04:38.0903101Z |■■■■■■■■■■■■■■■■■■■■■■■■■■■■■■■■■■■■■■■■■■■■■■■■■■■■■■■■                        |  70% of 173.9 MiB
2026-10-01T07:04:38.1304885Z |■■■■■■■■■■■■■■■■■■■■■■■■■■■■■■■■■■■■■■■■■■■■■■■■■■■■■■■■■■■■■■■■                |  80% of 173.9 MiB
2026-10-01T07:04:38.1682684Z |■■■■■■■■■■■■■■■■■■■■■■■■■■■■■■■■■■■■■■■■■■■■■■■■■■■■■■■■■■■■■■■■■■■■■■■■        |  90% of 173.9 MiB
2026-10-01T07:04:38.2175595Z |■■■■■■■■■■■■■■■■■■■■■■■■■■■■■■■■■■■■■■■■■■■■■■■■■■■■■■■■■■■■■■■■■■■■■■■■■■■■■■■■| 100% of 173.9 MiB
2026-10-01T07:04:40.7396197Z Chromium 141.0.7390.37 (playwright build v1194) downloaded to /home/runner/.cache/ms-playwright/chromium-1194
2026-10-01T07:04:40.7399164Z Downloading FFMPEG playwright build v1011 from https://cdn.playwright.dev/dbazure/download/playwright/builds/ffmpeg/1011/ffmpeg-linux.zip
2026-10-01T07:04:40.8584743Z |                                                                                |   0% of 2.3 MiB
2026-10-01T07:04:40.8617986Z |■■■■■■■■                                                                        |  10% of 2.3 MiB
2026-10-01T07:04:40.8636983Z |■■■■■■■■■■■■■■■■                                                                |  20% of 2.3 MiB
2026-10-01T07:04:40.8654389Z |■■■■■■■■■■■■■■■■■■■■■■■■                                                        |  30% of 2.3 MiB
2026-10-01T07:04:40.8673233Z |■■■■■■■■■■■■■■■■■■■■■■■■■■■■■■■■                                                |  40% of 2.3 MiB
2026-10-01T07:04:40.8684759Z |■■■■■■■■■■■■■■■■■■■■■■■■■■■■■■■■■■■■■■■■                                        |  50% of 2.3 MiB
2026-10-01T07:04:40.8698806Z |■■■■■■■■■■■■■■■■■■■■■■■■■■■■■■■■■■■■■■■■■■■■■■■■                                |  60% of 2.3 MiB
2026-10-01T07:04:40.8713132Z |■■■■■■■■■■■■■■■■■■■■■■■■■■■■■■■■■■■■■■■■■■■■■■■■■■■■■■■■                        |  70% of 2.3 MiB
2026-10-01T07:04:40.8724956Z |■■■■■■■■■■■■■■■■■■■■■■■■■■■■■■■■■■■■■■■■■■■■■■■■■■■■■■■■■■■■■■■■                |  80% of 2.3 MiB
2026-10-01T07:04:40.8736059Z |■■■■■■■■■■■■■■■■■■■■■■■■■■■■■■■■■■■■■■■■■■■■■■■■■■■■■■■■■■■■■■■■■■■■■■■■        |  90% of 2.3 MiB
2026-10-01T07:04:40.8747790Z |■■■■■■■■■■■■■■■■■■■■■■■■■■■■■■■■■■■■■■■■■■■■■■■■■■■■■■■■■■■■■■■■■■■■■■■■■■■■■■■■| 100% of 2.3 MiB
2026-10-01T07:04:40.9160081Z FFMPEG playwright build v1011 downloaded to /home/runner/.cache/ms-playwright/ffmpeg-1011
2026-10-01T07:04:40.9162477Z Downloading Chromium Headless Shell 141.0.7390.37 (playwright build v1194) from https://cdn.playwright.dev/dbazure/download/playwright/builds/chromium/1194/chromium-headless-shell-linux.zip
2026-10-01T07:04:41.0273873Z |                                                                                |   0% of 104.3 MiB
2026-10-01T07:04:41.0823667Z |■■■■■■■■                                                                        |  10% of 104.3 MiB
2026-10-01T07:04:41.1273559Z |■■■■■■■■■■■■■■■■                                                                |  20% of 104.3 MiB
2026-10-01T07:04:41.1577752Z |■■■■■■■■■■■■■■■■■■■■■■■■                                                        |  30% of 104.3 MiB
2026-10-01T07:04:41.1980531Z |■■■■■■■■■■■■■■■■■■■■■■■■■■■■■■■■                                                |  40% of 104.3 MiB
2026-10-01T07:04:41.2317067Z |■■■■■■■■■■■■■■■■■■■■■■■■■■■■■■■■■■■■■■■■                                        |  50% of 104.3 MiB
2026-10-01T07:04:41.2674237Z |■■■■■■■■■■■■■■■■■■■■■■■■■■■■■■■■■■■■■■■■■■■■■■■■                                |  60% of 104.3 MiB
2026-10-01T07:04:41.3028246Z |■■■■■■■■■■■■■■■■■■■■■■■■■■■■■■■■■■■■■■■■■■■■■■■■■■■■■■■■                        |  70% of 104.3 MiB
2026-10-01T07:04:41.3394901Z |■■■■■■■■■■■■■■■■■■■■■■■■■■■■■■■■■■■■■■■■■■■■■■■■■■■■■■■■■■■■■■■■                |  80% of 104.3 MiB
2026-10-01T07:04:41.3764425Z |■■■■■■■■■■■■■■■■■■■■■■■■■■■■■■■■■■■■■■■■■■■■■■■■■■■■■■■■■■■■■■■■■■■■■■■■        |  90% of 104.3 MiB
2026-10-01T07:04:41.4178531Z |■■■■■■■■■■■■■■■■■■■■■■■■■■■■■■■■■■■■■■■■■■■■■■■■■■■■■■■■■■■■■■■■■■■■■■■■■■■■■■■■| 100% of 104.3 MiB
2026-10-01T07:04:42.7683568Z Chromium Headless Shell 141.0.7390.37 (playwright build v1194) downloaded to /home/runner/.cache/ms-playwright/chromium_headless_shell-1194
2026-10-01T07:04:42.8271475Z ##[group]Run bash tools/publish.sh
2026-10-01T07:04:42.8271755Z [36;1mbash tools/publish.sh[0m
2026-10-01T07:04:42.8326479Z shell: /usr/bin/bash -e {0}
2026-10-01T07:04:42.8326882Z ##[endgroup]
2026-10-01T07:04:43.6174122Z Glessner v4 package verified; 3 missing GLB(s) materialized.
2026-10-01T07:04:44.1486939Z shipped derivatives: 501 pair(s) carry the master's triangles, node identity and contract attributes; worst bounding-box disagreement 2.68 of 4 rungs; 0 asset(s) lose their material identity to the publish path (banked, K36(b)); 4 master passthrough(s), all of them decided (K38); and every one of them records the master it was made from, which is still the master in the tree (K39)
2026-10-01T07:04:44.1927019Z Prairie Avenue browser published: /home/runner/work/chicago/chicago/site/4d/prairie-1904
2026-10-01T07:04:44.4236164Z published 15 map images + viewer + media to site/pre-fire
2026-10-01T07:04:44.4770145Z    changelog.js published to site/4d/js/changelog.js (T-0722)
2026-10-01T07:04:44.4774686Z    changelog.js published to site/4d/walk/js/changelog.js (T-0722)
2026-10-01T07:04:45.7508408Z tickets: cloned https://github.com/kevinrhaas/chicago-tickets.git → tickets/ (1661 tickets)
2026-10-01T07:04:47.2394122Z entry pages: index.html, 1812/index.html, 1835/index.html, 1880/index.html, 1904/index.html
2026-10-01T07:04:47.2454128Z    build ef515fa  Oct 1, 2026, 2:04 AM CT
2026-10-01T07:04:47.2972653Z published ../../site/4d  (57.03 MB)
2026-10-01T07:04:47.3017987Z ##[group]Run node tools/smoke_renderer.mjs --published
2026-10-01T07:04:47.3018331Z [36;1mnode tools/smoke_renderer.mjs --published[0m
2026-10-01T07:04:47.3072713Z shell: /usr/bin/bash -e {0}
2026-10-01T07:04:47.3072917Z env:
2026-10-01T07:04:47.3073083Z   SMOKE_VIEWPORT: desktop
2026-10-01T07:04:47.3073282Z   SMOKE_STAGE: 10-13
2026-10-01T07:04:47.3073457Z ##[endgroup]
2026-10-01T07:04:47.6292533Z serving /home/runner/work/chicago/chicago/site/4d on 4187 — PUBLISHED mirror (compressed assets, visitor layout)
2026-10-01T07:04:47.6293131Z 
2026-10-01T07:04:47.6293421Z NOT THE FULL GATE — viewports filtered to "desktop"
2026-10-01T07:04:47.6293684Z 
2026-10-01T07:04:47.6293979Z NOT THE FULL GATE — stages filtered to "10-13" of 13
2026-10-01T07:04:47.6294250Z 
2026-10-01T07:04:47.6294417Z desktop 1280x800:
2026-10-01T07:04:48.9040166Z   pass  desktop 1280x800: page serves
2026-10-01T07:05:12.0426363Z   pass  desktop 1280x800: scene reaches ready
2026-10-01T07:05:17.0034658Z   pass  desktop 1280x800: the scene declares its exact consultation blockers
2026-10-01T07:05:17.0035677Z   pass  desktop 1280x800: no unexpected loader problems
2026-10-01T07:05:17.0050595Z   pass  desktop 1280x800: scene has structures
2026-10-01T07:05:17.0058979Z   pass  desktop 1280x800: every structure that should draw, drew
2026-10-01T07:05:39.0426329Z   pass  desktop 1280x800: detailed flora roots share the terrain and water surfaces
2026-10-01T07:05:39.0430935Z   pass  desktop 1280x800: emergent flora stays within eight metres of a riverbank
2026-10-01T07:05:39.0433314Z   pass  desktop 1280x800: woody vegetation never occupies the river mask
2026-10-01T07:05:39.0434493Z   pass  desktop 1280x800: no tree stands below the waterline
2026-10-01T07:05:48.6630874Z   pass  desktop 1280x800: every tree drawn stands at its own station
2026-10-01T07:05:48.6638129Z   pass  desktop 1280x800: no timber is drawn out in the channel
2026-10-01T07:05:51.0526544Z   pass  desktop 1280x800: every building is drawn around the anchor its record gives it
2026-10-01T07:05:51.0527448Z   pass  desktop 1280x800: every panel of road is drawn on a street the data records
2026-10-01T07:05:51.0528182Z   pass  desktop 1280x800: the horizon band refuses to draw timber over water
2026-10-01T07:05:53.3670126Z   pass  desktop 1280x800: the horizon band and the fogged ground converge on one colour
2026-10-01T07:05:53.3677058Z   pass  desktop 1280x800: the crown modulation never deletes a resolvable silhouette
2026-10-01T07:05:53.3677721Z   pass  desktop 1280x800: the band is solved against this viewport, not a default one
2026-10-01T07:05:55.6861475Z   pass  desktop 1280x800: every species the stand owes a stem to stands in it
2026-10-01T07:05:55.6862419Z   pass  desktop 1280x800: the American sycamore stands on the riverbank
2026-10-01T07:05:57.9986446Z   pass  desktop 1280x800: every slot the sward deals is counted against a species
2026-10-01T07:05:58.0001373Z   note  desktop 1280x800: sward abundance — 6 of 27 lists mix an area with a count (z03_sedge_meadow.matrix 33.4% of slots dealt off counts; z03_sedge_meadow.forb 1.0% of slots dealt off counts; z08_lakeshore.matrix 2.1% of slots dealt off counts; z09_sand_prairie.matrix 0.0% of slots dealt off counts; z06_dense_forest.forb 89.8% of slots dealt off counts; z06_dense_forest.shrub 31.0% of slots dealt off counts)
2026-10-01T07:05:58.0002839Z   note  desktop 1280x800: 0 record(s) give cover with no width_m, so no count can be derived without inventing a footprint
2026-10-01T07:05:58.0003682Z   note  desktop 1280x800: sward tail — 0 species owed a whole slot and drawn nowhere, over 344 slots in z10_settled_town.matrix=260 z10_settled_town.forb=84
2026-10-01T07:09:38.4222205Z   pass  desktop 1280x800: no sward species its own list owes a plant to is drawn nowhere, in ANY community
2026-10-01T07:09:38.4227246Z   note  desktop 1280x800: sward census by detail — full 11187 slots, 0 drawn nowhere  ·  balanced 6252 slots, 0 drawn nowhere  ·  light 4055 slots, 1 drawn nowhere (z10_settled_town.forb.xanthium_strumarium owed 1.30 at z10_settled_town)
2026-10-01T07:09:40.9389770Z   pass  desktop 1280x800: no floating-leaved aquatic is planted on dry ground
2026-10-01T07:09:40.9390918Z   pass  desktop 1280x800: the marsh's emergents still stand on both sides of its waterline
2026-10-01T07:09:40.9391897Z   pass  desktop 1280x800: the marsh community is split by the substrate its records state
2026-10-01T07:09:43.4398026Z   pass  desktop 1280x800: every flora fade ring is inset inside its own lattice
2026-10-01T07:09:43.4399580Z   pass  desktop 1280x800: a plant in front of the walker never arrives already visible
2026-10-01T07:09:43.4427415Z   pass  desktop 1280x800: a plant is drawn at its own height, faint, never short
2026-10-01T07:11:40.3487333Z   pass  desktop 1280x800: every drawn flower head has a plant under its own stalk
2026-10-01T07:13:11.4030685Z   pass  desktop 1280x800: an open station exists to measure the sward's boundary from
2026-10-01T07:13:11.4062101Z   pass  desktop 1280x800: the sward's outer boundary is not a constant screen row — 16/16 bearing bins from E -300 N 172, boundary rows spread 4.9 px, reach 25.18-28.05 m at 6.25% coverage (at the old 2%: 16/16 bins, spread 5.7 px, reach 25.18-28.50 m)
2026-10-01T07:13:11.4089023Z   pass  desktop 1280x800: the boundary's variation is the fringe, not a hole in the field — reach 25.18-28.05 m, mean 26.59 m at 6.25% coverage against a nominal 26.40 +/- 3.00 m (bars: min >= 21.76, mean >= 24.46, both carrying the 0.44 m the 6.25% threshold insets a 7.00 m ramp by); at the old 2%: 25.18-28.50 m, mean 26.87 m
2026-10-01T07:13:11.4091395Z   pass  desktop 1280x800: the flower layer's boundary is fringed too, not only the grass — forb rings span 22.79-28.20 m about a nominal 25.40 +/- 3.00 m
2026-10-01T07:13:11.4092603Z   pass  desktop 1280x800: the ragged boundary is anchored to the ground, not to the camera
2026-10-01T07:14:30.6718100Z   pass  desktop 1280x800: every community's recorded ground cover reaches the renderer
2026-10-01T07:14:30.6737497Z   pass  desktop 1280x800: the sward is planted at each community's own recorded cover
2026-10-01T07:14:30.6738722Z   pass  desktop 1280x800: every structure, including Exchange Coffee House, shares the terrain surface
2026-10-01T07:14:30.6739835Z   pass  desktop 1280x800: street clearing removes travel-track plants but preserves the block
2026-10-01T07:14:30.6740879Z   pass  desktop 1280x800: the readout shows both 1835 and current names at an intersection
2026-10-01T07:14:30.6741843Z   pass  desktop 1280x800: the street readout announces the next cross street ahead
2026-10-01T07:16:20.7461614Z   pass  desktop 1280x800: Settings can reopen the dismissed navigation guide
2026-10-01T07:17:37.3612636Z   pass  desktop 1280x800: Settings switches every navigation measurement as one unit system
2026-10-01T07:18:12.7167517Z   pass  desktop 1280x800: eye height starts at the researched period figure
2026-10-01T07:18:12.7168320Z   pass  desktop 1280x800: the eye height readout is a stature, not rounded to whole feet
2026-10-01T07:18:12.7179532Z   pass  desktop 1280x800: moving the eye height slider moves the eye immediately
2026-10-01T07:18:12.7180299Z   pass  desktop 1280x800: eye height does not yank the camera down mid-flight
2026-10-01T07:18:12.7181029Z   pass  desktop 1280x800: the eye height range covers short to tall without absurdity
2026-10-01T07:18:28.3169242Z   pass  desktop 1280x800: typing in the search box does not walk the camera
2026-10-01T07:18:28.3169889Z   pass  desktop 1280x800: typing an 'f' does not take off
2026-10-01T07:18:32.9400101Z   pass  desktop 1280x800: the rail lists the eight sections in order, Go to first
2026-10-01T07:18:32.9400995Z   pass  desktop 1280x800: eight rail items fit the panel unsqueezed — one column on desktop, one row on a phone
2026-10-01T07:18:32.9401545Z   pass  desktop 1280x800: Settings no longer carries a second list of viewpoints
2026-10-01T07:18:40.0760937Z   pass  desktop 1280x800: G opens the Go to tab
2026-10-01T07:18:42.8711418Z   pass  desktop 1280x800: jump menu lists every structure that stood here, and every roof once asked
2026-10-01T07:18:42.8712298Z   pass  desktop 1280x800: jump menu includes every verified intersection
2026-10-01T07:18:42.8713230Z   pass  desktop 1280x800: jump menu includes every viewpoint the scene names
2026-10-01T07:18:42.8714546Z   pass  desktop 1280x800: every structure result carries its record's presence grade as its chip and its position grade as data
2026-10-01T07:18:42.8715584Z   pass  desktop 1280x800: a viewpoint and a survey junction are not graded like a building
2026-10-01T07:18:42.8716308Z   pass  desktop 1280x800: the three grades are told apart by colour, not only by their words
2026-10-01T07:18:42.8717265Z   pass  desktop 1280x800: the tab counts its own list rather than quoting a written total
2026-10-01T07:18:42.8717979Z   pass  desktop 1280x800: jump search finds an intersection by both street names
2026-10-01T07:18:47.7524029Z   pass  desktop 1280x800: an intersection result moves the visitor there
2026-10-01T07:19:10.1526498Z   pass  desktop 1280x800: opening the drawer tucks an open card aside without closing it
2026-10-01T07:19:10.1532291Z   pass  desktop 1280x800: closing the drawer brings the tucked card back
2026-10-01T07:19:10.1532959Z   pass  desktop 1280x800: the drawer reaches the bottom of the screen and starts under the year badge
2026-10-01T07:19:30.9936345Z   pass  desktop 1280x800: the Taverns pill narrows the list to taverns, inns and hotels, the Sauganash among them
2026-10-01T07:19:30.9937541Z   pass  desktop 1280x800: every row is filed under one of the ten groups, beneath that group's heading
2026-10-01T07:19:30.9938333Z   pass  desktop 1280x800: visible rows equal the shared destination inventory
2026-10-01T07:19:30.9939108Z   pass  desktop 1280x800: located rows say how far and which way; unknown addresses invent no metres
2026-10-01T07:19:30.9940388Z   pass  desktop 1280x800: the distances follow the visitor — 100 m further east reads 100 m further
2026-10-01T07:19:30.9941517Z   pass  desktop 1280x800: ArrowDown steps the list a row at a time — two reach the second, three the third — and Enter goes there
2026-10-01T07:19:51.3168655Z   pass  desktop 1280x800: Travel offers instantly, walk, wagon, horse and fly
2026-10-01T07:19:51.3169236Z   pass  desktop 1280x800: the travel mode chosen is the one the walker rides and the one stored
2026-10-01T07:19:51.3169781Z   pass  desktop 1280x800: each pace sets the walker to its own slider, its Shift factor and its seat
2026-10-01T07:19:51.3170319Z   pass  desktop 1280x800: the three pace sliders top out at 20, 30 and 60 mph and name the gait as they move
2026-10-01T07:19:51.3170881Z   pass  desktop 1280x800: the horse's gait moves the rider's eye a few centimetres, and stops when they do
2026-10-01T07:19:51.3171357Z   pass  desktop 1280x800: the gait is off with the setting off, and back with it
2026-10-01T07:19:51.3171798Z   pass  desktop 1280x800: the gait is off under prefers-reduced-motion
2026-10-01T07:19:55.3887711Z   pass  desktop 1280x800: choosing the Sauganash on foot starts a walk and says so
2026-10-01T07:19:55.3888637Z   pass  desktop 1280x800: the walk ends at the Sauganash's door with its card open
2026-10-01T07:19:55.3889273Z   pass  desktop 1280x800: the walk from South Water keeps to the streets
2026-10-01T07:19:55.3892439Z   pass  desktop 1280x800: the visitor's own step ends a ride and is not swallowed
2026-10-01T07:20:00.0473021Z   pass  desktop 1280x800: the banner's Stop button ends a ride
2026-10-01T07:20:02.4373537Z   pass  desktop 1280x800: flying to a far building climbs to a cruise height, lands and opens its card
2026-10-01T07:20:02.4374233Z   pass  desktop 1280x800: instantly is still instant
2026-10-01T07:20:49.4308028Z   pass  desktop 1280x800: the People directory lists the town, and its count is the file's and the manifest's
2026-10-01T07:20:49.4309481Z   pass  desktop 1280x800: the household card says how far the evidence places its people
2026-10-01T07:20:49.4310343Z   pass  desktop 1280x800: a household no source places says its division was dealt, not read
2026-10-01T07:20:49.4310895Z   pass  desktop 1280x800: searching "Beaubien" finds Mark Beaubien
2026-10-01T07:20:49.4311336Z   pass  desktop 1280x800: the Trade row offers the documented trades AND the town's commonest
2026-10-01T07:20:49.4311807Z   pass  desktop 1280x800: the tavern-keeper pill narrows the list to tavern keepers
2026-10-01T07:20:49.4312283Z   pass  desktop 1280x800: the Tier row's stage pills name the reconstruction, and partition it
2026-10-01T07:20:49.4312769Z   pass  desktop 1280x800: opening a person shows their card with a way to their building
2026-10-01T07:20:56.6115903Z   pass  desktop 1280x800: Go there rides to the person's building and opens its card
2026-10-01T07:21:42.4014934Z   pass  desktop 1280x800: the Businesses directory lists every firm, and its count is the index's
2026-10-01T07:21:42.4049216Z   pass  desktop 1280x800: searching a good the papers advertised finds the houses that sold it
2026-10-01T07:21:42.4077699Z   pass  desktop 1280x800: the unplaceable pill narrows the list to the firms with no place at all
2026-10-01T07:21:42.4108115Z   pass  desktop 1280x800: a firm the paper reaches to a street is carried to the block face it is housed on
2026-10-01T07:21:42.4137912Z   pass  desktop 1280x800: a firm the register could not place says how far the record goes, and offers no building
2026-10-01T07:21:42.4191815Z   pass  desktop 1280x800: a firm with premises opens a card with its locations, its printings and the way there
2026-10-01T07:22:18.6020239Z   pass  desktop 1280x800: a person's card names every firm the register puts them in
2026-10-01T07:22:18.6021019Z   pass  desktop 1280x800: tapping one opens that firm's own card in Businesses
2026-10-01T07:22:21.0236822Z   pass  desktop 1280x800: a building card's Use row names the firms the register puts in that roof
2026-10-01T07:22:21.0237755Z   pass  desktop 1280x800: a card opened from a signboard leads with the firm the board hangs for
2026-10-01T07:22:37.8679374Z   pass  desktop 1280x800: the Evidence hub shows eleven topics, with Sources unknown until opened
2026-10-01T07:22:56.9570504Z   pass  desktop 1280x800: Sources lazily lists scene and registered counts with a forty-row window
2026-10-01T07:22:56.9571589Z   pass  desktop 1280x800: Sources finds Andreas with date, type, tier and separate claim/entity figures
2026-10-01T07:22:56.9572684Z   pass  desktop 1280x800: Evidence → City shows the town census
2026-10-01T07:22:56.9573432Z   pass  desktop 1280x800: Evidence → City's figures are the committed data's
2026-10-01T07:22:56.9574316Z   pass  desktop 1280x800: both City ladders carry completeness bars and the people ladder's grade key
2026-10-01T07:22:56.9575230Z   pass  desktop 1280x800: people housed remains a placement note under the people ladder
2026-10-01T07:22:56.9609120Z   pass  desktop 1280x800: cards held remain stated as cards, not residents
2026-10-01T07:22:56.9613101Z   pass  desktop 1280x800: the established and ruled-in population measures remain stated
2026-10-01T07:22:56.9614206Z   pass  desktop 1280x800: City names both denominators and never substitutes November's count
2026-10-01T07:22:56.9615052Z   pass  desktop 1280x800: City drops the projected count and structures line
2026-10-01T07:22:56.9615821Z   pass  desktop 1280x800: City identifies its date, derivation and published build
2026-10-01T07:22:56.9616839Z   pass  desktop 1280x800: City fits a phone-width topic and scrolls inside the sheet
2026-10-01T07:22:56.9617902Z   pass  desktop 1280x800: a topic opens with the hub gone, and its search narrows the list and says so
2026-10-01T07:22:56.9618680Z   pass  desktop 1280x800: Back returns to the hub
2026-10-01T07:23:06.5174980Z   pass  desktop 1280x800: settings toggle all three navigation aids
2026-10-01T07:23:13.7313725Z   pass  desktop 1280x800: the HUD toggle drives the confidence view
2026-10-01T07:23:49.6324925Z   pass  desktop 1280x800: a first-time visitor is told there are unread notes
2026-10-01T07:24:02.1768903Z   pass  desktop 1280x800: the what's-new tab renders every release
2026-10-01T07:24:02.1777383Z   pass  desktop 1280x800: entries carry a title and a stamped date
2026-10-01T07:24:02.1778134Z   pass  desktop 1280x800: opening the tab clears the unread marker
2026-10-01T07:24:04.4967525Z   pass  desktop 1280x800: a first visit flags nothing (no "last time" to differ from)
2026-10-01T07:24:47.2926987Z   pass  desktop 1280x800: a returning visitor sees only what shipped since last time
2026-10-01T07:24:52.0368438Z   pass  desktop 1280x800: the liberties list loads
2026-10-01T07:24:52.0375100Z   pass  desktop 1280x800: every loaded liberty is rendered
2026-10-01T07:24:52.0375651Z   pass  desktop 1280x800: the list names a scene-wide liberty
2026-10-01T07:24:52.0376176Z   pass  desktop 1280x800: the Evidence panel does not overflow
2026-10-01T07:26:31.4231755Z   pass  desktop 1280x800: a man who held an agency says so on his own card
2026-10-01T07:26:31.4240566Z   pass  desktop 1280x800: the person's card carries the same caveat as the house's
2026-10-01T07:26:47.6410586Z   pass  desktop 1280x800: every household in the layer is on the card
2026-10-01T07:26:47.6433193Z   pass  desktop 1280x800: every person entry in the manifest is counted
2026-10-01T07:26:47.6433940Z   pass  desktop 1280x800: the letter-list cohort is held apart from the evidenced town
2026-10-01T07:26:47.6434691Z   pass  desktop 1280x800: the group says what that evidence is worth before it is opened
2026-10-01T07:26:47.6435394Z   pass  desktop 1280x800: the households no building card can reach are marked
2026-10-01T07:26:47.6435955Z   pass  desktop 1280x800: the researched non-residents are published too
2026-10-01T07:26:47.6436326Z   pass  desktop 1280x800: opening a household fetches its record
2026-10-01T07:26:47.6436943Z   pass  desktop 1280x800: a graded claim carries its reasoning, not just its value
2026-10-01T07:26:47.6437422Z   pass  desktop 1280x800: the household records quote their sources, not their source ids
2026-10-01T07:26:47.6437954Z   pass  desktop 1280x800: the households start collapsed, like every other disclosure here
2026-10-01T07:26:47.6438397Z   pass  desktop 1280x800: the people section does not overflow the panel
2026-10-01T07:26:47.6438799Z   pass  desktop 1280x800: no figure reaches a person's row as [object Object]
2026-10-01T07:26:47.6439233Z   pass  desktop 1280x800: an evidence-only household's row says what its roof is not
2026-10-01T07:26:47.6439706Z   pass  desktop 1280x800: a dated person carries an age and a birth year, both graded
2026-10-01T07:26:47.6440167Z   pass  desktop 1280x800: a letter-list name says on its own row how thin that evidence is
2026-10-01T07:26:47.6440632Z   pass  desktop 1280x800: the count sentence says how many people are known only that way
2026-10-01T07:26:47.6441044Z   pass  desktop 1280x800: a letter-list name carries no invented trade
2026-10-01T07:26:47.6441444Z   pass  desktop 1280x800: every resident research review reaches a resident card
2026-10-01T07:26:47.6441842Z   pass  desktop 1280x800: candidate identities are visibly unmerged
2026-10-01T07:26:47.6442238Z   pass  desktop 1280x800: a negative search is published without denying existence
2026-10-01T07:26:47.6442672Z   pass  desktop 1280x800: the section says plainly that nobody is drawn
2026-10-01T07:26:49.9715214Z   pass  desktop 1280x800: the wildlife list loads every habitat
2026-10-01T07:26:49.9715727Z   pass  desktop 1280x800: every animal record in the layer is on the card
2026-10-01T07:26:49.9716124Z   pass  desktop 1280x800: the card names what the records name
2026-10-01T07:26:49.9716524Z   pass  desktop 1280x800: the card carries the July presence modes, not a species list
2026-10-01T07:26:49.9717111Z   pass  desktop 1280x800: the animal records quote their sources, not their source ids
2026-10-01T07:26:49.9717573Z   pass  desktop 1280x800: the animals start collapsed, like every other disclosure here
2026-10-01T07:26:49.9718323Z   pass  desktop 1280x800: the wildlife section does not overflow the panel
2026-10-01T07:26:49.9718884Z   pass  desktop 1280x800: the section says plainly that none of them is in the scene
2026-10-01T07:26:56.9335648Z   pass  desktop 1280x800: the plant list loads every community
2026-10-01T07:26:56.9336411Z   pass  desktop 1280x800: every species in the ten communities is on the card
2026-10-01T07:26:56.9337256Z   pass  desktop 1280x800: the communities the sward lattice cannot draw say so
2026-10-01T07:26:56.9337937Z   pass  desktop 1280x800: the share a visitor is standing in comes off the declaration
2026-10-01T07:26:56.9338564Z   pass  desktop 1280x800: the note names the worst case rather than only the total
2026-10-01T07:26:56.9339209Z   pass  desktop 1280x800: the plant records quote their sources, not their source ids
2026-10-01T07:26:56.9339812Z   pass  desktop 1280x800: no figure reaches a plant's row as [object Object]
2026-10-01T07:26:56.9340495Z   pass  desktop 1280x800: the communities start collapsed, like every other disclosure here
2026-10-01T07:26:56.9341317Z   pass  desktop 1280x800: the plants section wraps inside the panel rather than clipping
2026-10-01T07:26:56.9341972Z   pass  desktop 1280x800: the plants section does not overflow the panel
2026-10-01T07:27:36.7247832Z   pass  desktop 1280x800: all eight evidence mounts wrap inside their panel rather than clipping
2026-10-01T07:28:15.8865895Z   pass  desktop 1280x800: a run longer than the column breaks inside all eight mounts, not past them
2026-10-01T07:28:18.2641940Z   pass  desktop 1280x800: the liberties list says what it is, in the document's words
2026-10-01T07:28:18.2643141Z   pass  desktop 1280x800: the panel states it once — the hand-written paraphrase is gone
2026-10-01T07:28:20.5666257Z   pass  desktop 1280x800: an entry shows the inventions it admits to
2026-10-01T07:28:20.5667500Z   pass  desktop 1280x800: a claim over several buildings names each of them
2026-10-01T07:28:20.5668434Z   pass  desktop 1280x800: an entry that invented nothing drawn claims nothing
2026-10-01T07:28:20.5669292Z   pass  desktop 1280x800: an invented roof and height are admitted like an outline
2026-10-01T07:28:20.5670243Z   pass  desktop 1280x800: a decision made by default is admitted in two buildings
2026-10-01T07:28:20.5671026Z   pass  desktop 1280x800: the ground admits to what it invented, and says it is the ground
2026-10-01T07:28:20.5671743Z   pass  desktop 1280x800: the chip carries the epoch the admission is about
2026-10-01T07:28:20.5672471Z   pass  desktop 1280x800: the invention the gate found is on the page, not only in the repo
2026-10-01T07:28:22.9177518Z   pass  desktop 1280x800: expanding a liberty on its topic page reveals its reasoning
2026-10-01T07:28:25.3766242Z   pass  desktop 1280x800: the researched exclusions load
2026-10-01T07:28:25.3767179Z   pass  desktop 1280x800: an exclusion gives its reason and the source it rests on
2026-10-01T07:28:25.3789157Z   pass  desktop 1280x800: a later building says when, and a vanished one says why instead
2026-10-01T07:28:25.3823900Z   pass  desktop 1280x800: a building standing in the scene is not on the not-here list
2026-10-01T07:28:25.3837562Z   pass  desktop 1280x800: the not-here list withholds what its sources reprint
2026-10-01T07:28:25.3849490Z   pass  desktop 1280x800: the list says it is not everything missing
2026-10-01T07:28:25.3850339Z   pass  desktop 1280x800: the not-here list says what it is, in the compiled document's words
2026-10-01T07:28:25.3851613Z   pass  desktop 1280x800: the panel states it once — the paraphrase is gone
2026-10-01T07:28:25.3852298Z   pass  desktop 1280x800: the Evidence panel still does not overflow
2026-10-01T07:28:27.8138726Z   pass  desktop 1280x800: the open questions load
2026-10-01T07:28:27.8167478Z   pass  desktop 1280x800: the standing ones say they are standing and the unbuilt one does not
2026-10-01T07:28:27.8179088Z   pass  desktop 1280x800: the standing one names the claim on its record that carries the doubt
2026-10-01T07:28:27.8227695Z   pass  desktop 1280x800: an uncited open question says why it is uncited
2026-10-01T07:28:27.8238814Z   pass  desktop 1280x800: the panel says what the third category is
2026-10-01T07:28:27.8267247Z   pass  desktop 1280x800: the open questions say what they are, in the compiled document's words
2026-10-01T07:28:27.8268539Z   pass  desktop 1280x800: the panel states that once too — and counts nothing by hand
2026-10-01T07:28:27.8269214Z   pass  desktop 1280x800: the Evidence panel still does not overflow with it
2026-10-01T07:28:35.2792127Z   pass  desktop 1280x800: the open question reaches the building it is about
2026-10-01T07:28:35.2792736Z   pass  desktop 1280x800: it says what settling it would change
2026-10-01T07:28:35.2793311Z   pass  desktop 1280x800: the card grades the doubt the same way the claim above it is graded
2026-10-01T07:28:35.2793903Z   pass  desktop 1280x800: it starts collapsed like every other disclosure on the card
2026-10-01T07:28:35.2794488Z   pass  desktop 1280x800: only tracked in-scene buildings carry open questions
2026-10-01T07:28:39.9901739Z   pass  desktop 1280x800: the ground's claims load
2026-10-01T07:28:39.9921783Z   pass  desktop 1280x800: the ground is graded per claim, not stamped
2026-10-01T07:28:39.9927440Z   pass  desktop 1280x800: no land elevation claims to be documented
2026-10-01T07:28:39.9957779Z   pass  desktop 1280x800: the ground says which ground these claims are about
2026-10-01T07:28:39.9958866Z   pass  desktop 1280x800: the panel quotes the spec's caveat that no survey exists
2026-10-01T07:28:39.9982237Z   pass  desktop 1280x800: a land claim shows its figures and its citation
2026-10-01T07:28:40.0007286Z   pass  desktop 1280x800: every claim that calls itself an inference records its reasoning
2026-10-01T07:28:40.0008090Z   pass  desktop 1280x800: the soil claim that is graded too high says so where it is graded
2026-10-01T07:28:49.4774349Z   pass  desktop 1280x800: a claim with no reasoning would still say so
2026-10-01T07:28:49.4775453Z   pass  desktop 1280x800: a soil the ground is not made of says so, and the figures that are do not
2026-10-01T07:28:54.1174181Z   pass  desktop 1280x800: the mark is the declaration's, not the row's
2026-10-01T07:28:54.1175165Z   pass  desktop 1280x800: the Evidence panel still does not overflow with the ground on it
2026-10-01T07:29:05.4376319Z   pass  desktop 1280x800: the aerial anchor arrives in the air, looking down
2026-10-01T07:29:11.7735455Z   pass  desktop 1280x800: the view from above renders
2026-10-01T07:29:31.4640467Z   pass  desktop 1280x800: the near plane opens with altitude
2026-10-01T07:29:31.4641095Z   pass  desktop 1280x800: on foot the near plane is the walking value
2026-10-01T07:29:31.4858340Z   pass  desktop 1280x800: free-fly cannot sink through the terrain
2026-10-01T07:29:33.8347992Z   pass  desktop 1280x800: leaving free-fly puts the visitor back on the ground
2026-10-01T07:29:47.0706489Z   pass  desktop 1280x800: Space inspects on foot instead of lifting off
2026-10-01T07:29:51.6920853Z   pass  desktop 1280x800: Escape closes the inspection card
2026-10-01T07:30:05.6173051Z   pass  desktop 1280x800: the inspect key closes the card it opened
2026-10-01T07:30:25.2195417Z   pass  desktop 1280x800: neither key fires while typing in Go-to
2026-10-01T07:30:41.0355790Z   pass  desktop 1280x800: a building can be inspected from the air
2026-10-01T07:31:03.4228032Z   pass  desktop 1280x800: a click under the crosshair inspects
2026-10-01T07:31:52.6655102Z   pass  desktop 1280x800: /1904/ boots the 1904 scene on its own ground (T-1739)
2026-10-01T07:32:51.6390326Z   pass  desktop 1280x800: the 1904 door lands on Prairie's east sidewalk at 18th, facing the spawn bearing, and glessner_house is the same pose (T-1739) — stood at E 1410.12 N -3218.01 bearing 264.94, eye 1.68 m; spawn {"local_e":1410.12,"local_n":-3218.01,"yaw_deg":264.94}; anchor {"id":"glessner_house","label":"Prairie at Eighteenth, facing the Glessner lot at 1800 Prairie","local_e":1410.12,"local_n":-3218.01,"yaw_deg":264.94}
2026-10-01T07:32:51.6393871Z   pass  desktop 1280x800: the Glessner lot is in front of the camera, its centroid on screen left of centre (T-1739) — lot centroid E 1365.37 N -3229.04 at NDC (-0.186, -0.029, z 0.9957); street corner at NDC x 0.185
2026-10-01T07:32:51.6395230Z   pass  desktop 1280x800: the 1904 scene draws none of the 1835 town's layers, and places no 1835 structure (T-1739, T-1732)
2026-10-01T07:33:03.2398661Z   pass  desktop 1280x800: Glessner's 1946 phase end is not presented as demolition
2026-10-01T07:33:03.2400163Z   pass  desktop 1280x800: the Glessner House draws at the 1904 spawn — its Prairie front on screen, and aiming at it opens glessner_house (T-1732)
2026-10-01T07:33:03.2401495Z   pass  desktop 1280x800: the 1904 scene draws its street grid, the Glessner lot is parcel prairie_1800, and the door lands on Prairie's east walk (T-0474)
2026-10-01T07:33:03.2403174Z   pass  desktop 1280x800: the 1904 streets wear their sourced materials — Prairie at 18th attested asphalt, 18th Street attested macadam, the walk reconstructed cement (T-1728)
2026-10-01T07:33:03.2404301Z   pass  desktop 1280x800: the 1904 boot raises no loader problem (T-1739)
2026-10-01T07:33:03.2405572Z   pass  desktop 1280x800: the frame at the 1904 spawn is inside the draw budget (T-1739) — 93 draw calls, 3360545 triangles against {"drawCalls":215,"triangles":3800000}, 0 fps
2026-10-01T07:33:03.2406507Z   pass  desktop 1280x800: the suite body ran to completion
2026-10-01T07:33:03.2407145Z   pass  desktop 1280x800: zero page errors
2026-10-01T07:33:03.3399621Z 
2026-10-01T07:33:03.6458151Z   pass  vendor: meshopt decoder loads and reports supported
2026-10-01T07:33:03.6459028Z   pass  vendor: meshopt import raises no page error
2026-10-01T07:33:03.6703979Z 
2026-10-01T07:33:03.6704417Z 245 passed, 0 failed
2026-10-01T07:33:03.6888776Z 235 staged-section check(s) (stage 10-13 of 13), 10 always-on check(s)
2026-10-01T07:33:03.6889642Z 28 m 16 s for stage 10-13 at desktop — the ceiling on a steward run's single foreground command is 10 m 00 s
2026-10-01T07:33:03.6890053Z SMOKE PASS
2026-10-01T07:33:03.6967196Z Post job cleanup.
2026-10-01T07:33:03.7979994Z (node:3727) [DEP0040] DeprecationWarning: The `punycode` module is deprecated. Please use a userland alternative instead.
2026-10-01T07:33:03.7980642Z (Use `node --trace-deprecation ...` to show where the warning was created)
2026-10-01T07:33:03.8132784Z Post job cleanup.
2026-10-01T07:33:03.8812537Z [command]/usr/bin/git version
2026-10-01T07:33:03.8843418Z git version 2.55.0
2026-10-01T07:33:03.8872092Z Temporarily overriding HOME='/home/runner/work/_temp/7baa0fd4-a0d7-45ce-947c-ada800e4d3a5' before making global git config changes
2026-10-01T07:33:03.8873515Z Adding repository directory to the temporary git global config as a safe directory
2026-10-01T07:33:03.8876756Z [command]/usr/bin/git config --global --add safe.directory /home/runner/work/chicago/chicago
2026-10-01T07:33:03.8906127Z [command]/usr/bin/git config --local --name-only --get-regexp core\.sshCommand
2026-10-01T07:33:03.8932274Z [command]/usr/bin/git submodule foreach --recursive sh -c "git config --local --name-only --get-regexp 'core\.sshCommand' && git config --local --unset-all 'core.sshCommand' || :"
2026-10-01T07:33:03.9129315Z [command]/usr/bin/git config --local --name-only --get-regexp http\.https\:\/\/github\.com\/\.extraheader
2026-10-01T07:33:03.9150929Z http.https://github.com/.extraheader
2026-10-01T07:33:03.9160225Z [command]/usr/bin/git config --local --unset-all http.https://github.com/.extraheader
2026-10-01T07:33:03.9187523Z [command]/usr/bin/git submodule foreach --recursive sh -c "git config --local --name-only --get-regexp 'http\.https\:\/\/github\.com\/\.extraheader' && git config --local --unset-all 'http.https://github.com/.extraheader' || :"
2026-10-01T07:33:03.9381184Z [command]/usr/bin/git config --local --name-only --get-regexp ^includeIf\.gitdir:
2026-10-01T07:33:03.9405910Z [command]/usr/bin/git submodule foreach --recursive git config --local --show-origin --name-only --get-regexp remote.origin.url
2026-10-01T07:33:03.9735723Z Cleaning up orphan processes
2026-10-01T07:33:04.0019713Z ##[warning]Node.js 20 is deprecated. The following actions target Node.js 20 but are being forced to run on Node.js 24: actions/checkout@v4, actions/setup-node@v4. For more information see: https://github.blog/changelog/2025-09-19-deprecation-of-node-20-on-github-actions-runners/

