2026-10-01T06:54:39.9218236Z Current runner version: '2.337.0'
2026-10-01T06:54:39.9244056Z ##[group]Runner Image Provisioner
2026-10-01T06:54:39.9244910Z Hosted Compute Agent
2026-10-01T06:54:39.9245805Z Version: 20260828.587
2026-10-01T06:54:39.9246485Z Commit: abac92662cab4cc7352de4f9f9d2e2419aad9c29
2026-10-01T06:54:39.9247325Z Build Date: 2026-08-28T16:44:25Z
2026-10-01T06:54:39.9248050Z Worker ID: {6e12ec50-0dd1-46b1-adf5-c6e0354da019}
2026-10-01T06:54:39.9248784Z Azure Region: centralus
2026-10-01T06:54:39.9249442Z ##[endgroup]
2026-10-01T06:54:39.9250804Z ##[group]Operating System
2026-10-01T06:54:39.9251612Z Ubuntu
2026-10-01T06:54:39.9252214Z 24.04.5
2026-10-01T06:54:39.9252754Z LTS
2026-10-01T06:54:39.9253415Z ##[endgroup]
2026-10-01T06:54:39.9254000Z ##[group]Runner Image
2026-10-01T06:54:39.9254674Z Image: ubuntu-24.04
2026-10-01T06:54:39.9256149Z Version: 20260920.314.1
2026-10-01T06:54:39.9257497Z Included Software: https://github.com/actions/runner-images/blob/ubuntu24/20260920.314/images/ubuntu/Ubuntu2404-Readme.md
2026-10-01T06:54:39.9259197Z Image Release: https://github.com/actions/runner-images/releases/tag/ubuntu24%2F20260920.314
2026-10-01T06:54:39.9260211Z ##[endgroup]
2026-10-01T06:54:39.9261540Z ##[group]GITHUB_TOKEN Permissions
2026-10-01T06:54:39.9263730Z Contents: read
2026-10-01T06:54:39.9264458Z Metadata: read
2026-10-01T06:54:39.9265772Z Packages: read
2026-10-01T06:54:39.9266411Z ##[endgroup]
2026-10-01T06:54:39.9268539Z Secret source: Actions
2026-10-01T06:54:39.9269648Z Cache mode: write
2026-10-01T06:54:39.9270661Z Prepare workflow directory
2026-10-01T06:54:39.9602429Z Prepare all required actions
2026-10-01T06:54:39.9652258Z Getting action download info
2026-10-01T06:54:40.2665736Z Download action repository 'actions/checkout@v4' (SHA:11d5960a326750d5838078e36cf38b85af677262)
2026-10-01T06:54:40.3908966Z Download action repository 'actions/setup-node@v4' (SHA:49933ea5288caeca8642d1e84afbd3f7d6820020)
2026-10-01T06:54:40.5857841Z Complete job name: smoke
2026-10-01T06:54:40.6585674Z ##[group]Run actions/checkout@v4
2026-10-01T06:54:40.6586599Z with:
2026-10-01T06:54:40.6587055Z   repository: kevinrhaas/chicago
2026-10-01T06:54:40.6590902Z   token: ***
2026-10-01T06:54:40.6591357Z   ssh-strict: true
2026-10-01T06:54:40.6591808Z   ssh-user: git
2026-10-01T06:54:40.6592261Z   persist-credentials: true
2026-10-01T06:54:40.6592774Z   clean: true
2026-10-01T06:54:40.6593235Z   sparse-checkout-cone-mode: true
2026-10-01T06:54:40.6593761Z   fetch-depth: 1
2026-10-01T06:54:40.6594193Z   fetch-tags: false
2026-10-01T06:54:40.6594641Z   show-progress: true
2026-10-01T06:54:40.6595090Z   lfs: false
2026-10-01T06:54:40.6595737Z   submodules: false
2026-10-01T06:54:40.6596196Z   set-safe-directory: true
2026-10-01T06:54:40.6596706Z   allow-unsafe-pr-checkout: false
2026-10-01T06:54:40.6597454Z ##[endgroup]
2026-10-01T06:54:40.7660517Z Syncing repository: kevinrhaas/chicago
2026-10-01T06:54:40.7662440Z ##[group]Getting Git version info
2026-10-01T06:54:40.7663227Z Working directory is '/home/runner/work/chicago/chicago'
2026-10-01T06:54:40.7664399Z [command]/usr/bin/git version
2026-10-01T06:54:40.7720699Z git version 2.55.0
2026-10-01T06:54:40.7739901Z ##[endgroup]
2026-10-01T06:54:40.7753688Z Temporarily overriding HOME='/home/runner/work/_temp/834948df-0c63-46b1-8e01-27de3c3e0356' before making global git config changes
2026-10-01T06:54:40.7755084Z Adding repository directory to the temporary git global config as a safe directory
2026-10-01T06:54:40.7759054Z [command]/usr/bin/git config --global --add safe.directory /home/runner/work/chicago/chicago
2026-10-01T06:54:40.7804560Z Deleting the contents of '/home/runner/work/chicago/chicago'
2026-10-01T06:54:40.7809453Z ##[group]Initializing the repository
2026-10-01T06:54:40.7813500Z [command]/usr/bin/git init /home/runner/work/chicago/chicago
2026-10-01T06:54:40.7914783Z hint: Using 'master' as the name for the initial branch. This default branch name
2026-10-01T06:54:40.7916064Z hint: will change to "main" in Git 3.0. To configure the initial branch name
2026-10-01T06:54:40.7917792Z hint: to use in all of your new repositories, which will suppress this warning,
2026-10-01T06:54:40.7918548Z hint: call:
2026-10-01T06:54:40.7919044Z hint:
2026-10-01T06:54:40.7919815Z hint: 	git config --global init.defaultBranch <name>
2026-10-01T06:54:40.7920770Z hint:
2026-10-01T06:54:40.7921357Z hint: Names commonly chosen instead of 'master' are 'main', 'trunk' and
2026-10-01T06:54:40.7922288Z hint: 'development'. The just-created branch can be renamed via this command:
2026-10-01T06:54:40.7923010Z hint:
2026-10-01T06:54:40.7923432Z hint: 	git branch -m <name>
2026-10-01T06:54:40.7923941Z hint:
2026-10-01T06:54:40.7924569Z hint: Disable this message with "git config set advice.defaultBranchName false"
2026-10-01T06:54:40.7926136Z Initialized empty Git repository in /home/runner/work/chicago/chicago/.git/
2026-10-01T06:54:40.7930756Z [command]/usr/bin/git remote add origin https://github.com/kevinrhaas/chicago
2026-10-01T06:54:40.7977331Z ##[endgroup]
2026-10-01T06:54:40.7978149Z ##[group]Disabling automatic garbage collection
2026-10-01T06:54:40.7980901Z [command]/usr/bin/git config --local gc.auto 0
2026-10-01T06:54:40.8010679Z ##[endgroup]
2026-10-01T06:54:40.8011421Z ##[group]Setting up auth
2026-10-01T06:54:40.8017239Z [command]/usr/bin/git config --local --name-only --get-regexp core\.sshCommand
2026-10-01T06:54:40.8049405Z [command]/usr/bin/git submodule foreach --recursive sh -c "git config --local --name-only --get-regexp 'core\.sshCommand' && git config --local --unset-all 'core.sshCommand' || :"
2026-10-01T06:54:40.8391568Z [command]/usr/bin/git config --local --name-only --get-regexp http\.https\:\/\/github\.com\/\.extraheader
2026-10-01T06:54:40.8422385Z [command]/usr/bin/git submodule foreach --recursive sh -c "git config --local --name-only --get-regexp 'http\.https\:\/\/github\.com\/\.extraheader' && git config --local --unset-all 'http.https://github.com/.extraheader' || :"
2026-10-01T06:54:40.8657823Z [command]/usr/bin/git config --local --name-only --get-regexp ^includeIf\.gitdir:
2026-10-01T06:54:40.8688929Z [command]/usr/bin/git submodule foreach --recursive git config --local --show-origin --name-only --get-regexp remote.origin.url
2026-10-01T06:54:40.8928979Z [command]/usr/bin/git config --local http.https://github.com/.extraheader AUTHORIZATION: basic ***
2026-10-01T06:54:40.8970494Z ##[endgroup]
2026-10-01T06:54:40.8971515Z ##[group]Fetching the repository
2026-10-01T06:54:40.8980423Z [command]/usr/bin/git -c protocol.version=2 fetch --no-tags --prune --no-recurse-submodules --depth=1 origin +15fb79d6f52a3b029d116116340e1fbbb93ec7d7:refs/remotes/origin/steward/t1766-canal-grocery-workshops
2026-10-01T06:55:13.5513906Z From https://github.com/kevinrhaas/chicago
2026-10-01T06:55:13.5514740Z  * [new ref]         15fb79d6f52a3b029d116116340e1fbbb93ec7d7 -> origin/steward/t1766-canal-grocery-workshops
2026-10-01T06:55:13.5517554Z ##[endgroup]
2026-10-01T06:55:13.5518538Z ##[group]Determining the checkout info
2026-10-01T06:55:13.5519791Z ##[endgroup]
2026-10-01T06:55:13.5525660Z [command]/usr/bin/git sparse-checkout disable
2026-10-01T06:55:13.5577571Z [command]/usr/bin/git config --local --unset-all extensions.worktreeConfig
2026-10-01T06:55:13.5606330Z ##[group]Checking out the ref
2026-10-01T06:55:13.5610619Z [command]/usr/bin/git checkout --progress --force -B steward/t1766-canal-grocery-workshops refs/remotes/origin/steward/t1766-canal-grocery-workshops
2026-10-01T06:55:14.5811203Z Updating files:  55% (5019/9084)
2026-10-01T06:55:14.5911372Z Updating files:  56% (5088/9084)
2026-10-01T06:55:14.5968910Z Updating files:  57% (5178/9084)
2026-10-01T06:55:14.6049976Z Updating files:  58% (5269/9084)
2026-10-01T06:55:14.6109818Z Updating files:  59% (5360/9084)
2026-10-01T06:55:14.6178614Z Updating files:  60% (5451/9084)
2026-10-01T06:55:14.6328186Z Updating files:  61% (5542/9084)
2026-10-01T06:55:14.7234820Z Updating files:  62% (5633/9084)
2026-10-01T06:55:14.7272186Z Updating files:  63% (5723/9084)
2026-10-01T06:55:14.7310772Z Updating files:  64% (5814/9084)
2026-10-01T06:55:14.7374364Z Updating files:  65% (5905/9084)
2026-10-01T06:55:14.7468930Z Updating files:  66% (5996/9084)
2026-10-01T06:55:14.7536071Z Updating files:  67% (6087/9084)
2026-10-01T06:55:14.7587158Z Updating files:  68% (6178/9084)
2026-10-01T06:55:14.7637039Z Updating files:  69% (6268/9084)
2026-10-01T06:55:14.7685956Z Updating files:  70% (6359/9084)
2026-10-01T06:55:14.7878658Z Updating files:  71% (6450/9084)
2026-10-01T06:55:14.8102038Z Updating files:  72% (6541/9084)
2026-10-01T06:55:14.8512256Z Updating files:  73% (6632/9084)
2026-10-01T06:55:15.0572256Z Updating files:  74% (6723/9084)
2026-10-01T06:55:15.0793910Z Updating files:  75% (6813/9084)
2026-10-01T06:55:15.1198474Z Updating files:  76% (6904/9084)
2026-10-01T06:55:15.1954973Z Updating files:  77% (6995/9084)
2026-10-01T06:55:15.2316932Z Updating files:  78% (7086/9084)
2026-10-01T06:55:15.2584035Z Updating files:  79% (7177/9084)
2026-10-01T06:55:15.2801640Z Updating files:  80% (7268/9084)
2026-10-01T06:55:15.2970599Z Updating files:  81% (7359/9084)
2026-10-01T06:55:15.3123792Z Updating files:  82% (7449/9084)
2026-10-01T06:55:15.3251719Z Updating files:  83% (7540/9084)
2026-10-01T06:55:15.3408512Z Updating files:  84% (7631/9084)
2026-10-01T06:55:15.3565863Z Updating files:  85% (7722/9084)
2026-10-01T06:55:15.3718382Z Updating files:  86% (7813/9084)
2026-10-01T06:55:15.4710027Z Updating files:  87% (7904/9084)
2026-10-01T06:55:15.5234938Z Updating files:  88% (7994/9084)
2026-10-01T06:55:15.5726373Z Updating files:  89% (8085/9084)
2026-10-01T06:55:15.7670269Z Updating files:  89% (8101/9084)
2026-10-01T06:55:16.1494330Z Updating files:  90% (8176/9084)
2026-10-01T06:55:16.4209489Z Updating files:  91% (8267/9084)
2026-10-01T06:55:16.5532318Z Updating files:  92% (8358/9084)
2026-10-01T06:55:16.5728269Z Updating files:  93% (8449/9084)
2026-10-01T06:55:16.6111240Z Updating files:  93% (8471/9084)
2026-10-01T06:55:16.6543267Z Updating files:  94% (8539/9084)
2026-10-01T06:55:16.7987007Z Updating files:  95% (8630/9084)
2026-10-01T06:55:16.9391657Z Updating files:  96% (8721/9084)
2026-10-01T06:55:17.0206198Z Updating files:  97% (8812/9084)
2026-10-01T06:55:17.3468389Z Updating files:  98% (8903/9084)
2026-10-01T06:55:17.5733136Z Updating files:  99% (8994/9084)
2026-10-01T06:55:17.6568318Z Updating files:  99% (9059/9084)
2026-10-01T06:55:17.6568786Z Updating files: 100% (9084/9084)
2026-10-01T06:55:17.6569184Z Updating files: 100% (9084/9084), done.
2026-10-01T06:55:17.6663908Z Switched to a new branch 'steward/t1766-canal-grocery-workshops'
2026-10-01T06:55:17.6677339Z branch 'steward/t1766-canal-grocery-workshops' set up to track 'origin/steward/t1766-canal-grocery-workshops'.
2026-10-01T06:55:17.6846101Z ##[endgroup]
2026-10-01T06:55:17.6891573Z [command]/usr/bin/git log -1 --format=%H
2026-10-01T06:55:17.6919383Z 15fb79d6f52a3b029d116116340e1fbbb93ec7d7
2026-10-01T06:55:17.7199027Z ##[group]Run actions/setup-node@v4
2026-10-01T06:55:17.7199310Z with:
2026-10-01T06:55:17.7199516Z   node-version: 22
2026-10-01T06:55:17.7199741Z   always-auth: false
2026-10-01T06:55:17.7199982Z   check-latest: false
2026-10-01T06:55:17.7202509Z   token: ***
2026-10-01T06:55:17.7202727Z ##[endgroup]
2026-10-01T06:55:17.8597230Z Found in cache @ /opt/hostedtoolcache/node/22.23.2/x64
2026-10-01T06:55:17.8601006Z (node:2256) [DEP0040] DeprecationWarning: The `punycode` module is deprecated. Please use a userland alternative instead.
2026-10-01T06:55:17.8602143Z (Use `node --trace-deprecation ...` to show where the warning was created)
2026-10-01T06:55:17.8698817Z ##[group]Environment details
2026-10-01T06:55:18.2324912Z node: v22.23.2
2026-10-01T06:55:18.2325206Z npm: 10.9.8
2026-10-01T06:55:18.2325871Z yarn: 1.22.22
2026-10-01T06:55:18.2327255Z ##[endgroup]
2026-10-01T06:55:18.2463963Z ##[group]Run set -e
2026-10-01T06:55:18.2464277Z [36;1mset -e[0m
2026-10-01T06:55:18.2464536Z [36;1mnpm install -g playwright@1.56.1[0m
2026-10-01T06:55:18.2464982Z [36;1mnode "$(npm root -g)/playwright/cli.js" install --with-deps chromium[0m
2026-10-01T06:55:18.2738088Z shell: /usr/bin/bash -e {0}
2026-10-01T06:55:18.2738624Z ##[endgroup]
2026-10-01T06:55:20.3914967Z 
2026-10-01T06:55:20.3923475Z added 2 packages in 2s
2026-10-01T06:55:21.1807648Z Installing dependencies...
2026-10-01T06:55:21.2376939Z Switching to root user to install dependencies...
2026-10-01T06:55:22.5615069Z Get:1 file:/etc/apt/apt-mirrors.txt Mirrorlist [144 B]
2026-10-01T06:55:22.5938123Z Hit:2 http://azure.archive.ubuntu.com/ubuntu noble InRelease
2026-10-01T06:55:22.5940329Z Get:6 https://packages.microsoft.com/ubuntu/24.04/prod noble InRelease [3600 B]
2026-10-01T06:55:22.5952988Z Get:3 http://azure.archive.ubuntu.com/ubuntu noble-updates InRelease [126 kB]
2026-10-01T06:55:22.5965734Z Get:4 http://azure.archive.ubuntu.com/ubuntu noble-backports InRelease [126 kB]
2026-10-01T06:55:22.6004709Z Get:5 http://azure.archive.ubuntu.com/ubuntu noble-security InRelease [126 kB]
2026-10-01T06:55:22.7039992Z Get:7 https://packages.microsoft.com/ubuntu/24.04/prod noble/main amd64 Packages [509 kB]
2026-10-01T06:55:22.7173400Z Get:8 https://packages.microsoft.com/ubuntu/24.04/prod noble/main arm64 Packages [456 kB]
2026-10-01T06:55:22.7551298Z Get:9 http://azure.archive.ubuntu.com/ubuntu noble-updates/main amd64 Packages [1342 kB]
2026-10-01T06:55:22.7636637Z Get:10 http://azure.archive.ubuntu.com/ubuntu noble-updates/main Translation-en [302 kB]
2026-10-01T06:55:22.7658088Z Get:11 http://azure.archive.ubuntu.com/ubuntu noble-updates/main amd64 Components [181 kB]
2026-10-01T06:55:22.7676586Z Get:12 http://azure.archive.ubuntu.com/ubuntu noble-updates/universe amd64 Packages [1699 kB]
2026-10-01T06:55:22.7756904Z Get:13 http://azure.archive.ubuntu.com/ubuntu noble-updates/universe Translation-en [341 kB]
2026-10-01T06:55:22.7778708Z Get:14 http://azure.archive.ubuntu.com/ubuntu noble-updates/universe amd64 Components [388 kB]
2026-10-01T06:55:22.7806028Z Get:15 http://azure.archive.ubuntu.com/ubuntu noble-updates/restricted amd64 Packages [1697 kB]
2026-10-01T06:55:22.7908338Z Get:16 http://azure.archive.ubuntu.com/ubuntu noble-updates/restricted Translation-en [388 kB]
2026-10-01T06:55:22.7934085Z Get:17 http://azure.archive.ubuntu.com/ubuntu noble-updates/multiverse amd64 Components [940 B]
2026-10-01T06:55:22.8163340Z Get:18 http://azure.archive.ubuntu.com/ubuntu noble-backports/main amd64 Packages [40.6 kB]
2026-10-01T06:55:22.8601003Z Get:19 http://azure.archive.ubuntu.com/ubuntu noble-backports/main amd64 Components [5760 B]
2026-10-01T06:55:22.8604832Z Get:20 http://azure.archive.ubuntu.com/ubuntu noble-backports/universe amd64 Packages [31.0 kB]
2026-10-01T06:55:22.8615070Z Get:21 http://azure.archive.ubuntu.com/ubuntu noble-backports/universe Translation-en [18.6 kB]
2026-10-01T06:55:22.8625140Z Get:22 http://azure.archive.ubuntu.com/ubuntu noble-backports/universe amd64 Components [12.6 kB]
2026-10-01T06:55:22.8689524Z Get:23 http://azure.archive.ubuntu.com/ubuntu noble-security/main amd64 Packages [1066 kB]
2026-10-01T06:55:22.8749401Z Get:24 http://azure.archive.ubuntu.com/ubuntu noble-security/main Translation-en [220 kB]
2026-10-01T06:55:22.8771050Z Get:25 http://azure.archive.ubuntu.com/ubuntu noble-security/main amd64 Components [46.4 kB]
2026-10-01T06:55:22.8776523Z Get:26 http://azure.archive.ubuntu.com/ubuntu noble-security/universe amd64 Packages [1216 kB]
2026-10-01T06:55:22.8856693Z Get:27 http://azure.archive.ubuntu.com/ubuntu noble-security/universe Translation-en [244 kB]
2026-10-01T06:55:22.8863353Z Get:28 http://azure.archive.ubuntu.com/ubuntu noble-security/universe amd64 Components [76.3 kB]
2026-10-01T06:55:22.8867626Z Get:29 http://azure.archive.ubuntu.com/ubuntu noble-security/restricted amd64 Packages [1566 kB]
2026-10-01T06:55:22.8947564Z Get:30 http://azure.archive.ubuntu.com/ubuntu noble-security/restricted Translation-en [361 kB]
2026-10-01T06:55:27.2810577Z Fetched 12.6 MB in 1s (8676 kB/s)
2026-10-01T06:55:28.0933722Z Reading package lists...
2026-10-01T06:55:28.1189719Z Reading package lists...
2026-10-01T06:55:28.3400921Z Building dependency tree...
2026-10-01T06:55:28.3408446Z Reading state information...
2026-10-01T06:55:28.5098842Z libasound2t64 is already the newest version (1.2.11-1ubuntu0.3).
2026-10-01T06:55:28.5099628Z libasound2t64 set to manually installed.
2026-10-01T06:55:28.5100504Z libatk-bridge2.0-0t64 is already the newest version (2.52.0-1build1).
2026-10-01T06:55:28.5101326Z libatk-bridge2.0-0t64 set to manually installed.
2026-10-01T06:55:28.5102037Z libatk1.0-0t64 is already the newest version (2.52.0-1build1).
2026-10-01T06:55:28.5102691Z libatk1.0-0t64 set to manually installed.
2026-10-01T06:55:28.5103384Z libatspi2.0-0t64 is already the newest version (2.52.0-1build1).
2026-10-01T06:55:28.5104058Z libatspi2.0-0t64 set to manually installed.
2026-10-01T06:55:28.5104741Z libcairo2 is already the newest version (1.18.0-3build1).
2026-10-01T06:55:28.5105559Z libcairo2 set to manually installed.
2026-10-01T06:55:28.5106236Z libcups2t64 is already the newest version (2.4.7-1.2ubuntu7.14).
2026-10-01T06:55:28.5106940Z libcups2t64 set to manually installed.
2026-10-01T06:55:28.5107714Z libdbus-1-3 is already the newest version (1.14.10-4ubuntu4.1).
2026-10-01T06:55:28.5108360Z libdbus-1-3 set to manually installed.
2026-10-01T06:55:28.5109108Z libdrm2 is already the newest version (2.4.125-1ubuntu0.1~24.04.2).
2026-10-01T06:55:28.5109854Z libdrm2 set to manually installed.
2026-10-01T06:55:28.5110539Z libnspr4 is already the newest version (2:4.35-1.1build1).
2026-10-01T06:55:28.5111209Z libnspr4 set to manually installed.
2026-10-01T06:55:28.5111949Z libnss3 is already the newest version (2:3.98-1ubuntu0.2).
2026-10-01T06:55:28.5112549Z libnss3 set to manually installed.
2026-10-01T06:55:28.5113168Z libpango-1.0-0 is already the newest version (1.52.1+ds-1build1).
2026-10-01T06:55:28.5113764Z libpango-1.0-0 set to manually installed.
2026-10-01T06:55:28.5114319Z libx11-6 is already the newest version (2:1.8.7-1build1).
2026-10-01T06:55:28.5114764Z libx11-6 set to manually installed.
2026-10-01T06:55:28.5115132Z libxcb1 is already the newest version (1.15-1ubuntu2).
2026-10-01T06:55:28.5115713Z libxcb1 set to manually installed.
2026-10-01T06:55:28.5116129Z libxcomposite1 is already the newest version (1:0.4.5-1build3).
2026-10-01T06:55:28.5116537Z libxcomposite1 set to manually installed.
2026-10-01T06:55:28.5117047Z libxdamage1 is already the newest version (1:1.1.6-1build1).
2026-10-01T06:55:28.5117527Z libxdamage1 set to manually installed.
2026-10-01T06:55:28.5117911Z libxext6 is already the newest version (2:1.3.4-1build2).
2026-10-01T06:55:28.5118273Z libxext6 set to manually installed.
2026-10-01T06:55:28.5118664Z libxfixes3 is already the newest version (1:6.0.0-2build1).
2026-10-01T06:55:28.5119046Z libxfixes3 set to manually installed.
2026-10-01T06:55:28.5119588Z libxkbcommon0 is already the newest version (1.6.0-1build1).
2026-10-01T06:55:28.5119992Z libxkbcommon0 set to manually installed.
2026-10-01T06:55:28.5120393Z libxrandr2 is already the newest version (2:1.5.2-2build1).
2026-10-01T06:55:28.5120773Z libxrandr2 set to manually installed.
2026-10-01T06:55:28.5121265Z fonts-noto-color-emoji is already the newest version (2.047-0ubuntu0.24.04.1).
2026-10-01T06:55:28.5121822Z libfontconfig1 is already the newest version (2.15.0-1.1ubuntu2).
2026-10-01T06:55:28.5122397Z libfontconfig1 set to manually installed.
2026-10-01T06:55:28.5123042Z libfreetype6 is already the newest version (2.13.2+dfsg-1ubuntu0.1).
2026-10-01T06:55:28.5123677Z libfreetype6 set to manually installed.
2026-10-01T06:55:28.5124317Z fonts-liberation is already the newest version (1:2.1.5-3).
2026-10-01T06:55:28.5124936Z fonts-liberation set to manually installed.
2026-10-01T06:55:28.5125663Z The following additional packages will be installed:
2026-10-01T06:55:28.5126652Z   gir1.2-glib-2.0 libgl1-mesa-dri libglib2.0-bin libglib2.0-data libglx-mesa0
2026-10-01T06:55:28.5127533Z   libwayland-server0 mesa-libgallium xfonts-encodings xfonts-utils
2026-10-01T06:55:28.5128126Z   xserver-common
2026-10-01T06:55:28.5128468Z Suggested packages:
2026-10-01T06:55:28.5128706Z   low-memory-monitor
2026-10-01T06:55:28.5129122Z Recommended packages:
2026-10-01T06:55:28.5129426Z   fonts-ipafont-mincho fonts-tlwg-loma xfonts-base
2026-10-01T06:55:28.5358049Z The following NEW packages will be installed:
2026-10-01T06:55:28.5358611Z   fonts-freefont-ttf fonts-ipafont-gothic fonts-tlwg-loma-otf fonts-unifont
2026-10-01T06:55:28.5363893Z   fonts-wqy-zenhei libwayland-server0 xfonts-cyrillic xfonts-encodings
2026-10-01T06:55:28.5364359Z   xfonts-scalable xfonts-utils
2026-10-01T06:55:28.5367408Z The following packages will be upgraded:
2026-10-01T06:55:28.5368641Z   gir1.2-glib-2.0 libgbm1 libgl1-mesa-dri libglib2.0-0t64 libglib2.0-bin
2026-10-01T06:55:28.5373121Z   libglib2.0-data libglx-mesa0 mesa-libgallium xserver-common xvfb
2026-10-01T06:55:28.5551185Z 10 upgraded, 10 newly installed, 0 to remove and 36 not upgraded.
2026-10-01T06:55:28.5551859Z Need to get 34.9 MB of archives.
2026-10-01T06:55:28.5552546Z After this operation, 79.7 MB of additional disk space will be used.
2026-10-01T06:55:28.5553358Z Get:1 file:/etc/apt/apt-mirrors.txt Mirrorlist [144 B]
2026-10-01T06:55:28.6093061Z Get:2 http://azure.archive.ubuntu.com/ubuntu noble/universe amd64 fonts-ipafont-gothic all 00303-21ubuntu1 [3513 kB]
2026-10-01T06:55:28.6885601Z Get:3 http://azure.archive.ubuntu.com/ubuntu noble-updates/main amd64 libglib2.0-data all 2.80.0-6ubuntu3.9 [50.1 kB]
2026-10-01T06:55:28.7273382Z Get:4 http://azure.archive.ubuntu.com/ubuntu noble-updates/main amd64 libglib2.0-bin amd64 2.80.0-6ubuntu3.9 [97.9 kB]
2026-10-01T06:55:28.7669052Z Get:5 http://azure.archive.ubuntu.com/ubuntu noble-updates/main amd64 gir1.2-glib-2.0 amd64 2.80.0-6ubuntu3.9 [183 kB]
2026-10-01T06:55:28.8064792Z Get:6 http://azure.archive.ubuntu.com/ubuntu noble-updates/main amd64 libglib2.0-0t64 amd64 2.80.0-6ubuntu3.9 [1547 kB]
2026-10-01T06:55:28.8541593Z Get:7 http://azure.archive.ubuntu.com/ubuntu noble/main amd64 fonts-freefont-ttf all 20211204+svn4273-2 [5641 kB]
2026-10-01T06:55:28.9451571Z Get:8 http://azure.archive.ubuntu.com/ubuntu noble/universe amd64 fonts-tlwg-loma-otf all 1:0.7.3-1 [107 kB]
2026-10-01T06:55:28.9843077Z Get:9 http://azure.archive.ubuntu.com/ubuntu noble/universe amd64 fonts-unifont all 1:15.1.01-1build1 [2993 kB]
2026-10-01T06:55:29.0403529Z Get:10 http://azure.archive.ubuntu.com/ubuntu noble/universe amd64 fonts-wqy-zenhei all 0.9.45-8 [7472 kB]
2026-10-01T06:55:29.1618922Z Get:11 http://azure.archive.ubuntu.com/ubuntu noble-updates/main amd64 libgl1-mesa-dri amd64 25.2.8-0ubuntu0.24.04.3 [37.9 kB]
2026-10-01T06:55:29.2006144Z Get:12 http://azure.archive.ubuntu.com/ubuntu noble/main amd64 libwayland-server0 amd64 1.22.0-2.1build1 [33.9 kB]
2026-10-01T06:55:29.2392788Z Get:13 http://azure.archive.ubuntu.com/ubuntu noble-updates/main amd64 libglx-mesa0 amd64 25.2.8-0ubuntu0.24.04.3 [110 kB]
2026-10-01T06:55:29.2786517Z Get:14 http://azure.archive.ubuntu.com/ubuntu noble-updates/main amd64 libgbm1 amd64 25.2.8-0ubuntu0.24.04.3 [34.3 kB]
2026-10-01T06:55:29.3172969Z Get:15 http://azure.archive.ubuntu.com/ubuntu noble-updates/main amd64 mesa-libgallium amd64 25.2.8-0ubuntu0.24.04.3 [10.8 MB]
2026-10-01T06:55:29.4873646Z Get:16 http://azure.archive.ubuntu.com/ubuntu noble/main amd64 xfonts-encodings all 1:1.0.5-0ubuntu2 [578 kB]
2026-10-01T06:55:29.5322072Z Get:17 http://azure.archive.ubuntu.com/ubuntu noble/main amd64 xfonts-utils amd64 1:7.7+6build3 [94.4 kB]
2026-10-01T06:55:29.5712289Z Get:18 http://azure.archive.ubuntu.com/ubuntu noble/universe amd64 xfonts-cyrillic all 1:1.0.5+nmu1 [384 kB]
2026-10-01T06:55:29.6137197Z Get:19 http://azure.archive.ubuntu.com/ubuntu noble/main amd64 xfonts-scalable all 1:1.0.3-1.3 [304 kB]
2026-10-01T06:55:29.6992439Z Get:20 http://azure.archive.ubuntu.com/ubuntu noble-updates/main amd64 xserver-common all 2:21.1.12-1ubuntu1.8 [34.8 kB]
2026-10-01T06:55:29.7272019Z Get:21 http://azure.archive.ubuntu.com/ubuntu noble-updates/universe amd64 xvfb amd64 2:21.1.12-1ubuntu1.8 [877 kB]
2026-10-01T06:55:30.0020993Z Fetched 34.9 MB in 1s (29.3 MB/s)
2026-10-01T06:55:30.0246083Z Selecting previously unselected package fonts-ipafont-gothic.
2026-10-01T06:55:30.0483986Z (Reading database ... 
2026-10-01T06:55:30.0484432Z (Reading database ... 5%
2026-10-01T06:55:30.0484815Z (Reading database ... 10%
2026-10-01T06:55:30.0485202Z (Reading database ... 15%
2026-10-01T06:55:30.0485964Z (Reading database ... 20%
2026-10-01T06:55:30.0486274Z (Reading database ... 25%
2026-10-01T06:55:30.0486519Z (Reading database ... 30%
2026-10-01T06:55:30.0486813Z (Reading database ... 35%
2026-10-01T06:55:30.0487217Z (Reading database ... 40%
2026-10-01T06:55:30.0487599Z (Reading database ... 45%
2026-10-01T06:55:30.0487975Z (Reading database ... 50%
2026-10-01T06:55:30.0527848Z (Reading database ... 55%
2026-10-01T06:55:30.1431084Z (Reading database ... 60%
2026-10-01T06:55:30.3340892Z (Reading database ... 65%
2026-10-01T06:55:30.4984939Z (Reading database ... 70%
2026-10-01T06:55:30.6871681Z (Reading database ... 75%
2026-10-01T06:55:30.8405444Z (Reading database ... 80%
2026-10-01T06:55:30.9840359Z (Reading database ... 85%
2026-10-01T06:55:31.0701402Z (Reading database ... 90%
2026-10-01T06:55:31.1622863Z (Reading database ... 95%
2026-10-01T06:55:31.1623229Z (Reading database ... 100%
2026-10-01T06:55:31.1623689Z (Reading database ... 202190 files and directories currently installed.)
2026-10-01T06:55:31.1670575Z Preparing to unpack .../00-fonts-ipafont-gothic_00303-21ubuntu1_all.deb ...
2026-10-01T06:55:31.1767415Z Unpacking fonts-ipafont-gothic (00303-21ubuntu1) ...
2026-10-01T06:55:31.4238500Z Preparing to unpack .../01-libglib2.0-data_2.80.0-6ubuntu3.9_all.deb ...
2026-10-01T06:55:31.4255990Z Unpacking libglib2.0-data (2.80.0-6ubuntu3.9) over (2.80.0-6ubuntu3.8) ...
2026-10-01T06:55:31.4596478Z Preparing to unpack .../02-libglib2.0-bin_2.80.0-6ubuntu3.9_amd64.deb ...
2026-10-01T06:55:31.4614381Z Unpacking libglib2.0-bin (2.80.0-6ubuntu3.9) over (2.80.0-6ubuntu3.8) ...
2026-10-01T06:55:31.5080009Z Preparing to unpack .../03-gir1.2-glib-2.0_2.80.0-6ubuntu3.9_amd64.deb ...
2026-10-01T06:55:31.5098001Z Unpacking gir1.2-glib-2.0:amd64 (2.80.0-6ubuntu3.9) over (2.80.0-6ubuntu3.8) ...
2026-10-01T06:55:31.5492559Z Preparing to unpack .../04-libglib2.0-0t64_2.80.0-6ubuntu3.9_amd64.deb ...
2026-10-01T06:55:31.5558385Z Unpacking libglib2.0-0t64:amd64 (2.80.0-6ubuntu3.9) over (2.80.0-6ubuntu3.8) ...
2026-10-01T06:55:31.5965021Z Selecting previously unselected package fonts-freefont-ttf.
2026-10-01T06:55:31.6100900Z Preparing to unpack .../05-fonts-freefont-ttf_20211204+svn4273-2_all.deb ...
2026-10-01T06:55:31.6109112Z Unpacking fonts-freefont-ttf (20211204+svn4273-2) ...
2026-10-01T06:55:31.6951668Z Selecting previously unselected package fonts-tlwg-loma-otf.
2026-10-01T06:55:31.7085539Z Preparing to unpack .../06-fonts-tlwg-loma-otf_1%3a0.7.3-1_all.deb ...
2026-10-01T06:55:31.7092083Z Unpacking fonts-tlwg-loma-otf (1:0.7.3-1) ...
2026-10-01T06:55:31.7291993Z Selecting previously unselected package fonts-unifont.
2026-10-01T06:55:31.7424483Z Preparing to unpack .../07-fonts-unifont_1%3a15.1.01-1build1_all.deb ...
2026-10-01T06:55:31.7431005Z Unpacking fonts-unifont (1:15.1.01-1build1) ...
2026-10-01T06:55:31.8549113Z Selecting previously unselected package fonts-wqy-zenhei.
2026-10-01T06:55:31.8682420Z Preparing to unpack .../08-fonts-wqy-zenhei_0.9.45-8_all.deb ...
2026-10-01T06:55:31.8784343Z Unpacking fonts-wqy-zenhei (0.9.45-8) ...
2026-10-01T06:55:32.3605770Z Preparing to unpack .../09-libgl1-mesa-dri_25.2.8-0ubuntu0.24.04.3_amd64.deb ...
2026-10-01T06:55:32.3751867Z Unpacking libgl1-mesa-dri:amd64 (25.2.8-0ubuntu0.24.04.3) over (25.2.8-0ubuntu0.24.04.2) ...
2026-10-01T06:55:32.4114890Z Selecting previously unselected package libwayland-server0:amd64.
2026-10-01T06:55:32.4252694Z Preparing to unpack .../10-libwayland-server0_1.22.0-2.1build1_amd64.deb ...
2026-10-01T06:55:32.4262135Z Unpacking libwayland-server0:amd64 (1.22.0-2.1build1) ...
2026-10-01T06:55:32.4607975Z Preparing to unpack .../11-libglx-mesa0_25.2.8-0ubuntu0.24.04.3_amd64.deb ...
2026-10-01T06:55:32.4627829Z Unpacking libglx-mesa0:amd64 (25.2.8-0ubuntu0.24.04.3) over (25.2.8-0ubuntu0.24.04.2) ...
2026-10-01T06:55:32.5003232Z Preparing to unpack .../12-libgbm1_25.2.8-0ubuntu0.24.04.3_amd64.deb ...
2026-10-01T06:55:32.5025193Z Unpacking libgbm1:amd64 (25.2.8-0ubuntu0.24.04.3) over (25.2.8-0ubuntu0.24.04.2) ...
2026-10-01T06:55:32.5392746Z Preparing to unpack .../13-mesa-libgallium_25.2.8-0ubuntu0.24.04.3_amd64.deb ...
2026-10-01T06:55:32.5414364Z Unpacking mesa-libgallium:amd64 (25.2.8-0ubuntu0.24.04.3) over (25.2.8-0ubuntu0.24.04.2) ...
2026-10-01T06:55:32.7119323Z Selecting previously unselected package xfonts-encodings.
2026-10-01T06:55:32.7256582Z Preparing to unpack .../14-xfonts-encodings_1%3a1.0.5-0ubuntu2_all.deb ...
2026-10-01T06:55:32.7262916Z Unpacking xfonts-encodings (1:1.0.5-0ubuntu2) ...
2026-10-01T06:55:32.7546894Z Selecting previously unselected package xfonts-utils.
2026-10-01T06:55:32.7678911Z Preparing to unpack .../15-xfonts-utils_1%3a7.7+6build3_amd64.deb ...
2026-10-01T06:55:32.7684582Z Unpacking xfonts-utils (1:7.7+6build3) ...
2026-10-01T06:55:32.7990496Z Selecting previously unselected package xfonts-cyrillic.
2026-10-01T06:55:32.8124051Z Preparing to unpack .../16-xfonts-cyrillic_1%3a1.0.5+nmu1_all.deb ...
2026-10-01T06:55:32.8130531Z Unpacking xfonts-cyrillic (1:1.0.5+nmu1) ...
2026-10-01T06:55:32.8451028Z Selecting previously unselected package xfonts-scalable.
2026-10-01T06:55:32.8583511Z Preparing to unpack .../17-xfonts-scalable_1%3a1.0.3-1.3_all.deb ...
2026-10-01T06:55:32.8589176Z Unpacking xfonts-scalable (1:1.0.3-1.3) ...
2026-10-01T06:55:32.8943038Z Preparing to unpack .../18-xserver-common_2%3a21.1.12-1ubuntu1.8_all.deb ...
2026-10-01T06:55:32.8958107Z Unpacking xserver-common (2:21.1.12-1ubuntu1.8) over (2:21.1.12-1ubuntu1.6) ...
2026-10-01T06:55:32.9296417Z Preparing to unpack .../19-xvfb_2%3a21.1.12-1ubuntu1.8_amd64.deb ...
2026-10-01T06:55:32.9313572Z Unpacking xvfb (2:21.1.12-1ubuntu1.8) over (2:21.1.12-1ubuntu1.6) ...
2026-10-01T06:55:32.9936457Z Setting up libwayland-server0:amd64 (1.22.0-2.1build1) ...
2026-10-01T06:55:32.9952781Z Setting up mesa-libgallium:amd64 (25.2.8-0ubuntu0.24.04.3) ...
2026-10-01T06:55:32.9966275Z Setting up libgbm1:amd64 (25.2.8-0ubuntu0.24.04.3) ...
2026-10-01T06:55:32.9979891Z Setting up libgl1-mesa-dri:amd64 (25.2.8-0ubuntu0.24.04.3) ...
2026-10-01T06:55:33.0054724Z Setting up fonts-wqy-zenhei (0.9.45-8) ...
2026-10-01T06:55:33.0173667Z Setting up fonts-freefont-ttf (20211204+svn4273-2) ...
2026-10-01T06:55:33.0190995Z Setting up libglib2.0-0t64:amd64 (2.80.0-6ubuntu3.9) ...
2026-10-01T06:55:33.0289921Z Setting up libglib2.0-data (2.80.0-6ubuntu3.9) ...
2026-10-01T06:55:33.0306417Z Setting up fonts-tlwg-loma-otf (1:0.7.3-1) ...
2026-10-01T06:55:33.0323500Z Setting up xfonts-encodings (1:1.0.5-0ubuntu2) ...
2026-10-01T06:55:33.0343433Z Setting up gir1.2-glib-2.0:amd64 (2.80.0-6ubuntu3.9) ...
2026-10-01T06:55:33.0361996Z Setting up fonts-ipafont-gothic (00303-21ubuntu1) ...
2026-10-01T06:55:33.0433593Z update-alternatives: using /usr/share/fonts/opentype/ipafont-gothic/ipag.ttf to provide /usr/share/fonts/truetype/fonts-japanese-gothic.ttf (fonts-japanese-gothic.ttf) in auto mode
2026-10-01T06:55:33.0451260Z Setting up xserver-common (2:21.1.12-1ubuntu1.8) ...
2026-10-01T06:55:33.0470526Z Setting up fonts-unifont (1:15.1.01-1build1) ...
2026-10-01T06:55:33.0488312Z Setting up libglx-mesa0:amd64 (25.2.8-0ubuntu0.24.04.3) ...
2026-10-01T06:55:33.0507475Z Setting up xvfb (2:21.1.12-1ubuntu1.8) ...
2026-10-01T06:55:33.0526097Z Setting up libglib2.0-bin (2.80.0-6ubuntu3.9) ...
2026-10-01T06:55:33.0543151Z Setting up xfonts-utils (1:7.7+6build3) ...
2026-10-01T06:55:33.0584217Z Setting up xfonts-cyrillic (1:1.0.5+nmu1) ...
2026-10-01T06:55:33.0908046Z Setting up xfonts-scalable (1:1.0.3-1.3) ...
2026-10-01T06:55:33.1194759Z Processing triggers for libc-bin (2.39-0ubuntu8.9) ...
2026-10-01T06:55:33.1506875Z Processing triggers for man-db (2.12.0-4build2) ...
2026-10-01T06:55:33.1526897Z Not building database; man-db/auto-update is not 'true'.
2026-10-01T06:55:33.1536596Z Processing triggers for fontconfig (2.15.0-1.1ubuntu2) ...
2026-10-01T06:55:33.7744025Z 
2026-10-01T06:55:33.7744747Z Running kernel seems to be up-to-date.
2026-10-01T06:55:33.7745138Z 
2026-10-01T06:55:33.7745461Z Restarting services...
2026-10-01T06:55:33.8229236Z  systemctl restart packagekit.service php8.3-fpm.service polkit.service udisks2.service
2026-10-01T06:55:33.9856756Z 
2026-10-01T06:55:33.9857623Z Service restarts being deferred:
2026-10-01T06:55:33.9858657Z  systemctl restart ModemManager.service
2026-10-01T06:55:33.9859489Z  systemctl restart networkd-dispatcher.service
2026-10-01T06:55:33.9860023Z 
2026-10-01T06:55:33.9860389Z No containers need to be restarted.
2026-10-01T06:55:33.9860871Z 
2026-10-01T06:55:33.9861412Z No user sessions are running outdated binaries.
2026-10-01T06:55:33.9866930Z 
2026-10-01T06:55:33.9867650Z No VM guests are running outdated hypervisor (qemu) binaries on this host.
2026-10-01T06:55:34.9310599Z Downloading Chromium 141.0.7390.37 (playwright build v1194) from https://cdn.playwright.dev/dbazure/download/playwright/builds/chromium/1194/chromium-linux.zip
2026-10-01T06:55:35.1045860Z |                                                                                |   0% of 173.9 MiB
2026-10-01T06:55:35.2679825Z |■■■■■■■■                                                                        |  10% of 173.9 MiB
2026-10-01T06:55:35.3412354Z |■■■■■■■■■■■■■■■■                                                                |  20% of 173.9 MiB
2026-10-01T06:55:35.4130677Z |■■■■■■■■■■■■■■■■■■■■■■■■                                                        |  30% of 173.9 MiB
2026-10-01T06:55:35.4685943Z |■■■■■■■■■■■■■■■■■■■■■■■■■■■■■■■■                                                |  40% of 173.9 MiB
2026-10-01T06:55:35.5222842Z |■■■■■■■■■■■■■■■■■■■■■■■■■■■■■■■■■■■■■■■■                                        |  50% of 173.9 MiB
2026-10-01T06:55:35.5772625Z |■■■■■■■■■■■■■■■■■■■■■■■■■■■■■■■■■■■■■■■■■■■■■■■■                                |  60% of 173.9 MiB
2026-10-01T06:55:35.6327197Z |■■■■■■■■■■■■■■■■■■■■■■■■■■■■■■■■■■■■■■■■■■■■■■■■■■■■■■■■                        |  70% of 173.9 MiB
2026-10-01T06:55:35.6842073Z |■■■■■■■■■■■■■■■■■■■■■■■■■■■■■■■■■■■■■■■■■■■■■■■■■■■■■■■■■■■■■■■■                |  80% of 173.9 MiB
2026-10-01T06:55:35.7472201Z |■■■■■■■■■■■■■■■■■■■■■■■■■■■■■■■■■■■■■■■■■■■■■■■■■■■■■■■■■■■■■■■■■■■■■■■■        |  90% of 173.9 MiB
2026-10-01T06:55:35.8043014Z |■■■■■■■■■■■■■■■■■■■■■■■■■■■■■■■■■■■■■■■■■■■■■■■■■■■■■■■■■■■■■■■■■■■■■■■■■■■■■■■■| 100% of 173.9 MiB
2026-10-01T06:55:39.1479809Z Chromium 141.0.7390.37 (playwright build v1194) downloaded to /home/runner/.cache/ms-playwright/chromium-1194
2026-10-01T06:55:39.1483687Z Downloading FFMPEG playwright build v1011 from https://cdn.playwright.dev/dbazure/download/playwright/builds/ffmpeg/1011/ffmpeg-linux.zip
2026-10-01T06:55:39.3139156Z |                                                                                |   0% of 2.3 MiB
2026-10-01T06:55:39.3336772Z |■■■■■■■■                                                                        |  10% of 2.3 MiB
2026-10-01T06:55:39.3473041Z |■■■■■■■■■■■■■■■■                                                                |  20% of 2.3 MiB
2026-10-01T06:55:39.3527626Z |■■■■■■■■■■■■■■■■■■■■■■■■                                                        |  30% of 2.3 MiB
2026-10-01T06:55:39.3610283Z |■■■■■■■■■■■■■■■■■■■■■■■■■■■■■■■■                                                |  40% of 2.3 MiB
2026-10-01T06:55:39.3673850Z |■■■■■■■■■■■■■■■■■■■■■■■■■■■■■■■■■■■■■■■■                                        |  50% of 2.3 MiB
2026-10-01T06:55:39.3696509Z |■■■■■■■■■■■■■■■■■■■■■■■■■■■■■■■■■■■■■■■■■■■■■■■■                                |  60% of 2.3 MiB
2026-10-01T06:55:39.3718134Z |■■■■■■■■■■■■■■■■■■■■■■■■■■■■■■■■■■■■■■■■■■■■■■■■■■■■■■■■                        |  70% of 2.3 MiB
2026-10-01T06:55:39.3770543Z |■■■■■■■■■■■■■■■■■■■■■■■■■■■■■■■■■■■■■■■■■■■■■■■■■■■■■■■■■■■■■■■■                |  80% of 2.3 MiB
2026-10-01T06:55:39.3798446Z |■■■■■■■■■■■■■■■■■■■■■■■■■■■■■■■■■■■■■■■■■■■■■■■■■■■■■■■■■■■■■■■■■■■■■■■■        |  90% of 2.3 MiB
2026-10-01T06:55:39.3812358Z |■■■■■■■■■■■■■■■■■■■■■■■■■■■■■■■■■■■■■■■■■■■■■■■■■■■■■■■■■■■■■■■■■■■■■■■■■■■■■■■■| 100% of 2.3 MiB
2026-10-01T06:55:39.4387519Z FFMPEG playwright build v1011 downloaded to /home/runner/.cache/ms-playwright/ffmpeg-1011
2026-10-01T06:55:39.4401811Z Downloading Chromium Headless Shell 141.0.7390.37 (playwright build v1194) from https://cdn.playwright.dev/dbazure/download/playwright/builds/chromium/1194/chromium-headless-shell-linux.zip
2026-10-01T06:55:39.6156103Z |                                                                                |   0% of 104.3 MiB
2026-10-01T06:55:39.7927512Z |■■■■■■■■                                                                        |  10% of 104.3 MiB
2026-10-01T06:55:39.8617152Z |■■■■■■■■■■■■■■■■                                                                |  20% of 104.3 MiB
2026-10-01T06:55:39.9135513Z |■■■■■■■■■■■■■■■■■■■■■■■■                                                        |  30% of 104.3 MiB
2026-10-01T06:55:39.9686962Z |■■■■■■■■■■■■■■■■■■■■■■■■■■■■■■■■                                                |  40% of 104.3 MiB
2026-10-01T06:55:40.0301608Z |■■■■■■■■■■■■■■■■■■■■■■■■■■■■■■■■■■■■■■■■                                        |  50% of 104.3 MiB
2026-10-01T06:55:40.0761479Z |■■■■■■■■■■■■■■■■■■■■■■■■■■■■■■■■■■■■■■■■■■■■■■■■                                |  60% of 104.3 MiB
2026-10-01T06:55:40.1204496Z |■■■■■■■■■■■■■■■■■■■■■■■■■■■■■■■■■■■■■■■■■■■■■■■■■■■■■■■■                        |  70% of 104.3 MiB
2026-10-01T06:55:40.1622512Z |■■■■■■■■■■■■■■■■■■■■■■■■■■■■■■■■■■■■■■■■■■■■■■■■■■■■■■■■■■■■■■■■                |  80% of 104.3 MiB
2026-10-01T06:55:40.1980216Z |■■■■■■■■■■■■■■■■■■■■■■■■■■■■■■■■■■■■■■■■■■■■■■■■■■■■■■■■■■■■■■■■■■■■■■■■        |  90% of 104.3 MiB
2026-10-01T06:55:40.2409263Z |■■■■■■■■■■■■■■■■■■■■■■■■■■■■■■■■■■■■■■■■■■■■■■■■■■■■■■■■■■■■■■■■■■■■■■■■■■■■■■■■| 100% of 104.3 MiB
2026-10-01T06:55:42.1085992Z Chromium Headless Shell 141.0.7390.37 (playwright build v1194) downloaded to /home/runner/.cache/ms-playwright/chromium_headless_shell-1194
2026-10-01T06:55:42.1867942Z ##[group]Run bash tools/publish.sh
2026-10-01T06:55:42.1868501Z [36;1mbash tools/publish.sh[0m
2026-10-01T06:55:42.1940310Z shell: /usr/bin/bash -e {0}
2026-10-01T06:55:42.1940584Z ##[endgroup]
2026-10-01T06:55:43.1889987Z Glessner v4 package verified; 3 missing GLB(s) materialized.
2026-10-01T06:55:43.8438346Z shipped derivatives: 501 pair(s) carry the master's triangles, node identity and contract attributes; worst bounding-box disagreement 2.68 of 4 rungs; 0 asset(s) lose their material identity to the publish path (banked, K36(b)); 4 master passthrough(s), all of them decided (K38); and every one of them records the master it was made from, which is still the master in the tree (K39)
2026-10-01T06:55:43.8993508Z Prairie Avenue browser published: /home/runner/work/chicago/chicago/site/4d/prairie-1904
2026-10-01T06:55:43.9849064Z published 15 map images + viewer + media to site/pre-fire
2026-10-01T06:55:44.0512712Z    changelog.js published to site/4d/js/changelog.js (T-0722)
2026-10-01T06:55:44.0518250Z    changelog.js published to site/4d/walk/js/changelog.js (T-0722)
2026-10-01T06:55:44.9623053Z tickets: cloned https://github.com/kevinrhaas/chicago-tickets.git → tickets/ (1661 tickets)
2026-10-01T06:55:46.3550032Z entry pages: index.html, 1812/index.html, 1835/index.html, 1880/index.html, 1904/index.html
2026-10-01T06:55:46.3622002Z    build 15fb79d  Oct 1, 2026, 1:55 AM CT
2026-10-01T06:55:46.4254692Z published ../../site/4d  (57.03 MB)
2026-10-01T06:55:46.4303927Z ##[group]Run node tools/smoke_renderer.mjs --published
2026-10-01T06:55:46.4304349Z [36;1mnode tools/smoke_renderer.mjs --published[0m
2026-10-01T06:55:46.4372864Z shell: /usr/bin/bash -e {0}
2026-10-01T06:55:46.4373137Z env:
2026-10-01T06:55:46.4373349Z   SMOKE_VIEWPORT: desktop
2026-10-01T06:55:46.4373601Z   SMOKE_STAGE: 1-2
2026-10-01T06:55:46.4373815Z ##[endgroup]
2026-10-01T06:55:46.8453243Z serving /home/runner/work/chicago/chicago/site/4d on 4187 — PUBLISHED mirror (compressed assets, visitor layout)
2026-10-01T06:55:46.8453737Z 
2026-10-01T06:55:46.8454503Z NOT THE FULL GATE — viewports filtered to "desktop"
2026-10-01T06:55:46.8454870Z 
2026-10-01T06:55:46.8455880Z NOT THE FULL GATE — stages filtered to "1-2" of 13
2026-10-01T06:55:46.8456105Z 
2026-10-01T06:55:46.8456372Z desktop 1280x800:
2026-10-01T06:55:47.3218253Z   pass  desktop 1280x800: page serves
2026-10-01T06:56:13.2383225Z   pass  desktop 1280x800: scene reaches ready
2026-10-01T06:56:19.2175754Z   pass  desktop 1280x800: the scene declares its exact consultation blockers
2026-10-01T06:56:19.2176904Z   pass  desktop 1280x800: no unexpected loader problems
2026-10-01T06:56:19.2216512Z   pass  desktop 1280x800: scene has structures
2026-10-01T06:56:19.2276406Z   pass  desktop 1280x800: every structure that should draw, drew
2026-10-01T06:56:19.2447745Z   pass  desktop 1280x800: the frame is multisampled — the town's edges are resolved on a phone too
2026-10-01T06:56:19.2842446Z   pass  desktop 1280x800: the declared scene-detail ceilings descend — it is a ladder, not three numbers
2026-10-01T06:56:19.2843955Z   pass  desktop 1280x800: no scene-detail rung is running clamped — the table and the scene agree
2026-10-01T06:56:19.2845074Z   pass  desktop 1280x800: every scene-detail rung says what it protects and what measurement set it
2026-10-01T06:56:22.2858433Z   pass  desktop 1280x800: the loader carries no town census or coverage dashboard
2026-10-01T06:56:25.2107424Z   pass  desktop 1280x800: the bridge declares a water anchor
2026-10-01T06:56:25.2123177Z   pass  desktop 1280x800: the bridge sits on the water plane, not on the terrain
2026-10-01T06:56:28.2057013Z   pass  desktop 1280x800: the enclosure layer draws its records
2026-10-01T06:56:28.2057888Z   pass  desktop 1280x800: the enclosure layer is chunked so the frustum can cull it
2026-10-01T06:56:28.2058703Z   pass  desktop 1280x800: every fence vertex carries a confidence grade
2026-10-01T06:56:28.2059402Z   pass  desktop 1280x800: no fence member stands outside its own authored run
2026-10-01T06:56:50.9263911Z   pass  desktop 1280x800: the yard fence reaches the screen from inside the yard
2026-10-01T06:56:54.1834549Z   pass  desktop 1280x800: the estray pen is drawn as an enclosure and bakes no mesh
2026-10-01T06:56:54.1836100Z   pass  desktop 1280x800: the retired box leaves no invisible wall on the public square
2026-10-01T06:57:26.1232450Z   pass  desktop 1280x800: the pen reaches the screen from inside the pen
2026-10-01T06:57:30.7435905Z   pass  desktop 1280x800: aiming at the pen's fence still opens the pen's card
2026-10-01T06:57:35.0098117Z   pass  desktop 1280x800: the town's house lots carry generated picket gardens
2026-10-01T06:57:35.0127080Z   pass  desktop 1280x800: the picket branch draws pales, not just posts and rails
2026-10-01T06:58:08.3616469Z   pass  desktop 1280x800: the garden fence reaches the screen from the dooryard
2026-10-01T06:58:12.6652787Z   pass  desktop 1280x800: the town's improved lots read as fenced, block after block
2026-10-01T06:58:12.6654041Z   pass  desktop 1280x800: the lot fences are built in the period's three types
2026-10-01T06:58:12.6670130Z   pass  desktop 1280x800: the enclosure is spread over the town, not stacked in one district
2026-10-01T06:58:12.6671489Z   pass  desktop 1280x800: a lot's yard states no ground treatment, so its sward stands
2026-10-01T06:58:12.6672655Z   pass  desktop 1280x800: every lot fence is graded reconstructed, record and vertex
2026-10-01T06:58:38.3684822Z   pass  desktop 1280x800: the lot fences reach the screen from the alley they face
2026-10-01T06:58:41.5305057Z   pass  desktop 1280x800: the Sauganash's rear yard is fenced with boards, not rails
2026-10-01T06:58:41.5306646Z   pass  desktop 1280x800: the yard fence is drawn at the height its record states
2026-10-01T06:58:41.5307879Z   pass  desktop 1280x800: every stem the yard's planting record places stands inside that yard
2026-10-01T06:59:26.2701687Z   pass  desktop 1280x800: the yard fence reaches the screen from Market Street
2026-10-01T06:59:26.2702547Z   pass  desktop 1280x800: the trees behind the fence reach the screen with it
2026-10-01T06:59:30.7158082Z   pass  desktop 1280x800: every fenced interior in the town carries a ground treatment
2026-10-01T06:59:30.7159563Z   pass  desktop 1280x800: the ground inside a 'worn_earth' fence reads as its own type
2026-10-01T06:59:30.7160687Z   pass  desktop 1280x800: no prairie plant roots inside a 'worn_earth' fence
2026-10-01T06:59:30.7161827Z   pass  desktop 1280x800: the ground inside a 'trodden_earth' fence reads as its own type
2026-10-01T06:59:30.7162873Z   pass  desktop 1280x800: no prairie plant roots inside a 'trodden_earth' fence
2026-10-01T06:59:30.7164082Z   pass  desktop 1280x800: the ground inside a 'dooryard_garden' fence reads as its own type
2026-10-01T06:59:30.7165210Z   pass  desktop 1280x800: no prairie plant roots inside a 'dooryard_garden' fence
2026-10-01T06:59:30.7167278Z   pass  desktop 1280x800: the fenced ground is graded reconstructed and casts no shadow
2026-10-01T06:59:30.7168447Z   pass  desktop 1280x800: the sward is suppressed on the ground the records declare and nowhere else
2026-10-01T06:59:49.0576988Z   pass  desktop 1280x800: the ground in the wagon yard reaches the screen from inside it
2026-10-01T07:00:03.6534917Z   pass  desktop 1280x800: the ground in a picketed dooryard reaches the screen from inside it
2026-10-01T07:00:05.7656990Z   pass  desktop 1280x800: the dooryard pass planted stems across the town
2026-10-01T07:00:05.7657869Z   pass  desktop 1280x800: Cobweb Castle's dealt stems are among them
2026-10-01T07:00:19.3184653Z   pass  desktop 1280x800: Cobweb Castle's dooryard trees reach the screen
2026-10-01T07:00:34.3390460Z   pass  desktop 1280x800: the currant clump by its door reaches the screen
2026-10-01T07:00:36.9487466Z   pass  desktop 1280x800: the stockade's pickets are baked at the record's twelve feet
2026-10-01T07:00:36.9516544Z   pass  desktop 1280x800: the stockade tops a walker's eye where wall and anchor meet
2026-10-01T07:00:36.9518049Z   pass  desktop 1280x800: a level gaze there stops at the stockade, and the card says so
2026-10-01T07:00:36.9546360Z   pass  desktop 1280x800: the garden fence holds below the eye of the walker who meets it
2026-10-01T07:00:36.9550544Z   pass  desktop 1280x800: a level gaze sails clean over the garden fence
2026-10-01T07:00:36.9551680Z   pass  desktop 1280x800: a tap on the garden fence names the garden, not a fort wall
2026-10-01T07:00:36.9552894Z   pass  desktop 1280x800: the stockade stands over a walker's eye from the parade side
2026-10-01T07:00:36.9554068Z   pass  desktop 1280x800: a level gaze from the parade side stops at the stockade
2026-10-01T07:00:51.3831239Z   pass  desktop 1280x800: the signage layer puts up the record's signs
2026-10-01T07:00:51.3869349Z   pass  desktop 1280x800: the whole signage layer is one draw call
2026-10-01T07:00:51.3886437Z   pass  desktop 1280x800: no board is fixed over a door or a window
2026-10-01T07:00:51.3907789Z   pass  desktop 1280x800: the signs still cast into the shadow map
2026-10-01T07:00:51.3908941Z   pass  desktop 1280x800: every signboard vertex is graded reconstructed
2026-10-01T07:00:51.3910098Z   pass  desktop 1280x800: no sign strays past the reach its own mounting declares
2026-10-01T07:00:51.3911148Z   pass  desktop 1280x800: every sign stands outside its own facade
2026-10-01T07:00:51.3930155Z   pass  desktop 1280x800: every sign carries its business's name, painted
2026-10-01T07:00:51.3932898Z   pass  desktop 1280x800: no two signs within sight of each other are alike
2026-10-01T07:00:51.3936492Z   pass  desktop 1280x800: the town puts its signs up five different ways
2026-10-01T07:00:51.3939978Z   pass  desktop 1280x800: one street's signs are visibly different from each other
2026-10-01T07:01:15.1901967Z   pass  desktop 1280x800: the hotel's board reaches the screen from the street
2026-10-01T07:01:24.0546017Z   pass  desktop 1280x800: aiming at a signboard opens the business behind it
2026-10-01T07:01:24.0547634Z   pass  desktop 1280x800: the board and the card agree about whose business this is
2026-10-01T07:01:24.0549111Z   pass  desktop 1280x800: every board names its proprietor and its trade, not our label
2026-10-01T07:01:24.0550276Z   pass  desktop 1280x800: the golden mortar is on Carpenter's board and on no other
2026-10-01T07:01:28.2153888Z   pass  desktop 1280x800: part 1 hands the page on with nothing standing over the chrome
2026-10-01T07:01:32.8119658Z   pass  desktop 1280x800: the yard layer stands the record's goods
2026-10-01T07:01:32.8142922Z   pass  desktop 1280x800: the yard layer chunks for culling on a single material
2026-10-01T07:01:32.8144163Z   pass  desktop 1280x800: every cask and case carries the mark its record deals it
2026-10-01T07:01:32.8145470Z   pass  desktop 1280x800: the marks ride on the layer's own material, on the sheet
2026-10-01T07:01:32.8146522Z   pass  desktop 1280x800: every yard-goods vertex is graded reconstructed
2026-10-01T07:01:32.8147754Z   pass  desktop 1280x800: no barrel or case strays from the frontage it stands at
2026-10-01T07:01:32.8148714Z   pass  desktop 1280x800: every object stands outside its own facade
2026-10-01T07:01:32.8149579Z   pass  desktop 1280x800: the attested wagon stands in the yard it is named for
2026-10-01T07:01:32.8150542Z   pass  desktop 1280x800: the Green Tree's yard wagons stand clear, square to its rear wall
2026-10-01T07:01:32.8151464Z   pass  desktop 1280x800: the bench stands against the Green Tree's front wall
2026-10-01T07:01:32.8152382Z   pass  desktop 1280x800: the Green Tree's wagon shed is a lean-to that clears its tilt
2026-10-01T07:01:32.8153344Z   pass  desktop 1280x800: nothing in the shed's bay reaches through its wall or its roof
2026-10-01T07:01:32.8154294Z   pass  desktop 1280x800: the building material stands on the lot that was going up
2026-10-01T07:01:32.8155224Z   pass  desktop 1280x800: both branch bridges carry four reconstructed repair piles
2026-10-01T07:01:32.8156386Z   pass  desktop 1280x800: bridge piles have their stated dimensions and stand on dry ground
2026-10-01T07:01:32.8157348Z   pass  desktop 1280x800: no pile of material stands inside the building it is for
2026-10-01T07:01:32.8158701Z   pass  desktop 1280x800: the tilt is drawn in canvas on the layer's one material
2026-10-01T07:01:32.8159638Z   pass  desktop 1280x800: the town's wagons are spread across its streets, not at two doors
2026-10-01T07:01:32.8160437Z   pass  desktop 1280x800: the town's wagons vary in type
2026-10-01T07:01:32.8161210Z   pass  desktop 1280x800: the town's wagons stand at the slew the rule dealt them
2026-10-01T07:01:32.8162062Z   pass  desktop 1280x800: every wagon the town gained cards reconstructed
2026-10-01T07:01:37.0336462Z   pass  desktop 1280x800: no wagon stands on a plank walk, in a garden or in a pen
2026-10-01T07:01:37.0337581Z   pass  desktop 1280x800: no wagon stands in a street's travelled track
2026-10-01T07:01:37.0338598Z   pass  desktop 1280x800: the wagon rule wrote down what it refused
2026-10-01T07:02:06.3498224Z   pass  desktop 1280x800: the goods reach the screen from the footway
2026-10-01T07:02:15.3684779Z   pass  desktop 1280x800: aiming at a barrel opens the business it stands at
2026-10-01T07:02:32.5752359Z   pass  desktop 1280x800: the frontage layer lays all five records' walks and stands their posts
2026-10-01T07:02:32.5765464Z   pass  desktop 1280x800: no frontage board stands under a wharf deck or its stair
2026-10-01T07:02:32.5908707Z   pass  desktop 1280x800: every frontage vertex is graded reconstructed
2026-10-01T07:02:32.5982183Z   pass  desktop 1280x800: the plank decks tie into the ground they cross
2026-10-01T07:02:32.6009015Z   pass  desktop 1280x800: the street decal cannot paint over the timber laid on it
2026-10-01T07:02:32.6071539Z   pass  desktop 1280x800: a plank walk's side is one made edge for its whole length
2026-10-01T07:02:32.6094425Z   pass  desktop 1280x800: the named board hangs on a post that stands on the ground, or the record refuses it
2026-10-01T07:02:32.6125619Z   pass  desktop 1280x800: the frontage layer draws the meshes it authored — 58 authored mesh(es) (frontage, frontage-chunk x57), 4 far-merge artefact(s) [frontage-far-merge x4], 62 drawn in all
2026-10-01T07:02:32.6166747Z   pass  desktop 1280x800: the board carries the record's own name, painted, or none is drawn and the name is kept
2026-10-01T07:02:55.3411635Z   pass  desktop 1280x800: the walk and its board reach the screen from the street
2026-10-01T07:03:06.5952434Z   pass  desktop 1280x800: aiming at the frontage opens the inn it belongs to
2026-10-01T07:03:06.5953644Z   pass  desktop 1280x800: the eighteen hitching posts stand on their own ground, carrying nothing
2026-10-01T07:03:30.9298371Z   pass  desktop 1280x800: the Sauganash's walks and posts reach the screen from Lake Street
2026-10-01T07:03:40.0817440Z   pass  desktop 1280x800: aiming at the Sauganash's frontage opens the hotel it belongs to
2026-10-01T07:03:42.2004792Z   pass  desktop 1280x800: the river walk publishes its floor and rides no deck at its east end
2026-10-01T07:03:42.2006300Z   pass  desktop 1280x800: the old mouth west of State is filled and the walker stands on it
2026-10-01T07:03:42.2007517Z   pass  desktop 1280x800: exactly one slough mouth at the foot of State, and it is the notch
2026-10-01T07:03:42.2008683Z   pass  desktop 1280x800: the east end reads as planks underfoot, and walks on along the bank
2026-10-01T07:03:48.7156840Z   pass  desktop 1280x800: aiming at the riverside walk answers its own reconstructed card
2026-10-01T07:03:50.7267020Z   pass  desktop 1280x800: the street edge is generated from the plat, not placed on one block
2026-10-01T07:03:50.7268501Z   pass  desktop 1280x800: Lake Street's walk is continuous and walkable end to end
2026-10-01T07:03:50.7272416Z   pass  desktop 1280x800: South Water's reconciled block face is one walk, end to end
2026-10-01T07:03:50.7276292Z   pass  desktop 1280x800: a board crossing carries the walker over the road at the corner
2026-10-01T07:03:50.7281889Z   pass  desktop 1280x800: no plank sidewalk lies in the travelled track
2026-10-01T07:03:50.7283102Z   pass  desktop 1280x800: no street-edge walk admits a rooted plant through its deck
2026-10-01T07:03:54.3192711Z   pass  desktop 1280x800: every stated dock that has traced bank under it is drawn
2026-10-01T07:03:54.3201995Z   pass  desktop 1280x800: the whole wharf layer is one draw call
2026-10-01T07:03:54.3203349Z   pass  desktop 1280x800: every wharf vertex is graded reconstructed
2026-10-01T07:03:54.3204507Z   pass  desktop 1280x800: no wharf vertex strays off its own deck outline
2026-10-01T07:03:54.3206116Z   pass  desktop 1280x800: every deck ties into the bank and reaches over the water
2026-10-01T07:03:54.3207577Z   pass  desktop 1280x800: no deck floats and every crib reaches the bed
2026-10-01T07:03:54.3208971Z   pass  desktop 1280x800: every plank a wharf drew is published to the walker at the height it drew it
2026-10-01T07:03:54.3210575Z   pass  desktop 1280x800: no boarding tread rises past the record's ceiling or the step-up rule
2026-10-01T07:03:58.0549711Z   pass  desktop 1280x800: a visitor walks off the bank, up the stair and out over the water
2026-10-01T07:04:14.5537040Z   pass  desktop 1280x800: the wharf reaches the screen from the bank
2026-10-01T07:04:20.2763558Z   pass  desktop 1280x800: aiming at a wharf opens the warehouse it serves
2026-10-01T07:04:47.7109763Z   pass  desktop 1280x800: the west bank's landing reaches the screen from Wolf Point
2026-10-01T07:04:47.7112735Z   pass  desktop 1280x800: aiming at the west bank's landing opens Robert Kinzie's store
2026-10-01T07:04:51.3690315Z   pass  desktop 1280x800: no plank walk admits a rooted plant through its deck
2026-10-01T07:04:51.3692358Z   pass  desktop 1280x800: no wharf deck admits a rooted plant - wet species included
2026-10-01T07:04:54.9478576Z   pass  desktop 1280x800: every authored boat is on the water
2026-10-01T07:04:54.9483586Z   pass  desktop 1280x800: the whole boat layer is one draw call
2026-10-01T07:04:54.9484592Z   pass  desktop 1280x800: every boat vertex is graded reconstructed
2026-10-01T07:04:54.9485883Z   pass  desktop 1280x800: every afloat hull floats in its own water
2026-10-01T07:04:54.9486888Z   pass  desktop 1280x800: every beached hull sits on the bank, at the water
2026-10-01T07:04:54.9487838Z   pass  desktop 1280x800: the drawbridge's navigation span stays clear
2026-10-01T07:05:14.2781551Z   pass  desktop 1280x800: the schooners reach the screen from the bank
2026-10-01T07:05:20.6358429Z   pass  desktop 1280x800: aiming at a schooner opens the boat's own card
2026-10-01T07:05:32.7806141Z   pass  desktop 1280x800: canvas renders non-black
2026-10-01T07:05:32.7808596Z   pass  desktop 1280x800: drawing buffer matches the viewport
2026-10-01T07:05:41.6490171Z   pass  desktop 1280x800: confidence toggle flips state
2026-10-01T07:05:41.6491135Z   pass  desktop 1280x800: confidence view changes the render
2026-10-01T07:05:50.4379542Z   pass  desktop 1280x800: turning it off restores the render
2026-10-01T07:05:50.4418016Z   pass  desktop 1280x800: the traced river loaded, rather than the flat fallback plane
2026-10-01T07:05:50.4419180Z   pass  desktop 1280x800: the suite body ran to completion
2026-10-01T07:05:50.4419976Z   pass  desktop 1280x800: zero page errors
2026-10-01T07:05:50.5380901Z 
2026-10-01T07:05:50.9033827Z   pass  vendor: meshopt decoder loads and reports supported
2026-10-01T07:05:50.9039869Z   pass  vendor: meshopt import raises no page error
2026-10-01T07:05:50.9349342Z 
2026-10-01T07:05:50.9349901Z 160 passed, 0 failed
2026-10-01T07:05:50.9350446Z 150 staged-section check(s) (stage 1-2 of 13), 10 always-on check(s)
2026-10-01T07:05:50.9351491Z 10 m 04 s for stage 1-2 at desktop — the ceiling on a steward run's single foreground command is 10 m 00 s
2026-10-01T07:05:50.9351972Z SMOKE PASS
2026-10-01T07:05:50.9592996Z Post job cleanup.
2026-10-01T07:05:51.0811917Z (node:3703) [DEP0040] DeprecationWarning: The `punycode` module is deprecated. Please use a userland alternative instead.
2026-10-01T07:05:51.0813156Z (Use `node --trace-deprecation ...` to show where the warning was created)
2026-10-01T07:05:51.0984940Z Post job cleanup.
2026-10-01T07:05:51.1834705Z [command]/usr/bin/git version
2026-10-01T07:05:51.1875925Z git version 2.55.0
2026-10-01T07:05:51.1913614Z Temporarily overriding HOME='/home/runner/work/_temp/8a36dc14-b8cd-4c75-9587-894229c86965' before making global git config changes
2026-10-01T07:05:51.1915073Z Adding repository directory to the temporary git global config as a safe directory
2026-10-01T07:05:51.1919887Z [command]/usr/bin/git config --global --add safe.directory /home/runner/work/chicago/chicago
2026-10-01T07:05:51.1955725Z [command]/usr/bin/git config --local --name-only --get-regexp core\.sshCommand
2026-10-01T07:05:51.1989688Z [command]/usr/bin/git submodule foreach --recursive sh -c "git config --local --name-only --get-regexp 'core\.sshCommand' && git config --local --unset-all 'core.sshCommand' || :"
2026-10-01T07:05:51.2243995Z [command]/usr/bin/git config --local --name-only --get-regexp http\.https\:\/\/github\.com\/\.extraheader
2026-10-01T07:05:51.2267818Z http.https://github.com/.extraheader
2026-10-01T07:05:51.2278221Z [command]/usr/bin/git config --local --unset-all http.https://github.com/.extraheader
2026-10-01T07:05:51.2314665Z [command]/usr/bin/git submodule foreach --recursive sh -c "git config --local --name-only --get-regexp 'http\.https\:\/\/github\.com\/\.extraheader' && git config --local --unset-all 'http.https://github.com/.extraheader' || :"
2026-10-01T07:05:51.2592891Z [command]/usr/bin/git config --local --name-only --get-regexp ^includeIf\.gitdir:
2026-10-01T07:05:51.2631063Z [command]/usr/bin/git submodule foreach --recursive git config --local --show-origin --name-only --get-regexp remote.origin.url
2026-10-01T07:05:51.3076948Z Cleaning up orphan processes
2026-10-01T07:05:51.3416409Z ##[warning]Node.js 20 is deprecated. The following actions target Node.js 20 but are being forced to run on Node.js 24: actions/checkout@v4, actions/setup-node@v4. For more information see: https://github.blog/changelog/2025-09-19-deprecation-of-node-20-on-github-actions-runners/

