2026-10-01T06:55:42.6227297Z Current runner version: '2.337.0'
2026-10-01T06:55:42.6247798Z ##[group]Runner Image Provisioner
2026-10-01T06:55:42.6248514Z Hosted Compute Agent
2026-10-01T06:55:42.6249021Z Version: 20260828.587
2026-10-01T06:55:42.6249541Z Commit: abac92662cab4cc7352de4f9f9d2e2419aad9c29
2026-10-01T06:55:42.6250215Z Build Date: 2026-08-28T16:44:25Z
2026-10-01T06:55:42.6250804Z Worker ID: {640272c0-f2d5-455c-bfac-9da160372f3c}
2026-10-01T06:55:42.6251454Z Azure Region: eastus
2026-10-01T06:55:42.6251941Z ##[endgroup]
2026-10-01T06:55:42.6253244Z ##[group]Operating System
2026-10-01T06:55:42.6253819Z Ubuntu
2026-10-01T06:55:42.6254335Z 24.04.5
2026-10-01T06:55:42.6254747Z LTS
2026-10-01T06:55:42.6255237Z ##[endgroup]
2026-10-01T06:55:42.6255699Z ##[group]Runner Image
2026-10-01T06:55:42.6256272Z Image: ubuntu-24.04
2026-10-01T06:55:42.6256774Z Version: 20260920.314.1
2026-10-01T06:55:42.6257834Z Included Software: https://github.com/actions/runner-images/blob/ubuntu24/20260920.314/images/ubuntu/Ubuntu2404-Readme.md
2026-10-01T06:55:42.6259062Z Image Release: https://github.com/actions/runner-images/releases/tag/ubuntu24%2F20260920.314
2026-10-01T06:55:42.6259893Z ##[endgroup]
2026-10-01T06:55:42.6260857Z ##[group]GITHUB_TOKEN Permissions
2026-10-01T06:55:42.6263176Z Contents: read
2026-10-01T06:55:42.6263685Z Metadata: read
2026-10-01T06:55:42.6264137Z Packages: read
2026-10-01T06:55:42.6264685Z ##[endgroup]
2026-10-01T06:55:42.6266350Z Secret source: Actions
2026-10-01T06:55:42.6267197Z Cache mode: write
2026-10-01T06:55:42.6267954Z Prepare workflow directory
2026-10-01T06:55:42.6524099Z Prepare all required actions
2026-10-01T06:55:42.6561967Z Getting action download info
2026-10-01T06:55:42.8574910Z Download action repository 'actions/checkout@v4' (SHA:11d5960a326750d5838078e36cf38b85af677262)
2026-10-01T06:55:43.1396484Z Download action repository 'actions/setup-node@v4' (SHA:49933ea5288caeca8642d1e84afbd3f7d6820020)
2026-10-01T06:55:43.5207892Z Complete job name: smoke
2026-10-01T06:55:43.5830498Z ##[group]Run actions/checkout@v4
2026-10-01T06:55:43.5831252Z with:
2026-10-01T06:55:43.5831623Z   repository: kevinrhaas/chicago
2026-10-01T06:55:43.5835611Z   token: ***
2026-10-01T06:55:43.5835986Z   ssh-strict: true
2026-10-01T06:55:43.5836362Z   ssh-user: git
2026-10-01T06:55:43.5836740Z   persist-credentials: true
2026-10-01T06:55:43.5837166Z   clean: true
2026-10-01T06:55:43.5837536Z   sparse-checkout-cone-mode: true
2026-10-01T06:55:43.5837985Z   fetch-depth: 1
2026-10-01T06:55:43.5838347Z   fetch-tags: false
2026-10-01T06:55:43.5838727Z   show-progress: true
2026-10-01T06:55:43.5839105Z   lfs: false
2026-10-01T06:55:43.5839464Z   submodules: false
2026-10-01T06:55:43.5839847Z   set-safe-directory: true
2026-10-01T06:55:43.5840272Z   allow-unsafe-pr-checkout: false
2026-10-01T06:55:43.5840949Z ##[endgroup]
2026-10-01T06:55:43.6687284Z Syncing repository: kevinrhaas/chicago
2026-10-01T06:55:43.6689351Z ##[group]Getting Git version info
2026-10-01T06:55:43.6690414Z Working directory is '/home/runner/work/chicago/chicago'
2026-10-01T06:55:43.6691902Z [command]/usr/bin/git version
2026-10-01T06:55:43.7766954Z git version 2.55.0
2026-10-01T06:55:43.7783693Z ##[endgroup]
2026-10-01T06:55:43.7796436Z Temporarily overriding HOME='/home/runner/work/_temp/169651fe-5fd0-4a3e-9bc8-60a70710374e' before making global git config changes
2026-10-01T06:55:43.7798479Z Adding repository directory to the temporary git global config as a safe directory
2026-10-01T06:55:43.7801068Z [command]/usr/bin/git config --global --add safe.directory /home/runner/work/chicago/chicago
2026-10-01T06:55:43.7839145Z Deleting the contents of '/home/runner/work/chicago/chicago'
2026-10-01T06:55:43.7843113Z ##[group]Initializing the repository
2026-10-01T06:55:43.7846623Z [command]/usr/bin/git init /home/runner/work/chicago/chicago
2026-10-01T06:55:43.8026420Z hint: Using 'master' as the name for the initial branch. This default branch name
2026-10-01T06:55:43.8027563Z hint: will change to "main" in Git 3.0. To configure the initial branch name
2026-10-01T06:55:43.8029329Z hint: to use in all of your new repositories, which will suppress this warning,
2026-10-01T06:55:43.8030439Z hint: call:
2026-10-01T06:55:43.8030984Z hint:
2026-10-01T06:55:43.8031678Z hint: 	git config --global init.defaultBranch <name>
2026-10-01T06:55:43.8032533Z hint:
2026-10-01T06:55:43.8033518Z hint: Names commonly chosen instead of 'master' are 'main', 'trunk' and
2026-10-01T06:55:43.8034897Z hint: 'development'. The just-created branch can be renamed via this command:
2026-10-01T06:55:43.8035953Z hint:
2026-10-01T06:55:43.8036528Z hint: 	git branch -m <name>
2026-10-01T06:55:43.8037185Z hint:
2026-10-01T06:55:43.8038090Z hint: Disable this message with "git config set advice.defaultBranchName false"
2026-10-01T06:55:43.8039589Z Initialized empty Git repository in /home/runner/work/chicago/chicago/.git/
2026-10-01T06:55:43.8041793Z [command]/usr/bin/git remote add origin https://github.com/kevinrhaas/chicago
2026-10-01T06:55:43.8078769Z ##[endgroup]
2026-10-01T06:55:43.8079799Z ##[group]Disabling automatic garbage collection
2026-10-01T06:55:43.8081905Z [command]/usr/bin/git config --local gc.auto 0
2026-10-01T06:55:43.8106315Z ##[endgroup]
2026-10-01T06:55:43.8107323Z ##[group]Setting up auth
2026-10-01T06:55:43.8111346Z [command]/usr/bin/git config --local --name-only --get-regexp core\.sshCommand
2026-10-01T06:55:43.8135864Z [command]/usr/bin/git submodule foreach --recursive sh -c "git config --local --name-only --get-regexp 'core\.sshCommand' && git config --local --unset-all 'core.sshCommand' || :"
2026-10-01T06:55:43.8404976Z [command]/usr/bin/git config --local --name-only --get-regexp http\.https\:\/\/github\.com\/\.extraheader
2026-10-01T06:55:43.8429548Z [command]/usr/bin/git submodule foreach --recursive sh -c "git config --local --name-only --get-regexp 'http\.https\:\/\/github\.com\/\.extraheader' && git config --local --unset-all 'http.https://github.com/.extraheader' || :"
2026-10-01T06:55:43.8608208Z [command]/usr/bin/git config --local --name-only --get-regexp ^includeIf\.gitdir:
2026-10-01T06:55:43.8633529Z [command]/usr/bin/git submodule foreach --recursive git config --local --show-origin --name-only --get-regexp remote.origin.url
2026-10-01T06:55:43.8813444Z [command]/usr/bin/git config --local http.https://github.com/.extraheader AUTHORIZATION: basic ***
2026-10-01T06:55:43.8843815Z ##[endgroup]
2026-10-01T06:55:43.8844874Z ##[group]Fetching the repository
2026-10-01T06:55:43.8852226Z [command]/usr/bin/git -c protocol.version=2 fetch --no-tags --prune --no-recurse-submodules --depth=1 origin +15fb79d6f52a3b029d116116340e1fbbb93ec7d7:refs/remotes/origin/steward/t1766-canal-grocery-workshops
2026-10-01T06:56:15.8229357Z From https://github.com/kevinrhaas/chicago
2026-10-01T06:56:15.8230038Z  * [new ref]         15fb79d6f52a3b029d116116340e1fbbb93ec7d7 -> origin/steward/t1766-canal-grocery-workshops
2026-10-01T06:56:15.8232905Z ##[endgroup]
2026-10-01T06:56:15.8233543Z ##[group]Determining the checkout info
2026-10-01T06:56:15.8235530Z ##[endgroup]
2026-10-01T06:56:15.8240025Z [command]/usr/bin/git sparse-checkout disable
2026-10-01T06:56:15.8280999Z [command]/usr/bin/git config --local --unset-all extensions.worktreeConfig
2026-10-01T06:56:15.8306670Z ##[group]Checking out the ref
2026-10-01T06:56:15.8310446Z [command]/usr/bin/git checkout --progress --force -B steward/t1766-canal-grocery-workshops refs/remotes/origin/steward/t1766-canal-grocery-workshops
2026-10-01T06:56:16.9807229Z Updating files:  74% (6731/9084)
2026-10-01T06:56:16.9980612Z Updating files:  75% (6813/9084)
2026-10-01T06:56:17.0297243Z Updating files:  76% (6904/9084)
2026-10-01T06:56:17.0888167Z Updating files:  77% (6995/9084)
2026-10-01T06:56:17.1161077Z Updating files:  78% (7086/9084)
2026-10-01T06:56:17.1374963Z Updating files:  79% (7177/9084)
2026-10-01T06:56:17.1550912Z Updating files:  80% (7268/9084)
2026-10-01T06:56:17.1681072Z Updating files:  81% (7359/9084)
2026-10-01T06:56:17.1814141Z Updating files:  82% (7449/9084)
2026-10-01T06:56:17.1911161Z Updating files:  83% (7540/9084)
2026-10-01T06:56:17.2033686Z Updating files:  84% (7631/9084)
2026-10-01T06:56:17.2155964Z Updating files:  85% (7722/9084)
2026-10-01T06:56:17.2274340Z Updating files:  86% (7813/9084)
2026-10-01T06:56:17.3053016Z Updating files:  87% (7904/9084)
2026-10-01T06:56:17.3458459Z Updating files:  88% (7994/9084)
2026-10-01T06:56:17.5374204Z Updating files:  89% (8085/9084)
2026-10-01T06:56:17.8347142Z Updating files:  90% (8176/9084)
2026-10-01T06:56:17.8410183Z Updating files:  91% (8267/9084)
2026-10-01T06:56:18.0448987Z Updating files:  91% (8269/9084)
2026-10-01T06:56:18.1476645Z Updating files:  92% (8358/9084)
2026-10-01T06:56:18.1928766Z Updating files:  93% (8449/9084)
2026-10-01T06:56:18.2271707Z Updating files:  94% (8539/9084)
2026-10-01T06:56:18.3393861Z Updating files:  95% (8630/9084)
2026-10-01T06:56:18.4487007Z Updating files:  96% (8721/9084)
2026-10-01T06:56:18.5120531Z Updating files:  97% (8812/9084)
2026-10-01T06:56:18.7716895Z Updating files:  98% (8903/9084)
2026-10-01T06:56:18.8430146Z Updating files:  99% (8994/9084)
2026-10-01T06:56:19.0100630Z Updating files:  99% (9014/9084)
2026-10-01T06:56:19.0100922Z Updating files: 100% (9084/9084)
2026-10-01T06:56:19.0101145Z Updating files: 100% (9084/9084), done.
2026-10-01T06:56:19.0966572Z Switched to a new branch 'steward/t1766-canal-grocery-workshops'
2026-10-01T06:56:19.1213885Z branch 'steward/t1766-canal-grocery-workshops' set up to track 'origin/steward/t1766-canal-grocery-workshops'.
2026-10-01T06:56:19.1353489Z ##[endgroup]
2026-10-01T06:56:19.1389252Z [command]/usr/bin/git log -1 --format=%H
2026-10-01T06:56:19.1409784Z 15fb79d6f52a3b029d116116340e1fbbb93ec7d7
2026-10-01T06:56:19.2040572Z ##[group]Run actions/setup-node@v4
2026-10-01T06:56:19.2040801Z with:
2026-10-01T06:56:19.2040962Z   node-version: 22
2026-10-01T06:56:19.2041148Z   always-auth: false
2026-10-01T06:56:19.2041324Z   check-latest: false
2026-10-01T06:56:19.2043606Z   token: ***
2026-10-01T06:56:19.2043774Z ##[endgroup]
2026-10-01T06:56:19.3777445Z Found in cache @ /opt/hostedtoolcache/node/22.23.2/x64
2026-10-01T06:56:19.3782316Z (node:2044) [DEP0040] DeprecationWarning: The `punycode` module is deprecated. Please use a userland alternative instead.
2026-10-01T06:56:19.3783441Z (Use `node --trace-deprecation ...` to show where the warning was created)
2026-10-01T06:56:19.3784816Z ##[group]Environment details
2026-10-01T06:56:26.1072678Z node: v22.23.2
2026-10-01T06:56:26.1144505Z npm: 10.9.8
2026-10-01T06:56:26.1144765Z yarn: 1.22.22
2026-10-01T06:56:26.1146136Z ##[endgroup]
2026-10-01T06:56:26.1815079Z ##[group]Run set -e
2026-10-01T06:56:26.1815350Z [36;1mset -e[0m
2026-10-01T06:56:26.1815563Z [36;1mnpm install -g playwright@1.56.1[0m
2026-10-01T06:56:26.1815919Z [36;1mnode "$(npm root -g)/playwright/cli.js" install --with-deps chromium[0m
2026-10-01T06:56:26.2046791Z shell: /usr/bin/bash -e {0}
2026-10-01T06:56:26.2047025Z ##[endgroup]
2026-10-01T06:56:32.7258537Z 
2026-10-01T06:56:32.7268929Z added 2 packages in 6s
2026-10-01T06:56:33.3675558Z Installing dependencies...
2026-10-01T06:56:33.3727109Z Switching to root user to install dependencies...
2026-10-01T06:56:33.4907506Z Get:1 file:/etc/apt/apt-mirrors.txt Mirrorlist [144 B]
2026-10-01T06:56:33.5195376Z Get:6 https://packages.microsoft.com/ubuntu/24.04/prod noble InRelease [3600 B]
2026-10-01T06:56:33.5302592Z Hit:2 http://azure.archive.ubuntu.com/ubuntu noble InRelease
2026-10-01T06:56:33.5349849Z Get:3 http://azure.archive.ubuntu.com/ubuntu noble-updates InRelease [126 kB]
2026-10-01T06:56:33.6163644Z Get:4 http://azure.archive.ubuntu.com/ubuntu noble-backports InRelease [126 kB]
2026-10-01T06:56:33.6198975Z Get:5 http://azure.archive.ubuntu.com/ubuntu noble-security InRelease [126 kB]
2026-10-01T06:56:33.7786826Z Get:7 http://azure.archive.ubuntu.com/ubuntu noble-updates/main amd64 Packages [1342 kB]
2026-10-01T06:56:33.8161901Z Get:16 https://packages.microsoft.com/ubuntu/24.04/prod noble/main arm64 Packages [456 kB]
2026-10-01T06:56:33.8848549Z Get:8 http://azure.archive.ubuntu.com/ubuntu noble-updates/main Translation-en [302 kB]
2026-10-01T06:56:33.8875202Z Get:22 https://packages.microsoft.com/ubuntu/24.04/prod noble/main amd64 Packages [509 kB]
2026-10-01T06:56:33.9824720Z Get:9 http://azure.archive.ubuntu.com/ubuntu noble-updates/main amd64 Components [181 kB]
2026-10-01T06:56:34.0296573Z Get:10 http://azure.archive.ubuntu.com/ubuntu noble-updates/universe amd64 Packages [1699 kB]
2026-10-01T06:56:34.1544084Z Get:11 http://azure.archive.ubuntu.com/ubuntu noble-updates/universe Translation-en [341 kB]
2026-10-01T06:56:34.1583389Z Get:12 http://azure.archive.ubuntu.com/ubuntu noble-updates/universe amd64 Components [388 kB]
2026-10-01T06:56:34.1790275Z Get:13 http://azure.archive.ubuntu.com/ubuntu noble-updates/restricted amd64 Packages [1697 kB]
2026-10-01T06:56:34.2229548Z Get:14 http://azure.archive.ubuntu.com/ubuntu noble-updates/restricted Translation-en [388 kB]
2026-10-01T06:56:34.2429174Z Get:15 http://azure.archive.ubuntu.com/ubuntu noble-updates/multiverse amd64 Components [940 B]
2026-10-01T06:56:34.2510731Z Get:17 http://azure.archive.ubuntu.com/ubuntu noble-backports/main amd64 Packages [40.6 kB]
2026-10-01T06:56:34.3191127Z Get:18 http://azure.archive.ubuntu.com/ubuntu noble-backports/main amd64 Components [5760 B]
2026-10-01T06:56:34.3269131Z Get:19 http://azure.archive.ubuntu.com/ubuntu noble-backports/universe amd64 Packages [31.0 kB]
2026-10-01T06:56:34.3795287Z Get:20 http://azure.archive.ubuntu.com/ubuntu noble-backports/universe Translation-en [18.6 kB]
2026-10-01T06:56:34.3869480Z Get:21 http://azure.archive.ubuntu.com/ubuntu noble-backports/universe amd64 Components [12.6 kB]
2026-10-01T06:56:34.4570981Z Get:23 http://azure.archive.ubuntu.com/ubuntu noble-security/main amd64 Packages [1066 kB]
2026-10-01T06:56:34.4911400Z Get:24 http://azure.archive.ubuntu.com/ubuntu noble-security/main Translation-en [220 kB]
2026-10-01T06:56:34.5791762Z Get:25 http://azure.archive.ubuntu.com/ubuntu noble-security/main amd64 Components [46.4 kB]
2026-10-01T06:56:34.5804967Z Get:26 http://azure.archive.ubuntu.com/ubuntu noble-security/universe amd64 Packages [1216 kB]
2026-10-01T06:56:34.6935946Z Get:27 http://azure.archive.ubuntu.com/ubuntu noble-security/universe Translation-en [244 kB]
2026-10-01T06:56:34.8109255Z Get:28 http://azure.archive.ubuntu.com/ubuntu noble-security/universe amd64 Components [76.3 kB]
2026-10-01T06:56:34.9355329Z Get:29 http://azure.archive.ubuntu.com/ubuntu noble-security/restricted amd64 Packages [1566 kB]
2026-10-01T06:56:35.0512350Z Get:30 http://azure.archive.ubuntu.com/ubuntu noble-security/restricted Translation-en [361 kB]
2026-10-01T06:56:43.0944289Z Fetched 12.6 MB in 2s (7288 kB/s)
2026-10-01T06:56:43.7934015Z Reading package lists...
2026-10-01T06:56:43.8136797Z Reading package lists...
2026-10-01T06:56:43.9996523Z Building dependency tree...
2026-10-01T06:56:44.0003017Z Reading state information...
2026-10-01T06:56:44.1417473Z libasound2t64 is already the newest version (1.2.11-1ubuntu0.3).
2026-10-01T06:56:44.1418042Z libasound2t64 set to manually installed.
2026-10-01T06:56:44.1418575Z libatk-bridge2.0-0t64 is already the newest version (2.52.0-1build1).
2026-10-01T06:56:44.1419121Z libatk-bridge2.0-0t64 set to manually installed.
2026-10-01T06:56:44.1419604Z libatk1.0-0t64 is already the newest version (2.52.0-1build1).
2026-10-01T06:56:44.1420043Z libatk1.0-0t64 set to manually installed.
2026-10-01T06:56:44.1420503Z libatspi2.0-0t64 is already the newest version (2.52.0-1build1).
2026-10-01T06:56:44.1420959Z libatspi2.0-0t64 set to manually installed.
2026-10-01T06:56:44.1421469Z libcairo2 is already the newest version (1.18.0-3build1).
2026-10-01T06:56:44.1421961Z libcairo2 set to manually installed.
2026-10-01T06:56:44.1422499Z libcups2t64 is already the newest version (2.4.7-1.2ubuntu7.14).
2026-10-01T06:56:44.1423230Z libcups2t64 set to manually installed.
2026-10-01T06:56:44.1423758Z libdbus-1-3 is already the newest version (1.14.10-4ubuntu4.1).
2026-10-01T06:56:44.1424249Z libdbus-1-3 set to manually installed.
2026-10-01T06:56:44.1424785Z libdrm2 is already the newest version (2.4.125-1ubuntu0.1~24.04.2).
2026-10-01T06:56:44.1425629Z libdrm2 set to manually installed.
2026-10-01T06:56:44.1425948Z libnspr4 is already the newest version (2:4.35-1.1build1).
2026-10-01T06:56:44.1426257Z libnspr4 set to manually installed.
2026-10-01T06:56:44.1426735Z libnss3 is already the newest version (2:3.98-1ubuntu0.2).
2026-10-01T06:56:44.1427170Z libnss3 set to manually installed.
2026-10-01T06:56:44.1427674Z libpango-1.0-0 is already the newest version (1.52.1+ds-1build1).
2026-10-01T06:56:44.1428201Z libpango-1.0-0 set to manually installed.
2026-10-01T06:56:44.1428783Z libx11-6 is already the newest version (2:1.8.7-1build1).
2026-10-01T06:56:44.1429252Z libx11-6 set to manually installed.
2026-10-01T06:56:44.1429712Z libxcb1 is already the newest version (1.15-1ubuntu2).
2026-10-01T06:56:44.1430171Z libxcb1 set to manually installed.
2026-10-01T06:56:44.1430692Z libxcomposite1 is already the newest version (1:0.4.5-1build3).
2026-10-01T06:56:44.1431191Z libxcomposite1 set to manually installed.
2026-10-01T06:56:44.1431735Z libxdamage1 is already the newest version (1:1.1.6-1build1).
2026-10-01T06:56:44.1432240Z libxdamage1 set to manually installed.
2026-10-01T06:56:44.1432928Z libxext6 is already the newest version (2:1.3.4-1build2).
2026-10-01T06:56:44.1433404Z libxext6 set to manually installed.
2026-10-01T06:56:44.1433929Z libxfixes3 is already the newest version (1:6.0.0-2build1).
2026-10-01T06:56:44.1434416Z libxfixes3 set to manually installed.
2026-10-01T06:56:44.1434945Z libxkbcommon0 is already the newest version (1.6.0-1build1).
2026-10-01T06:56:44.1435460Z libxkbcommon0 set to manually installed.
2026-10-01T06:56:44.1435977Z libxrandr2 is already the newest version (2:1.5.2-2build1).
2026-10-01T06:56:44.1436473Z libxrandr2 set to manually installed.
2026-10-01T06:56:44.1437115Z fonts-noto-color-emoji is already the newest version (2.047-0ubuntu0.24.04.1).
2026-10-01T06:56:44.1437845Z libfontconfig1 is already the newest version (2.15.0-1.1ubuntu2).
2026-10-01T06:56:44.1438386Z libfontconfig1 set to manually installed.
2026-10-01T06:56:44.1438962Z libfreetype6 is already the newest version (2.13.2+dfsg-1ubuntu0.1).
2026-10-01T06:56:44.1439493Z libfreetype6 set to manually installed.
2026-10-01T06:56:44.1440003Z fonts-liberation is already the newest version (1:2.1.5-3).
2026-10-01T06:56:44.1440500Z fonts-liberation set to manually installed.
2026-10-01T06:56:44.1440992Z The following additional packages will be installed:
2026-10-01T06:56:44.1441887Z   gir1.2-glib-2.0 libgl1-mesa-dri libglib2.0-bin libglib2.0-data libglx-mesa0
2026-10-01T06:56:44.1442595Z   libwayland-server0 mesa-libgallium xfonts-encodings xfonts-utils
2026-10-01T06:56:44.1443249Z   xserver-common
2026-10-01T06:56:44.1443542Z Suggested packages:
2026-10-01T06:56:44.1443834Z   low-memory-monitor
2026-10-01T06:56:44.1444112Z Recommended packages:
2026-10-01T06:56:44.1444490Z   fonts-ipafont-mincho fonts-tlwg-loma xfonts-base
2026-10-01T06:56:44.1638105Z The following NEW packages will be installed:
2026-10-01T06:56:44.1638771Z   fonts-freefont-ttf fonts-ipafont-gothic fonts-tlwg-loma-otf fonts-unifont
2026-10-01T06:56:44.1644706Z   fonts-wqy-zenhei libwayland-server0 xfonts-cyrillic xfonts-encodings
2026-10-01T06:56:44.1645275Z   xfonts-scalable xfonts-utils
2026-10-01T06:56:44.1647643Z The following packages will be upgraded:
2026-10-01T06:56:44.1648540Z   gir1.2-glib-2.0 libgbm1 libgl1-mesa-dri libglib2.0-0t64 libglib2.0-bin
2026-10-01T06:56:44.1652678Z   libglib2.0-data libglx-mesa0 mesa-libgallium xserver-common xvfb
2026-10-01T06:56:44.1795233Z 10 upgraded, 10 newly installed, 0 to remove and 36 not upgraded.
2026-10-01T06:56:44.1795795Z Need to get 34.9 MB of archives.
2026-10-01T06:56:44.1796149Z After this operation, 79.7 MB of additional disk space will be used.
2026-10-01T06:56:44.1796535Z Get:1 file:/etc/apt/apt-mirrors.txt Mirrorlist [144 B]
2026-10-01T06:56:44.2852210Z Get:2 http://azure.archive.ubuntu.com/ubuntu noble/universe amd64 fonts-ipafont-gothic all 00303-21ubuntu1 [3513 kB]
2026-10-01T06:56:45.1492581Z Get:3 http://azure.archive.ubuntu.com/ubuntu noble-updates/main amd64 libglib2.0-data all 2.80.0-6ubuntu3.9 [50.1 kB]
2026-10-01T06:56:45.2452147Z Get:4 http://azure.archive.ubuntu.com/ubuntu noble-updates/main amd64 libglib2.0-bin amd64 2.80.0-6ubuntu3.9 [97.9 kB]
2026-10-01T06:56:45.3484371Z Get:5 http://azure.archive.ubuntu.com/ubuntu noble-updates/main amd64 gir1.2-glib-2.0 amd64 2.80.0-6ubuntu3.9 [183 kB]
2026-10-01T06:56:45.4750617Z Get:6 http://azure.archive.ubuntu.com/ubuntu noble-updates/main amd64 libglib2.0-0t64 amd64 2.80.0-6ubuntu3.9 [1547 kB]
2026-10-01T06:56:45.9231338Z Get:7 http://azure.archive.ubuntu.com/ubuntu noble/main amd64 fonts-freefont-ttf all 20211204+svn4273-2 [5641 kB]
2026-10-01T06:56:46.8940909Z Get:8 http://azure.archive.ubuntu.com/ubuntu noble/universe amd64 fonts-tlwg-loma-otf all 1:0.7.3-1 [107 kB]
2026-10-01T06:56:46.9984950Z Get:9 http://azure.archive.ubuntu.com/ubuntu noble/universe amd64 fonts-unifont all 1:15.1.01-1build1 [2993 kB]
2026-10-01T06:56:47.6173320Z Get:10 http://azure.archive.ubuntu.com/ubuntu noble/universe amd64 fonts-wqy-zenhei all 0.9.45-8 [7472 kB]
2026-10-01T06:56:49.0388238Z Get:11 http://azure.archive.ubuntu.com/ubuntu noble-updates/main amd64 libgl1-mesa-dri amd64 25.2.8-0ubuntu0.24.04.3 [37.9 kB]
2026-10-01T06:56:49.1335111Z Get:12 http://azure.archive.ubuntu.com/ubuntu noble/main amd64 libwayland-server0 amd64 1.22.0-2.1build1 [33.9 kB]
2026-10-01T06:56:49.2255481Z Get:13 http://azure.archive.ubuntu.com/ubuntu noble-updates/main amd64 libglx-mesa0 amd64 25.2.8-0ubuntu0.24.04.3 [110 kB]
2026-10-01T06:56:49.3301410Z Get:14 http://azure.archive.ubuntu.com/ubuntu noble-updates/main amd64 libgbm1 amd64 25.2.8-0ubuntu0.24.04.3 [34.3 kB]
2026-10-01T06:56:49.4207756Z Get:15 http://azure.archive.ubuntu.com/ubuntu noble-updates/main amd64 mesa-libgallium amd64 25.2.8-0ubuntu0.24.04.3 [10.8 MB]
2026-10-01T06:56:51.8632466Z Get:16 http://azure.archive.ubuntu.com/ubuntu noble/main amd64 xfonts-encodings all 1:1.0.5-0ubuntu2 [578 kB]
2026-10-01T06:56:52.0263252Z Get:17 http://azure.archive.ubuntu.com/ubuntu noble/main amd64 xfonts-utils amd64 1:7.7+6build3 [94.4 kB]
2026-10-01T06:56:52.1203535Z Get:18 http://azure.archive.ubuntu.com/ubuntu noble/universe amd64 xfonts-cyrillic all 1:1.0.5+nmu1 [384 kB]
2026-10-01T06:56:52.4397133Z Get:19 http://azure.archive.ubuntu.com/ubuntu noble/main amd64 xfonts-scalable all 1:1.0.3-1.3 [304 kB]
2026-10-01T06:56:52.8191153Z Get:20 http://azure.archive.ubuntu.com/ubuntu noble-updates/main amd64 xserver-common all 2:21.1.12-1ubuntu1.8 [34.8 kB]
2026-10-01T06:56:52.9131877Z Get:21 http://azure.archive.ubuntu.com/ubuntu noble-updates/universe amd64 xvfb amd64 2:21.1.12-1ubuntu1.8 [877 kB]
2026-10-01T06:56:53.3098441Z Fetched 34.9 MB in 9s (3912 kB/s)
2026-10-01T06:56:53.3644523Z Selecting previously unselected package fonts-ipafont-gothic.
2026-10-01T06:56:53.4801899Z (Reading database ... 
2026-10-01T06:56:53.4802181Z (Reading database ... 5%
2026-10-01T06:56:53.4802409Z (Reading database ... 10%
2026-10-01T06:56:53.4802651Z (Reading database ... 15%
2026-10-01T06:56:53.4803132Z (Reading database ... 20%
2026-10-01T06:56:53.4803458Z (Reading database ... 25%
2026-10-01T06:56:53.4803783Z (Reading database ... 30%
2026-10-01T06:56:53.4804137Z (Reading database ... 35%
2026-10-01T06:56:53.4804557Z (Reading database ... 40%
2026-10-01T06:56:53.4804930Z (Reading database ... 45%
2026-10-01T06:56:53.4805230Z (Reading database ... 50%
2026-10-01T06:56:53.5297124Z (Reading database ... 55%
2026-10-01T06:56:53.7016935Z (Reading database ... 60%
2026-10-01T06:56:53.8899177Z (Reading database ... 65%
2026-10-01T06:56:54.1253290Z (Reading database ... 70%
2026-10-01T06:56:54.3101723Z (Reading database ... 75%
2026-10-01T06:56:54.4966790Z (Reading database ... 80%
2026-10-01T06:56:54.7816793Z (Reading database ... 85%
2026-10-01T06:56:55.1142402Z (Reading database ... 90%
2026-10-01T06:56:55.4744542Z (Reading database ... 95%
2026-10-01T06:56:55.4744961Z (Reading database ... 100%
2026-10-01T06:56:55.4745483Z (Reading database ... 202190 files and directories currently installed.)
2026-10-01T06:56:55.4787009Z Preparing to unpack .../00-fonts-ipafont-gothic_00303-21ubuntu1_all.deb ...
2026-10-01T06:56:55.4952505Z Unpacking fonts-ipafont-gothic (00303-21ubuntu1) ...
2026-10-01T06:56:55.8145177Z Preparing to unpack .../01-libglib2.0-data_2.80.0-6ubuntu3.9_all.deb ...
2026-10-01T06:56:55.8160530Z Unpacking libglib2.0-data (2.80.0-6ubuntu3.9) over (2.80.0-6ubuntu3.8) ...
2026-10-01T06:56:55.8436091Z Preparing to unpack .../02-libglib2.0-bin_2.80.0-6ubuntu3.9_amd64.deb ...
2026-10-01T06:56:55.9567002Z Unpacking libglib2.0-bin (2.80.0-6ubuntu3.9) over (2.80.0-6ubuntu3.8) ...
2026-10-01T06:56:55.9995605Z Preparing to unpack .../03-gir1.2-glib-2.0_2.80.0-6ubuntu3.9_amd64.deb ...
2026-10-01T06:56:56.0141684Z Unpacking gir1.2-glib-2.0:amd64 (2.80.0-6ubuntu3.9) over (2.80.0-6ubuntu3.8) ...
2026-10-01T06:56:56.1545628Z Preparing to unpack .../04-libglib2.0-0t64_2.80.0-6ubuntu3.9_amd64.deb ...
2026-10-01T06:56:56.1602477Z Unpacking libglib2.0-0t64:amd64 (2.80.0-6ubuntu3.9) over (2.80.0-6ubuntu3.8) ...
2026-10-01T06:56:56.2058437Z Selecting previously unselected package fonts-freefont-ttf.
2026-10-01T06:56:56.2169674Z Preparing to unpack .../05-fonts-freefont-ttf_20211204+svn4273-2_all.deb ...
2026-10-01T06:56:56.2300700Z Unpacking fonts-freefont-ttf (20211204+svn4273-2) ...
2026-10-01T06:56:56.3687586Z Selecting previously unselected package fonts-tlwg-loma-otf.
2026-10-01T06:56:56.3797997Z Preparing to unpack .../06-fonts-tlwg-loma-otf_1%3a0.7.3-1_all.deb ...
2026-10-01T06:56:56.3804225Z Unpacking fonts-tlwg-loma-otf (1:0.7.3-1) ...
2026-10-01T06:56:56.3970111Z Selecting previously unselected package fonts-unifont.
2026-10-01T06:56:56.4076582Z Preparing to unpack .../07-fonts-unifont_1%3a15.1.01-1build1_all.deb ...
2026-10-01T06:56:56.4083658Z Unpacking fonts-unifont (1:15.1.01-1build1) ...
2026-10-01T06:56:56.7195422Z Selecting previously unselected package fonts-wqy-zenhei.
2026-10-01T06:56:56.7306396Z Preparing to unpack .../08-fonts-wqy-zenhei_0.9.45-8_all.deb ...
2026-10-01T06:56:56.7390529Z Unpacking fonts-wqy-zenhei (0.9.45-8) ...
2026-10-01T06:56:57.2810826Z Preparing to unpack .../09-libgl1-mesa-dri_25.2.8-0ubuntu0.24.04.3_amd64.deb ...
2026-10-01T06:56:57.3124123Z Unpacking libgl1-mesa-dri:amd64 (25.2.8-0ubuntu0.24.04.3) over (25.2.8-0ubuntu0.24.04.2) ...
2026-10-01T06:56:57.5589310Z Selecting previously unselected package libwayland-server0:amd64.
2026-10-01T06:56:57.5700633Z Preparing to unpack .../10-libwayland-server0_1.22.0-2.1build1_amd64.deb ...
2026-10-01T06:56:57.5708052Z Unpacking libwayland-server0:amd64 (1.22.0-2.1build1) ...
2026-10-01T06:56:57.5975960Z Preparing to unpack .../11-libglx-mesa0_25.2.8-0ubuntu0.24.04.3_amd64.deb ...
2026-10-01T06:56:57.7722363Z Unpacking libglx-mesa0:amd64 (25.2.8-0ubuntu0.24.04.3) over (25.2.8-0ubuntu0.24.04.2) ...
2026-10-01T06:56:57.8535067Z Preparing to unpack .../12-libgbm1_25.2.8-0ubuntu0.24.04.3_amd64.deb ...
2026-10-01T06:56:57.8551576Z Unpacking libgbm1:amd64 (25.2.8-0ubuntu0.24.04.3) over (25.2.8-0ubuntu0.24.04.2) ...
2026-10-01T06:56:57.8869386Z Preparing to unpack .../13-mesa-libgallium_25.2.8-0ubuntu0.24.04.3_amd64.deb ...
2026-10-01T06:56:58.0435877Z Unpacking mesa-libgallium:amd64 (25.2.8-0ubuntu0.24.04.3) over (25.2.8-0ubuntu0.24.04.2) ...
2026-10-01T06:56:58.4455735Z Selecting previously unselected package xfonts-encodings.
2026-10-01T06:56:58.4571284Z Preparing to unpack .../14-xfonts-encodings_1%3a1.0.5-0ubuntu2_all.deb ...
2026-10-01T06:56:58.4577611Z Unpacking xfonts-encodings (1:1.0.5-0ubuntu2) ...
2026-10-01T06:56:58.6170755Z Selecting previously unselected package xfonts-utils.
2026-10-01T06:56:58.6282992Z Preparing to unpack .../15-xfonts-utils_1%3a7.7+6build3_amd64.deb ...
2026-10-01T06:56:58.6288657Z Unpacking xfonts-utils (1:7.7+6build3) ...
2026-10-01T06:56:58.8106733Z Selecting previously unselected package xfonts-cyrillic.
2026-10-01T06:56:58.8217967Z Preparing to unpack .../16-xfonts-cyrillic_1%3a1.0.5+nmu1_all.deb ...
2026-10-01T06:56:58.8223667Z Unpacking xfonts-cyrillic (1:1.0.5+nmu1) ...
2026-10-01T06:56:58.8778430Z Selecting previously unselected package xfonts-scalable.
2026-10-01T06:56:58.8901619Z Preparing to unpack .../17-xfonts-scalable_1%3a1.0.3-1.3_all.deb ...
2026-10-01T06:56:58.8908277Z Unpacking xfonts-scalable (1:1.0.3-1.3) ...
2026-10-01T06:56:58.9215426Z Preparing to unpack .../18-xserver-common_2%3a21.1.12-1ubuntu1.8_all.deb ...
2026-10-01T06:56:58.9231253Z Unpacking xserver-common (2:21.1.12-1ubuntu1.8) over (2:21.1.12-1ubuntu1.6) ...
2026-10-01T06:56:59.0689978Z Preparing to unpack .../19-xvfb_2%3a21.1.12-1ubuntu1.8_amd64.deb ...
2026-10-01T06:56:59.0738657Z Unpacking xvfb (2:21.1.12-1ubuntu1.8) over (2:21.1.12-1ubuntu1.6) ...
2026-10-01T06:56:59.1558370Z Setting up libwayland-server0:amd64 (1.22.0-2.1build1) ...
2026-10-01T06:56:59.1579672Z Setting up mesa-libgallium:amd64 (25.2.8-0ubuntu0.24.04.3) ...
2026-10-01T06:56:59.1594721Z Setting up libgbm1:amd64 (25.2.8-0ubuntu0.24.04.3) ...
2026-10-01T06:56:59.1609226Z Setting up libgl1-mesa-dri:amd64 (25.2.8-0ubuntu0.24.04.3) ...
2026-10-01T06:56:59.1703406Z Setting up fonts-wqy-zenhei (0.9.45-8) ...
2026-10-01T06:56:59.1799067Z Setting up fonts-freefont-ttf (20211204+svn4273-2) ...
2026-10-01T06:56:59.1813984Z Setting up libglib2.0-0t64:amd64 (2.80.0-6ubuntu3.9) ...
2026-10-01T06:56:59.1897031Z Setting up libglib2.0-data (2.80.0-6ubuntu3.9) ...
2026-10-01T06:56:59.1911957Z Setting up fonts-tlwg-loma-otf (1:0.7.3-1) ...
2026-10-01T06:56:59.1925696Z Setting up xfonts-encodings (1:1.0.5-0ubuntu2) ...
2026-10-01T06:56:59.1939475Z Setting up gir1.2-glib-2.0:amd64 (2.80.0-6ubuntu3.9) ...
2026-10-01T06:56:59.1952453Z Setting up fonts-ipafont-gothic (00303-21ubuntu1) ...
2026-10-01T06:56:59.2005525Z update-alternatives: using /usr/share/fonts/opentype/ipafont-gothic/ipag.ttf to provide /usr/share/fonts/truetype/fonts-japanese-gothic.ttf (fonts-japanese-gothic.ttf) in auto mode
2026-10-01T06:56:59.2016391Z Setting up xserver-common (2:21.1.12-1ubuntu1.8) ...
2026-10-01T06:56:59.2030841Z Setting up fonts-unifont (1:15.1.01-1build1) ...
2026-10-01T06:56:59.2045746Z Setting up libglx-mesa0:amd64 (25.2.8-0ubuntu0.24.04.3) ...
2026-10-01T06:56:59.2059581Z Setting up xvfb (2:21.1.12-1ubuntu1.8) ...
2026-10-01T06:56:59.2073740Z Setting up libglib2.0-bin (2.80.0-6ubuntu3.9) ...
2026-10-01T06:56:59.3550014Z Setting up xfonts-utils (1:7.7+6build3) ...
2026-10-01T06:56:59.3584485Z Setting up xfonts-cyrillic (1:1.0.5+nmu1) ...
2026-10-01T06:56:59.3818433Z Setting up xfonts-scalable (1:1.0.3-1.3) ...
2026-10-01T06:56:59.4039190Z Processing triggers for libc-bin (2.39-0ubuntu8.9) ...
2026-10-01T06:57:00.0283314Z Processing triggers for man-db (2.12.0-4build2) ...
2026-10-01T06:57:00.0300307Z Not building database; man-db/auto-update is not 'true'.
2026-10-01T06:57:00.0308778Z Processing triggers for fontconfig (2.15.0-1.1ubuntu2) ...
2026-10-01T06:57:01.0224401Z 
2026-10-01T06:57:01.0224919Z Running kernel seems to be up-to-date.
2026-10-01T06:57:01.0225132Z 
2026-10-01T06:57:01.0225230Z Restarting services...
2026-10-01T06:57:01.0584997Z  systemctl restart packagekit.service php8.3-fpm.service polkit.service udisks2.service
2026-10-01T06:57:01.1714060Z 
2026-10-01T06:57:01.1734024Z Service restarts being deferred:
2026-10-01T06:57:01.1734499Z  systemctl restart ModemManager.service
2026-10-01T06:57:01.1735007Z  systemctl restart networkd-dispatcher.service
2026-10-01T06:57:01.1735303Z 
2026-10-01T06:57:01.1735487Z No containers need to be restarted.
2026-10-01T06:57:01.1735715Z 
2026-10-01T06:57:01.1735971Z No user sessions are running outdated binaries.
2026-10-01T06:57:01.1736229Z 
2026-10-01T06:57:01.1736592Z No VM guests are running outdated hypervisor (qemu) binaries on this host.
2026-10-01T06:57:02.1149960Z Downloading Chromium 141.0.7390.37 (playwright build v1194) from https://cdn.playwright.dev/dbazure/download/playwright/builds/chromium/1194/chromium-linux.zip
2026-10-01T06:57:02.2592532Z |                                                                                |   0% of 173.9 MiB
2026-10-01T06:57:02.3695800Z |■■■■■■■■                                                                        |  10% of 173.9 MiB
2026-10-01T06:57:02.4314273Z |■■■■■■■■■■■■■■■■                                                                |  20% of 173.9 MiB
2026-10-01T06:57:02.4860450Z |■■■■■■■■■■■■■■■■■■■■■■■■                                                        |  30% of 173.9 MiB
2026-10-01T06:57:02.5324553Z |■■■■■■■■■■■■■■■■■■■■■■■■■■■■■■■■                                                |  40% of 173.9 MiB
2026-10-01T06:57:02.5722669Z |■■■■■■■■■■■■■■■■■■■■■■■■■■■■■■■■■■■■■■■■                                        |  50% of 173.9 MiB
2026-10-01T06:57:02.6251521Z |■■■■■■■■■■■■■■■■■■■■■■■■■■■■■■■■■■■■■■■■■■■■■■■■                                |  60% of 173.9 MiB
2026-10-01T06:57:02.6712624Z |■■■■■■■■■■■■■■■■■■■■■■■■■■■■■■■■■■■■■■■■■■■■■■■■■■■■■■■■                        |  70% of 173.9 MiB
2026-10-01T06:57:02.7166613Z |■■■■■■■■■■■■■■■■■■■■■■■■■■■■■■■■■■■■■■■■■■■■■■■■■■■■■■■■■■■■■■■■                |  80% of 173.9 MiB
2026-10-01T06:57:02.7549247Z |■■■■■■■■■■■■■■■■■■■■■■■■■■■■■■■■■■■■■■■■■■■■■■■■■■■■■■■■■■■■■■■■■■■■■■■■        |  90% of 173.9 MiB
2026-10-01T06:57:02.7941370Z |■■■■■■■■■■■■■■■■■■■■■■■■■■■■■■■■■■■■■■■■■■■■■■■■■■■■■■■■■■■■■■■■■■■■■■■■■■■■■■■■| 100% of 173.9 MiB
2026-10-01T06:57:05.3222263Z Chromium 141.0.7390.37 (playwright build v1194) downloaded to /home/runner/.cache/ms-playwright/chromium-1194
2026-10-01T06:57:05.3224651Z Downloading FFMPEG playwright build v1011 from https://cdn.playwright.dev/dbazure/download/playwright/builds/ffmpeg/1011/ffmpeg-linux.zip
2026-10-01T06:57:05.4274477Z |                                                                                |   0% of 2.3 MiB
2026-10-01T06:57:05.4318901Z |■■■■■■■■                                                                        |  10% of 2.3 MiB
2026-10-01T06:57:05.4338972Z |■■■■■■■■■■■■■■■■                                                                |  20% of 2.3 MiB
2026-10-01T06:57:05.4358413Z |■■■■■■■■■■■■■■■■■■■■■■■■                                                        |  30% of 2.3 MiB
2026-10-01T06:57:05.4373602Z |■■■■■■■■■■■■■■■■■■■■■■■■■■■■■■■■                                                |  40% of 2.3 MiB
2026-10-01T06:57:05.4385174Z |■■■■■■■■■■■■■■■■■■■■■■■■■■■■■■■■■■■■■■■■                                        |  50% of 2.3 MiB
2026-10-01T06:57:05.4398478Z |■■■■■■■■■■■■■■■■■■■■■■■■■■■■■■■■■■■■■■■■■■■■■■■■                                |  60% of 2.3 MiB
2026-10-01T06:57:05.4407438Z |■■■■■■■■■■■■■■■■■■■■■■■■■■■■■■■■■■■■■■■■■■■■■■■■■■■■■■■■                        |  70% of 2.3 MiB
2026-10-01T06:57:05.4419094Z |■■■■■■■■■■■■■■■■■■■■■■■■■■■■■■■■■■■■■■■■■■■■■■■■■■■■■■■■■■■■■■■■                |  80% of 2.3 MiB
2026-10-01T06:57:05.4428570Z |■■■■■■■■■■■■■■■■■■■■■■■■■■■■■■■■■■■■■■■■■■■■■■■■■■■■■■■■■■■■■■■■■■■■■■■■        |  90% of 2.3 MiB
2026-10-01T06:57:05.4438040Z |■■■■■■■■■■■■■■■■■■■■■■■■■■■■■■■■■■■■■■■■■■■■■■■■■■■■■■■■■■■■■■■■■■■■■■■■■■■■■■■■| 100% of 2.3 MiB
2026-10-01T06:57:05.4837203Z FFMPEG playwright build v1011 downloaded to /home/runner/.cache/ms-playwright/ffmpeg-1011
2026-10-01T06:57:05.4840978Z Downloading Chromium Headless Shell 141.0.7390.37 (playwright build v1194) from https://cdn.playwright.dev/dbazure/download/playwright/builds/chromium/1194/chromium-headless-shell-linux.zip
2026-10-01T06:57:05.5838101Z |                                                                                |   0% of 104.3 MiB
2026-10-01T06:57:05.6574866Z |■■■■■■■■                                                                        |  10% of 104.3 MiB
2026-10-01T06:57:05.7808502Z |■■■■■■■■■■■■■■■■                                                                |  20% of 104.3 MiB
2026-10-01T06:57:05.9467910Z |■■■■■■■■■■■■■■■■■■■■■■■■                                                        |  30% of 104.3 MiB
2026-10-01T06:57:06.1734565Z |■■■■■■■■■■■■■■■■■■■■■■■■■■■■■■■■                                                |  40% of 104.3 MiB
2026-10-01T06:57:06.4881441Z |■■■■■■■■■■■■■■■■■■■■■■■■■■■■■■■■■■■■■■■■                                        |  50% of 104.3 MiB
2026-10-01T06:57:06.7874010Z |■■■■■■■■■■■■■■■■■■■■■■■■■■■■■■■■■■■■■■■■■■■■■■■■                                |  60% of 104.3 MiB
2026-10-01T06:57:06.9779323Z |■■■■■■■■■■■■■■■■■■■■■■■■■■■■■■■■■■■■■■■■■■■■■■■■■■■■■■■■                        |  70% of 104.3 MiB
2026-10-01T06:57:07.3110073Z |■■■■■■■■■■■■■■■■■■■■■■■■■■■■■■■■■■■■■■■■■■■■■■■■■■■■■■■■■■■■■■■■                |  80% of 104.3 MiB
2026-10-01T06:57:07.5245031Z |■■■■■■■■■■■■■■■■■■■■■■■■■■■■■■■■■■■■■■■■■■■■■■■■■■■■■■■■■■■■■■■■■■■■■■■■        |  90% of 104.3 MiB
2026-10-01T06:57:07.7880881Z |■■■■■■■■■■■■■■■■■■■■■■■■■■■■■■■■■■■■■■■■■■■■■■■■■■■■■■■■■■■■■■■■■■■■■■■■■■■■■■■■| 100% of 104.3 MiB
2026-10-01T06:57:09.1555360Z Chromium Headless Shell 141.0.7390.37 (playwright build v1194) downloaded to /home/runner/.cache/ms-playwright/chromium_headless_shell-1194
2026-10-01T06:57:09.2122634Z ##[group]Run bash tools/publish.sh
2026-10-01T06:57:09.2123164Z [36;1mbash tools/publish.sh[0m
2026-10-01T06:57:09.2178790Z shell: /usr/bin/bash -e {0}
2026-10-01T06:57:09.2179006Z ##[endgroup]
2026-10-01T06:57:10.0249746Z Glessner v4 package verified; 3 missing GLB(s) materialized.
2026-10-01T06:57:10.5368038Z shipped derivatives: 501 pair(s) carry the master's triangles, node identity and contract attributes; worst bounding-box disagreement 2.68 of 4 rungs; 0 asset(s) lose their material identity to the publish path (banked, K36(b)); 4 master passthrough(s), all of them decided (K38); and every one of them records the master it was made from, which is still the master in the tree (K39)
2026-10-01T06:57:10.5809956Z Prairie Avenue browser published: /home/runner/work/chicago/chicago/site/4d/prairie-1904
2026-10-01T06:57:10.8170899Z published 15 map images + viewer + media to site/pre-fire
2026-10-01T06:57:10.8688381Z    changelog.js published to site/4d/js/changelog.js (T-0722)
2026-10-01T06:57:10.8692551Z    changelog.js published to site/4d/walk/js/changelog.js (T-0722)
2026-10-01T06:57:11.4399762Z tickets: cloned https://github.com/kevinrhaas/chicago-tickets.git → tickets/ (1661 tickets)
2026-10-01T06:57:15.4368107Z entry pages: index.html, 1812/index.html, 1835/index.html, 1880/index.html, 1904/index.html
2026-10-01T06:57:15.4419793Z    build 15fb79d  Oct 1, 2026, 1:57 AM CT
2026-10-01T06:57:15.4931862Z published ../../site/4d  (57.03 MB)
2026-10-01T06:57:15.4980766Z ##[group]Run node tools/smoke_renderer.mjs --published
2026-10-01T06:57:15.4981266Z [36;1mnode tools/smoke_renderer.mjs --published[0m
2026-10-01T06:57:15.5036826Z shell: /usr/bin/bash -e {0}
2026-10-01T06:57:15.5037039Z env:
2026-10-01T06:57:15.5037207Z   SMOKE_VIEWPORT: mobile
2026-10-01T06:57:15.5037406Z   SMOKE_STAGE: 1-2
2026-10-01T06:57:15.5037580Z ##[endgroup]
2026-10-01T06:57:16.0115156Z serving /home/runner/work/chicago/chicago/site/4d on 4187 — PUBLISHED mirror (compressed assets, visitor layout)
2026-10-01T06:57:16.0115766Z 
2026-10-01T06:57:16.0116054Z NOT THE FULL GATE — viewports filtered to "mobile"
2026-10-01T06:57:16.0116359Z 
2026-10-01T06:57:16.0116654Z NOT THE FULL GATE — stages filtered to "1-2" of 13
2026-10-01T06:57:16.0116913Z 
2026-10-01T06:57:16.0117074Z mobile 390x780:
2026-10-01T06:57:17.0698198Z   pass  mobile 390x780: page serves
2026-10-01T06:57:31.7133303Z   pass  mobile 390x780: scene reaches ready
2026-10-01T06:57:34.3303963Z   pass  mobile 390x780: the scene declares its exact consultation blockers
2026-10-01T06:57:34.3304840Z   pass  mobile 390x780: no unexpected loader problems
2026-10-01T06:57:35.5787655Z   pass  mobile 390x780: scene has structures
2026-10-01T06:57:36.8242595Z   pass  mobile 390x780: every structure that should draw, drew
2026-10-01T06:57:40.5996804Z   pass  mobile 390x780: the frame is multisampled — the town's edges are resolved on a phone too
2026-10-01T06:57:42.0792721Z   pass  mobile 390x780: the declared scene-detail ceilings descend — it is a ladder, not three numbers
2026-10-01T06:57:42.0795654Z   pass  mobile 390x780: no scene-detail rung is running clamped — the table and the scene agree
2026-10-01T06:57:42.0802078Z   pass  mobile 390x780: every scene-detail rung says what it protects and what measurement set it
2026-10-01T06:57:43.3132266Z   pass  mobile 390x780: the loader carries no town census or coverage dashboard
2026-10-01T06:57:44.5581152Z   pass  mobile 390x780: the bridge declares a water anchor
2026-10-01T06:57:44.5612595Z   pass  mobile 390x780: the bridge sits on the water plane, not on the terrain
2026-10-01T06:57:45.8338743Z   pass  mobile 390x780: the enclosure layer draws its records
2026-10-01T06:57:45.8350485Z   pass  mobile 390x780: the enclosure layer is chunked so the frustum can cull it
2026-10-01T06:57:45.8351426Z   pass  mobile 390x780: every fence vertex carries a confidence grade
2026-10-01T06:57:45.8352316Z   pass  mobile 390x780: no fence member stands outside its own authored run
2026-10-01T06:57:55.1707811Z   pass  mobile 390x780: the yard fence reaches the screen from inside the yard
2026-10-01T06:57:56.3230959Z   pass  mobile 390x780: the estray pen is drawn as an enclosure and bakes no mesh
2026-10-01T06:57:56.3240464Z   pass  mobile 390x780: the retired box leaves no invisible wall on the public square
2026-10-01T06:58:07.9317912Z   pass  mobile 390x780: the pen reaches the screen from inside the pen
2026-10-01T06:58:09.6827330Z   pass  mobile 390x780: aiming at the pen's fence still opens the pen's card
2026-10-01T06:58:11.2017222Z   pass  mobile 390x780: the town's house lots carry generated picket gardens
2026-10-01T06:58:11.2018253Z   pass  mobile 390x780: the picket branch draws pales, not just posts and rails
2026-10-01T06:58:24.6837163Z   pass  mobile 390x780: the garden fence reaches the screen from the dooryard
2026-10-01T06:58:26.2099330Z   pass  mobile 390x780: the town's improved lots read as fenced, block after block
2026-10-01T06:58:26.2106353Z   pass  mobile 390x780: the lot fences are built in the period's three types
2026-10-01T06:58:26.2107337Z   pass  mobile 390x780: the enclosure is spread over the town, not stacked in one district
2026-10-01T06:58:26.2108056Z   pass  mobile 390x780: a lot's yard states no ground treatment, so its sward stands
2026-10-01T06:58:26.2109134Z   pass  mobile 390x780: every lot fence is graded reconstructed, record and vertex
2026-10-01T06:58:34.9074393Z   pass  mobile 390x780: the lot fences reach the screen from the alley they face
2026-10-01T06:58:35.9644267Z   pass  mobile 390x780: the Sauganash's rear yard is fenced with boards, not rails
2026-10-01T06:58:35.9645065Z   pass  mobile 390x780: the yard fence is drawn at the height its record states
2026-10-01T06:58:35.9645990Z   pass  mobile 390x780: every stem the yard's planting record places stands inside that yard
2026-10-01T06:58:55.0978715Z   pass  mobile 390x780: the yard fence reaches the screen from Market Street
2026-10-01T06:58:55.1003373Z   pass  mobile 390x780: the trees behind the fence reach the screen with it
2026-10-01T06:58:56.8758949Z   pass  mobile 390x780: every fenced interior in the town carries a ground treatment
2026-10-01T06:58:56.8760106Z   pass  mobile 390x780: the ground inside a 'worn_earth' fence reads as its own type
2026-10-01T06:58:56.8767966Z   pass  mobile 390x780: no prairie plant roots inside a 'worn_earth' fence
2026-10-01T06:58:56.8772439Z   pass  mobile 390x780: the ground inside a 'trodden_earth' fence reads as its own type
2026-10-01T06:58:56.8774053Z   pass  mobile 390x780: no prairie plant roots inside a 'trodden_earth' fence
2026-10-01T06:58:56.8774973Z   pass  mobile 390x780: the ground inside a 'dooryard_garden' fence reads as its own type
2026-10-01T06:58:56.8775863Z   pass  mobile 390x780: no prairie plant roots inside a 'dooryard_garden' fence
2026-10-01T06:58:56.8776767Z   pass  mobile 390x780: the fenced ground is graded reconstructed and casts no shadow
2026-10-01T06:58:56.8777979Z   pass  mobile 390x780: the sward is suppressed on the ground the records declare and nowhere else
2026-10-01T06:59:07.9409735Z   pass  mobile 390x780: the ground in the wagon yard reaches the screen from inside it
2026-10-01T06:59:24.0363775Z   pass  mobile 390x780: the ground in a picketed dooryard reaches the screen from inside it
2026-10-01T06:59:25.9059421Z   pass  mobile 390x780: the dooryard pass planted stems across the town
2026-10-01T06:59:25.9060187Z   pass  mobile 390x780: Cobweb Castle's dealt stems are among them
2026-10-01T06:59:34.6514728Z   pass  mobile 390x780: Cobweb Castle's dooryard trees reach the screen
2026-10-01T06:59:40.7894201Z   pass  mobile 390x780: the currant clump by its door reaches the screen
2026-10-01T06:59:41.8690749Z   pass  mobile 390x780: the stockade's pickets are baked at the record's twelve feet
2026-10-01T06:59:41.8713268Z   pass  mobile 390x780: the stockade tops a walker's eye where wall and anchor meet
2026-10-01T06:59:41.8750957Z   pass  mobile 390x780: a level gaze there stops at the stockade, and the card says so
2026-10-01T06:59:41.8765658Z   pass  mobile 390x780: the garden fence holds below the eye of the walker who meets it
2026-10-01T06:59:41.8793723Z   pass  mobile 390x780: a level gaze sails clean over the garden fence
2026-10-01T06:59:41.8801089Z   pass  mobile 390x780: a tap on the garden fence names the garden, not a fort wall
2026-10-01T06:59:41.8802262Z   pass  mobile 390x780: the stockade stands over a walker's eye from the parade side
2026-10-01T06:59:41.8803356Z   pass  mobile 390x780: a level gaze from the parade side stops at the stockade
2026-10-01T06:59:47.2819661Z   pass  mobile 390x780: the signage layer puts up the record's signs
2026-10-01T06:59:47.2832907Z   pass  mobile 390x780: the whole signage layer is one draw call
2026-10-01T06:59:47.2833622Z   pass  mobile 390x780: no board is fixed over a door or a window
2026-10-01T06:59:47.2834294Z   pass  mobile 390x780: the signs still cast into the shadow map
2026-10-01T06:59:47.2834987Z   pass  mobile 390x780: every signboard vertex is graded reconstructed
2026-10-01T06:59:47.2835733Z   pass  mobile 390x780: no sign strays past the reach its own mounting declares
2026-10-01T06:59:47.2836424Z   pass  mobile 390x780: every sign stands outside its own facade
2026-10-01T06:59:47.2837105Z   pass  mobile 390x780: every sign carries its business's name, painted
2026-10-01T06:59:47.2838177Z   pass  mobile 390x780: no two signs within sight of each other are alike
2026-10-01T06:59:47.2839073Z   pass  mobile 390x780: the town puts its signs up five different ways
2026-10-01T06:59:47.2840256Z   pass  mobile 390x780: one street's signs are visibly different from each other
2026-10-01T06:59:59.7410789Z   pass  mobile 390x780: the hotel's board reaches the screen from the street
2026-10-01T07:00:03.4946107Z   pass  mobile 390x780: aiming at a signboard opens the business behind it
2026-10-01T07:00:03.4947286Z   pass  mobile 390x780: the board and the card agree about whose business this is
2026-10-01T07:00:03.4948216Z   pass  mobile 390x780: every board names its proprietor and its trade, not our label
2026-10-01T07:00:03.4949143Z   pass  mobile 390x780: the golden mortar is on Carpenter's board and on no other
2026-10-01T07:00:05.1510710Z   pass  mobile 390x780: part 1 hands the page on with nothing standing over the chrome
2026-10-01T07:00:07.0889791Z   pass  mobile 390x780: the yard layer stands the record's goods
2026-10-01T07:00:07.0893006Z   pass  mobile 390x780: the yard layer chunks for culling on a single material
2026-10-01T07:00:07.0893947Z   pass  mobile 390x780: every cask and case carries the mark its record deals it
2026-10-01T07:00:07.0894806Z   pass  mobile 390x780: the marks ride on the layer's own material, on the sheet
2026-10-01T07:00:07.0895599Z   pass  mobile 390x780: every yard-goods vertex is graded reconstructed
2026-10-01T07:00:07.0896348Z   pass  mobile 390x780: no barrel or case strays from the frontage it stands at
2026-10-01T07:00:07.0897107Z   pass  mobile 390x780: every object stands outside its own facade
2026-10-01T07:00:07.0897858Z   pass  mobile 390x780: the attested wagon stands in the yard it is named for
2026-10-01T07:00:07.0898693Z   pass  mobile 390x780: the Green Tree's yard wagons stand clear, square to its rear wall
2026-10-01T07:00:07.0899529Z   pass  mobile 390x780: the bench stands against the Green Tree's front wall
2026-10-01T07:00:07.0900383Z   pass  mobile 390x780: the Green Tree's wagon shed is a lean-to that clears its tilt
2026-10-01T07:00:07.0901247Z   pass  mobile 390x780: nothing in the shed's bay reaches through its wall or its roof
2026-10-01T07:00:07.0902067Z   pass  mobile 390x780: the building material stands on the lot that was going up
2026-10-01T07:00:07.0902986Z   pass  mobile 390x780: both branch bridges carry four reconstructed repair piles
2026-10-01T07:00:07.0903840Z   pass  mobile 390x780: bridge piles have their stated dimensions and stand on dry ground
2026-10-01T07:00:07.0904688Z   pass  mobile 390x780: no pile of material stands inside the building it is for
2026-10-01T07:00:07.0905480Z   pass  mobile 390x780: the tilt is drawn in canvas on the layer's one material
2026-10-01T07:00:07.0906330Z   pass  mobile 390x780: the town's wagons are spread across its streets, not at two doors
2026-10-01T07:00:07.0907053Z   pass  mobile 390x780: the town's wagons vary in type
2026-10-01T07:00:07.0907972Z   pass  mobile 390x780: the town's wagons stand at the slew the rule dealt them
2026-10-01T07:00:07.0908844Z   pass  mobile 390x780: every wagon the town gained cards reconstructed
2026-10-01T07:00:08.8194018Z   pass  mobile 390x780: no wagon stands on a plank walk, in a garden or in a pen
2026-10-01T07:00:08.8194703Z   pass  mobile 390x780: no wagon stands in a street's travelled track
2026-10-01T07:00:08.8195282Z   pass  mobile 390x780: the wagon rule wrote down what it refused
2026-10-01T07:00:20.4590784Z   pass  mobile 390x780: the goods reach the screen from the footway
2026-10-01T07:00:24.1874013Z   pass  mobile 390x780: aiming at a barrel opens the business it stands at
2026-10-01T07:00:36.1135741Z   pass  mobile 390x780: the frontage layer lays all five records' walks and stands their posts
2026-10-01T07:00:36.1244222Z   pass  mobile 390x780: no frontage board stands under a wharf deck or its stair
2026-10-01T07:00:36.1322481Z   pass  mobile 390x780: every frontage vertex is graded reconstructed
2026-10-01T07:00:36.1414128Z   pass  mobile 390x780: the plank decks tie into the ground they cross
2026-10-01T07:00:36.1477623Z   pass  mobile 390x780: the street decal cannot paint over the timber laid on it
2026-10-01T07:00:36.1499637Z   pass  mobile 390x780: a plank walk's side is one made edge for its whole length
2026-10-01T07:00:36.1500482Z   pass  mobile 390x780: the named board hangs on a post that stands on the ground, or the record refuses it
2026-10-01T07:00:36.1504031Z   pass  mobile 390x780: the frontage layer draws the meshes it authored — 58 authored mesh(es) (frontage, frontage-chunk x57), 0 far-merge artefact(s) [none], 58 drawn in all
2026-10-01T07:00:36.1505375Z   pass  mobile 390x780: the board carries the record's own name, painted, or none is drawn and the name is kept
2026-10-01T07:00:46.5391707Z   pass  mobile 390x780: the walk and its board reach the screen from the street
2026-10-01T07:00:50.3613039Z   pass  mobile 390x780: aiming at the frontage opens the inn it belongs to
2026-10-01T07:00:50.3613865Z   pass  mobile 390x780: the eighteen hitching posts stand on their own ground, carrying nothing
2026-10-01T07:01:00.3667265Z   pass  mobile 390x780: the Sauganash's walks and posts reach the screen from Lake Street
2026-10-01T07:01:05.0763427Z   pass  mobile 390x780: aiming at the Sauganash's frontage opens the hotel it belongs to
2026-10-01T07:01:06.8018157Z   pass  mobile 390x780: the river walk publishes its floor and rides no deck at its east end
2026-10-01T07:01:06.8018972Z   pass  mobile 390x780: the old mouth west of State is filled and the walker stands on it
2026-10-01T07:01:06.8019674Z   pass  mobile 390x780: exactly one slough mouth at the foot of State, and it is the notch
2026-10-01T07:01:06.8020291Z   pass  mobile 390x780: the east end reads as planks underfoot, and walks on along the bank
2026-10-01T07:01:10.1390511Z   pass  mobile 390x780: aiming at the riverside walk answers its own reconstructed card
2026-10-01T07:01:11.8351006Z   pass  mobile 390x780: the street edge is generated from the plat, not placed on one block
2026-10-01T07:01:11.8352015Z   pass  mobile 390x780: Lake Street's walk is continuous and walkable end to end
2026-10-01T07:01:11.8353083Z   pass  mobile 390x780: South Water's reconciled block face is one walk, end to end
2026-10-01T07:01:11.8353931Z   pass  mobile 390x780: a board crossing carries the walker over the road at the corner
2026-10-01T07:01:11.8354555Z   pass  mobile 390x780: no plank sidewalk lies in the travelled track
2026-10-01T07:01:11.8355269Z   pass  mobile 390x780: no street-edge walk admits a rooted plant through its deck
2026-10-01T07:01:13.2268002Z   pass  mobile 390x780: every stated dock that has traced bank under it is drawn
2026-10-01T07:01:13.2268908Z   pass  mobile 390x780: the whole wharf layer is one draw call
2026-10-01T07:01:13.2269693Z   pass  mobile 390x780: every wharf vertex is graded reconstructed
2026-10-01T07:01:13.2270441Z   pass  mobile 390x780: no wharf vertex strays off its own deck outline
2026-10-01T07:01:13.2271276Z   pass  mobile 390x780: every deck ties into the bank and reaches over the water
2026-10-01T07:01:13.2272047Z   pass  mobile 390x780: no deck floats and every crib reaches the bed
2026-10-01T07:01:13.2273113Z   pass  mobile 390x780: every plank a wharf drew is published to the walker at the height it drew it
2026-10-01T07:01:13.2274140Z   pass  mobile 390x780: no boarding tread rises past the record's ceiling or the step-up rule
2026-10-01T07:01:14.7401853Z   pass  mobile 390x780: a visitor walks off the bank, up the stair and out over the water
2026-10-01T07:01:21.8254365Z   pass  mobile 390x780: the wharf reaches the screen from the bank
2026-10-01T07:01:24.0964515Z   pass  mobile 390x780: aiming at a wharf opens the warehouse it serves
2026-10-01T07:01:36.1454185Z   pass  mobile 390x780: the west bank's landing reaches the screen from Wolf Point
2026-10-01T07:01:36.1504056Z   pass  mobile 390x780: aiming at the west bank's landing opens Robert Kinzie's store
2026-10-01T07:01:37.4497043Z   pass  mobile 390x780: no plank walk admits a rooted plant through its deck
2026-10-01T07:01:37.4499474Z   pass  mobile 390x780: no wharf deck admits a rooted plant - wet species included
2026-10-01T07:01:38.6860652Z   pass  mobile 390x780: every authored boat is on the water
2026-10-01T07:01:38.6891413Z   pass  mobile 390x780: the whole boat layer is one draw call
2026-10-01T07:01:38.6913589Z   pass  mobile 390x780: every boat vertex is graded reconstructed
2026-10-01T07:01:38.6931749Z   pass  mobile 390x780: every afloat hull floats in its own water
2026-10-01T07:01:38.6962710Z   pass  mobile 390x780: every beached hull sits on the bank, at the water
2026-10-01T07:01:38.6963715Z   pass  mobile 390x780: the drawbridge's navigation span stays clear
2026-10-01T07:01:45.5234514Z   pass  mobile 390x780: the schooners reach the screen from the bank
2026-10-01T07:01:47.8311278Z   pass  mobile 390x780: aiming at a schooner opens the boat's own card
2026-10-01T07:01:53.3545630Z   pass  mobile 390x780: canvas renders non-black
2026-10-01T07:01:53.3553171Z   pass  mobile 390x780: drawing buffer matches the viewport
2026-10-01T07:01:58.9371069Z   pass  mobile 390x780: confidence toggle flips state
2026-10-01T07:01:58.9371978Z   pass  mobile 390x780: confidence view changes the render
2026-10-01T07:02:03.0871893Z   pass  mobile 390x780: turning it off restores the render
2026-10-01T07:02:03.0873034Z   pass  mobile 390x780: the traced river loaded, rather than the flat fallback plane
2026-10-01T07:02:03.0873866Z   pass  mobile 390x780: the suite body ran to completion
2026-10-01T07:02:03.0874402Z   pass  mobile 390x780: zero page errors
2026-10-01T07:02:03.1622880Z 
2026-10-01T07:02:03.4584691Z   pass  vendor: meshopt decoder loads and reports supported
2026-10-01T07:02:03.4585558Z   pass  vendor: meshopt import raises no page error
2026-10-01T07:02:03.4782572Z 
2026-10-01T07:02:03.4783559Z 160 passed, 0 failed
2026-10-01T07:02:03.4785561Z 150 staged-section check(s) (stage 1-2 of 13), 10 always-on check(s)
2026-10-01T07:02:03.4786395Z 4 m 47 s for stage 1-2 at mobile — the ceiling on a steward run's single foreground command is 10 m 00 s
2026-10-01T07:02:03.4786789Z SMOKE PASS
2026-10-01T07:02:03.4971182Z Post job cleanup.
2026-10-01T07:02:03.5921418Z (node:3468) [DEP0040] DeprecationWarning: The `punycode` module is deprecated. Please use a userland alternative instead.
2026-10-01T07:02:03.5922050Z (Use `node --trace-deprecation ...` to show where the warning was created)
2026-10-01T07:02:03.6053889Z Post job cleanup.
2026-10-01T07:02:03.6709192Z [command]/usr/bin/git version
2026-10-01T07:02:03.6738727Z git version 2.55.0
2026-10-01T07:02:03.6766224Z Temporarily overriding HOME='/home/runner/work/_temp/bc69178e-f871-4cc0-89e5-8f4c19a09775' before making global git config changes
2026-10-01T07:02:03.6767696Z Adding repository directory to the temporary git global config as a safe directory
2026-10-01T07:02:03.6770672Z [command]/usr/bin/git config --global --add safe.directory /home/runner/work/chicago/chicago
2026-10-01T07:02:03.6802583Z [command]/usr/bin/git config --local --name-only --get-regexp core\.sshCommand
2026-10-01T07:02:03.6832014Z [command]/usr/bin/git submodule foreach --recursive sh -c "git config --local --name-only --get-regexp 'core\.sshCommand' && git config --local --unset-all 'core.sshCommand' || :"
2026-10-01T07:02:03.7065935Z [command]/usr/bin/git config --local --name-only --get-regexp http\.https\:\/\/github\.com\/\.extraheader
2026-10-01T07:02:03.7087868Z http.https://github.com/.extraheader
2026-10-01T07:02:03.7095861Z [command]/usr/bin/git config --local --unset-all http.https://github.com/.extraheader
2026-10-01T07:02:03.7123886Z [command]/usr/bin/git submodule foreach --recursive sh -c "git config --local --name-only --get-regexp 'http\.https\:\/\/github\.com\/\.extraheader' && git config --local --unset-all 'http.https://github.com/.extraheader' || :"
2026-10-01T07:02:03.7325297Z [command]/usr/bin/git config --local --name-only --get-regexp ^includeIf\.gitdir:
2026-10-01T07:02:03.7351174Z [command]/usr/bin/git submodule foreach --recursive git config --local --show-origin --name-only --get-regexp remote.origin.url
2026-10-01T07:02:03.7711077Z Cleaning up orphan processes
2026-10-01T07:02:03.8004998Z ##[warning]Node.js 20 is deprecated. The following actions target Node.js 20 but are being forced to run on Node.js 24: actions/checkout@v4, actions/setup-node@v4. For more information see: https://github.blog/changelog/2025-09-19-deprecation-of-node-20-on-github-actions-runners/

