2026-10-01T07:06:06.3781073Z Current runner version: '2.337.0'
2026-10-01T07:06:06.3806771Z ##[group]Runner Image Provisioner
2026-10-01T07:06:06.3807673Z Hosted Compute Agent
2026-10-01T07:06:06.3808483Z Version: 20260901.588
2026-10-01T07:06:06.3809238Z Commit: f88ec8081b781fac6c440065ac7ff9e710ce3d0b
2026-10-01T07:06:06.3809993Z Build Date: 2026-09-01T19:56:44Z
2026-10-01T07:06:06.3810760Z Worker ID: {21d5d239-f499-4602-beeb-7801cbd3e7be}
2026-10-01T07:06:06.3811500Z Azure Region: westus
2026-10-01T07:06:06.3812090Z ##[endgroup]
2026-10-01T07:06:06.3813934Z ##[group]Operating System
2026-10-01T07:06:06.3814638Z Ubuntu
2026-10-01T07:06:06.3815257Z 24.04.5
2026-10-01T07:06:06.3815791Z LTS
2026-10-01T07:06:06.3816311Z ##[endgroup]
2026-10-01T07:06:06.3816921Z ##[group]Runner Image
2026-10-01T07:06:06.3817529Z Image: ubuntu-24.04
2026-10-01T07:06:06.3818402Z Version: 20260927.320.1
2026-10-01T07:06:06.3820104Z Included Software: https://github.com/actions/runner-images/blob/ubuntu24/20260927.320/images/ubuntu/Ubuntu2404-Readme.md
2026-10-01T07:06:06.3821840Z Image Release: https://github.com/actions/runner-images/releases/tag/ubuntu24%2F20260927.320
2026-10-01T07:06:06.3822842Z ##[endgroup]
2026-10-01T07:06:06.3824122Z ##[group]GITHUB_TOKEN Permissions
2026-10-01T07:06:06.3826300Z Contents: read
2026-10-01T07:06:06.3827269Z Metadata: read
2026-10-01T07:06:06.3827942Z Packages: read
2026-10-01T07:06:06.3829041Z ##[endgroup]
2026-10-01T07:06:06.3831303Z Secret source: Actions
2026-10-01T07:06:06.3832262Z Cache mode: write
2026-10-01T07:06:06.3833048Z Prepare workflow directory
2026-10-01T07:06:06.4180827Z Prepare all required actions
2026-10-01T07:06:06.4231301Z Getting action download info
2026-10-01T07:06:06.8269590Z Download action repository 'actions/checkout@v4' (SHA:11d5960a326750d5838078e36cf38b85af677262)
2026-10-01T07:06:06.9373458Z Download action repository 'actions/setup-node@v4' (SHA:49933ea5288caeca8642d1e84afbd3f7d6820020)
2026-10-01T07:06:07.1331457Z Complete job name: smoke
2026-10-01T07:06:07.2095791Z ##[group]Run actions/checkout@v4
2026-10-01T07:06:07.2096705Z with:
2026-10-01T07:06:07.2097156Z   repository: kevinrhaas/chicago
2026-10-01T07:06:07.2101038Z   token: ***
2026-10-01T07:06:07.2101485Z   ssh-strict: true
2026-10-01T07:06:07.2101926Z   ssh-user: git
2026-10-01T07:06:07.2102363Z   persist-credentials: true
2026-10-01T07:06:07.2102847Z   clean: true
2026-10-01T07:06:07.2103289Z   sparse-checkout-cone-mode: true
2026-10-01T07:06:07.2103804Z   fetch-depth: 1
2026-10-01T07:06:07.2104235Z   fetch-tags: false
2026-10-01T07:06:07.2104674Z   show-progress: true
2026-10-01T07:06:07.2105111Z   lfs: false
2026-10-01T07:06:07.2105516Z   submodules: false
2026-10-01T07:06:07.2105959Z   set-safe-directory: true
2026-10-01T07:06:07.2106460Z   allow-unsafe-pr-checkout: false
2026-10-01T07:06:07.2107221Z ##[endgroup]
2026-10-01T07:06:07.3135150Z Syncing repository: kevinrhaas/chicago
2026-10-01T07:06:07.3136972Z ##[group]Getting Git version info
2026-10-01T07:06:07.3137818Z Working directory is '/home/runner/work/chicago/chicago'
2026-10-01T07:06:07.3139351Z [command]/usr/bin/git version
2026-10-01T07:06:07.3217639Z git version 2.55.0
2026-10-01T07:06:07.3239438Z ##[endgroup]
2026-10-01T07:06:07.3255705Z Temporarily overriding HOME='/home/runner/work/_temp/12172511-69d7-490f-9804-c9225db972a6' before making global git config changes
2026-10-01T07:06:07.3258406Z Adding repository directory to the temporary git global config as a safe directory
2026-10-01T07:06:07.3262279Z [command]/usr/bin/git config --global --add safe.directory /home/runner/work/chicago/chicago
2026-10-01T07:06:07.3316298Z Deleting the contents of '/home/runner/work/chicago/chicago'
2026-10-01T07:06:07.3321569Z ##[group]Initializing the repository
2026-10-01T07:06:07.3325302Z [command]/usr/bin/git init /home/runner/work/chicago/chicago
2026-10-01T07:06:07.3452706Z hint: Using 'master' as the name for the initial branch. This default branch name
2026-10-01T07:06:07.3454556Z hint: will change to "main" in Git 3.0. To configure the initial branch name
2026-10-01T07:06:07.3455876Z hint: to use in all of your new repositories, which will suppress this warning,
2026-10-01T07:06:07.3456632Z hint: call:
2026-10-01T07:06:07.3457033Z hint:
2026-10-01T07:06:07.3457543Z hint: 	git config --global init.defaultBranch <name>
2026-10-01T07:06:07.3458544Z hint:
2026-10-01T07:06:07.3459151Z hint: Names commonly chosen instead of 'master' are 'main', 'trunk' and
2026-10-01T07:06:07.3460083Z hint: 'development'. The just-created branch can be renamed via this command:
2026-10-01T07:06:07.3460813Z hint:
2026-10-01T07:06:07.3461219Z hint: 	git branch -m <name>
2026-10-01T07:06:07.3461686Z hint:
2026-10-01T07:06:07.3462311Z hint: Disable this message with "git config set advice.defaultBranchName false"
2026-10-01T07:06:07.3467288Z Initialized empty Git repository in /home/runner/work/chicago/chicago/.git/
2026-10-01T07:06:07.3480851Z [command]/usr/bin/git remote add origin https://github.com/kevinrhaas/chicago
2026-10-01T07:06:07.3536137Z ##[endgroup]
2026-10-01T07:06:07.3537572Z ##[group]Disabling automatic garbage collection
2026-10-01T07:06:07.3539982Z [command]/usr/bin/git config --local gc.auto 0
2026-10-01T07:06:07.3570155Z ##[endgroup]
2026-10-01T07:06:07.3570921Z ##[group]Setting up auth
2026-10-01T07:06:07.3576666Z [command]/usr/bin/git config --local --name-only --get-regexp core\.sshCommand
2026-10-01T07:06:07.3608019Z [command]/usr/bin/git submodule foreach --recursive sh -c "git config --local --name-only --get-regexp 'core\.sshCommand' && git config --local --unset-all 'core.sshCommand' || :"
2026-10-01T07:06:07.3996532Z [command]/usr/bin/git config --local --name-only --get-regexp http\.https\:\/\/github\.com\/\.extraheader
2026-10-01T07:06:07.4028979Z [command]/usr/bin/git submodule foreach --recursive sh -c "git config --local --name-only --get-regexp 'http\.https\:\/\/github\.com\/\.extraheader' && git config --local --unset-all 'http.https://github.com/.extraheader' || :"
2026-10-01T07:06:07.4251804Z [command]/usr/bin/git config --local --name-only --get-regexp ^includeIf\.gitdir:
2026-10-01T07:06:07.4283390Z [command]/usr/bin/git submodule foreach --recursive git config --local --show-origin --name-only --get-regexp remote.origin.url
2026-10-01T07:06:07.4523591Z [command]/usr/bin/git config --local http.https://github.com/.extraheader AUTHORIZATION: basic ***
2026-10-01T07:06:07.4563987Z ##[endgroup]
2026-10-01T07:06:07.4565432Z ##[group]Fetching the repository
2026-10-01T07:06:07.4574758Z [command]/usr/bin/git -c protocol.version=2 fetch --no-tags --prune --no-recurse-submodules --depth=1 origin +ef515fab75dd9d989faa7ce6ee0fc09546aff7f5:refs/remotes/origin/steward/t1766-canal-grocery-workshops
2026-10-01T07:06:55.6322513Z From https://github.com/kevinrhaas/chicago
2026-10-01T07:06:55.6323441Z  * [new ref]         ef515fab75dd9d989faa7ce6ee0fc09546aff7f5 -> origin/steward/t1766-canal-grocery-workshops
2026-10-01T07:06:55.6330367Z ##[endgroup]
2026-10-01T07:06:55.6331239Z ##[group]Determining the checkout info
2026-10-01T07:06:55.6332265Z ##[endgroup]
2026-10-01T07:06:55.6336701Z [command]/usr/bin/git sparse-checkout disable
2026-10-01T07:06:55.6385444Z [command]/usr/bin/git config --local --unset-all extensions.worktreeConfig
2026-10-01T07:06:55.6415531Z ##[group]Checking out the ref
2026-10-01T07:06:55.6419880Z [command]/usr/bin/git checkout --progress --force -B steward/t1766-canal-grocery-workshops refs/remotes/origin/steward/t1766-canal-grocery-workshops
2026-10-01T07:06:56.7122908Z Updating files:  62% (5642/9085)
2026-10-01T07:06:56.7162128Z Updating files:  63% (5724/9085)
2026-10-01T07:06:56.7201595Z Updating files:  64% (5815/9085)
2026-10-01T07:06:56.7264285Z Updating files:  65% (5906/9085)
2026-10-01T07:06:56.7355808Z Updating files:  66% (5997/9085)
2026-10-01T07:06:56.7422509Z Updating files:  67% (6087/9085)
2026-10-01T07:06:56.7475088Z Updating files:  68% (6178/9085)
2026-10-01T07:06:56.7525853Z Updating files:  69% (6269/9085)
2026-10-01T07:06:56.7575287Z Updating files:  70% (6360/9085)
2026-10-01T07:06:56.7756094Z Updating files:  71% (6451/9085)
2026-10-01T07:06:56.7961746Z Updating files:  72% (6542/9085)
2026-10-01T07:06:56.8334263Z Updating files:  73% (6633/9085)
2026-10-01T07:06:57.0236636Z Updating files:  74% (6723/9085)
2026-10-01T07:06:57.0446247Z Updating files:  75% (6814/9085)
2026-10-01T07:06:57.0830923Z Updating files:  76% (6905/9085)
2026-10-01T07:06:57.1520609Z Updating files:  77% (6996/9085)
2026-10-01T07:06:57.1844912Z Updating files:  78% (7087/9085)
2026-10-01T07:06:57.2090113Z Updating files:  79% (7178/9085)
2026-10-01T07:06:57.2285419Z Updating files:  80% (7268/9085)
2026-10-01T07:06:57.2441652Z Updating files:  81% (7359/9085)
2026-10-01T07:06:57.2585432Z Updating files:  82% (7450/9085)
2026-10-01T07:06:57.2704333Z Updating files:  83% (7541/9085)
2026-10-01T07:06:57.2850585Z Updating files:  84% (7632/9085)
2026-10-01T07:06:57.2999566Z Updating files:  85% (7723/9085)
2026-10-01T07:06:57.3141741Z Updating files:  86% (7814/9085)
2026-10-01T07:06:57.4044975Z Updating files:  87% (7904/9085)
2026-10-01T07:06:57.4523485Z Updating files:  88% (7995/9085)
2026-10-01T07:06:57.6563654Z Updating files:  89% (8086/9085)
2026-10-01T07:06:57.6749348Z Updating files:  89% (8168/9085)
2026-10-01T07:06:58.0173914Z Updating files:  90% (8177/9085)
2026-10-01T07:06:58.2596688Z Updating files:  91% (8268/9085)
2026-10-01T07:06:58.3794133Z Updating files:  92% (8359/9085)
2026-10-01T07:06:58.4325335Z Updating files:  93% (8450/9085)
2026-10-01T07:06:58.4715928Z Updating files:  94% (8540/9085)
2026-10-01T07:06:58.6029313Z Updating files:  95% (8631/9085)
2026-10-01T07:06:58.6533223Z Updating files:  96% (8722/9085)
2026-10-01T07:06:58.7300787Z Updating files:  96% (8744/9085)
2026-10-01T07:06:58.8047319Z Updating files:  97% (8813/9085)
2026-10-01T07:06:59.1075097Z Updating files:  98% (8904/9085)
2026-10-01T07:06:59.3927183Z Updating files:  99% (8995/9085)
2026-10-01T07:06:59.3927626Z Updating files: 100% (9085/9085)
2026-10-01T07:06:59.3928001Z Updating files: 100% (9085/9085), done.
2026-10-01T07:06:59.4022570Z Switched to a new branch 'steward/t1766-canal-grocery-workshops'
2026-10-01T07:06:59.4030259Z branch 'steward/t1766-canal-grocery-workshops' set up to track 'origin/steward/t1766-canal-grocery-workshops'.
2026-10-01T07:06:59.4271603Z ##[endgroup]
2026-10-01T07:06:59.4276791Z [command]/usr/bin/git log -1 --format=%H
2026-10-01T07:06:59.4303444Z ef515fab75dd9d989faa7ce6ee0fc09546aff7f5
2026-10-01T07:06:59.4566262Z ##[group]Run actions/setup-node@v4
2026-10-01T07:06:59.4566558Z with:
2026-10-01T07:06:59.4566761Z   node-version: 22
2026-10-01T07:06:59.4566993Z   always-auth: false
2026-10-01T07:06:59.4567213Z   check-latest: false
2026-10-01T07:06:59.4569928Z   token: ***
2026-10-01T07:06:59.4570149Z ##[endgroup]
2026-10-01T07:06:59.5983358Z Found in cache @ /opt/hostedtoolcache/node/22.23.3/x64
2026-10-01T07:06:59.5986094Z (node:2322) [DEP0040] DeprecationWarning: The `punycode` module is deprecated. Please use a userland alternative instead.
2026-10-01T07:06:59.5986975Z (Use `node --trace-deprecation ...` to show where the warning was created)
2026-10-01T07:06:59.5989488Z ##[group]Environment details
2026-10-01T07:07:00.0311574Z node: v22.23.3
2026-10-01T07:07:00.0311879Z npm: 10.9.9
2026-10-01T07:07:00.0312231Z yarn: 1.22.22
2026-10-01T07:07:00.0313279Z ##[endgroup]
2026-10-01T07:07:00.0450269Z ##[group]Run set -e
2026-10-01T07:07:00.0450593Z [36;1mset -e[0m
2026-10-01T07:07:00.0450857Z [36;1mnpm install -g playwright@1.56.1[0m
2026-10-01T07:07:00.0451338Z [36;1mnode "$(npm root -g)/playwright/cli.js" install --with-deps chromium[0m
2026-10-01T07:07:00.0790732Z shell: /usr/bin/bash -e {0}
2026-10-01T07:07:00.0791095Z ##[endgroup]
2026-10-01T07:07:02.0059690Z 
2026-10-01T07:07:02.0068811Z added 2 packages in 2s
2026-10-01T07:07:02.6982298Z Installing dependencies...
2026-10-01T07:07:02.7047289Z Switching to root user to install dependencies...
2026-10-01T07:07:02.7815411Z Get:1 file:/etc/apt/apt-mirrors.txt Mirrorlist [144 B]
2026-10-01T07:07:02.8147078Z Hit:2 http://azure.archive.ubuntu.com/ubuntu noble InRelease
2026-10-01T07:07:02.8189566Z Get:6 https://packages.microsoft.com/ubuntu/24.04/prod noble InRelease [3600 B]
2026-10-01T07:07:02.8191414Z Get:3 http://azure.archive.ubuntu.com/ubuntu noble-updates InRelease [126 kB]
2026-10-01T07:07:02.8224233Z Get:4 http://azure.archive.ubuntu.com/ubuntu noble-backports InRelease [126 kB]
2026-10-01T07:07:02.8283062Z Get:5 http://azure.archive.ubuntu.com/ubuntu noble-security InRelease [126 kB]
2026-10-01T07:07:02.9347951Z Get:7 https://packages.microsoft.com/ubuntu/24.04/prod noble/main arm64 Packages [456 kB]
2026-10-01T07:07:02.9487246Z Get:8 https://packages.microsoft.com/ubuntu/24.04/prod noble/main amd64 Packages [509 kB]
2026-10-01T07:07:02.9864066Z Get:9 http://azure.archive.ubuntu.com/ubuntu noble-updates/main amd64 Packages [1342 kB]
2026-10-01T07:07:02.9930821Z Get:10 http://azure.archive.ubuntu.com/ubuntu noble-updates/main Translation-en [302 kB]
2026-10-01T07:07:02.9960625Z Get:11 http://azure.archive.ubuntu.com/ubuntu noble-updates/main amd64 Components [181 kB]
2026-10-01T07:07:02.9967032Z Get:12 http://azure.archive.ubuntu.com/ubuntu noble-updates/universe amd64 Packages [1699 kB]
2026-10-01T07:07:03.0149478Z Get:13 http://azure.archive.ubuntu.com/ubuntu noble-updates/universe Translation-en [341 kB]
2026-10-01T07:07:03.0153316Z Get:14 http://azure.archive.ubuntu.com/ubuntu noble-updates/universe amd64 Components [388 kB]
2026-10-01T07:07:03.0178521Z Get:15 http://azure.archive.ubuntu.com/ubuntu noble-updates/restricted amd64 Packages [1697 kB]
2026-10-01T07:07:03.0260738Z Get:16 http://azure.archive.ubuntu.com/ubuntu noble-updates/restricted Translation-en [388 kB]
2026-10-01T07:07:03.0284909Z Get:17 http://azure.archive.ubuntu.com/ubuntu noble-updates/multiverse amd64 Components [940 B]
2026-10-01T07:07:03.0441444Z Get:18 http://azure.archive.ubuntu.com/ubuntu noble-backports/main amd64 Components [5760 B]
2026-10-01T07:07:03.0876314Z Get:19 http://azure.archive.ubuntu.com/ubuntu noble-backports/universe amd64 Components [12.6 kB]
2026-10-01T07:07:03.0954360Z Get:20 http://azure.archive.ubuntu.com/ubuntu noble-security/main amd64 Packages [1066 kB]
2026-10-01T07:07:03.1004808Z Get:21 http://azure.archive.ubuntu.com/ubuntu noble-security/main Translation-en [220 kB]
2026-10-01T07:07:03.1020604Z Get:22 http://azure.archive.ubuntu.com/ubuntu noble-security/main amd64 Components [46.4 kB]
2026-10-01T07:07:03.1030600Z Get:23 http://azure.archive.ubuntu.com/ubuntu noble-security/universe amd64 Packages [1216 kB]
2026-10-01T07:07:03.1087768Z Get:24 http://azure.archive.ubuntu.com/ubuntu noble-security/universe Translation-en [244 kB]
2026-10-01T07:07:03.1113428Z Get:25 http://azure.archive.ubuntu.com/ubuntu noble-security/universe amd64 Components [76.3 kB]
2026-10-01T07:07:03.1119685Z Get:26 http://azure.archive.ubuntu.com/ubuntu noble-security/restricted amd64 Packages [1566 kB]
2026-10-01T07:07:03.1191194Z Get:27 http://azure.archive.ubuntu.com/ubuntu noble-security/restricted Translation-en [361 kB]
2026-10-01T07:07:08.3440109Z Fetched 12.5 MB in 1s (9318 kB/s)
2026-10-01T07:07:09.1862405Z Reading package lists...
2026-10-01T07:07:09.2346532Z Reading package lists...
2026-10-01T07:07:09.4058063Z Building dependency tree...
2026-10-01T07:07:09.4065089Z Reading state information...
2026-10-01T07:07:09.5557552Z libasound2t64 is already the newest version (1.2.11-1ubuntu0.3).
2026-10-01T07:07:09.5558930Z libasound2t64 set to manually installed.
2026-10-01T07:07:09.5560019Z libatk-bridge2.0-0t64 is already the newest version (2.52.0-1build1).
2026-10-01T07:07:09.5561094Z libatk-bridge2.0-0t64 set to manually installed.
2026-10-01T07:07:09.5561908Z libatk1.0-0t64 is already the newest version (2.52.0-1build1).
2026-10-01T07:07:09.5562582Z libatk1.0-0t64 set to manually installed.
2026-10-01T07:07:09.5563655Z libatspi2.0-0t64 is already the newest version (2.52.0-1build1).
2026-10-01T07:07:09.5564640Z libatspi2.0-0t64 set to manually installed.
2026-10-01T07:07:09.5565439Z libcairo2 is already the newest version (1.18.0-3build1).
2026-10-01T07:07:09.5566160Z libcairo2 set to manually installed.
2026-10-01T07:07:09.5566937Z libcups2t64 is already the newest version (2.4.7-1.2ubuntu7.14).
2026-10-01T07:07:09.5567822Z libcups2t64 set to manually installed.
2026-10-01T07:07:09.5568777Z libdbus-1-3 is already the newest version (1.14.10-4ubuntu4.1).
2026-10-01T07:07:09.5569481Z libdbus-1-3 set to manually installed.
2026-10-01T07:07:09.5569996Z libdrm2 is already the newest version (2.4.125-1ubuntu0.1~24.04.2).
2026-10-01T07:07:09.5570488Z libdrm2 set to manually installed.
2026-10-01T07:07:09.5570981Z libglib2.0-0t64 is already the newest version (2.80.0-6ubuntu3.9).
2026-10-01T07:07:09.5571483Z libglib2.0-0t64 set to manually installed.
2026-10-01T07:07:09.5571982Z libnspr4 is already the newest version (2:4.35-1.1build1).
2026-10-01T07:07:09.5572439Z libnspr4 set to manually installed.
2026-10-01T07:07:09.5572909Z libnss3 is already the newest version (2:3.98-1ubuntu0.2).
2026-10-01T07:07:09.5573471Z libnss3 set to manually installed.
2026-10-01T07:07:09.5573965Z libpango-1.0-0 is already the newest version (1.52.1+ds-1build1).
2026-10-01T07:07:09.5574392Z libpango-1.0-0 set to manually installed.
2026-10-01T07:07:09.5574781Z libx11-6 is already the newest version (2:1.8.7-1build1).
2026-10-01T07:07:09.5575213Z libx11-6 set to manually installed.
2026-10-01T07:07:09.5575581Z libxcb1 is already the newest version (1.15-1ubuntu2).
2026-10-01T07:07:09.5575936Z libxcb1 set to manually installed.
2026-10-01T07:07:09.5576348Z libxcomposite1 is already the newest version (1:0.4.5-1build3).
2026-10-01T07:07:09.5576757Z libxcomposite1 set to manually installed.
2026-10-01T07:07:09.5577164Z libxdamage1 is already the newest version (1:1.1.6-1build1).
2026-10-01T07:07:09.5577592Z libxdamage1 set to manually installed.
2026-10-01T07:07:09.5577982Z libxext6 is already the newest version (2:1.3.4-1build2).
2026-10-01T07:07:09.5578675Z libxext6 set to manually installed.
2026-10-01T07:07:09.5579060Z libxfixes3 is already the newest version (1:6.0.0-2build1).
2026-10-01T07:07:09.5579443Z libxfixes3 set to manually installed.
2026-10-01T07:07:09.5579847Z libxkbcommon0 is already the newest version (1.6.0-1build1).
2026-10-01T07:07:09.5580242Z libxkbcommon0 set to manually installed.
2026-10-01T07:07:09.5580659Z libxrandr2 is already the newest version (2:1.5.2-2build1).
2026-10-01T07:07:09.5581031Z libxrandr2 set to manually installed.
2026-10-01T07:07:09.5581419Z xvfb is already the newest version (2:21.1.12-1ubuntu1.8).
2026-10-01T07:07:09.5581963Z fonts-noto-color-emoji is already the newest version (2.047-0ubuntu0.24.04.1).
2026-10-01T07:07:09.5582525Z libfontconfig1 is already the newest version (2.15.0-1.1ubuntu2).
2026-10-01T07:07:09.5582948Z libfontconfig1 set to manually installed.
2026-10-01T07:07:09.5583389Z libfreetype6 is already the newest version (2.13.2+dfsg-1ubuntu0.1).
2026-10-01T07:07:09.5583818Z libfreetype6 set to manually installed.
2026-10-01T07:07:09.5584229Z fonts-liberation is already the newest version (1:2.1.5-3).
2026-10-01T07:07:09.5584636Z fonts-liberation set to manually installed.
2026-10-01T07:07:09.5585030Z The following additional packages will be installed:
2026-10-01T07:07:09.5585497Z   libgl1-mesa-dri libglx-mesa0 libwayland-server0 mesa-libgallium
2026-10-01T07:07:09.5585888Z   xfonts-encodings xfonts-utils
2026-10-01T07:07:09.5586346Z Recommended packages:
2026-10-01T07:07:09.5586630Z   fonts-ipafont-mincho fonts-tlwg-loma
2026-10-01T07:07:09.5805981Z The following NEW packages will be installed:
2026-10-01T07:07:09.5807000Z   fonts-freefont-ttf fonts-ipafont-gothic fonts-tlwg-loma-otf fonts-unifont
2026-10-01T07:07:09.5813537Z   fonts-wqy-zenhei libwayland-server0 xfonts-cyrillic xfonts-encodings
2026-10-01T07:07:09.5814357Z   xfonts-scalable xfonts-utils
2026-10-01T07:07:09.5819352Z The following packages will be upgraded:
2026-10-01T07:07:09.5824659Z   libgbm1 libgl1-mesa-dri libglx-mesa0 mesa-libgallium
2026-10-01T07:07:09.5994107Z 4 upgraded, 10 newly installed, 0 to remove and 19 not upgraded.
2026-10-01T07:07:09.5994887Z Need to get 32.1 MB of archives.
2026-10-01T07:07:09.5995644Z After this operation, 79.7 MB of additional disk space will be used.
2026-10-01T07:07:09.5996781Z Get:1 file:/etc/apt/apt-mirrors.txt Mirrorlist [144 B]
2026-10-01T07:07:09.7757713Z Get:2 http://azure.archive.ubuntu.com/ubuntu noble/universe amd64 fonts-ipafont-gothic all 00303-21ubuntu1 [3513 kB]
2026-10-01T07:07:10.1133184Z Get:3 http://azure.archive.ubuntu.com/ubuntu noble/main amd64 fonts-freefont-ttf all 20211204+svn4273-2 [5641 kB]
2026-10-01T07:07:10.5572891Z Get:4 http://azure.archive.ubuntu.com/ubuntu noble/universe amd64 fonts-tlwg-loma-otf all 1:0.7.3-1 [107 kB]
2026-10-01T07:07:10.7178940Z Get:5 http://azure.archive.ubuntu.com/ubuntu noble/universe amd64 fonts-unifont all 1:15.1.01-1build1 [2993 kB]
2026-10-01T07:07:11.0281260Z Get:6 http://azure.archive.ubuntu.com/ubuntu noble/universe amd64 fonts-wqy-zenhei all 0.9.45-8 [7472 kB]
2026-10-01T07:07:11.5679061Z Get:7 http://azure.archive.ubuntu.com/ubuntu noble-updates/main amd64 libgl1-mesa-dri amd64 25.2.8-0ubuntu0.24.04.3 [37.9 kB]
2026-10-01T07:07:11.7284191Z Get:8 http://azure.archive.ubuntu.com/ubuntu noble/main amd64 libwayland-server0 amd64 1.22.0-2.1build1 [33.9 kB]
2026-10-01T07:07:11.8887532Z Get:9 http://azure.archive.ubuntu.com/ubuntu noble-updates/main amd64 libglx-mesa0 amd64 25.2.8-0ubuntu0.24.04.3 [110 kB]
2026-10-01T07:07:12.0526408Z Get:10 http://azure.archive.ubuntu.com/ubuntu noble-updates/main amd64 libgbm1 amd64 25.2.8-0ubuntu0.24.04.3 [34.3 kB]
2026-10-01T07:07:12.2133036Z Get:11 http://azure.archive.ubuntu.com/ubuntu noble-updates/main amd64 mesa-libgallium amd64 25.2.8-0ubuntu0.24.04.3 [10.8 MB]
2026-10-01T07:07:12.9240383Z Get:12 http://azure.archive.ubuntu.com/ubuntu noble/main amd64 xfonts-encodings all 1:1.0.5-0ubuntu2 [578 kB]
2026-10-01T07:07:13.1097709Z Get:13 http://azure.archive.ubuntu.com/ubuntu noble/main amd64 xfonts-utils amd64 1:7.7+6build3 [94.4 kB]
2026-10-01T07:07:13.2724217Z Get:14 http://azure.archive.ubuntu.com/ubuntu noble/universe amd64 xfonts-cyrillic all 1:1.0.5+nmu1 [384 kB]
2026-10-01T07:07:13.4536367Z Get:15 http://azure.archive.ubuntu.com/ubuntu noble/main amd64 xfonts-scalable all 1:1.0.3-1.3 [304 kB]
2026-10-01T07:07:13.7137543Z Fetched 32.1 MB in 4s (8273 kB/s)
2026-10-01T07:07:13.7402147Z Selecting previously unselected package fonts-ipafont-gothic.
2026-10-01T07:07:13.7760723Z (Reading database ... 
2026-10-01T07:07:13.7761371Z (Reading database ... 5%
2026-10-01T07:07:13.7761754Z (Reading database ... 10%
2026-10-01T07:07:13.7762107Z (Reading database ... 15%
2026-10-01T07:07:13.7762461Z (Reading database ... 20%
2026-10-01T07:07:13.7762829Z (Reading database ... 25%
2026-10-01T07:07:13.7763119Z (Reading database ... 30%
2026-10-01T07:07:13.7763405Z (Reading database ... 35%
2026-10-01T07:07:13.7763699Z (Reading database ... 40%
2026-10-01T07:07:13.7763984Z (Reading database ... 45%
2026-10-01T07:07:13.7764271Z (Reading database ... 50%
2026-10-01T07:07:13.7821509Z (Reading database ... 55%
2026-10-01T07:07:13.8799917Z (Reading database ... 60%
2026-10-01T07:07:14.0895985Z (Reading database ... 65%
2026-10-01T07:07:14.2761285Z (Reading database ... 70%
2026-10-01T07:07:14.4457216Z (Reading database ... 75%
2026-10-01T07:07:14.5783970Z (Reading database ... 80%
2026-10-01T07:07:14.6939666Z (Reading database ... 85%
2026-10-01T07:07:14.7802227Z (Reading database ... 90%
2026-10-01T07:07:14.8801122Z (Reading database ... 95%
2026-10-01T07:07:14.8801777Z (Reading database ... 100%
2026-10-01T07:07:14.8802699Z (Reading database ... 202296 files and directories currently installed.)
2026-10-01T07:07:14.8841304Z Preparing to unpack .../00-fonts-ipafont-gothic_00303-21ubuntu1_all.deb ...
2026-10-01T07:07:14.8935861Z Unpacking fonts-ipafont-gothic (00303-21ubuntu1) ...
2026-10-01T07:07:15.1209309Z Selecting previously unselected package fonts-freefont-ttf.
2026-10-01T07:07:15.1331217Z Preparing to unpack .../01-fonts-freefont-ttf_20211204+svn4273-2_all.deb ...
2026-10-01T07:07:15.1339769Z Unpacking fonts-freefont-ttf (20211204+svn4273-2) ...
2026-10-01T07:07:15.2096751Z Selecting previously unselected package fonts-tlwg-loma-otf.
2026-10-01T07:07:15.2219947Z Preparing to unpack .../02-fonts-tlwg-loma-otf_1%3a0.7.3-1_all.deb ...
2026-10-01T07:07:15.2229306Z Unpacking fonts-tlwg-loma-otf (1:0.7.3-1) ...
2026-10-01T07:07:15.2435474Z Selecting previously unselected package fonts-unifont.
2026-10-01T07:07:15.2559332Z Preparing to unpack .../03-fonts-unifont_1%3a15.1.01-1build1_all.deb ...
2026-10-01T07:07:15.2568203Z Unpacking fonts-unifont (1:15.1.01-1build1) ...
2026-10-01T07:07:15.3604474Z Selecting previously unselected package fonts-wqy-zenhei.
2026-10-01T07:07:15.3729032Z Preparing to unpack .../04-fonts-wqy-zenhei_0.9.45-8_all.deb ...
2026-10-01T07:07:15.3828339Z Unpacking fonts-wqy-zenhei (0.9.45-8) ...
2026-10-01T07:07:15.8552380Z Preparing to unpack .../05-libgl1-mesa-dri_25.2.8-0ubuntu0.24.04.3_amd64.deb ...
2026-10-01T07:07:15.8697952Z Unpacking libgl1-mesa-dri:amd64 (25.2.8-0ubuntu0.24.04.3) over (25.2.8-0ubuntu0.24.04.2) ...
2026-10-01T07:07:15.9056773Z Selecting previously unselected package libwayland-server0:amd64.
2026-10-01T07:07:15.9181118Z Preparing to unpack .../06-libwayland-server0_1.22.0-2.1build1_amd64.deb ...
2026-10-01T07:07:15.9200534Z Unpacking libwayland-server0:amd64 (1.22.0-2.1build1) ...
2026-10-01T07:07:15.9526881Z Preparing to unpack .../07-libglx-mesa0_25.2.8-0ubuntu0.24.04.3_amd64.deb ...
2026-10-01T07:07:15.9556739Z Unpacking libglx-mesa0:amd64 (25.2.8-0ubuntu0.24.04.3) over (25.2.8-0ubuntu0.24.04.2) ...
2026-10-01T07:07:15.9922498Z Preparing to unpack .../08-libgbm1_25.2.8-0ubuntu0.24.04.3_amd64.deb ...
2026-10-01T07:07:15.9950506Z Unpacking libgbm1:amd64 (25.2.8-0ubuntu0.24.04.3) over (25.2.8-0ubuntu0.24.04.2) ...
2026-10-01T07:07:16.0319378Z Preparing to unpack .../09-mesa-libgallium_25.2.8-0ubuntu0.24.04.3_amd64.deb ...
2026-10-01T07:07:16.0344673Z Unpacking mesa-libgallium:amd64 (25.2.8-0ubuntu0.24.04.3) over (25.2.8-0ubuntu0.24.04.2) ...
2026-10-01T07:07:16.2003097Z Selecting previously unselected package xfonts-encodings.
2026-10-01T07:07:16.2128041Z Preparing to unpack .../10-xfonts-encodings_1%3a1.0.5-0ubuntu2_all.deb ...
2026-10-01T07:07:16.2134885Z Unpacking xfonts-encodings (1:1.0.5-0ubuntu2) ...
2026-10-01T07:07:16.2409568Z Selecting previously unselected package xfonts-utils.
2026-10-01T07:07:16.2532392Z Preparing to unpack .../11-xfonts-utils_1%3a7.7+6build3_amd64.deb ...
2026-10-01T07:07:16.2538795Z Unpacking xfonts-utils (1:7.7+6build3) ...
2026-10-01T07:07:16.2916909Z Selecting previously unselected package xfonts-cyrillic.
2026-10-01T07:07:16.3039894Z Preparing to unpack .../12-xfonts-cyrillic_1%3a1.0.5+nmu1_all.deb ...
2026-10-01T07:07:16.3046319Z Unpacking xfonts-cyrillic (1:1.0.5+nmu1) ...
2026-10-01T07:07:16.3364301Z Selecting previously unselected package xfonts-scalable.
2026-10-01T07:07:16.3487540Z Preparing to unpack .../13-xfonts-scalable_1%3a1.0.3-1.3_all.deb ...
2026-10-01T07:07:16.3495859Z Unpacking xfonts-scalable (1:1.0.3-1.3) ...
2026-10-01T07:07:16.3939502Z Setting up libwayland-server0:amd64 (1.22.0-2.1build1) ...
2026-10-01T07:07:16.3960424Z Setting up mesa-libgallium:amd64 (25.2.8-0ubuntu0.24.04.3) ...
2026-10-01T07:07:16.3979855Z Setting up libgbm1:amd64 (25.2.8-0ubuntu0.24.04.3) ...
2026-10-01T07:07:16.3998745Z Setting up libgl1-mesa-dri:amd64 (25.2.8-0ubuntu0.24.04.3) ...
2026-10-01T07:07:16.4131943Z Setting up fonts-wqy-zenhei (0.9.45-8) ...
2026-10-01T07:07:16.4245253Z Setting up fonts-freefont-ttf (20211204+svn4273-2) ...
2026-10-01T07:07:16.4262525Z Setting up fonts-tlwg-loma-otf (1:0.7.3-1) ...
2026-10-01T07:07:16.4279084Z Setting up xfonts-encodings (1:1.0.5-0ubuntu2) ...
2026-10-01T07:07:16.4296501Z Setting up fonts-ipafont-gothic (00303-21ubuntu1) ...
2026-10-01T07:07:16.4356711Z update-alternatives: using /usr/share/fonts/opentype/ipafont-gothic/ipag.ttf to provide /usr/share/fonts/truetype/fonts-japanese-gothic.ttf (fonts-japanese-gothic.ttf) in auto mode
2026-10-01T07:07:16.4370048Z Setting up fonts-unifont (1:15.1.01-1build1) ...
2026-10-01T07:07:16.4386666Z Setting up libglx-mesa0:amd64 (25.2.8-0ubuntu0.24.04.3) ...
2026-10-01T07:07:16.4403717Z Setting up xfonts-utils (1:7.7+6build3) ...
2026-10-01T07:07:16.4442208Z Setting up xfonts-cyrillic (1:1.0.5+nmu1) ...
2026-10-01T07:07:16.4744790Z Setting up xfonts-scalable (1:1.0.3-1.3) ...
2026-10-01T07:07:16.5014350Z Processing triggers for libc-bin (2.39-0ubuntu8.9) ...
2026-10-01T07:07:16.5394185Z Processing triggers for man-db (2.12.0-4build2) ...
2026-10-01T07:07:16.5421117Z Not building database; man-db/auto-update is not 'true'.
2026-10-01T07:07:16.5437241Z Processing triggers for fontconfig (2.15.0-1.1ubuntu2) ...
2026-10-01T07:07:17.2942094Z 
2026-10-01T07:07:17.2942853Z Running kernel seems to be up-to-date.
2026-10-01T07:07:17.2943275Z 
2026-10-01T07:07:17.2943543Z No services need to be restarted.
2026-10-01T07:07:17.2943871Z 
2026-10-01T07:07:17.2944125Z No containers need to be restarted.
2026-10-01T07:07:17.2944435Z 
2026-10-01T07:07:17.2944763Z No user sessions are running outdated binaries.
2026-10-01T07:07:17.2945126Z 
2026-10-01T07:07:17.2945617Z No VM guests are running outdated hypervisor (qemu) binaries on this host.
2026-10-01T07:07:18.1192636Z Downloading Chromium 141.0.7390.37 (playwright build v1194) from https://cdn.playwright.dev/dbazure/download/playwright/builds/chromium/1194/chromium-linux.zip
2026-10-01T07:07:18.2467085Z |                                                                                |   0% of 173.9 MiB
2026-10-01T07:07:18.3618296Z |■■■■■■■■                                                                        |  10% of 173.9 MiB
2026-10-01T07:07:18.4463531Z |■■■■■■■■■■■■■■■■                                                                |  20% of 173.9 MiB
2026-10-01T07:07:18.5277581Z |■■■■■■■■■■■■■■■■■■■■■■■■                                                        |  30% of 173.9 MiB
2026-10-01T07:07:18.5953900Z |■■■■■■■■■■■■■■■■■■■■■■■■■■■■■■■■                                                |  40% of 173.9 MiB
2026-10-01T07:07:18.6636821Z |■■■■■■■■■■■■■■■■■■■■■■■■■■■■■■■■■■■■■■■■                                        |  50% of 173.9 MiB
2026-10-01T07:07:18.7312881Z |■■■■■■■■■■■■■■■■■■■■■■■■■■■■■■■■■■■■■■■■■■■■■■■■                                |  60% of 173.9 MiB
2026-10-01T07:07:18.7956550Z |■■■■■■■■■■■■■■■■■■■■■■■■■■■■■■■■■■■■■■■■■■■■■■■■■■■■■■■■                        |  70% of 173.9 MiB
2026-10-01T07:07:18.8580117Z |■■■■■■■■■■■■■■■■■■■■■■■■■■■■■■■■■■■■■■■■■■■■■■■■■■■■■■■■■■■■■■■■                |  80% of 173.9 MiB
2026-10-01T07:07:18.9209815Z |■■■■■■■■■■■■■■■■■■■■■■■■■■■■■■■■■■■■■■■■■■■■■■■■■■■■■■■■■■■■■■■■■■■■■■■■        |  90% of 173.9 MiB
2026-10-01T07:07:18.9864561Z |■■■■■■■■■■■■■■■■■■■■■■■■■■■■■■■■■■■■■■■■■■■■■■■■■■■■■■■■■■■■■■■■■■■■■■■■■■■■■■■■| 100% of 173.9 MiB
2026-10-01T07:07:22.5949869Z Chromium 141.0.7390.37 (playwright build v1194) downloaded to /home/runner/.cache/ms-playwright/chromium-1194
2026-10-01T07:07:22.5953078Z Downloading FFMPEG playwright build v1011 from https://cdn.playwright.dev/dbazure/download/playwright/builds/ffmpeg/1011/ffmpeg-linux.zip
2026-10-01T07:07:22.7198456Z |                                                                                |   0% of 2.3 MiB
2026-10-01T07:07:22.7236110Z |■■■■■■■■                                                                        |  10% of 2.3 MiB
2026-10-01T07:07:22.7264832Z |■■■■■■■■■■■■■■■■                                                                |  20% of 2.3 MiB
2026-10-01T07:07:22.7292776Z |■■■■■■■■■■■■■■■■■■■■■■■■                                                        |  30% of 2.3 MiB
2026-10-01T07:07:22.7314006Z |■■■■■■■■■■■■■■■■■■■■■■■■■■■■■■■■                                                |  40% of 2.3 MiB
2026-10-01T07:07:22.7336537Z |■■■■■■■■■■■■■■■■■■■■■■■■■■■■■■■■■■■■■■■■                                        |  50% of 2.3 MiB
2026-10-01T07:07:22.7356325Z |■■■■■■■■■■■■■■■■■■■■■■■■■■■■■■■■■■■■■■■■■■■■■■■■                                |  60% of 2.3 MiB
2026-10-01T07:07:22.7374360Z |■■■■■■■■■■■■■■■■■■■■■■■■■■■■■■■■■■■■■■■■■■■■■■■■■■■■■■■■                        |  70% of 2.3 MiB
2026-10-01T07:07:22.7393234Z |■■■■■■■■■■■■■■■■■■■■■■■■■■■■■■■■■■■■■■■■■■■■■■■■■■■■■■■■■■■■■■■■                |  80% of 2.3 MiB
2026-10-01T07:07:22.7410996Z |■■■■■■■■■■■■■■■■■■■■■■■■■■■■■■■■■■■■■■■■■■■■■■■■■■■■■■■■■■■■■■■■■■■■■■■■        |  90% of 2.3 MiB
2026-10-01T07:07:22.7423715Z |■■■■■■■■■■■■■■■■■■■■■■■■■■■■■■■■■■■■■■■■■■■■■■■■■■■■■■■■■■■■■■■■■■■■■■■■■■■■■■■■| 100% of 2.3 MiB
2026-10-01T07:07:22.7987353Z FFMPEG playwright build v1011 downloaded to /home/runner/.cache/ms-playwright/ffmpeg-1011
2026-10-01T07:07:22.7991740Z Downloading Chromium Headless Shell 141.0.7390.37 (playwright build v1194) from https://cdn.playwright.dev/dbazure/download/playwright/builds/chromium/1194/chromium-headless-shell-linux.zip
2026-10-01T07:07:22.9260499Z |                                                                                |   0% of 104.3 MiB
2026-10-01T07:07:23.0217337Z |■■■■■■■■                                                                        |  10% of 104.3 MiB
2026-10-01T07:07:23.0909732Z |■■■■■■■■■■■■■■■■                                                                |  20% of 104.3 MiB
2026-10-01T07:07:23.1382399Z |■■■■■■■■■■■■■■■■■■■■■■■■                                                        |  30% of 104.3 MiB
2026-10-01T07:07:23.1857810Z |■■■■■■■■■■■■■■■■■■■■■■■■■■■■■■■■                                                |  40% of 104.3 MiB
2026-10-01T07:07:23.2260212Z |■■■■■■■■■■■■■■■■■■■■■■■■■■■■■■■■■■■■■■■■                                        |  50% of 104.3 MiB
2026-10-01T07:07:23.2666919Z |■■■■■■■■■■■■■■■■■■■■■■■■■■■■■■■■■■■■■■■■■■■■■■■■                                |  60% of 104.3 MiB
2026-10-01T07:07:23.3064315Z |■■■■■■■■■■■■■■■■■■■■■■■■■■■■■■■■■■■■■■■■■■■■■■■■■■■■■■■■                        |  70% of 104.3 MiB
2026-10-01T07:07:23.3439128Z |■■■■■■■■■■■■■■■■■■■■■■■■■■■■■■■■■■■■■■■■■■■■■■■■■■■■■■■■■■■■■■■■                |  80% of 104.3 MiB
2026-10-01T07:07:23.3832449Z |■■■■■■■■■■■■■■■■■■■■■■■■■■■■■■■■■■■■■■■■■■■■■■■■■■■■■■■■■■■■■■■■■■■■■■■■        |  90% of 104.3 MiB
2026-10-01T07:07:23.4223883Z |■■■■■■■■■■■■■■■■■■■■■■■■■■■■■■■■■■■■■■■■■■■■■■■■■■■■■■■■■■■■■■■■■■■■■■■■■■■■■■■■| 100% of 104.3 MiB
2026-10-01T07:07:25.4682050Z Chromium Headless Shell 141.0.7390.37 (playwright build v1194) downloaded to /home/runner/.cache/ms-playwright/chromium_headless_shell-1194
2026-10-01T07:07:25.5658659Z ##[group]Run bash tools/publish.sh
2026-10-01T07:07:25.5659057Z [36;1mbash tools/publish.sh[0m
2026-10-01T07:07:25.5724262Z shell: /usr/bin/bash -e {0}
2026-10-01T07:07:25.5724540Z ##[endgroup]
2026-10-01T07:07:26.5070224Z Glessner v4 package verified; 3 missing GLB(s) materialized.
2026-10-01T07:07:27.1754131Z shipped derivatives: 501 pair(s) carry the master's triangles, node identity and contract attributes; worst bounding-box disagreement 2.68 of 4 rungs; 0 asset(s) lose their material identity to the publish path (banked, K36(b)); 4 master passthrough(s), all of them decided (K38); and every one of them records the master it was made from, which is still the master in the tree (K39)
2026-10-01T07:07:27.2308312Z Prairie Avenue browser published: /home/runner/work/chicago/chicago/site/4d/prairie-1904
2026-10-01T07:07:27.3179837Z published 15 map images + viewer + media to site/pre-fire
2026-10-01T07:07:27.3828868Z    changelog.js published to site/4d/js/changelog.js (T-0722)
2026-10-01T07:07:27.3835261Z    changelog.js published to site/4d/walk/js/changelog.js (T-0722)
2026-10-01T07:07:28.2392747Z tickets: cloned https://github.com/kevinrhaas/chicago-tickets.git → tickets/ (1661 tickets)
2026-10-01T07:07:29.6374677Z entry pages: index.html, 1812/index.html, 1835/index.html, 1880/index.html, 1904/index.html
2026-10-01T07:07:29.6439911Z    build ef515fa  Oct 1, 2026, 2:07 AM CT
2026-10-01T07:07:29.6947124Z published ../../site/4d  (57.03 MB)
2026-10-01T07:07:29.6995611Z ##[group]Run node tools/smoke_renderer.mjs --published
2026-10-01T07:07:29.6996072Z [36;1mnode tools/smoke_renderer.mjs --published[0m
2026-10-01T07:07:29.7057741Z shell: /usr/bin/bash -e {0}
2026-10-01T07:07:29.7058000Z env:
2026-10-01T07:07:29.7058370Z   SMOKE_VIEWPORT: mobile
2026-10-01T07:07:29.7058620Z   SMOKE_STAGE: 3-6
2026-10-01T07:07:29.7058830Z ##[endgroup]
2026-10-01T07:07:30.1132630Z serving /home/runner/work/chicago/chicago/site/4d on 4187 — PUBLISHED mirror (compressed assets, visitor layout)
2026-10-01T07:07:30.1133522Z 
2026-10-01T07:07:30.1134018Z NOT THE FULL GATE — viewports filtered to "mobile"
2026-10-01T07:07:30.1134429Z 
2026-10-01T07:07:30.1135483Z NOT THE FULL GATE — stages filtered to "3-6" of 13
2026-10-01T07:07:30.1135916Z 
2026-10-01T07:07:30.1136148Z mobile 390x780:
2026-10-01T07:07:30.6176663Z   pass  mobile 390x780: page serves
2026-10-01T07:07:49.3860961Z   pass  mobile 390x780: scene reaches ready
2026-10-01T07:07:52.8285253Z   pass  mobile 390x780: the scene declares its exact consultation blockers
2026-10-01T07:07:52.8288387Z   pass  mobile 390x780: no unexpected loader problems
2026-10-01T07:07:52.8301307Z   pass  mobile 390x780: scene has structures
2026-10-01T07:07:52.8321277Z   pass  mobile 390x780: every structure that should draw, drew
2026-10-01T07:07:52.8507289Z   pass  mobile 390x780: no ground tile faces away from the sky
2026-10-01T07:07:52.8508101Z   pass  mobile 390x780: no ground vertex faces downward
2026-10-01T07:07:52.8508877Z   pass  mobile 390x780: the terrain and river report no load problems
2026-10-01T07:07:54.6941284Z   pass  mobile 390x780: the drawn ground matches the heightfield the town anchors to
2026-10-01T07:07:54.6945097Z   pass  mobile 390x780: the ground was conformed to the field, with nothing left over
2026-10-01T07:08:15.8678580Z   pass  mobile 390x780: an evidence-only household's head is a person a source names
2026-10-01T07:08:15.8689311Z   pass  mobile 390x780: nothing was drawn into an evidence-only household
2026-10-01T07:08:15.8690391Z   pass  mobile 390x780: the manifest's reconstructed count is the layer the records hold
2026-10-01T07:08:15.8691622Z   pass  mobile 390x780: every reconstructed person carries its stage, basis, seed and replacement
2026-10-01T07:08:15.8695152Z   pass  mobile 390x780: the household is named for its head and still says which layer it is
2026-10-01T07:08:17.5872590Z   pass  mobile 390x780: no building's name claims a grade its own record does not
2026-10-01T07:08:17.5874117Z   pass  mobile 390x780: that check still catches the fault when it is put back
2026-10-01T07:08:21.0267683Z   pass  mobile 390x780: no building titles itself by its part number
2026-10-01T07:08:21.0269071Z   pass  mobile 390x780: the naming rule titles a house for its people and an empty one plainly
2026-10-01T07:08:21.0270198Z   pass  mobile 390x780: the card shows that title and keeps the reference below it
2026-10-01T07:08:21.0271272Z   pass  mobile 390x780: search still finds a roof by its part number and a house by its household
2026-10-01T07:08:45.0378614Z   pass  mobile 390x780: hiding a level removes it from the view
2026-10-01T07:08:45.0379744Z   pass  mobile 390x780: hiding works with the colouring switched off
2026-10-01T07:08:45.0380843Z   pass  mobile 390x780: a hidden level is marked on the control and remembered
2026-10-01T07:08:46.9255334Z   pass  mobile 390x780: the control counts each level against the loaded town
2026-10-01T07:08:54.7808608Z   pass  mobile 390x780: pick('sauganash_hotel') opens the popup
2026-10-01T07:08:54.7809567Z   pass  mobile 390x780: popup carries a real citation
2026-10-01T07:08:54.7810432Z   pass  mobile 390x780: popup shows per-attribute confidence
2026-10-01T07:08:56.5143986Z   pass  mobile 390x780: every citation says what rung it is on
2026-10-01T07:08:56.5159378Z   pass  mobile 390x780: the rung belongs to its own citation
2026-10-01T07:08:58.2457268Z   pass  mobile 390x780: a citation says what document it reprints
2026-10-01T07:08:58.2459032Z   pass  mobile 390x780: a source that IS its document reprints nothing
2026-10-01T07:08:58.2459964Z   pass  mobile 390x780: a source states what it does not supply
2026-10-01T07:08:59.9818867Z   pass  mobile 390x780: the card's dossier link leaves the payload it is not in
2026-10-01T07:08:59.9819620Z   pass  mobile 390x780: a building with no dossier written offers no dossier link
2026-10-01T07:09:03.5186788Z   pass  mobile 390x780: an attested feature the model omits says so on its row
2026-10-01T07:09:03.5187607Z   pass  mobile 390x780: the documented wolf sign is built and its row is unmarked
2026-10-01T07:09:03.5188568Z   pass  mobile 390x780: a value a fixed default stands in for is marked differently
2026-10-01T07:09:03.5189337Z   pass  mobile 390x780: the recorded chimney count is built, so its row is unmarked
2026-10-01T07:09:03.5190065Z   pass  mobile 390x780: an attribute the generator builds carries no marker
2026-10-01T07:09:03.5190834Z   pass  mobile 390x780: a reading recorded but never a build instruction is not marked
2026-10-01T07:09:05.2809862Z   pass  mobile 390x780: the popup carries the liberties taken with this building
2026-10-01T07:09:05.2811051Z   pass  mobile 390x780: it shows the reasoning, not just the admission
2026-10-01T07:09:05.2812029Z   pass  mobile 390x780: another building gets its own liberties, not the whole list
2026-10-01T07:09:05.2812874Z   pass  mobile 390x780: a scene-wide liberty is not attached to a building
2026-10-01T07:09:07.0293476Z   pass  mobile 390x780: popup liberties start collapsed on their own pane and open on demand
2026-10-01T07:09:07.0303586Z   pass  mobile 390x780: the compiled agencies still carry a refused holding on a roof
2026-10-01T07:09:07.0304893Z   pass  mobile 390x780: the compiled agencies still put Hubbard & Co.'s holding on a roof
2026-10-01T07:09:08.7967897Z   pass  mobile 390x780: the card names the agency this house held, and its principal
2026-10-01T07:09:08.7989158Z   pass  mobile 390x780: it dates the holding by its printings and calls them printings
2026-10-01T07:09:08.8018889Z   pass  mobile 390x780: the holding cites the printings it rests on
2026-10-01T07:09:08.8052733Z   pass  mobile 390x780: the card says a holding is only a holding
2026-10-01T07:09:08.8078875Z   pass  mobile 390x780: a refused holding is on the card of the house it was refused for
2026-10-01T07:09:08.8101872Z   pass  mobile 390x780: a house that held no agency says nothing about one
2026-10-01T07:09:10.5538933Z   pass  mobile 390x780: the card says whether the building was here on the scene date
2026-10-01T07:09:10.5540073Z   pass  mobile 390x780: the presence claim is graded per building, not stamped
2026-10-01T07:09:10.5540846Z   pass  mobile 390x780: the presence claim carries its reasoning, folded away
2026-10-01T07:09:10.5543754Z   pass  mobile 390x780: the phase's own account of itself leads the card
2026-10-01T07:09:10.5545301Z   pass  mobile 390x780: a record without an account gets a lead composed from its function and location, marked as composed
2026-10-01T07:09:12.2873664Z   pass  mobile 390x780: the position's reasoning opens on demand
2026-10-01T07:09:18.0333568Z   pass  mobile 390x780: the card says how much of the shape is evidence
2026-10-01T07:09:18.0334626Z   pass  mobile 390x780: the footprint's reasoning is the record's, verbatim
2026-10-01T07:09:18.0335543Z   pass  mobile 390x780: and prints no dimension it would have had to invent
2026-10-01T07:09:25.6395258Z   pass  mobile 390x780: every graded claim in a record reaches the card as a chip
2026-10-01T07:09:27.5860687Z   pass  mobile 390x780: the facts carry grade dots, not chips
2026-10-01T07:09:35.1728787Z   pass  mobile 390x780: the card's per-level summary is a partition of its own claims
2026-10-01T07:09:35.1730339Z   pass  mobile 390x780: and it says what is NOT there, per building rather than stamped
2026-10-01T07:09:35.1731415Z   pass  mobile 390x780: a source on an invention is named as a bound, not as attribution
2026-10-01T07:09:35.1732713Z   pass  mobile 390x780: and separates what is attested from what is actually built
2026-10-01T07:09:35.1733790Z   pass  mobile 390x780: the summary defines each level in the Evidence panel's own words
2026-10-01T07:09:36.9358732Z   pass  mobile 390x780: established assets remain identified as real bakes
2026-10-01T07:09:36.9360013Z   pass  mobile 390x780: anonymous infill is visibly flagged as a reconstruction
2026-10-01T07:09:36.9363533Z   pass  mobile 390x780: that flag names the grade the record itself carries
2026-10-01T07:09:36.9364928Z   pass  mobile 390x780: the placeholder label agrees with the asset it describes
2026-10-01T07:09:36.9366132Z   pass  mobile 390x780: and a real bake told it is a stand-in is caught saying so
2026-10-01T07:09:38.7391746Z   pass  mobile 390x780: every held building says so on its card
2026-10-01T07:09:38.7392844Z   pass  mobile 390x780: and says what it is held for, in the record's own words
2026-10-01T07:09:38.7393828Z   pass  mobile 390x780: and a building that is not held does not claim to be
2026-10-01T07:09:40.4644121Z   pass  mobile 390x780: the record's own account reaches the card
2026-10-01T07:09:40.4644962Z   pass  mobile 390x780: it is the record's words, unabridged
2026-10-01T07:09:40.4645790Z   pass  mobile 390x780: another building gets its own account, not this one's
2026-10-01T07:09:42.1929225Z   pass  mobile 390x780: a building names the household the sources put in it
2026-10-01T07:09:42.1930758Z   pass  mobile 390x780: a person's grade is shown, and it is not a confidence chip
2026-10-01T07:09:42.1942789Z   pass  mobile 390x780: a building's household says on the card why it is attached there
2026-10-01T07:09:42.1946124Z   pass  mobile 390x780: a building with no household gets no section at all
2026-10-01T07:09:43.9097324Z   pass  mobile 390x780: the account starts collapsed on the Record pane and opens on demand
2026-10-01T07:09:45.6555797Z   pass  mobile 390x780: the card reads head, lead, facts, tabs, pane — in that order
2026-10-01T07:09:45.6556939Z   pass  mobile 390x780: the card opens on its Evidence pane with the other two folded
2026-10-01T07:09:45.6557879Z   pass  mobile 390x780: each moved section lives in the pane named for it
2026-10-01T07:09:45.6559172Z   pass  mobile 390x780: Hogan's facts say it was standing, from the year its record gives
2026-10-01T07:09:47.4797401Z   pass  mobile 390x780: a plain boot asks for no structure version and shows none (T-1727)
2026-10-01T07:10:10.9250968Z   pass  mobile 390x780: ?structure=bates_auction_room&version=fixture reaches ready (T-1727)
2026-10-01T07:10:18.2090033Z   pass  mobile 390x780: the version boot loads the fixture's own sidecar and mesh for that one structure (T-1727)
2026-10-01T07:10:18.2129705Z   pass  mobile 390x780: …and every other structure is the same record, the same mesh, in the same place (T-1727)
2026-10-01T07:10:18.2131501Z   pass  mobile 390x780: …the fixture stands exactly where the default did, as its identical record says (T-1727)
2026-10-01T07:10:18.2144734Z   pass  mobile 390x780: the HUD and the card both name the version, so two screenshots cannot be confused (T-1727)
2026-10-01T07:10:41.5190074Z   pass  mobile 390x780: the default address boots again after the version (T-1727)
2026-10-01T07:10:49.3271577Z   pass  mobile 390x780: raycast down the crosshair resolves a structure_id
2026-10-01T07:11:05.3327794Z   pass  mobile 390x780: walk intent moves the camera
2026-10-01T07:11:09.2637379Z   pass  mobile 390x780: walking stays exactly on the terrain through rises and falls
2026-10-01T07:11:12.2376264Z   pass  mobile 390x780: the walker is pushed out of a building footprint
2026-10-01T07:11:18.9029757Z   pass  mobile 390x780: the North Branch bridge has a walkable deck
2026-10-01T07:11:18.9031961Z   pass  mobile 390x780: the walker crosses the bridge end to end on its deck
2026-10-01T07:11:18.9033274Z   pass  mobile 390x780: the deck, not the wading barrier, is what holds the walker up
2026-10-01T07:11:18.9034433Z   pass  mobile 390x780: and walks off the far end onto the bank
2026-10-01T07:11:22.5850324Z   pass  mobile 390x780: a walker on the bank climbs the approach onto the deck
2026-10-01T07:11:35.1907795Z   pass  mobile 390x780: touch activates the touch backend
2026-10-01T07:11:35.1909070Z   pass  mobile 390x780: thumbstick writes forward intent
2026-10-01T07:11:51.1401438Z   pass  mobile 390x780: right-half drag turns the view
2026-10-01T07:11:53.1130073Z   pass  mobile 390x780: the scene's draw-call ceiling is the one this gate was written against
2026-10-01T07:11:53.1131363Z   pass  mobile 390x780: draw calls under budget at the reference stand
2026-10-01T07:11:53.1132355Z   pass  mobile 390x780: triangles under budget at the reference stand
2026-10-01T07:11:53.1133785Z         68 draw calls · 594312 tris · 3 batch(es) · 497 structure(s) · 7427 KB of GLB · 1 fps
2026-10-01T07:11:55.2019892Z   pass  mobile 390x780: the rendered ground covers the whole heightfield
2026-10-01T07:11:55.2030326Z   pass  mobile 390x780: no structure is collapsed to the quantisation clamp
2026-10-01T07:11:55.2043826Z   pass  mobile 390x780: every structure is rendered at a believable size
2026-10-01T07:11:55.2044998Z   pass  mobile 390x780: the Sauganash is rendered as its two-mass plan
2026-10-01T07:11:57.1495285Z   pass  mobile 390x780: no building hovers above the ground beneath it
2026-10-01T07:11:57.1523789Z   pass  mobile 390x780: rendered height matches the documented wall height
2026-10-01T07:17:12.6705113Z   pass  mobile 390x780: scene detail 'full' stays inside its own ceiling at the WORST stand
2026-10-01T07:17:12.6707850Z   pass  mobile 390x780: scene detail 'balanced' stays inside its own ceiling at the WORST stand
2026-10-01T07:17:12.6713798Z   pass  mobile 390x780: scene detail 'light' stays inside its own ceiling at the WORST stand
2026-10-01T07:17:12.6715952Z   pass  mobile 390x780: draw calls under budget at the town's WORST frame
2026-10-01T07:17:12.6717865Z   pass  mobile 390x780: turning scene detail down actually draws less, at every stand
2026-10-01T07:17:12.6720514Z   pass  mobile 390x780: the light tier draws inside its 90-call floor at the worst stand
2026-10-01T07:17:12.6722015Z   pass  mobile 390x780: the light tier stays materially cheaper than full at the worst stand
2026-10-01T07:17:12.6723941Z   pass  mobile 390x780: the level the visitor started on is restored
2026-10-01T07:17:12.6725259Z   pass  mobile 390x780: the light tier draws no furniture into the shadow map, and only the ground-hugging timber is exempt above it
2026-10-01T07:17:12.6727619Z   pass  mobile 390x780: the furniture reach is a ladder — full holds nothing back, and each rung below reaches less far
2026-10-01T07:17:12.6729271Z   pass  mobile 390x780: the far merge gives back draw calls down the axial street and moves no triangle doing it
2026-10-01T07:17:12.6730448Z   pass  mobile 390x780: the light tier holds furniture back down the axial street
2026-10-01T07:17:12.6731534Z   pass  mobile 390x780: the furniture reach is what makes the light tier cheaper down that street
2026-10-01T07:17:12.6732634Z   pass  mobile 390x780: the balanced tier holds furniture back down the axial street
2026-10-01T07:17:12.6733764Z   pass  mobile 390x780: the furniture reach is what makes the balanced tier cheaper down that street
2026-10-01T07:17:12.6734804Z   pass  mobile 390x780: the light tier's shorter shadow reach costs no texel
2026-10-01T07:17:12.6737070Z         detail  full 982056/1460000 (112 calls, ±240 m, 144/197 furniture casting)  ·  balanced 887813/1280000 (110 calls, ±240 m, 144/197 furniture casting)  ·  light 563927/825000 (62 calls, ±120 m, 0/197 furniture casting)
2026-10-01T07:17:12.6739733Z         full      worst   1,291,665 tris of 1,460,000 at Lake Street at Canal, east down the axis  ·  worst  185 calls at Lake Street at Canal, east down the axis
2026-10-01T07:17:12.6741851Z         balanced  worst   1,118,220 tris of 1,280,000 at Lake Street at Canal, east down the axis  ·  worst  175 calls at Lake Street at Canal, east down the axis
2026-10-01T07:17:12.6743915Z         light     worst     739,143 tris of 825,000 at the open aerial  ·  worst   77 calls at Lake and Market, the corner itself
2026-10-01T07:18:02.7471609Z   pass  mobile 390x780: tap-to-start reveals the walkthrough
2026-10-01T07:18:02.7472597Z   pass  mobile 390x780: first entry shows the navigation guide for the active input mode
2026-10-01T07:18:02.7490259Z   pass  mobile 390x780: no horizontal overflow
2026-10-01T07:18:23.3770001Z   pass  mobile 390x780: the navigation guide dismisses and remembers the choice
2026-10-01T07:19:02.2051405Z   pass  mobile 390x780: a level checkbox takes the click and the menu stays open
2026-10-01T07:19:40.1799266Z   pass  mobile 390x780: reset restores every level and the caret shuts the menu
2026-10-01T07:19:40.1810665Z   pass  mobile 390x780: the suite body ran to completion
2026-10-01T07:19:40.1811735Z   pass  mobile 390x780: zero page errors
2026-10-01T07:19:40.3317050Z 
2026-10-01T07:19:40.7139726Z   pass  vendor: meshopt decoder loads and reports supported
2026-10-01T07:19:40.7176123Z   pass  vendor: meshopt import raises no page error
2026-10-01T07:19:40.7528970Z 
2026-10-01T07:19:40.7529919Z 145 passed, 0 failed
2026-10-01T07:19:40.7530600Z 135 staged-section check(s) (stage 3-6 of 13), 10 always-on check(s)
2026-10-01T07:19:40.7531579Z 12 m 11 s for stage 3-6 at mobile — the ceiling on a steward run's single foreground command is 10 m 00 s
2026-10-01T07:19:40.7532065Z SMOKE PASS
2026-10-01T07:19:40.7846938Z Post job cleanup.
2026-10-01T07:19:40.9069253Z (node:3769) [DEP0040] DeprecationWarning: The `punycode` module is deprecated. Please use a userland alternative instead.
2026-10-01T07:19:40.9070367Z (Use `node --trace-deprecation ...` to show where the warning was created)
2026-10-01T07:19:40.9231341Z Post job cleanup.
2026-10-01T07:19:41.0075626Z [command]/usr/bin/git version
2026-10-01T07:19:41.0112530Z git version 2.55.0
2026-10-01T07:19:41.0152739Z Temporarily overriding HOME='/home/runner/work/_temp/4d5f5790-5f29-4333-8615-ee02c4a916e7' before making global git config changes
2026-10-01T07:19:41.0154308Z Adding repository directory to the temporary git global config as a safe directory
2026-10-01T07:19:41.0159173Z [command]/usr/bin/git config --global --add safe.directory /home/runner/work/chicago/chicago
2026-10-01T07:19:41.0194725Z [command]/usr/bin/git config --local --name-only --get-regexp core\.sshCommand
2026-10-01T07:19:41.0252296Z [command]/usr/bin/git submodule foreach --recursive sh -c "git config --local --name-only --get-regexp 'core\.sshCommand' && git config --local --unset-all 'core.sshCommand' || :"
2026-10-01T07:19:41.0486630Z [command]/usr/bin/git config --local --name-only --get-regexp http\.https\:\/\/github\.com\/\.extraheader
2026-10-01T07:19:41.0513172Z http.https://github.com/.extraheader
2026-10-01T07:19:41.0523385Z [command]/usr/bin/git config --local --unset-all http.https://github.com/.extraheader
2026-10-01T07:19:41.0556088Z [command]/usr/bin/git submodule foreach --recursive sh -c "git config --local --name-only --get-regexp 'http\.https\:\/\/github\.com\/\.extraheader' && git config --local --unset-all 'http.https://github.com/.extraheader' || :"
2026-10-01T07:19:41.0789010Z [command]/usr/bin/git config --local --name-only --get-regexp ^includeIf\.gitdir:
2026-10-01T07:19:41.0819882Z [command]/usr/bin/git submodule foreach --recursive git config --local --show-origin --name-only --get-regexp remote.origin.url
2026-10-01T07:19:41.1183083Z Cleaning up orphan processes
2026-10-01T07:19:41.1586351Z ##[warning]Node.js 20 is deprecated. The following actions target Node.js 20 but are being forced to run on Node.js 24: actions/checkout@v4, actions/setup-node@v4. For more information see: https://github.blog/changelog/2025-09-19-deprecation-of-node-20-on-github-actions-runners/

