serving /workspace/scratch/1c54a89f693e/chicago/site/4d on 4187 — PUBLISHED mirror (compressed assets, visitor layout)

NOT THE FULL GATE — viewports filtered to "desktop"

NOT THE FULL GATE — stages filtered to "12-13" of 13

desktop 1280x800:
  pass  desktop 1280x800: page serves
  pass  desktop 1280x800: scene reaches ready
  pass  desktop 1280x800: the scene declares its exact consultation blockers
  pass  desktop 1280x800: no unexpected loader problems
  pass  desktop 1280x800: scene has structures
  pass  desktop 1280x800: every structure that should draw, drew
  pass  desktop 1280x800: eye height starts at the researched period figure
  pass  desktop 1280x800: the eye height readout is a stature, not rounded to whole feet
  pass  desktop 1280x800: moving the eye height slider moves the eye immediately
  pass  desktop 1280x800: eye height does not yank the camera down mid-flight
  pass  desktop 1280x800: the eye height range covers short to tall without absurdity
  pass  desktop 1280x800: typing in the search box does not walk the camera
  pass  desktop 1280x800: typing an 'f' does not take off
  pass  desktop 1280x800: the rail lists the eight sections in order, Go to first
  pass  desktop 1280x800: eight rail items fit the panel unsqueezed — one column on desktop, one row on a phone
  pass  desktop 1280x800: Settings no longer carries a second list of viewpoints
  pass  desktop 1280x800: G opens the Go to tab
  pass  desktop 1280x800: jump menu lists every structure that stood here, and every roof once asked
  pass  desktop 1280x800: jump menu includes every verified intersection
  pass  desktop 1280x800: jump menu includes every viewpoint the scene names
  pass  desktop 1280x800: every structure result carries its record's presence grade as its chip and its position grade as data
  pass  desktop 1280x800: a viewpoint and a survey junction are not graded like a building
  pass  desktop 1280x800: the three grades are told apart by colour, not only by their words
  pass  desktop 1280x800: the tab counts its own list rather than quoting a written total
  pass  desktop 1280x800: jump search finds an intersection by both street names
  pass  desktop 1280x800: an intersection result moves the visitor there
  pass  desktop 1280x800: opening the drawer tucks an open card aside without closing it
  pass  desktop 1280x800: closing the drawer brings the tucked card back
  pass  desktop 1280x800: the drawer reaches the bottom of the screen and starts under the year badge
  pass  desktop 1280x800: the Taverns pill narrows the list to taverns, inns and hotels, the Sauganash among them
  pass  desktop 1280x800: every row is filed under one of the ten groups, beneath that group's heading
  pass  desktop 1280x800: visible rows equal the shared destination inventory
  pass  desktop 1280x800: located rows say how far and which way; unknown addresses invent no metres
  pass  desktop 1280x800: the distances follow the visitor — 100 m further east reads 100 m further
  pass  desktop 1280x800: ArrowDown steps the list a row at a time — two reach the second, three the third — and Enter goes there
  pass  desktop 1280x800: Travel offers instantly, walk, wagon, horse and fly
  pass  desktop 1280x800: the travel mode chosen is the one the walker rides and the one stored
  pass  desktop 1280x800: each pace sets the walker to its own slider, its Shift factor and its seat
  pass  desktop 1280x800: the three pace sliders top out at 20, 30 and 60 mph and name the gait as they move
  pass  desktop 1280x800: the horse's gait moves the rider's eye a few centimetres, and stops when they do
  pass  desktop 1280x800: the gait is off with the setting off, and back with it
  pass  desktop 1280x800: the gait is off under prefers-reduced-motion
  pass  desktop 1280x800: choosing the Sauganash on foot starts a walk and says so
  pass  desktop 1280x800: the walk ends at the Sauganash's door with its card open
  pass  desktop 1280x800: the walk from South Water keeps to the streets
  pass  desktop 1280x800: the visitor's own step ends a ride and is not swallowed
  pass  desktop 1280x800: the banner's Stop button ends a ride
  pass  desktop 1280x800: flying to a far building climbs to a cruise height, lands and opens its card
  pass  desktop 1280x800: instantly is still instant
  pass  desktop 1280x800: the People directory lists the town, and its count is the file's and the manifest's
  pass  desktop 1280x800: the household card says how far the evidence places its people
  pass  desktop 1280x800: a household no source places says its division was dealt, not read
  pass  desktop 1280x800: searching "Beaubien" finds Mark Beaubien
  pass  desktop 1280x800: the Trade row offers the documented trades AND the town's commonest
  pass  desktop 1280x800: the tavern-keeper pill narrows the list to tavern keepers
  pass  desktop 1280x800: the Tier row's stage pills name the reconstruction, and partition it
  pass  desktop 1280x800: opening a person shows their card with a way to their building
  pass  desktop 1280x800: Go there rides to the person's building and opens its card
  pass  desktop 1280x800: the Businesses directory lists every firm, and its count is the index's
  pass  desktop 1280x800: searching a good the papers advertised finds the houses that sold it
  pass  desktop 1280x800: the unplaceable pill narrows the list to the firms with no place at all
  pass  desktop 1280x800: a firm the paper reaches to a street is carried to the block face it is housed on
  pass  desktop 1280x800: a firm the register could not place says how far the record goes, and offers no building
  pass  desktop 1280x800: a firm with premises opens a card with its locations, its printings and the way there
  pass  desktop 1280x800: a person's card names every firm the register puts them in
  pass  desktop 1280x800: tapping one opens that firm's own card in Businesses
  pass  desktop 1280x800: a building card's Use row names the firms the register puts in that roof
  pass  desktop 1280x800: a card opened from a signboard leads with the firm the board hangs for
  pass  desktop 1280x800: the Evidence hub shows eleven topics, with Sources unknown until opened
  pass  desktop 1280x800: Sources lazily lists scene and registered counts with a forty-row window
  pass  desktop 1280x800: Sources finds Andreas with date, type, tier and separate claim/entity figures
  pass  desktop 1280x800: Evidence → City shows the town census
  pass  desktop 1280x800: Evidence → City's figures are the committed data's
  pass  desktop 1280x800: both City ladders carry completeness bars and the people ladder's grade key
  pass  desktop 1280x800: people housed remains a placement note under the people ladder
  pass  desktop 1280x800: cards held remain stated as cards, not residents
  pass  desktop 1280x800: the established and ruled-in population measures remain stated
  pass  desktop 1280x800: City names both denominators and never substitutes November's count
  pass  desktop 1280x800: City drops the projected count and structures line
  pass  desktop 1280x800: City identifies its date, derivation and published build
  pass  desktop 1280x800: City fits a phone-width topic and scrolls inside the sheet
  pass  desktop 1280x800: a topic opens with the hub gone, and its search narrows the list and says so
  pass  desktop 1280x800: Back returns to the hub
  pass  desktop 1280x800: settings toggle all three navigation aids
  pass  desktop 1280x800: the HUD toggle drives the confidence view
  pass  desktop 1280x800: a first-time visitor is told there are unread notes
  pass  desktop 1280x800: the what's-new tab renders every release
  pass  desktop 1280x800: entries carry a title and a stamped date
  pass  desktop 1280x800: opening the tab clears the unread marker
  pass  desktop 1280x800: a first visit flags nothing (no "last time" to differ from)
  pass  desktop 1280x800: a returning visitor sees only what shipped since last time
  pass  desktop 1280x800: the liberties list loads
  pass  desktop 1280x800: every loaded liberty is rendered
  pass  desktop 1280x800: the list names a scene-wide liberty
  pass  desktop 1280x800: the Evidence panel does not overflow
  pass  desktop 1280x800: a man who held an agency says so on his own card
  pass  desktop 1280x800: the person's card carries the same caveat as the house's
  pass  desktop 1280x800: every household in the layer is on the card
  pass  desktop 1280x800: every person entry in the manifest is counted
  pass  desktop 1280x800: the letter-list cohort is held apart from the evidenced town
  pass  desktop 1280x800: the group says what that evidence is worth before it is opened
  pass  desktop 1280x800: the households no building card can reach are marked
  pass  desktop 1280x800: the researched non-residents are published too
  pass  desktop 1280x800: opening a household fetches its record
  pass  desktop 1280x800: a graded claim carries its reasoning, not just its value
  pass  desktop 1280x800: the household records quote their sources, not their source ids
  pass  desktop 1280x800: the households start collapsed, like every other disclosure here
  pass  desktop 1280x800: the people section does not overflow the panel
  pass  desktop 1280x800: no figure reaches a person's row as [object Object]
  pass  desktop 1280x800: an evidence-only household's row says what its roof is not
  pass  desktop 1280x800: a dated person carries an age and a birth year, both graded
  pass  desktop 1280x800: a letter-list name says on its own row how thin that evidence is
  pass  desktop 1280x800: the count sentence says how many people are known only that way
  pass  desktop 1280x800: a letter-list name carries no invented trade
  pass  desktop 1280x800: every resident research review reaches a resident card
  pass  desktop 1280x800: candidate identities are visibly unmerged
  pass  desktop 1280x800: a negative search is published without denying existence
  pass  desktop 1280x800: the section says plainly that nobody is drawn
  pass  desktop 1280x800: the wildlife list loads every habitat
  pass  desktop 1280x800: every animal record in the layer is on the card
  pass  desktop 1280x800: the card names what the records name
  pass  desktop 1280x800: the card carries the July presence modes, not a species list
  pass  desktop 1280x800: the animal records quote their sources, not their source ids
  pass  desktop 1280x800: the animals start collapsed, like every other disclosure here
  pass  desktop 1280x800: the wildlife section does not overflow the panel
  pass  desktop 1280x800: the section says plainly that none of them is in the scene
  pass  desktop 1280x800: the plant list loads every community
  pass  desktop 1280x800: every species in the ten communities is on the card
  pass  desktop 1280x800: the communities the sward lattice cannot draw say so
  pass  desktop 1280x800: the share a visitor is standing in comes off the declaration
  pass  desktop 1280x800: the note names the worst case rather than only the total
  pass  desktop 1280x800: the plant records quote their sources, not their source ids
  pass  desktop 1280x800: no figure reaches a plant's row as [object Object]
  pass  desktop 1280x800: the communities start collapsed, like every other disclosure here
  pass  desktop 1280x800: the plants section wraps inside the panel rather than clipping
  pass  desktop 1280x800: the plants section does not overflow the panel
  pass  desktop 1280x800: all eight evidence mounts wrap inside their panel rather than clipping
  pass  desktop 1280x800: a run longer than the column breaks inside all eight mounts, not past them
  pass  desktop 1280x800: the liberties list says what it is, in the document's words
  pass  desktop 1280x800: the panel states it once — the hand-written paraphrase is gone
  pass  desktop 1280x800: an entry shows the inventions it admits to
  pass  desktop 1280x800: a claim over several buildings names each of them
  pass  desktop 1280x800: an entry that invented nothing drawn claims nothing
  pass  desktop 1280x800: an invented roof and height are admitted like an outline
  pass  desktop 1280x800: a decision made by default is admitted in two buildings
  pass  desktop 1280x800: the ground admits to what it invented, and says it is the ground
  pass  desktop 1280x800: the chip carries the epoch the admission is about
  pass  desktop 1280x800: the invention the gate found is on the page, not only in the repo
  pass  desktop 1280x800: expanding a liberty on its topic page reveals its reasoning
  pass  desktop 1280x800: the researched exclusions load
  pass  desktop 1280x800: an exclusion gives its reason and the source it rests on
  pass  desktop 1280x800: a later building says when, and a vanished one says why instead
  pass  desktop 1280x800: a building standing in the scene is not on the not-here list
  pass  desktop 1280x800: the not-here list withholds what its sources reprint
  pass  desktop 1280x800: the list says it is not everything missing
  pass  desktop 1280x800: the not-here list says what it is, in the compiled document's words
  pass  desktop 1280x800: the panel states it once — the paraphrase is gone
  pass  desktop 1280x800: the Evidence panel still does not overflow
  pass  desktop 1280x800: the open questions load
  pass  desktop 1280x800: the standing ones say they are standing and the unbuilt one does not
  pass  desktop 1280x800: the standing one names the claim on its record that carries the doubt
  pass  desktop 1280x800: an uncited open question says why it is uncited
  pass  desktop 1280x800: the panel says what the third category is
  pass  desktop 1280x800: the open questions say what they are, in the compiled document's words
  pass  desktop 1280x800: the panel states that once too — and counts nothing by hand
  pass  desktop 1280x800: the Evidence panel still does not overflow with it
  pass  desktop 1280x800: the open question reaches the building it is about
  pass  desktop 1280x800: it says what settling it would change
  pass  desktop 1280x800: the card grades the doubt the same way the claim above it is graded
  pass  desktop 1280x800: it starts collapsed like every other disclosure on the card
  pass  desktop 1280x800: only tracked in-scene buildings carry open questions
  pass  desktop 1280x800: the ground's claims load
  pass  desktop 1280x800: the ground is graded per claim, not stamped
  pass  desktop 1280x800: no land elevation claims to be documented
  pass  desktop 1280x800: the ground says which ground these claims are about
  pass  desktop 1280x800: the panel quotes the spec's caveat that no survey exists
  pass  desktop 1280x800: a land claim shows its figures and its citation
  pass  desktop 1280x800: every claim that calls itself an inference records its reasoning
  pass  desktop 1280x800: the soil claim that is graded too high says so where it is graded
  pass  desktop 1280x800: a claim with no reasoning would still say so
  pass  desktop 1280x800: a soil the ground is not made of says so, and the figures that are do not
  pass  desktop 1280x800: the mark is the declaration's, not the row's
  pass  desktop 1280x800: the Evidence panel still does not overflow with the ground on it
  pass  desktop 1280x800: the aerial anchor arrives in the air, looking down
  pass  desktop 1280x800: the view from above renders
  pass  desktop 1280x800: the near plane opens with altitude
  pass  desktop 1280x800: on foot the near plane is the walking value
  pass  desktop 1280x800: free-fly cannot sink through the terrain
  pass  desktop 1280x800: leaving free-fly puts the visitor back on the ground
  pass  desktop 1280x800: Space inspects on foot instead of lifting off
  pass  desktop 1280x800: Escape closes the inspection card
  pass  desktop 1280x800: the inspect key closes the card it opened
  pass  desktop 1280x800: neither key fires while typing in Go-to
  pass  desktop 1280x800: a building can be inspected from the air
  pass  desktop 1280x800: a click under the crosshair inspects
  pass  desktop 1280x800: the suite body ran to completion
  pass  desktop 1280x800: zero page errors

  pass  vendor: meshopt decoder loads and reports supported
  pass  vendor: meshopt import raises no page error

199 passed, 0 failed
189 staged-section check(s) (stage 12-13 of 13), 10 always-on check(s)
8 m 47 s for stage 12-13 at desktop — the ceiling on a steward run's single foreground command is 10 m 00 s
SMOKE PASS
