INFO Draco mesh compression is available, use library at /workspace/scratch/blender/blender-4.5.3-linux-x64/4.5/scripts/addons_core/io_scene_gltf2/libextern_draco.so
17:18:12 | INFO: Starting glTF 2.0 export
17:18:13 | INFO: Extracting primitive: glessner_house__as_built_1887
17:18:16 | INFO: Primitives created: 28
17:18:16 | INFO: Finished glTF 2.0 export in 3.6198179721832275 s

built glessner_house__as_built_1887.glb  139,755,976 bytes  ~1219501 tris

1 asset(s) built; manifest updated
17:18:16 | INFO: Starting glTF 2.0 export
17:18:16 | INFO: Extracting primitive: glessner_house__as_built_1887
17:18:16 | INFO: Primitives created: 9
17:18:16 | INFO: Finished glTF 2.0 export in 0.02460765838623047 s

built version versions/glessner_house/pre-v4/glessner_house__as_built_1887.glb  77,392 bytes  ~1075 tris
17:18:17 | INFO: Starting glTF 2.0 export
17:18:17 | INFO: Extracting primitive: glessner_house__as_built_1887
17:18:17 | INFO: Primitives created: 9
17:18:17 | INFO: Finished glTF 2.0 export in 0.020912647247314453 s

built version versions/glessner_house/v2/glessner_house__as_built_1887.glb  79,248 bytes  ~1103 tris
17:18:17 | INFO: Starting glTF 2.0 export
17:18:17 | INFO: Extracting primitive: glessner_house__as_built_1887
17:18:17 | INFO: Primitives created: 9
17:18:17 | INFO: Finished glTF 2.0 export in 0.018363475799560547 s
Blender 4.5.3 LTS (hash 67807e1800cc built 2025-09-09 01:38:15)

built version versions/glessner_house/v3/glessner_house__as_built_1887.glb  76,784 bytes  ~1065 tris
3 structure version(s) built; assets/manifest.versions.json updated
