serving /workspace/chicago/site/4d on 4196 — PUBLISHED mirror (compressed assets, visitor layout)

NOT THE FULL GATE — viewports filtered to "mobile"

NOT THE FULL GATE — stages filtered to "3,12-13" of 14

mobile 390x780:
  pass  mobile 390x780: page serves
  pass  mobile 390x780: scene reaches ready
  pass  mobile 390x780: the scene declares its exact consultation blockers
  pass  mobile 390x780: no unexpected loader problems
  pass  mobile 390x780: scene has structures
  pass  mobile 390x780: every structure that should draw, drew
  pass  mobile 390x780: the liberties wait for their first reader, not for boot (T-2058)
  pass  mobile 390x780: no ground tile faces away from the sky
  pass  mobile 390x780: no ground vertex faces downward
  pass  mobile 390x780: the terrain and river report no load problems
  pass  mobile 390x780: the drawn ground matches the heightfield the town anchors to
  pass  mobile 390x780: the ground was conformed to the field, with nothing left over
  pass  mobile 390x780: an evidence-only household's head is a person a source names
  pass  mobile 390x780: nothing was drawn into an evidence-only household
  pass  mobile 390x780: the manifest's reconstructed count is the layer the records hold
  pass  mobile 390x780: every reconstructed person carries its stage, basis, seed and replacement
  pass  mobile 390x780: the household is named for its head and still says which layer it is
  pass  mobile 390x780: no building's name claims a grade its own record does not
  pass  mobile 390x780: that check still catches the fault when it is put back
  pass  mobile 390x780: no building titles itself by its part number
  pass  mobile 390x780: the naming rule titles a house for its people and an empty one plainly
  pass  mobile 390x780: the card shows that title and keeps the reference below it
  pass  mobile 390x780: search still finds a roof by its part number and a house by its household
  pass  mobile 390x780: hiding a level removes it from the view
  pass  mobile 390x780: hiding works with the colouring switched off
  pass  mobile 390x780: a hidden level is marked on the control and remembered
  pass  mobile 390x780: the control counts each level against the loaded town
  pass  mobile 390x780: pick('sauganash_hotel') opens the popup
  pass  mobile 390x780: popup carries a real citation
  pass  mobile 390x780: popup shows per-attribute confidence
  pass  mobile 390x780: every citation says what rung it is on
  pass  mobile 390x780: the rung belongs to its own citation
  pass  mobile 390x780: a citation says what document it reprints
  pass  mobile 390x780: a source that IS its document reprints nothing
  pass  mobile 390x780: a source states what it does not supply
  pass  mobile 390x780: the card's dossier link leaves the payload it is not in
  pass  mobile 390x780: a building with no dossier written offers no dossier link
  pass  mobile 390x780: an attested feature the model omits says so on its row
  pass  mobile 390x780: the documented wolf sign is built and its row is unmarked
  pass  mobile 390x780: a value a fixed default stands in for is marked differently
  pass  mobile 390x780: the recorded chimney count is built, so its row is unmarked
  pass  mobile 390x780: an attribute the generator builds carries no marker
  pass  mobile 390x780: a reading recorded but never a build instruction is not marked
  pass  mobile 390x780: the popup carries the liberties taken with this building
  pass  mobile 390x780: it shows the reasoning, not just the admission
  pass  mobile 390x780: another building gets its own liberties, not the whole list
  pass  mobile 390x780: a scene-wide liberty is not attached to a building
  pass  mobile 390x780: popup liberties start collapsed on their own pane and open on demand
  pass  mobile 390x780: the compiled agencies still carry a refused holding on a roof
  pass  mobile 390x780: the compiled agencies still put Hubbard & Co.'s holding on a roof
  pass  mobile 390x780: the card names the agency this house held, and its principal
  pass  mobile 390x780: it dates the holding by its printings and calls them printings
  pass  mobile 390x780: the holding cites the printings it rests on
  pass  mobile 390x780: the card says a holding is only a holding
  pass  mobile 390x780: a refused holding is on the card of the house it was refused for
  pass  mobile 390x780: a house that held no agency says nothing about one
  pass  mobile 390x780: the card says whether the building was here on the scene date
  pass  mobile 390x780: the presence claim is graded per building, not stamped
  pass  mobile 390x780: the presence claim carries its reasoning, folded away
  pass  mobile 390x780: the phase's own account of itself leads the card
  pass  mobile 390x780: a record without an account gets a lead composed from its function and location, marked as composed
  pass  mobile 390x780: the position's reasoning opens on demand
  pass  mobile 390x780: the card says how much of the shape is evidence
  pass  mobile 390x780: the footprint's reasoning is the record's, verbatim
  pass  mobile 390x780: and prints no dimension it would have had to invent
  pass  mobile 390x780: every graded claim in a record reaches the card as a chip
  pass  mobile 390x780: the facts carry grade dots, not chips
  pass  mobile 390x780: the card's per-level summary is a partition of its own claims
  pass  mobile 390x780: and it says what is NOT there, per building rather than stamped
  pass  mobile 390x780: a source on an invention is named as a bound, not as attribution
  pass  mobile 390x780: and separates what is attested from what is actually built
  pass  mobile 390x780: the summary defines each level in the Evidence panel's own words
  pass  mobile 390x780: established assets remain identified as real bakes
  pass  mobile 390x780: anonymous infill is visibly flagged as a reconstruction
  pass  mobile 390x780: that flag names the grade the record itself carries
  pass  mobile 390x780: the placeholder label agrees with the asset it describes
  pass  mobile 390x780: and a real bake told it is a stand-in is caught saying so
  pass  mobile 390x780: every held building says so on its card
  pass  mobile 390x780: and says what it is held for, in the record's own words
  pass  mobile 390x780: and a building that is not held does not claim to be
  pass  mobile 390x780: the record's own account reaches the card
  pass  mobile 390x780: it is the record's words, unabridged
  pass  mobile 390x780: another building gets its own account, not this one's
  pass  mobile 390x780: a building names the household the sources put in it
  pass  mobile 390x780: a person's grade is shown, and it is not a confidence chip
  pass  mobile 390x780: a building's household says on the card why it is attached there
  pass  mobile 390x780: a building with no household gets no section at all
  pass  mobile 390x780: the account starts collapsed on the Record pane and opens on demand
  pass  mobile 390x780: the card reads head, lead, facts, tabs, pane — in that order
  pass  mobile 390x780: the card opens on its Evidence pane with the other two folded
  pass  mobile 390x780: each moved section lives in the pane named for it
  pass  mobile 390x780: Hogan's facts say it was standing, from the year its record gives
  pass  mobile 390x780: a plain boot asks for no structure version and shows none (T-1727)
  pass  mobile 390x780: ?structure=bates_auction_room&version=fixture reaches ready (T-1727)
  pass  mobile 390x780: the version boot loads the fixture's own sidecar and mesh for that one structure (T-1727)
  pass  mobile 390x780: …and every other structure is the same record, the same mesh, in the same place (T-1727)
  pass  mobile 390x780: …the fixture stands exactly where the default did, as its identical record says (T-1727)
  pass  mobile 390x780: the HUD and the card both name the version, so two screenshots cannot be confused (T-1727)
  pass  mobile 390x780: the default address boots again after the version (T-1727)
  pass  mobile 390x780: eye height starts at the researched period figure
  pass  mobile 390x780: the eye height readout is a stature, not rounded to whole feet
  pass  mobile 390x780: moving the eye height slider moves the eye immediately
  pass  mobile 390x780: eye height does not yank the camera down mid-flight
  pass  mobile 390x780: the eye height range covers short to tall without absurdity
  pass  mobile 390x780: typing in the search box does not walk the camera
  pass  mobile 390x780: typing an 'f' does not take off
  pass  mobile 390x780: the rail lists the eight sections in order, Go to first
  pass  mobile 390x780: eight rail items fit the panel unsqueezed — one column on desktop, one row on a phone
  pass  mobile 390x780: Settings no longer carries a second list of viewpoints
  pass  mobile 390x780: G opens the Go to tab
  pass  mobile 390x780: jump menu lists every structure that stood here, and every roof once asked
  pass  mobile 390x780: jump menu includes every verified intersection
  pass  mobile 390x780: jump menu includes every viewpoint the scene names
  pass  mobile 390x780: every structure result carries its record's presence grade as its chip and its position grade as data
  pass  mobile 390x780: a viewpoint and a survey junction are not graded like a building
  pass  mobile 390x780: the three grades are told apart by colour, not only by their words
  pass  mobile 390x780: the tab counts its own list rather than quoting a written total
  pass  mobile 390x780: jump search finds an intersection by both street names
  pass  mobile 390x780: an intersection result moves the visitor there
  pass  mobile 390x780: opening the drawer tucks an open card aside without closing it
  pass  mobile 390x780: closing the drawer brings the tucked card back
  pass  mobile 390x780: the drawer reaches the bottom of the screen and starts under the year badge
  pass  mobile 390x780: the Taverns pill narrows the list to taverns, inns and hotels, the Sauganash among them
  pass  mobile 390x780: every row is filed under one of the ten groups, beneath that group's heading
  pass  mobile 390x780: visible rows equal the shared destination inventory
  pass  mobile 390x780: located rows say how far and which way; unknown addresses invent no metres
  pass  mobile 390x780: the distances follow the visitor — 100 m further east reads 100 m further
  pass  mobile 390x780: ArrowDown steps the list a row at a time — two reach the second, three the third — and Enter goes there
  pass  mobile 390x780: Travel offers instantly, walk, wagon, horse and fly
  pass  mobile 390x780: the travel mode chosen is the one the walker rides and the one stored
  pass  mobile 390x780: each pace sets the walker to its own slider, its Shift factor and its seat
  pass  mobile 390x780: the three pace sliders top out at 20, 30 and 60 mph and name the gait as they move
  pass  mobile 390x780: the horse's gait moves the rider's eye a few centimetres, and stops when they do
  pass  mobile 390x780: the gait is off with the setting off, and back with it
  pass  mobile 390x780: the gait is off under prefers-reduced-motion
  pass  mobile 390x780: choosing the Sauganash on foot starts a walk and says so
  pass  mobile 390x780: the walk ends at the Sauganash's door with its card open
  pass  mobile 390x780: the walk from South Water keeps to the streets
  pass  mobile 390x780: the visitor's own step ends a ride and is not swallowed
  pass  mobile 390x780: the banner's Stop button ends a ride
  pass  mobile 390x780: flying to a far building climbs to a cruise height, lands and opens its card
  pass  mobile 390x780: instantly is still instant
  pass  mobile 390x780: the People directory lists the town, and its count is the file's and the manifest's
  pass  mobile 390x780: the household card says how far the evidence places its people
  pass  mobile 390x780: a household no source places says its division was dealt, not read
  pass  mobile 390x780: searching "Beaubien" finds Mark Beaubien
  pass  mobile 390x780: the Trade row offers the documented trades AND the town's commonest
  pass  mobile 390x780: the tavern-keeper pill narrows the list to tavern keepers
  pass  mobile 390x780: the Tier row's stage pills name the reconstruction, and partition it
  pass  mobile 390x780: opening a person shows their card with a way to their building
  pass  mobile 390x780: Go there rides to the person's building and opens its card
  pass  mobile 390x780: the Businesses directory lists every firm, and its count is the index's
  pass  mobile 390x780: searching a good the papers advertised finds the houses that sold it
  pass  mobile 390x780: the unplaceable pill narrows the list to the firms with no place at all
  pass  mobile 390x780: a firm the paper reaches to a street is carried to the block face it is housed on
  pass  mobile 390x780: a firm the register could not place says how far the record goes, and offers no building
  pass  mobile 390x780: a firm with premises opens a card with its locations, its printings and the way there
  pass  mobile 390x780: a person's card names every firm the register puts them in
  pass  mobile 390x780: tapping one opens that firm's own card in Businesses
  pass  mobile 390x780: a building card names the firm the street-face adoption houses in it
  pass  mobile 390x780: a building card's Use row names the firms the register puts in that roof
  pass  mobile 390x780: a card opened from a signboard leads with the firm the board hangs for
  pass  mobile 390x780: the Evidence hub shows eleven topics, with Sources unknown until opened
  pass  mobile 390x780: Sources lazily lists scene and registered counts with a forty-row window
  pass  mobile 390x780: Sources finds Andreas with date, type, tier and separate claim/entity figures
  pass  mobile 390x780: Evidence → City shows the town census
  pass  mobile 390x780: Evidence → City's figures are the committed data's
  pass  mobile 390x780: both City ladders carry completeness bars and the people ladder's grade key
  pass  mobile 390x780: people housed remains a placement note under the people ladder
  pass  mobile 390x780: Evidence → City sets the dwellings standing against the census's 398
  pass  mobile 390x780: Evidence → City splits the people into townspeople and garrison, visitors apart
  pass  mobile 390x780: City states who waits on a roof and who is housed beyond the index
  pass  mobile 390x780: cards held remain stated as cards, not residents
  pass  mobile 390x780: the established and ruled-in population measures remain stated
  pass  mobile 390x780: City names both denominators and never substitutes November's count
  pass  mobile 390x780: City's completion row shows the audit's joins and the tiers' shares
  pass  mobile 390x780: City drops the projected count and structures line
  pass  mobile 390x780: City identifies its date, derivation and published build
  pass  mobile 390x780: City fits a phone-width topic and scrolls inside the sheet
  pass  mobile 390x780: a topic opens with the hub gone, and its search narrows the list and says so
  pass  mobile 390x780: Back returns to the hub
  pass  mobile 390x780: settings toggle all three navigation aids
  pass  mobile 390x780: the HUD toggle drives the confidence view
  pass  mobile 390x780: a first-time visitor is told there are unread notes
  pass  mobile 390x780: the what's-new tab renders every release
  pass  mobile 390x780: entries carry a title and a stamped date
  pass  mobile 390x780: opening the tab clears the unread marker
  pass  mobile 390x780: a first visit flags nothing (no "last time" to differ from)
  pass  mobile 390x780: a returning visitor sees only what shipped since last time
  pass  mobile 390x780: the liberties list loads
  pass  mobile 390x780: every loaded liberty is rendered
  pass  mobile 390x780: the list names a scene-wide liberty
  pass  mobile 390x780: the Evidence panel does not overflow
  pass  mobile 390x780: a man who held an agency says so on his own card
  pass  mobile 390x780: the person's card carries the same caveat as the house's
  pass  mobile 390x780: every household in the layer is on the card
  pass  mobile 390x780: every person entry in the manifest is counted
  pass  mobile 390x780: the letter-list cohort is held apart from the evidenced town
  pass  mobile 390x780: the group says what that evidence is worth before it is opened
  pass  mobile 390x780: the households no building card can reach are marked
  pass  mobile 390x780: the researched non-residents are published too
  pass  mobile 390x780: opening a household fetches its record
  pass  mobile 390x780: a graded claim carries its reasoning, not just its value
  pass  mobile 390x780: the household records quote their sources, not their source ids
  pass  mobile 390x780: the households start collapsed, like every other disclosure here
  pass  mobile 390x780: the people section does not overflow the panel
  pass  mobile 390x780: no figure reaches a person's row as [object Object]
  pass  mobile 390x780: an evidence-only household's row says what its roof is not
  pass  mobile 390x780: a dated person carries an age and a birth year, both graded
  pass  mobile 390x780: a letter-list name says on its own row how thin that evidence is
  pass  mobile 390x780: the count sentence says how many people are known only that way
  pass  mobile 390x780: a letter-list name carries no invented trade
  pass  mobile 390x780: every resident research review reaches a resident card
  pass  mobile 390x780: candidate identities are visibly unmerged
  pass  mobile 390x780: a negative search is published without denying existence
  pass  mobile 390x780: the section says plainly that nobody is drawn
  pass  mobile 390x780: the wildlife list loads every habitat
  pass  mobile 390x780: every animal record in the layer is on the card
  pass  mobile 390x780: the card names what the records name
  pass  mobile 390x780: the card carries the July presence modes, not a species list
  pass  mobile 390x780: the animal records quote their sources, not their source ids
  pass  mobile 390x780: the animals start collapsed, like every other disclosure here
  pass  mobile 390x780: the wildlife section does not overflow the panel
  pass  mobile 390x780: the section says plainly that none of them is in the scene
  pass  mobile 390x780: the plant list loads every community
  pass  mobile 390x780: every species in the committed communities is on the card
  pass  mobile 390x780: the communities the sward lattice cannot draw say so
  pass  mobile 390x780: the share a visitor is standing in comes off the declaration
  pass  mobile 390x780: the note names the worst case rather than only the total
  pass  mobile 390x780: the plant records quote their sources, not their source ids
  pass  mobile 390x780: no figure reaches a plant's row as [object Object]
  pass  mobile 390x780: the communities start collapsed, like every other disclosure here
  pass  mobile 390x780: the plants section wraps inside the panel rather than clipping
  pass  mobile 390x780: the plants section does not overflow the panel
  pass  mobile 390x780: all eight evidence mounts wrap inside their panel rather than clipping
  pass  mobile 390x780: a run longer than the column breaks inside all eight mounts, not past them
  pass  mobile 390x780: the liberties list says what it is, in the document's words
  pass  mobile 390x780: the panel states it once — the hand-written paraphrase is gone
  pass  mobile 390x780: an entry shows the inventions it admits to
  pass  mobile 390x780: a claim over several buildings names each of them
  pass  mobile 390x780: an entry that invented nothing drawn claims nothing
  pass  mobile 390x780: an invented roof and height are admitted like an outline
  pass  mobile 390x780: a decision made by default is admitted in two buildings
  pass  mobile 390x780: the ground admits to what it invented, and says it is the ground
  pass  mobile 390x780: the chip carries the epoch the admission is about
  pass  mobile 390x780: the invention the gate found is on the page, not only in the repo
  pass  mobile 390x780: expanding a liberty on its topic page reveals its reasoning
  pass  mobile 390x780: the researched exclusions load
  pass  mobile 390x780: an exclusion gives its reason and the source it rests on
  pass  mobile 390x780: a later building says when, and a vanished one says why instead
  pass  mobile 390x780: a building standing in the scene is not on the not-here list
  pass  mobile 390x780: the not-here list withholds what its sources reprint
  pass  mobile 390x780: the list says it is not everything missing
  pass  mobile 390x780: the not-here list says what it is, in the compiled document's words
  pass  mobile 390x780: the panel states it once — the paraphrase is gone
  pass  mobile 390x780: the Evidence panel still does not overflow
  pass  mobile 390x780: the open questions load
  pass  mobile 390x780: the standing ones say they are standing and the unbuilt one does not
  pass  mobile 390x780: the standing one names the claim on its record that carries the doubt
  pass  mobile 390x780: an uncited open question says why it is uncited
  pass  mobile 390x780: the panel says what the third category is
  pass  mobile 390x780: the open questions say what they are, in the compiled document's words
  pass  mobile 390x780: the panel states that once too — and counts nothing by hand
  pass  mobile 390x780: the Evidence panel still does not overflow with it
  pass  mobile 390x780: the open question reaches the building it is about
  pass  mobile 390x780: it says what settling it would change
  pass  mobile 390x780: the card grades the doubt the same way the claim above it is graded
  pass  mobile 390x780: it starts collapsed like every other disclosure on the card
  pass  mobile 390x780: only tracked in-scene buildings carry open questions
  pass  mobile 390x780: the ground's claims load
  pass  mobile 390x780: the ground is graded per claim, not stamped
  pass  mobile 390x780: no land elevation claims to be documented
  pass  mobile 390x780: the ground says which ground these claims are about
  pass  mobile 390x780: the panel quotes the spec's caveat that no survey exists
  pass  mobile 390x780: a land claim shows its figures and its citation
  pass  mobile 390x780: every claim that calls itself an inference records its reasoning
  pass  mobile 390x780: the soil claim that is graded too high says so where it is graded
  pass  mobile 390x780: a claim with no reasoning would still say so
  pass  mobile 390x780: a soil the ground is not made of says so, and the figures that are do not
  pass  mobile 390x780: the mark is the declaration's, not the row's
  pass  mobile 390x780: the Evidence panel still does not overflow with the ground on it
  pass  mobile 390x780: the aerial anchor arrives in the air, looking down
  pass  mobile 390x780: the view from above renders
  pass  mobile 390x780: the near plane opens with altitude
  pass  mobile 390x780: on foot the near plane is the walking value
  pass  mobile 390x780: free-fly cannot sink through the terrain
  pass  mobile 390x780: leaving free-fly puts the visitor back on the ground
  pass  mobile 390x780: Space inspects on foot instead of lifting off
  pass  mobile 390x780: Escape closes the inspection card
  pass  mobile 390x780: the inspect key closes the card it opened
  pass  mobile 390x780: neither key fires while typing in Go-to
  pass  mobile 390x780: a building can be inspected from the air
  pass  mobile 390x780: a click under the crosshair inspects
  pass  mobile 390x780: /1904/ boots the 1904 scene on its own ground (T-1739)
  pass  mobile 390x780: the 1904 door lands on Prairie's east sidewalk at 18th, facing the spawn bearing, and glessner_house is the same pose (T-1739) — stood at E 1410.12 N -3218.01 bearing 264.94, eye 1.68 m; spawn {"local_e":1410.12,"local_n":-3218.01,"yaw_deg":264.94}; anchor {"id":"glessner_house","label":"Prairie at Eighteenth, facing the Glessner lot at 1800 Prairie","local_e":1410.12,"local_n":-3218.01,"yaw_deg":264.94}
  pass  mobile 390x780: the Glessner lot is in front of the camera, its centroid on screen left of centre (T-1739) — lot centroid E 1365.37 N -3229.04 at NDC (-0.288, -0.014, z 0.9957); street corner at NDC x 0.288
  pass  mobile 390x780: the 1904 scene draws none of the 1835 town's layers, and places no 1835 structure (T-1739, T-1732)
  pass  mobile 390x780: Glessner's 1946 phase end is not presented as demolition
  pass  mobile 390x780: the Glessner House draws at the 1904 spawn — its Prairie front on screen, and aiming at it opens glessner_house (T-1732)
  pass  mobile 390x780: the 1904 scene draws its street grid, the Glessner lot is parcel prairie_1800, and the door lands on Prairie's east walk (T-0474)
  pass  mobile 390x780: the 1904 streets wear their sourced materials — Prairie at 18th attested asphalt, 18th Street attested macadam, the walk reconstructed cement (T-1728)
  pass  mobile 390x780: the 1904 drawer offers none of the 1835 town's sections — no People, no Firms, no 1835 Evidence topic, no 1835 firm in Go to (T-1740)
  pass  mobile 390x780: the 1904 boot raises no loader problem (T-1739)
  pass  mobile 390x780: the frame at the 1904 spawn is inside the draw budget (T-1739) — 54 draw calls, 444591 triangles against {"drawCalls":330,"triangles":1005000}, 1 fps
  pass  mobile 390x780: the suite body ran to completion
  pass  mobile 390x780: zero page errors

  pass  vendor: meshopt decoder loads and reports supported
  pass  vendor: meshopt import raises no page error

308 passed, 0 failed
297 staged-section check(s) (stage 3,12-13 of 14), 11 always-on check(s)
20 m 16 s for stage 3,12-13 at mobile — the ceiling on a steward run's single foreground command is 10 m 00 s
SMOKE PASS
